{
  "id": "topic_5409923",
  "title": "bittalk7",
  "author": "bittalk7",
  "created_time": "August 15, 2022, 08:43:11 AM",
  "content": "Hello btc forum! One of my 5 s9 is being tricky for some reason. Back ground is I bought it used and it didnt work on nicehash correctly but it worked on btcpool correctly. Now here I am set up some new miners and was trying to bring it back to nicehash and I forgot to save the setting to log back into my btcpool account correctly. Can you give me an example of what it should look like in the pool setting. This is what I'm running now and its showing alive but its not showing up on the btcpool side as an active miner.us.ss.btc.com:1800antMiner7.001123SOFTWARE NOTE: Using hiveonkernel if it helps at all... Thanks ahead of time![    0.000000] Booting Linux on physical CPU 0x0[    0.000000] Linux version 3.14.0-xilinx-ga36f3af-dirty (lzq@ubuntu) (gcc version 4.8.3 20140320 (prerelease) (Sourcery CodeBench Lite 2014.05-23) ) #90 SMP PREEMPT Thu Jun 20 15:01:47 CST 2019[    0.000000] CPU: ARMv7 Processor [413fc090] revision 0 (ARMv7), cr=18c5387d[    0.000000] CPU: PIPT / VIPT nonaliasing data cache, VIPT aliasing instruction cache[    0.000000] Machine model: Xilinx Zynq[    0.000000] cma: CMA: reserved 128 MiB at 16800000[    0.000000] Memory policy: Data cache writealloc[    0.000000] On node 0 totalpages: 126976[    0.000000] free_area_init_node: node 0, pgdat c075a640, node_mem_map debd8000[    0.000000]   Normal zone: 992 pages used for memmap[    0.000000]   Normal zone: 0 pages reserved[    0.000000]   Normal zone: 126976 pages, LIFO batch:31[    0.000000] PERCPU: Embedded 8 pages/cpu @debc1000 s9344 r8192 d15232 u32768[    0.000000] pcpu-alloc: s9344 r8192 d15232 u32768 alloc=8*4096[    0.000000] pcpu-alloc:  0  1 [    0.000000] Built 1 zonelists in Zone order, mobility grouping on.  Total pages: 125984[    0.000000] Kernel command line: noinitrd mem=496M console=ttyPS0,115200 root=ubi0:rootfs ubi.mtd=1 rootfstype=ubifs rw rootwait[    0.000000] PID hash table entries: 2048 (order: 1, 8192 bytes)[    0.000000] Dentry cache hash table entries: 65536 (order: 6, 262144 bytes)[    0.000000] Inode-cache hash table entries: 32768 (order: 5, 131072 bytes)[    0.000000] Memory: 364252K/507904K available (5094K kernel code, 292K rwdata, 1948K rodata, 209K init, 259K bss, 143652K reserved, 0K highmem)[    0.000000] Virtual kernel memory layout:[    0.000000]     vector  : 0xffff0000 - 0xffff1000   (   4 kB)[    0.000000]     fixmap  : 0xfff00000 - 0xfffe0000   ( 896 kB)[    0.000000]     vmalloc : 0xdf800000 - 0xff000000   ( 504 MB)[    0.000000]     lowmem  : 0xc0000000 - 0xdf000000   ( 496 MB)[    0.000000]     pkmap   : 0xbfe00000 - 0xc0000000   (   2 MB)[    0.000000]     modules : 0xbf000000 - 0xbfe00000   (  14 MB)[    0.000000]       .text : 0xc0008000 - 0xc06e8cf4   (7044 kB)[    0.000000]       .init : 0xc06e9000 - 0xc071d480   ( 210 kB)[    0.000000]       .data : 0xc071e000 - 0xc0767058   ( 293 kB)[    0.000000]        .bss : 0xc0767064 - 0xc07a7d64   ( 260 kB)[    0.000000] Preemptible hierarchical RCU implementation.[    0.000000]    Dump stacks of tasks blocking RCU-preempt GP.[    0.000000]    RCU restricting CPUs from NR_CPUS=4 to nr_cpu_ids=2.[    0.000000] RCU: Adjusting geometry for rcu_fanout_leaf=16, nr_cpu_ids=2[    0.000000] NR_IRQS:16 nr_irqs:16 16[    0.000000] ps7-slcr mapped to df802000[    0.000000] zynq_clock_init: clkc starts at df802100[    0.000000] Zynq clock init[    0.000014] sched_clock: 64 bits at 333MHz, resolution 3ns, wraps every 3298534883328ns[    0.000293] ps7-ttc #0 at df804000, irq=43[    0.000597] Console: colour dummy device 80x30[    0.000628] Calibrating delay loop... 1325.46 BogoMIPS (lpj=6627328)[    0.040197] pid_max: default: 32768 minimum: 301[    0.040410] Mount-cache hash table entries: 1024 (order: 0, 4096 bytes)[    0.040431] Mountpoint-cache hash table entries: 1024 (order: 0, 4096 bytes)[    0.042631] CPU: Testing write buffer coherency: ok[    0.042956] CPU0: thread -1, cpu 0, socket 0, mpidr 80000000[    0.043013] Setting up static identity map for 0x4d3ec0 - 0x4d3f18[    0.043234] L310 cache controller enabled[    0.043253] l2x0: 8 ways, CACHE_ID 0x410000c8, AUX_CTRL 0x72760000, Cache size: 512 kB[    0.120988] CPU1: Booted secondary processor[    0.210218] CPU1: thread -1, cpu 1, socket 0, mpidr 80000001[    0.210348] Brought up 2 CPUs[    0.210366] SMP: Total of 2 processors activated.[    0.210374] CPU: All CPU(s) started in SVC mode.[    0.211034] devtmpfs: initialized[    0.213487] VFP support v0.3: implementor 41 architecture 3 part 30 variant 9 rev 4[    0.214685] regulator-dummy: no parameters[    0.221741] NET: Registered protocol family 16[    0.223962] DMA: preallocated 256 KiB pool for atomic coherent allocations[    0.226243] cpuidle: using governor ladder[    0.226257] cpuidle: using governor menu[    0.233656] syscon f8000000.ps7-slcr: regmap [mem 0xf8000000-0xf8000fff] registered[    0.235184] hw-breakpoint: found 5 (+1 reserved) breakpoint and 1 watchpoint registers.[    0.235197] hw-breakpoint: maximum watchpoint size is 4 bytes.[    0.235306] zynq-ocm f800c000.ps7-ocmc: ZYNQ OCM pool: 256 KiB @ 0xdf880000[    0.257609] bio: create slab <bio-0> at 0[    0.259011] vgaarb: loaded[    0.259681] SCSI subsystem initialized[    0.260893] usbcore: registered new interface driver usbfs[    0.261645] usbcore: registered new interface driver hub[    0.261887] usbcore: registered new device driver usb[    0.262410] media: Linux media interface: v0.10[    0.262577] Linux video capture interface: v2.00[    0.262816] pps_core: LinuxPPS API ver. 1 registered[    0.262828] pps_core: Software ver. 5.3.6 - Copyright 2005-2007 Rodolfo Giometti <giometti@linux.it>[    0.262950] PTP clock support registered[    0.263303] EDAC MC: Ver: 3.0.0[    0.264366] Advanced Linux Sound Architecture Driver Initialized.[    0.267121] DMA-API: preallocated 4096 debug entries[    0.267134] DMA-API: debugging enabled by kernel config[    0.267208] Switched to clocksource arm_global_timer[    0.287026] NET: Registered protocol family 2[    0.287973] TCP established hash table entries: 4096 (order: 2, 16384 bytes)[    0.288030] TCP bind hash table entries: 4096 (order: 3, 32768 bytes)[    0.288115] TCP: Hash tables configured (established 4096 bind 4096)[    0.288158] TCP: reno registered[    0.288175] UDP hash table entries: 256 (order: 1, 8192 bytes)[    0.288206] UDP-Lite hash table entries: 256 (order: 1, 8192 bytes)[    0.288449] NET: Registered protocol family 1[    0.288809] RPC: Registered named UNIX socket transport module.[    0.288821] RPC: Registered udp transport module.[    0.288830] RPC: Registered tcp transport module.[    0.288838] RPC: Registered tcp NFSv4.1 backchannel transport module.[    0.288851] PCI: CLS 0 bytes, default 64[    0.289288] hw perfevents: enabled with ARMv7 Cortex-A9 PMU driver, 7 counters available[    0.291300] futex hash table entries: 512 (order: 3, 32768 bytes)[    0.293395] jffs2: version 2.2. (NAND) © 2001-2006 Red Hat, Inc.[    0.293591] msgmni has been set to 967[    0.294363] io scheduler noop registered[    0.294376] io scheduler deadline registered[    0.294414] io scheduler cfq registered (default)[    0.306862] dma-pl330 f8003000.ps7-dma: Loaded driver for PL330 DMAC-2364208[    0.306882] dma-pl330 f8003000.ps7-dma:    DBUFF-128x8bytes Num_Chans-8 Num_Peri-4 Num_Events-16[    0.433982] e0001000.serial: ttyPS0 at MMIO 0xe0001000 (irq = 82, base_baud = 3124999) is a xuartps[    1.002116] console [ttyPS0] enabled[    1.006378] xdevcfg f8007000.ps7-dev-cfg: ioremap 0xf8007000 to df866000[    1.014017] [drm] Initialized drm 1.1.0 20060810[    1.031159] brd: module loaded[    1.040551] loop: module loaded[    1.050187] e1000e: Intel(R) PRO/1000 Network Driver - 2.3.2-k[    1.055939] e1000e: Copyright(c) 1999 - 2013 Intel Corporation.[    1.063834] libphy: XEMACPS mii bus: probed[    1.068239] ------------- phy_id = 0x3625e62[    1.072952] xemacps e000b000.ps7-ethernet: pdev->id -1, baseaddr 0xe000b000, irq 54[    1.081631] ehci_hcd: USB 2.0 'Enhanced' Host Controller (EHCI) Driver[    1.088355] ehci-pci: EHCI PCI platform driver[    1.095564] zynq-dr e0002000.ps7-usb: Unable to init USB phy, missing?[    1.102386] usbcore: registered new interface driver usb-storage[    1.109263] mousedev: PS/2 mouse device common for all mice[    1.115338] i2c /dev entries driver[    1.122262] zynq-edac f8006000.ps7-ddrc: ecc not enabled[    1.127852] cpufreq_cpu0: failed to get cpu0 regulator: -19[    1.133723] Xilinx Zynq CpuIdle Driver started[    1.138580] sdhci: Secure Digital Host Controller Interface driver[    1.144674] sdhci: Copyright(c) Pierre Ossman[    1.149082] sdhci-pltfm: SDHCI platform and OF driver helper[    1.155807] mmc0: no vqmmc regulator found[    1.159851] mmc0: no vmmc regulator found[    1.197246] mmc0: SDHCI controller on e0100000.ps7-sdio [e0100000.ps7-sdio] using ADMA[    1.205933] usbcore: registered new interface driver usbhid[    1.211448] usbhid: USB HID core driver[    1.216156] nand: device found, Manufacturer ID: 0x2c, Chip ID: 0xda[    1.222446] nand: Micron MT29F2G08ABAEAWP[    1.226418] nand: 256MiB, SLC, page size: 2048, OOB size: 64[    1.232365] Bad block table found at page 131008, version 0x01[    1.238597] Bad block table found at page 130944, version 0x01[    1.244644] 3 ofpart partitions found on MTD device pl353-nand[    1.250415] Creating 3 MTD partitions on \"pl353-nand\":[    1.255517] 0x000000000000-0x000002000000 : \"BOOT.bin-env-dts-kernel\"[    1.263607] 0x000002000000-0x00000b000000 : \"angstram-rootfs\"[    1.270952] 0x00000b000000-0x000010000000 : \"upgrade-rootfs\"[    1.279702] nf_conntrack version 0.5.0 (7739 buckets, 30956 max)[    1.286217] ip_tables: (C) 2000-2006 Netfilter Core Team[    1.291546] TCP: cubic registered[    1.294782] NET: Registered protocol family 17[    1.299486] Registering SWP/SWPB emulation handler[    1.305353] regulator-dummy: disabling[    1.309700] UBI: attaching mtd1 to ubi0[    1.836900] UBI: scanning is finished[    1.848576] UBI: attached mtd1 (name \"angstram-rootfs\", size 144 MiB) to ubi0[    1.855631] UBI: PEB size: 131072 bytes (128 KiB), LEB size: 126976 bytes[    1.862425] UBI: min./max. I/O unit sizes: 2048/2048, sub-page size 2048[    1.869103] UBI: VID header offset: 2048 (aligned 2048), data offset: 4096[    1.875941] UBI: good PEBs: 1152, bad PEBs: 0, corrupted PEBs: 0[    1.881951] UBI: user volume: 1, internal volumes: 1, max. volumes count: 128[    1.889062] UBI: max/mean erase counter: 13/7, WL threshold: 4096, image sequence number: 1925294910[    1.898178] UBI: available PEBs: 0, total reserved PEBs: 1152, PEBs reserved for bad PEB handling: 40[    1.907395] UBI: background thread \"ubi_bgt0d\" started, PID 1085[    1.907400] drivers/rtc/hctosys.c: unable to open rtc device (rtc0)[    1.911405] ALSA device list:[    1.911409]   No soundcards found.[    1.927740] UBIFS: background thread \"ubifs_bgt0_0\" started, PID 1087[    1.956871] UBIFS: recovery needed[    2.142726] UBIFS: recovery completed[    2.146399] UBIFS: mounted UBI device 0, volume 0, name \"rootfs\"[    2.152344] UBIFS: LEB size: 126976 bytes (124 KiB), min./max. I/O unit sizes: 2048 bytes/2048 bytes[    2.161448] UBIFS: FS size: 128626688 bytes (122 MiB, 1013 LEBs), journal size 9023488 bytes (8 MiB, 72 LEBs)[    2.171336] UBIFS: reserved for root: 0 bytes (0 KiB)[    2.176366] UBIFS: media format: w4/r0 (latest is w4/r0), UUID D2E2157C-794A-4932-956B-E22078A65162, small LPT model[    2.187429] VFS: Mounted root (ubifs filesystem) on device 0:11.[    2.195066] devtmpfs: mounted[    2.198198] Freeing unused kernel memory: 208K (c06e9000 - c071d000)[    3.032334] random: dd urandom read with 0 bits of entropy available[    3.417237] [    3.417237] bcm54xx_config_init[    4.027230] [    4.027230] bcm54xx_config_init[    8.028073] xemacps e000b000.ps7-ethernet: Set clk to 124999998 Hz[    8.034178] xemacps e000b000.ps7-ethernet: link up (1000/FULL)[   36.605516] In axi fpga driver![   36.608582] request_mem_region OK![   36.611973] AXI fpga dev virtual address is 0xdfa04000[   36.617117] *base_vir_addr = 0xc51e[   36.631881] In fpga mem driver![   36.635189] request_mem_region OK![   36.638799] fpga mem virtual address is 0xe2000000[   37.515269] [   37.515269] bcm54xx_config_init[   38.165216] [   38.165216] bcm54xx_config_init[   42.165668] xemacps e000b000.ps7-ethernet: Set clk to 124999998 Hz[   42.171777] xemacps e000b000.ps7-ethernet: link up (1000/FULL)[  321.980567] random: nonblocking pool is initializedDetect 512MB control board of XILINXMiner Type = S9set_reset_allhashboard = 0x0000ffffset_reset_allhashboard = 0x00000000set_reset_allhashboard = 0x0000ffffset_reset_allhashboard = 0x0000ffffCheck chain[5] PIC fw version=0x03Check chain[6] PIC fw version=0x03Check chain[7] PIC fw version=0x03Fix freq=650 Chain[5] voltage_pic=108 value=880Fix freq=650 Chain[6] voltage_pic=108 value=880Fix freq=650 Chain[7] voltage_pic=108 value=880set_reset_allhashboard = 0x0000ffffset_reset_allhashboard = 0x00000000Chain[J6] has 63 asicChain[J7] has 63 asicChain[J8] has 63 asicChain[J6] has no freq in PIC, set default freq=650MChain[J6] has no core num in PICChain[J7] has no freq in PIC, set default freq=650MChain[J7] has no core num in PICChain[J8] has no freq in PIC, set default freq=650MChain[J8] has no core num in PICMiner fix freq ...read PIC voltage=940 on chain[5]Chain:5 chipnum=63Asic[ 0]:650 Asic[ 1]:650 Asic[ 2]:650 Asic[ 3]:650 Asic[ 4]:650 Asic[ 5]:650 Asic[ 6]:650 Asic[ 7]:650 Asic[ 8]:650 Asic[ 9]:650 Asic[10]:650 Asic[11]:650 Asic[12]:650 Asic[13]:650 Asic[14]:650 Asic[15]:650 Asic[16]:650 Asic[17]:650 Asic[18]:650 Asic[19]:650 Asic[20]:650 Asic[21]:650 Asic[22]:650 Asic[23]:650 Asic[24]:650 Asic[25]:650 Asic[26]:650 Asic[27]:650 Asic[28]:650 Asic[29]:650 Asic[30]:650 Asic[31]:650 Asic[32]:650 Asic[33]:650 Asic[34]:650 Asic[35]:650 Asic[36]:650 Asic[37]:650 Asic[38]:650 Asic[39]:650 Asic[40]:650 Asic[41]:650 Asic[42]:650 Asic[43]:650 Asic[44]:650 Asic[45]:650 Asic[46]:650 Asic[47]:650 Asic[48]:650 Asic[49]:650 Asic[50]:650 Asic[51]:650 Asic[52]:650 Asic[53]:650 Asic[54]:650 Asic[55]:650 Asic[56]:650 Asic[57]:650 Asic[58]:650 Asic[59]:650 Asic[60]:650 Asic[61]:650 Asic[62]:650 Chain:5 max freq=650Chain:5 min freq=650read PIC voltage=940 on chain[6]Chain:6 chipnum=63Asic[ 0]:650 Asic[ 1]:650 Asic[ 2]:650 Asic[ 3]:650 Asic[ 4]:650 Asic[ 5]:650 Asic[ 6]:650 Asic[ 7]:650 Asic[ 8]:650 Asic[ 9]:650 Asic[10]:650 Asic[11]:650 Asic[12]:650 Asic[13]:650 Asic[14]:650 Asic[15]:650 Asic[16]:650 Asic[17]:650 Asic[18]:650 Asic[19]:650 Asic[20]:650 Asic[21]:650 Asic[22]:650 Asic[23]:650 Asic[24]:650 Asic[25]:650 Asic[26]:650 Asic[27]:650 Asic[28]:650 Asic[29]:650 Asic[30]:650 Asic[31]:650 Asic[32]:650 Asic[33]:650 Asic[34]:650 Asic[35]:650 Asic[36]:650 Asic[37]:650 Asic[38]:650 Asic[39]:650 Asic[40]:650 Asic[41]:650 Asic[42]:650 Asic[43]:650 Asic[44]:650 Asic[45]:650 Asic[46]:650 Asic[47]:650 Asic[48]:650 Asic[49]:650 Asic[50]:650 Asic[51]:650 Asic[52]:650 Asic[53]:650 Asic[54]:650 Asic[55]:650 Asic[56]:650 Asic[57]:650 Asic[58]:650 Asic[59]:650 Asic[60]:650 Asic[61]:650 Asic[62]:650 Chain:6 max freq=650Chain:6 min freq=650read PIC voltage=940 on chain[7]Chain:7 chipnum=63Asic[ 0]:650 Asic[ 1]:650 Asic[ 2]:650 Asic[ 3]:650 Asic[ 4]:650 Asic[ 5]:650 Asic[ 6]:650 Asic[ 7]:650 Asic[ 8]:650 Asic[ 9]:650 Asic[10]:650 Asic[11]:650 Asic[12]:650 Asic[13]:650 Asic[14]:650 Asic[15]:650 Asic[16]:650 Asic[17]:650 Asic[18]:650 Asic[19]:650 Asic[20]:650 Asic[21]:650 Asic[22]:650 Asic[23]:650 Asic[24]:650 Asic[25]:650 Asic[26]:650 Asic[27]:650 Asic[28]:650 Asic[29]:650 Asic[30]:650 Asic[31]:650 Asic[32]:650 Asic[33]:650 Asic[34]:650 Asic[35]:650 Asic[36]:650 Asic[37]:650 Asic[38]:650 Asic[39]:650 Asic[40]:650 Asic[41]:650 Asic[42]:650 Asic[43]:650 Asic[44]:650 Asic[45]:650 Asic[46]:650 Asic[47]:650 Asic[48]:650 Asic[49]:650 Asic[50]:650 Asic[51]:650 Asic[52]:650 Asic[53]:650 Asic[54]:650 Asic[55]:650 Asic[56]:650 Asic[57]:650 Asic[58]:650 Asic[59]:650 Asic[60]:650 Asic[61]:650 Asic[62]:650 Chain:7 max freq=650Chain:7 min freq=650max freq = 650set baud=1Chain[J6] PIC temp offset=62,-4,0,0,0,0,0,0chain[5] temp chip I2C addr=0x98Chain[J6] chip[244] use PIC middle temp offset=-4 typeID=55New offset Chain[5] chip[244] local:50 remote:53 offset:29 Chain[J6] chip[244] get middle temp offset=29 typeID=55Chain[J7] PIC temp offset=62,-3,0,0,0,0,0,0chain[6] temp chip I2C addr=0x98Chain[J7] chip[244] use PIC middle temp offset=-3 typeID=55New offset Chain[6] chip[244] local:48 remote:52 offset:28 Chain[J7] chip[244] get middle temp offset=28 typeID=55Chain[J8] PIC temp offset=62,-3,0,0,0,0,0,0chain[7] temp chip I2C addr=0x98Chain[J8] chip[244] use PIC middle temp offset=-3 typeID=55New offset Chain[7] chip[244] local:45 remote:48 offset:29 Chain[J8] chip[244] get middle temp offset=29 typeID=55Chain[J6] set working voltage=880 [108]Chain[J7] set working voltage=880 [108]Chain[J8] set working voltage=880 [108]setStartTimePoint total_tv_start_sys=1692 total_tv_end_sys=1693restartNum = 2 , auto-reinit enabled...do read_temp_func once...do check_asic_reg 0x08get RT hashrate from Chain[5]: (asic index start from 1-63)Asic[01]=79.0710 Asic[02]=73.8190 Asic[03]=71.3530 Asic[04]=72.2930 Asic[05]=72.5440 Asic[06]=71.8060 Asic[07]=75.0440 Asic[08]=72.2590 Asic[09]=74.6250 Asic[10]=79.9090 Asic[11]=76.0000 Asic[12]=77.9630 Asic[13]=78.2650 Asic[14]=76.4700 Asic[15]=74.9430 Asic[16]=75.5640 Asic[17]=78.6010 Asic[18]=76.6210 Asic[19]=77.1240 Asic[20]=70.2120 Asic[21]=75.7150 Asic[22]=70.1450 Asic[23]=72.1920 Asic[24]=77.7450 Asic[25]=75.2450 Asic[26]=73.8020 Asic[27]=77.8290 Asic[28]=75.9000 Asic[29]=70.6150 Asic[30]=74.6920 Asic[31]=77.1410 Asic[32]=72.9470 Asic[33]=79.2220 Asic[34]=72.3600 Asic[35]=73.3330 Asic[36]=76.6040 Asic[37]=75.6650 Asic[38]=71.9230 Asic[39]=75.7490 Asic[40]=73.5840 Asic[41]=73.5680 Asic[42]=75.2620 Asic[43]=75.2120 Asic[44]=68.4000 Asic[45]=71.6050 Asic[46]=71.2520 Asic[47]=73.4000 Asic[48]=75.5140 Asic[49]=74.0880 Asic[50]=75.5140 Asic[51]=69.4400 Asic[52]=75.3800 Asic[53]=74.0210 Asic[54]=72.8970 Asic[55]=76.3020 Asic[56]=70.2790 Asic[57]=73.5170 Asic[58]=74.6410 Asic[59]=72.0580 Asic[60]=74.6410 Asic[61]=77.3590 Asic[62]=76.6880 Asic[63]=69.7590 get RT hashrate from Chain[6]: (asic index start from 1-63)Asic[01]=75.2120 Asic[02]=73.4670 Asic[03]=71.1680 Asic[04]=76.3190 Asic[05]=79.4400 Asic[06]=68.1820 Asic[07]=72.0740 Asic[08]=74.1880 Asic[09]=74.9100 Asic[10]=81.4860 Asic[11]=72.1250 Asic[12]=74.0540 Asic[13]=78.4500 Asic[14]=79.9430 Asic[15]=72.3600 Asic[16]=77.3260 Asic[17]=68.3500 Asic[18]=70.8660 Asic[19]=76.6550 Asic[20]=75.2120 Asic[21]=77.1910 Asic[22]=72.0740 Asic[23]=76.4030 Asic[24]=73.9870 Asic[25]=74.0210 Asic[26]=73.2150 Asic[27]=67.1250 Asic[28]=76.2690 Asic[29]=73.8700 Asic[30]=77.5100 Asic[31]=74.7590 Asic[32]=75.4130 Asic[33]=73.3160 Asic[34]=69.8930 Asic[35]=76.4530 Asic[36]=75.2450 Asic[37]=70.7320 Asic[38]=73.7520 Asic[39]=74.7250 Asic[40]=70.4970 Asic[41]=74.3060 Asic[42]=77.0070 Asic[43]=71.0680 Asic[44]=79.4730 Asic[45]=67.4100 Asic[46]=72.7460 Asic[47]=71.9740 Asic[48]=73.2150 Asic[49]=74.2890 Asic[50]=65.2800 Asic[51]=80.6480 Asic[52]=70.7660 Asic[53]=82.2080 Asic[54]=76.0170 Asic[55]=68.2160 Asic[56]=72.4940 Asic[57]=74.5240 Asic[58]=64.2730 Asic[59]=77.0740 Asic[60]=71.3190 Asic[61]=70.4470 Asic[62]=74.4230 Asic[63]=77.7280 get RT hashrate from Chain[7]: (asic index start from 1-63)Asic[01]=79.1380 Asic[02]=69.2560 Asic[03]=70.3460 Asic[04]=76.8060 Asic[05]=69.5410 Asic[06]=72.1920 Asic[07]=70.0440 Asic[08]=75.9000 Asic[09]=76.6880 Asic[10]=73.2490 Asic[11]=77.3760 Asic[12]=75.4300 Asic[13]=74.2890 Asic[14]=71.7220 Asic[15]=73.8190 Asic[16]=70.1280 Asic[17]=77.5440 Asic[18]=69.9600 Asic[19]=75.0940 Asic[20]=69.8930 Asic[21]=69.5580 Asic[22]=79.1880 Asic[23]=78.1310 Asic[24]=74.6750 Asic[25]=74.4400 Asic[26]=70.7150 Asic[27]=78.6180 Asic[28]=75.8490 Asic[29]=73.3490 Asic[30]=73.5680 Asic[31]=83.3150 Asic[32]=75.6820 Asic[33]=80.7990 Asic[34]=79.7580 Asic[35]=74.6750 Asic[36]=72.2250 Asic[37]=75.5640 Asic[38]=76.0510 Asic[39]=72.5110 Asic[40]=79.5740 Asic[41]=73.8530 Asic[42]=73.6680 Asic[43]=75.6650 Asic[44]=74.4230 Asic[45]=74.2220 Asic[46]=75.0610 Asic[47]=73.8190 Asic[48]=70.1280 Asic[49]=79.8760 Asic[50]=77.2420 Asic[51]=72.7290 Asic[52]=74.0880 Asic[53]=76.9900 Asic[54]=68.6350 Asic[55]=69.2220 Asic[56]=74.4900 Asic[57]=67.1080 Asic[58]=73.2320 Asic[59]=72.5610 Asic[60]=74.2720 Asic[61]=75.0100 Asic[62]=68.6690 Asic[63]=72.7790 Check Chain[J6] ASIC RT error: (asic index start from 1-63)Check Chain[J7] ASIC RT error: (asic index start from 1-63)Check Chain[J8] ASIC RT error: (asic index start from 1-63)Done check_asic_regdo read temp on Chain[5]Chain[5] Chip[62] TempTypeID=55 middle offset=29Chain[5] Chip[62] local Temp=66read failed on Chain[5] Chip[62] middle Temp old value:81Special fix Chain[5] Chip[62] middle Temp = 81Done read temp on Chain[5]do read temp on Chain[6]Chain[6] Chip[62] TempTypeID=55 middle offset=28Chain[6] Chip[62] local Temp=64read failed on Chain[6] Chip[62] middle Temp old value:79Special fix Chain[6] Chip[62] middle Temp = 79Done read temp on Chain[6]do read temp on Chain[7]Chain[7] Chip[62] TempTypeID=55 middle offset=29Chain[7] Chip[62] local Temp=61read failed on Chain[7] Chip[62] middle Temp old value:76Special fix Chain[7] Chip[62] middle Temp = 76Done read temp on Chain[7]set FAN speed according to: temp_highest=81 temp_top1[PWM_T]=81 temp_top1[TEMP_POS_LOCAL]=66 temp_change=0 fix_fan_steps=-7MAX_FAN_TEMP is 90, temp_highest is 81, PWM_T is 1, TEMP_POS_LOCAL is 0FAN PWM: 68read_temp_func Done!CRC error counter=0",
  "score": 0,
  "upvotes": 0,
  "downvotes": 0,
  "url": "https://bitcointalk.org/index.php?topic=5409923",
  "comments": [
    {
      "author": "bittalk7",
      "created_time": "August 15, 2022, 09:01:41 AM",
      "body": "UPDATE : I got it running on nicehash again, but its only working at 1/3 its ability. G/HS 4.8 when it should be about 12-14 , I feel it might have something to do with the hiveon firmware. Thanks again guys for helping.",
      "score": 0,
      "upvotes": 0,
      "downvotes": 0
    },
    {
      "author": "BitMaxz",
      "created_time": "August 16, 2022, 02:02:18 PM",
      "body": "Actually, nicehash is not a pool and not good as a pool if I were you better switch to other pools.You can try the ViaBTC pool here's the right link https://viabtc.net/ you can also use their .com domain.Alternatively use this list https://miningpoolstats.stream/bitcoin",
      "score": 0,
      "upvotes": 0,
      "downvotes": 0
    },
    {
      "author": "bittalk7",
      "created_time": "August 17, 2022, 08:19:00 PM",
      "body": "thank you for updating me, I forget nicehash just pays you for hashing speed. I did solve this issue by creating a flight plan and wallet in hiveon. It's odd though on some I have the same equipment it seems and its not necessary. Always something going on when you have crypto harware, I now have a board out on a L3 miner now too. lol",
      "score": 0,
      "upvotes": 0,
      "downvotes": 0
    },
    {
      "author": "mikeywith",
      "created_time": "August 18, 2022, 01:54:28 AM",
      "body": "Quote from: bittalk7 on August 17, 2022, 08:19:00 PMthank you for updating me, I forget nicehash just pays you for hashing speed. I did solve this issue by creating a flight plan and wallet in hiveon. That doesn't solve the problem, it's just a work around of some type, this firmware seems to be sketchy, why do you need to use their website to mine with your own gear? your kernel log shows the miner is working without any issue, it was supposed to hash at full speed on btc.com, even on Nicehash, I would change this shitty firmware if I were you, just use the default multi-option firmware by Bitmain.Also please use code tag when pasting kernel logs like that.Code:Kernel Goes Here",
      "score": 0,
      "upvotes": 0,
      "downvotes": 0
    }
  ]
}