{
  "id": "topic_5455060",
  "title": "sejky",
  "author": "sejky",
  "created_time": "June 04, 2023, 03:18:49 PM",
  "content": "Hi,my Z15 stopped working. There's no communication on the wallet. Neither rebooting nor reloading the firmware helped. Today I looked at Overview Miner and it says Hardware Version Socket connect failed: connection refused. Can you help me what the error is?https://ibb.co/JHWRcqVBooting Linux on physical CPU 0x0Linux version 4.6.0-xilinx-g0387054-dirty (lzq@ubuntu) (gcc version 4.8.3 20140320 (prerelease) (Sourcery CodeBench Lite 2014.05-23) ) #45 SMP PREEMPT Wed
Jun 19 15:03:51 CST 2019CPU: ARMv7 Processor [413fc090] revision 0 (ARMv7), cr=18c5387dCPU: PIPT / VIPT nonaliasing data cache, VIPT aliasing instruction cacheMachine model: Xilinx Zynqcma: Reserved 16 MiB at 0x0e000000Memory policy: Data cache writeallocOn node 0 totalpages: 61440free_area_init_node: node 0, pgdat c0b3c280, node_mem_map cde10000  Normal zone: 480 pages used for memmap  Normal zone: 0 pages reserved  Normal zone: 61440 pages, LIFO batch:15percpu: Embedded 12 pages/cpu @cddf1000 s20032 r8192 d20928 u49152pcpu-alloc: s20032 r8192 d20928 u49152 alloc=12*4096pcpu-alloc:  0  1 Built 1 zonelists in Zone order, mobility grouping on.  Total pages: 60960Kernel command line: mem=240M console=ttyPS0,115200 ramdisk_size=33554432 root=/dev/ram rw earlyprintkPID hash table entries: 1024 (order: 0, 4096 bytes)Dentry cache hash table entries: 32768 (order: 5, 131072 bytes)Inode-cache hash table entries: 16384 (order: 4, 65536 bytes)Memory: 203836K/245760K available (6348K kernel code, 243K rwdata, 1928K rodata, 1024K init, 233K bss, 25540K reserved, 16384K cma-reserved, 0K highmem)Virtual kernel memory layout:    vector  : 0xffff0000 - 0xffff1000   (   4 kB)    fixmap  : 0xffc00000 - 0xfff00000   (3072 kB)    vmalloc : 0xcf800000 - 0xff800000   ( 768 MB)    lowmem  : 0xc0000000 - 0xcf000000   ( 240 MB)    pkmap   : 0xbfe00000 - 0xc0000000   (   2 MB)    modules : 0xbf000000 - 0xbfe00000   (  14 MB)      .text : 0xc0008000 - 0xc0915150   (9269 kB)      .init : 0xc0a00000 - 0xc0b00000   (1024 kB)      .data : 0xc0b00000 - 0xc0b3cfe0   ( 244 kB)       .bss : 0xc0b3cfe0 - 0xc0b77428   ( 234 kB)Preemptible hierarchical RCU implementation.   Build-time adjustment of leaf fanout to 32.   RCU restricting CPUs from NR_CPUS=4 to nr_cpu_ids=2.RCU: Adjusting geometry for rcu_fanout_leaf=32, nr_cpu_ids=2NR_IRQS:16 nr_irqs:16 16efuse mapped to cf800000ps7-slcr mapped to cf802000L2C: platform modifies aux control register: 0x72360000 -> 0x72760000L2C: DT/platform modifies aux control register: 0x72360000 -> 0x72760000L2C-310 erratum 769419 enabledL2C-310 enabling early BRESP for Cortex-A9L2C-310 full line of zeros enabled for Cortex-A9L2C-310 ID prefetch enabled, offset 1 linesL2C-310 dynamic clock gating enabled, standby mode enabledL2C-310 cache controller enabled, 8 ways, 512 kBL2C-310: CACHE_ID 0x410000c8, AUX_CTRL 0x76760001zynq_clock_init: clkc starts at cf802100Zynq clock initsched_clock: 64 bits at 333MHz, resolution 3ns, wraps every 4398046511103nsclocksource: arm_global_timer: mask: 0xffffffffffffffff max_cycles: 0x4ce07af025, max_idle_ns: 440795209040 nsSwitching to timer-based delay loop, resolution 3nsclocksource: ttc_clocksource: mask: 0xffff max_cycles: 0xffff, max_idle_ns: 537538477 nsps7-ttc #0 at cf80a000, irq=18Console: colour dummy device 80x30Calibrating delay loop (skipped), value calculated using timer frequency.. 666.66 BogoMIPS (lpj=3333333)pid_max: default: 32768 minimum: 301Mount-cache hash table entries: 1024 (order: 0, 4096 bytes)Mountpoint-cache hash table entries: 1024 (order: 0, 4096 bytes)CPU: Testing write buffer coherency: okCPU0: thread -1, cpu 0, socket 0, mpidr 80000000Setting up static identity map for 0x100000 - 0x100058CPU1: failed to boot: -1Brought up 1 CPUsSMP: Total of 1 processors activated (666.66 BogoMIPS).CPU: All CPU(s) started in SVC mode.devtmpfs: initializedVFP support v0.3: implementor 41 architecture 3 part 30 variant 9 rev 4clocksource: jiffies: mask: 0xffffffff max_cycles: 0xffffffff, max_idle_ns: 19112604462750000 nspinctrl core: initialized pinctrl subsystemNET: Registered protocol family 16DMA: preallocated 256 KiB pool for atomic coherent allocationscpuidle: using governor menuhw-breakpoint: found 5 (+1 reserved) breakpoint and 1 watchpoint registers.hw-breakpoint: maximum watchpoint size is 4 bytes.zynq-ocm f800c000.ps7-ocmc: ZYNQ OCM pool: 256 KiB @ 0xcf880000vgaarb: loadedSCSI subsystem initializedusbcore: registered new interface driver usbfsusbcore: registered new interface driver hubusbcore: registered new device driver usbmedia: Linux media interface: v0.10Linux video capture interface: v2.00pps_core: LinuxPPS API ver. 1 registeredpps_core: Software ver. 5.3.6 - Copyright 2005-2007 Rodolfo Giometti <giometti@linux.it>PTP clock support registeredEDAC MC: Ver: 3.0.0Advanced Linux Sound Architecture Driver Initialized.clocksource: Switched to clocksource arm_global_timerNET: Registered protocol family 2TCP established hash table entries: 2048 (order: 1, 8192 bytes)TCP bind hash table entries: 2048 (order: 2, 16384 bytes)TCP: Hash tables configured (established 2048 bind 2048)UDP hash table entries: 256 (order: 1, 8192 bytes)UDP-Lite hash table entries: 256 (order: 1, 8192 bytes)NET: Registered protocol family 1RPC: Registered named UNIX socket transport module.RPC: Registered udp transport module.RPC: Registered tcp transport module.RPC: Registered tcp NFSv4.1 backchannel transport module.PCI: CLS 0 bytes, default 64Trying to unpack rootfs image as initramfs...rootfs image is not initramfs (no cpio magic); looks like an initrdFreeing initrd memory: 12476K (cced3000 - cdb02000)hw perfevents: enabled with armv7_cortex_a9 PMU driver, 7 counters availablefutex hash table entries: 512 (order: 3, 32768 bytes)workingset: timestamp_bits=28 max_order=16 bucket_order=0jffs2: version 2.2. (NAND) (SUMMARY)  © 2001-2006 Red Hat, Inc.io scheduler noop registeredio scheduler deadline registeredio scheduler cfq registered (default)dma-pl330 f8003000.ps7-dma: Loaded driver for PL330 DMAC-241330dma-pl330 f8003000.ps7-dma:    DBUFF-128x8bytes Num_Chans-8 Num_Peri-4 Num_Events-16e0000000.serial: ttyPS0 at MMIO 0xe0000000 (irq = 158, base_baud = 6249999) is a xuartpsconsole [ttyPS0] enabledxdevcfg f8007000.ps7-dev-cfg: ioremap 0xf8007000 to cf86e000[drm] Initialized drm 1.1.0 20060810brd: module loadedloop: module loadedCAN device driver interfacegpiod_set_value: invalid GPIOlibphy: MACB_mii_bus: probedmacb e000b000.ethernet eth0: Cadence GEM rev 0x00020118 at 0xe000b000 irq 31 (00:0a:35:00:00:00)Generic PHY e000b000.etherne:00: attached PHY driver [Generic PHY] (mii_bus:phy_addr=e000b000.etherne:00, irq=-1)e1000e: Intel(R) PRO/1000 Network Driver - 3.2.6-ke1000e: Copyright(c) 1999 - 2015 Intel Corporation.ehci_hcd: USB 2.0 'Enhanced' Host Controller (EHCI) Driverehci-pci: EHCI PCI platform driverusbcore: registered new interface driver usb-storagemousedev: PS/2 mouse device common for all micei2c /dev entries driverXilinx Zynq CpuIdle Driver startedsdhci: Secure Digital Host Controller Interface driversdhci: Copyright(c) Pierre Ossmansdhci-pltfm: SDHCI platform and OF driver helpermmc0: SDHCI controller on e0100000.ps7-sdio [e0100000.ps7-sdio] using ADMAledtrig-cpu: registered to indicate activity on CPUsusbcore: registered new interface driver usbhidusbhid: USB HID core drivernand: device found, Manufacturer ID: 0x2c, Chip ID: 0xdanand: Micron MT29F2G08ABAEAWPnand: 256 MiB, SLC, erase size: 128 KiB, page size: 2048, OOB size: 64nand: NAND_ECC_HWnand: NAND_ECC_HW_SYNDROMEmtd->writesize = 2048ecc->strength = 1ecc->size = 2048mtd->writesize = 2048chip->ecc_strength_ds = 4chip->ecc_step_ds = 512nand: WARNING: pl35x-nand: the ECC used on your system is too weak compared to the one required by the NAND chipBad block table found at page 131008, version 0x01Bad block table found at page 130944, version 0x015 ofpart partitions found on MTD device pl35x-nandCreating 5 MTD partitions on \"pl35x-nand\":0x000000000000-0x000002800000 : \"BOOT.bin-env-dts-kernel\"0x000002800000-0x000004800000 : \"ramfs\"0x000004800000-0x000005000000 : \"configs\"0x000005000000-0x000006000000 : \"reserve\"0x000006000000-0x000008000000 : \"ramfs-bak\"nf_conntrack version 0.5.0 (3635 buckets, 14540 max)ip_tables: (C) 2000-2006 Netfilter Core TeamNET: Registered protocol family 10ip6_tables: (C) 2000-2006 Netfilter Core Teamsit: IPv6 over IPv4 tunneling driverNET: Registered protocol family 17can: controller area network core (rev 20120528 abi 9)NET: Registered protocol family 29can: raw protocol (rev 20120528)can: broadcast manager protocol (rev 20120528 t)can: netlink gateway (rev 20130117) max_hops=1zynq_pm_ioremap: no compatible node found for 'xlnx,zynq-ddrc-a05'zynq_pm_late_init: Unable to map DDRC IO memory.Registering SWP/SWPB emulation handlerhctosys: unable to open rtc device (rtc0)ALSA device list:  No soundcards found.RAMDISK: gzip image found at block 0EXT4-fs (ram0): couldn't mount as ext3 due to feature incompatibilitiesEXT4-fs (ram0): mounted filesystem without journal. Opts: (null)VFS: Mounted root (ext4 filesystem) on device 1:0.devtmpfs: mountedFreeing unused kernel memory: 1024K (c0a00000 - c0b00000)EXT4-fs (ram0): re-mounted. Opts: block_validity,delalloc,barrier,user_xattrrandom: dd urandom read with 0 bits of entropy availableIPv6: ADDRCONF(NETDEV_UP): eth0: link is not readyIPv6: ADDRCONF(NETDEV_UP): eth0: link is not readymacb e000b000.ethernet eth0: unable to generate target frequency: 25000000 Hzmacb e000b000.ethernet eth0: link up (100/Full)IPv6: ADDRCONF(NETDEV_CHANGE): eth0: link becomes readyIn axi fpga driver!request_mem_region OK!AXI fpga dev virtual address is 0xcf9cc000*base_vir_addr = 0xb031In fpga mem driver!request_mem_region OK!fpga mem virtual address is 0xd2000000random: nonblocking pool is initializedJun  4 14:46:38 (none) local0.err cgminer: Miner compile time: Fri Jul  3 11:39:06 CST 2020 type: Antminer Z15Jun  4 14:46:38 (none) local0.warn cgminer: Started cgminer 4.9.0Jun  4 14:46:38 (none) local0.notice cgminer[969]: z15 init...Jun  4 14:46:38 (none) local0.notice cgminer[969]: httpListenThread start ret=0Jun  4 14:46:39 (none) local0.notice cgminer[969]: FPGA version: B031Jun  4 14:46:40 (none) local0.notice cgminer[969]: No 2 Fan find, check againJun  4 14:46:41 (none) local0.notice cgminer[969]: No 2 Fan find, check againJun  4 14:46:42 (none) local0.notice cgminer[969]: No 2 Fan find, check againJun  4 14:46:44 (none) local0.notice cgminer[969]: No 2 Fan find, check againJun  4 14:46:45 (none) local0.notice cgminer[969]: No 2 Fan find, check againJun  4 14:46:46 (none) local0.notice cgminer[969]: No 2 Fan find, check againJun  4 14:46:47 (none) local0.notice cgminer[969]: No 2 Fan find, check againJun  4 14:46:49 (none) local0.notice cgminer[969]: No 2 Fan find, check againJun  4 14:46:50 (none) local0.notice cgminer[969]: No 2 Fan find, check againJun  4 14:46:51 (none) local0.notice cgminer[969]: No 2 Fan find, check againJun  4 14:46:53 (none) local0.notice cgminer[969]: No 2 Fan find, check againJun  4 14:46:54 (none) local0.notice cgminer[969]: No 2 Fan find, check againJun  4 14:46:55 (none) local0.notice cgminer[969]: No 2 Fan find, check againJun  4 14:46:57 (none) local0.notice cgminer[969]: No 2 Fan find, check againJun  4 14:46:58 (none) local0.notice cgminer[969]: No 2 Fan find, check againJun  4 14:46:59 (none) local0.notice cgminer[969]: No 2 Fan find, check againJun  4 14:47:00 (none) local0.notice cgminer[969]: No 2 Fan find, check againJun  4 14:47:02 (none) local0.notice cgminer[969]: No 2 Fan find, check againJun  4 14:47:03 (none) local0.notice cgminer[969]: No 2 Fan find, check againJun  4 14:47:04 (none) local0.notice cgminer[969]: No 2 Fan find, check againJun  4 14:47:06 (none) local0.notice cgminer[969]: No 2 Fan find, check againJun  4 14:47:07 (none) local0.notice cgminer[969]: No 2 Fan find, check againJun  4 14:47:08 (none) local0.notice cgminer[969]: start listen on 6060 ...Jun  4 14:47:08 (none) local0.notice cgminer[969]: No 2 Fan find, check againJun  4 14:47:10 (none) local0.notice cgminer[969]: No 2 Fan find, check againJun  4 14:47:11 (none) local0.notice cgminer[969]: No 2 Fan find, check againJun  4 14:47:12 (none) local0.notice cgminer[969]: No 2 Fan find, check againJun  4 14:47:13 (none) local0.notice cgminer[969]: No 2 Fan find, check againJun  4 14:47:15 (none) local0.notice cgminer[969]: No 2 Fan find, check againJun  4 14:47:16 (none) local0.notice cgminer[969]: No 2 Fan find, check againJun  4 14:47:17 (none) local0.notice cgminer[969]: No 2 Fan find, check againJun  4 14:47:19 (none) local0.notice cgminer[969]: No 2 Fan find, check againJun  4 14:47:20 (none) local0.notice cgminer[969]: No 2 Fan find, check againJun  4 14:47:21 (none) local0.notice cgminer[969]: No 2 Fan find, check againJun  4 14:47:23 (none) local0.notice cgminer[969]: No 2 Fan find, check againJun  4 14:47:24 (none) local0.notice cgminer[969]: No 2 Fan find, check againJun  4 14:47:25 (none) local0.notice cgminer[969]: No 2 Fan find, check againJun  4 14:47:26 (none) local0.notice cgminer[969]: No 2 Fan find, check againJun  4 14:47:28 (none) local0.notice cgminer[969]: No 2 Fan find, check againJun  4 14:47:29 (none) local0.notice cgminer[969]: No 2 Fan find, check againJun  4 14:47:30 (none) local0.notice cgminer[969]: No 2 Fan find, check againJun  4 14:47:32 (none) local0.notice cgminer[969]: No 2 Fan find, check againJun  4 14:47:33 (none) local0.notice cgminer[969]: No 2 Fan find, check againJun  4 14:47:34 (none) local0.notice cgminer[969]: No 2 Fan find, check againJun  4 14:47:36 (none) local0.notice cgminer[969]: No 2 Fan find, check againJun  4 14:47:37 (none) local0.notice cgminer[969]: No 2 Fan find, check againJun  4 14:47:38 (none) local0.notice cgminer[969]: No 2 Fan find, check againJun  4 14:47:39 (none) local0.notice cgminer[969]: No 2 Fan find, check againJun  4 14:47:41 (none) local0.notice cgminer[969]: No 2 Fan find, check againJun  4 14:47:42 (none) local0.notice cgminer[969]: No 2 Fan find, check againJun  4 14:47:43 (none) local0.notice cgminer[969]: No 2 Fan find, check againJun  4 14:47:45 (none) local0.notice cgminer[969]: No 2 Fan find, check againJun  4 14:47:46 (none) local0.notice cgminer[969]: No 2 Fan find, check againJun  4 14:47:47 (none) local0.notice cgminer[969]: No 2 Fan find, check againJun  4 14:47:49 (none) local0.notice cgminer[969]: No 2 Fan find, check againJun  4 14:47:50 (none) local0.notice cgminer[969]: No 2 Fan find, check againJun  4 14:47:51 (none) local0.notice cgminer[969]: No 2 Fan find, check againJun  4 14:47:52 (none) local0.notice cgminer[969]: No 2 Fan find, check againJun  4 14:47:54 (none) local0.notice cgminer[969]: No 2 Fan find, check againJun  4 14:47:55 (none) local0.notice cgminer[969]: No 2 Fan find, check againJun  4 14:47:56 (none) local0.notice cgminer[969]: No 2 Fan find, check againJun  4 14:47:58 (none) local0.notice cgminer[969]: No 2 Fan find, check againJun  4 14:47:59 (none) local0.notice cgminer[969]: No 2 Fan find, check againJun  4 14:48:00 (none) local0.notice cgminer[969]: No 2 Fan find, check againJun  4 14:48:02 (none) local0.notice cgminer[969]: No 2 Fan find, check againJun  4 14:48:03 (none) local0.notice cgminer[969]: No 2 Fan find, check againJun  4 14:48:04 (none) local0.notice cgminer[969]: No 2 Fan find, check againJun  4 14:48:06 (none) local0.notice cgminer[969]: No 2 Fan find, check againJun  4 14:48:07 (none) local0.notice cgminer[969]: No 2 Fan find, check againJun  4 14:48:08 (none) local0.notice cgminer[969]: No 2 Fan find, check againJun  4 14:48:09 (none) local0.notice cgminer[969]: No 2 Fan find, check againJun  4 14:48:11 (none) local0.notice cgminer[969]: No 2 Fan find, check againJun  4 14:48:12 (none) local0.notice cgminer[969]: No 2 Fan find, check againJun  4 14:48:13 (none) local0.notice cgminer[969]: No 2 Fan find, check againJun  4 14:48:15 (none) local0.notice cgminer[969]: No 2 Fan find, check againJun  4 14:48:16 (none) local0.notice cgminer[969]: No 2 Fan find, check againJun  4 14:48:17 (none) local0.notice cgminer[969]: No 2 Fan find, check againJun  4 14:48:19 (none) local0.notice cgminer[969]: No 2 Fan find, check againJun  4 14:48:20 (none) local0.notice cgminer[969]: No 2 Fan find, check againJun  4 14:48:21 (none) local0.notice cgminer[969]: No 2 Fan find, check againJun  4 14:48:22 (none) local0.notice cgminer[969]: No 2 Fan find, check againJun  4 14:48:24 (none) local0.notice cgminer[969]: No 2 Fan find, check againJun  4 14:48:25 (none) local0.notice cgminer[969]: No 2 Fan find, check againJun  4 14:48:26 (none) local0.notice cgminer[969]: No 2 Fan find, check againJun  4 14:48:28 (none) local0.notice cgminer[969]: No 2 Fan find, check againJun  4 14:48:29 (none) local0.notice cgminer[969]: No 2 Fan find, check againJun  4 14:48:30 (none) local0.notice cgminer[969]: No 2 Fan find, check againJun  4 14:48:32 (none) local0.notice cgminer[969]: No 2 Fan find, check againJun  4 14:48:33 (none) local0.notice cgminer[969]: No 2 Fan find, check againJun  4 14:48:34 (none) local0.notice cgminer[969]: No 2 Fan find, check againJun  4 14:48:35 (none) local0.notice cgminer[969]: No 2 Fan find, check againJun  4 14:48:37 (none) local0.notice cgminer[969]: No 2 Fan find, check againJun  4 14:48:38 (none) local0.notice cgminer[969]: No 2 Fan find, check againJun  4 14:48:39 (none) local0.notice cgminer[969]: No 2 Fan find, check againJun  4 14:48:41 (none) local0.notice cgminer[969]: No 2 Fan find, check againJun  4 14:48:42 (none) local0.notice cgminer[969]: No 2 Fan find, check againJun  4 14:48:43 (none) local0.notice cgminer[969]: No 2 Fan find, check againJun  4 14:48:45 (none) local0.notice cgminer[969]: No 2 Fan find, check againJun  4 14:48:46 (none) local0.notice cgminer[969]: No 2 Fan find, check againJun  4 14:48:47 (none) local0.notice cgminer[969]: No 2 Fan find, check againJun  4 14:48:48 (none) local0.notice cgminer[969]: No 2 Fan find, check againJun  4 14:48:50 (none) local0.notice cgminer[969]: No 2 Fan find, check againJun  4 14:48:55 (none) local0.err cgminer: Miner compile time: Fri Jul  3 11:39:06 CST 2020 type: Antminer Z15Jun  4 14:48:55 (none) local0.warn cgminer: Started cgminer 4.9.0Jun  4 14:48:55 (none) local0.notice cgminer[1183]: z15 init...Jun  4 14:48:55 (none) local0.notice cgminer[1183]: httpListenThread start ret=0Jun  4 14:48:57 (none) local0.notice cgminer[1183]: FPGA version: B031Jun  4 14:48:57 (none) local0.notice cgminer[1183]: No 2 Fan find, check againJun  4 14:48:58 (none) local0.notice cgminer[1183]: No 2 Fan find, check againJun  4 14:49:00 (none) local0.notice cgminer[1183]: No 2 Fan find, check againJun  4 14:49:01 (none) local0.notice cgminer[1183]: No 2 Fan find, check againJun  4 14:49:02 (none) local0.notice cgminer[1183]: No 2 Fan find, check againJun  4 14:49:03 (none) local0.notice cgminer[1183]: No 2 Fan find, check againJun  4 14:49:05 (none) local0.notice cgminer[1183]: No 2 Fan find, check againJun  4 14:49:06 (none) local0.notice cgminer[1183]: No 2 Fan find, check againJun  4 14:49:07 (none) local0.notice cgminer[1183]: No 2 Fan find, check againJun  4 14:49:09 (none) local0.notice cgminer[1183]: No 2 Fan find, check againJun  4 14:49:10 (none) local0.notice cgminer[1183]: No 2 Fan find, check againJun  4 14:49:11 (none) local0.notice cgminer[1183]: No 2 Fan find, check againJun  4 14:49:13 (none) local0.notice cgminer[1183]: No 2 Fan find, check againJun  4 14:49:14 (none) local0.notice cgminer[1183]: No 2 Fan find, check againJun  4 14:49:15 (none) local0.notice cgminer[1183]: No 2 Fan find, check againJun  4 14:49:16 (none) local0.notice cgminer[1183]: No 2 Fan find, check againJun  4 14:49:18 (none) local0.notice cgminer[1183]: No 2 Fan find, check againJun  4 14:49:19 (none) local0.notice cgminer[1183]: No 2 Fan find, check againJun  4 14:49:20 (none) local0.notice cgminer[1183]: No 2 Fan find, check againJun  4 14:49:22 (none) local0.notice cgminer[1183]: No 2 Fan find, check againJun  4 14:49:23 (none) local0.notice cgminer[1183]: No 2 Fan find, check againJun  4 14:49:24 (none) local0.notice cgminer[1183]: No 2 Fan find, check againJun  4 14:49:25 (none) local0.notice cgminer[1183]: start listen on 6060 ...Jun  4 14:49:26 (none) local0.notice cgminer[1183]: No 2 Fan find, check againJun  4 14:49:27 (none) local0.notice cgminer[1183]: No 2 Fan find, check againJun  4 14:49:28 (none) local0.notice cgminer[1183]: No 2 Fan find, check againJun  4 14:49:29 (none) local0.notice cgminer[1183]: No 2 Fan find, check againJun  4 14:49:31 (none) local0.notice cgminer[1183]: No 2 Fan find, check againJun  4 14:49:32 (none) local0.notice cgminer[1183]: No 2 Fan find, check againJun  4 14:49:33 (none) local0.notice cgminer[1183]: No 2 Fan find, check againJun  4 14:49:35 (none) local0.notice cgminer[1183]: No 2 Fan find, check againJun  4 14:49:36 (none) local0.notice cgminer[1183]: No 2 Fan find, check againJun  4 14:49:37 (none) local0.notice cgminer[1183]: No 2 Fan find, check againJun  4 14:49:39 (none) local0.notice cgminer[1183]: No 2 Fan find, check againJun  4 14:49:40 (none) local0.notice cgminer[1183]: No 2 Fan find, check againJun  4 14:49:41 (none) local0.notice cgminer[1183]: No 2 Fan find, check againJun  4 14:49:42 (none) local0.notice cgminer[1183]: No 2 Fan find, check againJun  4 14:49:44 (none) local0.notice cgminer[1183]: No 2 Fan find, check againJun  4 14:49:45 (none) local0.notice cgminer[1183]: No 2 Fan find, check againJun  4 14:49:46 (none) local0.notice cgminer[1183]: No 2 Fan find, check againJun  4 14:49:48 (none) local0.notice cgminer[1183]: No 2 Fan find, check againJun  4 14:49:49 (none) local0.notice cgminer[1183]: No 2 Fan find, check againJun  4 14:49:50 (none) local0.notice cgminer[1183]: No 2 Fan find, check againJun  4 14:49:52 (none) local0.notice cgminer[1183]: No 2 Fan find, check againJun  4 14:49:53 (none) local0.notice cgminer[1183]: No 2 Fan find, check againJun  4 14:49:54 (none) local0.notice cgminer[1183]: No 2 Fan find, check againJun  4 14:49:55 (none) local0.notice cgminer[1183]: No 2 Fan find, check againJun  4 14:49:57 (none) local0.notice cgminer[1183]: No 2 Fan find, check againJun  4 14:49:58 (none) local0.notice cgminer[1183]: No 2 Fan find, check againJun  4 14:49:59 (none) local0.notice cgminer[1183]: No 2 Fan find, check againJun  4 14:50:01 (none) local0.notice cgminer[1183]: No 2 Fan find, check againJun  4 14:50:02 (none) local0.notice cgminer[1183]: No 2 Fan find, check againJun  4 14:50:03 (none) local0.notice cgminer[1183]: No 2 Fan find, check againJun  4 14:50:05 (none) local0.notice cgminer[1183]: No 2 Fan find, check againJun  4 14:50:06 (none) local0.notice cgminer[1183]: No 2 Fan find, check againJun  4 14:50:07 (none) local0.notice cgminer[1183]: No 2 Fan find, check againJun  4 14:50:08 (none) local0.notice cgminer[1183]: No 2 Fan find, check againJun  4 14:50:10 (none) local0.notice cgminer[1183]: No 2 Fan find, check againJun  4 14:50:11 (none) local0.notice cgminer[1183]: No 2 Fan find, check againJun  4 14:50:12 (none) local0.notice cgminer[1183]: No 2 Fan find, check againJun  4 14:50:14 (none) local0.notice cgminer[1183]: No 2 Fan find, check againJun  4 14:50:15 (none) local0.notice cgminer[1183]: No 2 Fan find, check againJun  4 14:50:16 (none) local0.notice cgminer[1183]: No 2 Fan find, check againJun  4 14:50:18 (none) local0.notice cgminer[1183]: No 2 Fan find, check againJun  4 14:50:19 (none) local0.notice cgminer[1183]: No 2 Fan find, check againJun  4 14:50:20 (none) local0.notice cgminer[1183]: No 2 Fan find, check againJun  4 14:50:22 (none) local0.notice cgminer[1183]: No 2 Fan find, check againJun  4 14:50:23 (none) local0.notice cgminer[1183]: No 2 Fan find, check againJun  4 14:50:24 (none) local0.notice cgminer[1183]: No 2 Fan find, check againJun  4 14:50:25 (none) local0.notice cgminer[1183]: No 2 Fan find, check againJun  4 14:50:27 (none) local0.notice cgminer[1183]: No 2 Fan find, check againJun  4 14:50:28 (none) local0.notice cgminer[1183]: No 2 Fan find, check againJun  4 14:50:29 (none) local0.notice cgminer[1183]: No 2 Fan find, check againJun  4 14:50:31 (none) local0.notice cgminer[1183]: No 2 Fan find, check againJun  4 14:50:32 (none) local0.notice cgminer[1183]: No 2 Fan find, check againJun  4 14:50:33 (none) local0.notice cgminer[1183]: No 2 Fan find, check againJun  4 14:50:35 (none) local0.notice cgminer[1183]: No 2 Fan find, check againJun  4 14:50:36 (none) local0.notice cgminer[1183]: No 2 Fan find, check againJun  4 14:50:37 (none) local0.notice cgminer[1183]: No 2 Fan find, check againJun  4 14:50:38 (none) local0.notice cgminer[1183]: No 2 Fan find, check againJun  4 14:50:40 (none) local0.notice cgminer[1183]: No 2 Fan find, check againJun  4 14:50:41 (none) local0.notice cgminer[1183]: No 2 Fan find, check againJun  4 14:50:42 (none) local0.notice cgminer[1183]: No 2 Fan find, check againJun  4 14:50:44 (none) local0.notice cgminer[1183]: No 2 Fan find, check againJun  4 14:50:45 (none) local0.notice cgminer[1183]: No 2 Fan find, check againJun  4 14:50:46 (none) local0.notice cgminer[1183]: No 2 Fan find, check againJun  4 14:50:48 (none) local0.notice cgminer[1183]: No 2 Fan find, check againJun  4 14:50:49 (none) local0.notice cgminer[1183]: No 2 Fan find, check againJun  4 14:50:50 (none) local0.notice cgminer[1183]: No 2 Fan find, check againJun  4 14:50:51 (none) local0.notice cgminer[1183]: No 2 Fan find, check againJun  4 14:50:53 (none) local0.notice cgminer[1183]: No 2 Fan find, check againJun  4 14:50:54 (none) local0.notice cgminer[1183]: No 2 Fan find, check againJun  4 14:50:55 (none) local0.notice cgminer[1183]: No 2 Fan find, check againJun  4 14:50:57 (none) local0.notice cgminer[1183]: No 2 Fan find, check againJun  4 14:50:58 (none) local0.notice cgminer[1183]: No 2 Fan find, check againJun  4 14:50:59 (none) local0.notice cgminer[1183]: No 2 Fan find, check againJun  4 14:51:01 (none) local0.notice cgminer[1183]: No 2 Fan find, check againJun  4 14:51:02 (none) local0.notice cgminer[1183]: No 2 Fan find, check againJun  4 14:51:03 (none) local0.notice cgminer[1183]: No 2 Fan find, check againJun  4 14:51:04 (none) local0.notice cgminer[1183]: No 2 Fan find, check againJun  4 14:51:06 (none) local0.notice cgminer[1183]: No 2 Fan find, check againJun  4 14:51:07 (none) local0.notice cgminer[1183]: No 2 Fan find, check againJun  4 14:51:08 (none) local0.notice cgminer[1183]: No 2 Fan find, check againJun  4 14:51:10 (none) local0.notice cgminer[1183]: No 2 Fan find, check againJun  4 14:51:11 (none) local0.notice cgminer[1183]: No 2 Fan find, check againJun  4 14:51:12 (none) local0.notice cgminer[1183]: No 2 Fan find, check againJun  4 14:51:14 (none) local0.notice cgminer[1183]: No 2 Fan find, check againJun  4 14:51:15 (none) local0.notice cgminer[1183]: No 2 Fan find, check againJun  4 14:51:16 (none) local0.notice cgminer[1183]: No 2 Fan find, check againJun  4 14:51:17 (none) local0.notice cgminer[1183]: No 2 Fan find, check againJun  4 14:51:19 (none) local0.notice cgminer[1183]: No 2 Fan find, check againJun  4 14:51:20 (none) local0.notice cgminer[1183]: No 2 Fan find, check againJun  4 14:51:21 (none) local0.notice cgminer[1183]: No 2 Fan find, check againJun  4 14:51:23 (none) local0.notice cgminer[1183]: No 2 Fan find, check againJun  4 14:51:24 (none) local0.notice cgminer[1183]: No 2 Fan find, check againJun  4 14:51:25 (none) local0.notice cgminer[1183]: No 2 Fan find, check againJun  4 14:51:27 (none) local0.notice cgminer[1183]: No 2 Fan find, check againJun  4 14:51:28 (none) local0.notice cgminer[1183]: No 2 Fan find, check againJun  4 14:51:29 (none) local0.notice cgminer[1183]: No 2 Fan find, check againJun  4 14:51:30 (none) local0.notice cgminer[1183]: No 2 Fan find, check againJun  4 14:51:32 (none) local0.notice cgminer[1183]: No 2 Fan find, check againJun  4 14:51:33 (none) local0.notice cgminer[1183]: No 2 Fan find, check againJun  4 14:51:34 (none) local0.notice cgminer[1183]: No 2 Fan find, check againJun  4 14:51:36 (none) local0.notice cgminer[1183]: No 2 Fan find, check againJun  4 14:51:37 (none) local0.notice cgminer[1183]: No 2 Fan find, check againJun  4 14:51:38 (none) local0.notice cgminer[1183]: No 2 Fan find, check againJun  4 14:51:40 (none) local0.notice cgminer[1183]: No 2 Fan find, check againJun  4 14:51:41 (none) local0.notice cgminer[1183]: No 2 Fan find, check againJun  4 14:51:42 (none) local0.notice cgminer[1183]: No 2 Fan find, check againJun  4 14:51:43 (none) local0.notice cgminer[1183]: No 2 Fan find, check againJun  4 14:51:45 (none) local0.notice cgminer[1183]: No 2 Fan find, check againJun  4 14:51:46 (none) local0.notice cgminer[1183]: No 2 Fan find, check againJun  4 14:51:47 (none) local0.notice cgminer[1183]: No 2 Fan find, check againJun  4 14:51:49 (none) local0.notice cgminer[1183]: No 2 Fan find, check againJun  4 14:51:50 (none) local0.notice cgminer[1183]: No 2 Fan find, check againJun  4 14:51:51 (none) local0.notice cgminer[1183]: No 2 Fan find, check againJun  4 14:51:53 (none) local0.notice cgminer[1183]: No 2 Fan find, check againJun  4 14:51:54 (none) local0.notice cgminer[1183]: No 2 Fan find, check againJun  4 14:51:55 (none) local0.notice cgminer[1183]: No 2 Fan find, check againJun  4 14:51:56 (none) local0.notice cgminer[1183]: No 2 Fan find, check againJun  4 14:51:58 (none) local0.notice cgminer[1183]: No 2 Fan find, check againJun  4 14:51:59 (none) local0.notice cgminer[1183]: No 2 Fan find, check againJun  4 14:52:00 (none) local0.notice cgminer[1183]: No 2 Fan find, check againJun  4 14:52:02 (none) local0.notice cgminer[1183]: No 2 Fan find, check againJun  4 14:52:03 (none) local0.notice cgminer[1183]: No 2 Fan find, check againJun  4 14:52:04 (none) local0.notice cgminer[1183]: No 2 Fan find, check againJun  4 14:52:06 (none) local0.notice cgminer[1183]: No 2 Fan find, check againJun  4 14:52:07 (none) local0.notice cgminer[1183]: No 2 Fan find, check againJun  4 14:52:08 (none) local0.notice cgminer[1183]: No 2 Fan find, check againJun  4 14:52:09 (none) local0.notice cgminer[1183]: No 2 Fan find, check againJun  4 14:52:11 (none) local0.notice cgminer[1183]: No 2 Fan find, check againJun  4 14:52:12 (none) local0.notice cgminer[1183]: No 2 Fan find, check againJun  4 14:52:13 (none) local0.notice cgminer[1183]: No 2 Fan find, check againJun  4 14:52:15 (none) local0.notice cgminer[1183]: No 2 Fan find, check againJun  4 14:52:16 (none) local0.notice cgminer[1183]: No 2 Fan find, check againJun  4 14:52:17 (none) local0.notice cgminer[1183]: No 2 Fan find, check againJun  4 14:52:19 (none) local0.notice cgminer[1183]: No 2 Fan find, check againJun  4 14:52:20 (none) local0.notice cgminer[1183]: No 2 Fan find, check againJun  4 14:52:21 (none) local0.notice cgminer[1183]: No 2 Fan find, check againJun  4 14:52:22 (none) local0.notice cgminer[1183]: No 2 Fan find, check againJun  4 14:52:24 (none) local0.notice cgminer[1183]: No 2 Fan find, check againJun  4 14:52:25 (none) local0.notice cgminer[1183]: No 2 Fan find, check againJun  4 14:52:26 (none) local0.notice cgminer[1183]: No 2 Fan find, check againJun  4 14:52:28 (none) local0.notice cgminer[1183]: No 2 Fan find, check againJun  4 14:52:29 (none) local0.notice cgminer[1183]: No 2 Fan find, check againJun  4 14:52:30 (none) local0.notice cgminer[1183]: No 2 Fan find, check againJun  4 14:52:32 (none) local0.notice cgminer[1183]: No 2 Fan find, check againJun  4 14:52:33 (none) local0.notice cgminer[1183]: No 2 Fan find, check againJun  4 14:52:34 (none) local0.notice cgminer[1183]: No 2 Fan find, check againJun  4 14:52:35 (none) local0.notice cgminer[1183]: No 2 Fan find, check againJun  4 14:52:37 (none) local0.notice cgminer[1183]: No 2 Fan find, check againJun  4 14:52:38 (none) local0.notice cgminer[1183]: No 2 Fan find, check againJun  4 14:52:39 (none) local0.notice cgminer[1183]: No 2 Fan find, check againJun  4 14:52:41 (none) local0.notice cgminer[1183]: No 2 Fan find, check againJun  4 14:52:42 (none) local0.notice cgminer[1183]: No 2 Fan find, check againJun  4 14:52:43 (none) local0.notice cgminer[1183]: No 2 Fan find, check againJun  4 14:52:45 (none) local0.notice cgminer[1183]: No 2 Fan find, check againJun  4 14:52:46 (none) local0.notice cgminer[1183]: No 2 Fan find, check againJun  4 14:52:47 (none) local0.notice cgminer[1183]: No 2 Fan find, check againJun  4 14:52:48 (none) local0.notice cgminer[1183]: No 2 Fan find, check againJun  4 14:52:50 (none) local0.notice cgminer[1183]: No 2 Fan find, check againJun  4 14:52:51 (none) local0.notice cgminer[1183]: No 2 Fan find, check againJun  4 14:52:52 (none) local0.notice cgminer[1183]: No 2 Fan find, check againJun  4 14:52:54 (none) local0.notice cgminer[1183]: No 2 Fan find, check againJun  4 14:52:55 (none) local0.notice cgminer[1183]: No 2 Fan find, check againJun  4 14:52:56 (none) local0.notice cgminer[1183]: No 2 Fan find, check againJun  4 14:52:58 (none) local0.notice cgminer[1183]: No 2 Fan find, check againJun  4 14:52:59 (none) local0.notice cgminer[1183]: No 2 Fan find, check againJun  4 14:53:00 (none) local0.notice cgminer[1183]: No 2 Fan find, check againJun  4 14:53:01 (none) local0.notice cgminer[1183]: No 2 Fan find, check againJun  4 14:53:03 (none) local0.notice cgminer[1183]: No 2 Fan find, check againJun  4 14:53:04 (none) local0.notice cgminer[1183]: No 2 Fan find, check againJun  4 14:53:05 (none) local0.notice cgminer[1183]: No 2 Fan find, check againJun  4 14:53:07 (none) local0.notice cgminer[1183]: No 2 Fan find, check againJun  4 14:53:08 (none) local0.notice cgminer[1183]: No 2 Fan find, check againJun  4 14:53:09 (none) local0.notice cgminer[1183]: No 2 Fan find, check againJun  4 14:53:11 (none) local0.notice cgminer[1183]: No 2 Fan find, check againJun  4 14:53:12 (none) local0.notice cgminer[1183]: No 2 Fan find, check againJun  4 14:53:13 (none) local0.notice cgminer[1183]: No 2 Fan find, check againJun  4 14:53:14 (none) local0.notice cgminer[1183]: No 2 Fan find, check againJun  4 14:53:16 (none) local0.notice cgminer[1183]: No 2 Fan find, check againJun  4 14:53:17 (none) local0.notice cgminer[1183]: No 2 Fan find, check againJun  4 14:53:18 (none) local0.notice cgminer[1183]: No 2 Fan find, check againJun  4 14:53:20 (none) local0.notice cgminer[1183]: No 2 Fan find, check againJun  4 14:53:21 (none) local0.notice cgminer[1183]: No 2 Fan find, check againJun  4 14:53:22 (none) local0.notice cgminer[1183]: No 2 Fan find, check againJun  4 14:53:24 (none) local0.notice cgminer[1183]: No 2 Fan find, check againJun  4 14:53:25 (none) local0.notice cgminer[1183]: No 2 Fan find, check againJun  4 14:53:26 (none) local0.notice cgminer[1183]: No 2 Fan find, check againJun  4 14:53:27 (none) local0.notice cgminer[1183]: No 2 Fan find, check againJun  4 14:53:29 (none) local0.notice cgminer[1183]: No 2 Fan find, check againJun  4 14:53:30 (none) local0.notice cgminer[1183]: No 2 Fan find, check againJun  4 14:53:31 (none) local0.notice cgminer[1183]: No 2 Fan find, check againJun  4 14:53:33 (none) local0.notice cgminer[1183]: No 2 Fan find, check againJun  4 14:53:34 (none) local0.notice cgminer[1183]: No 2 Fan find, check againJun  4 14:53:35 (none) local0.notice cgminer[1183]: No 2 Fan find, check againJun  4 14:53:37 (none) local0.notice cgminer[1183]: No 2 Fan find, check againJun  4 14:53:38 (none) local0.notice cgminer[1183]: No 2 Fan find, check againJun  4 14:53:39 (none) local0.notice cgminer[1183]: No 2 Fan find, check againJun  4 14:53:40 (none) local0.notice cgminer[1183]: No 2 Fan find, check againJun  4 14:53:42 (none) local0.notice cgminer[1183]: No 2 Fan find, check againJun  4 14:53:43 (none) local0.notice cgminer[1183]: No 2 Fan find, check againJun  4 14:53:44 (none) local0.notice cgminer[1183]: No 2 Fan find, check againJun  4 14:53:46 (none) local0.notice cgminer[1183]: No 2 Fan find, check againJun  4 14:53:47 (none) local0.notice cgminer[1183]: No 2 Fan find, check againJun  4 14:53:48 (none) local0.notice cgminer[1183]: No 2 Fan find, check againJun  4 14:53:50 (none) local0.notice cgminer[1183]: No 2 Fan find, check againJun  4 14:53:51 (none) local0.notice cgminer[1183]: No 2 Fan find, check againJun  4 14:53:52 (none) local0.notice cgminer[1183]: No 2 Fan find, check againJun  4 14:53:53 (none) local0.notice cgminer[1183]: No 2 Fan find, check againJun  4 14:53:55 (none) local0.notice cgminer[1183]: No 2 Fan find, check againJun  4 14:53:56 (none) local0.notice cgminer[1183]: No 2 Fan find, check againJun  4 14:53:57 (none) local0.notice cgminer[1183]: No 2 Fan find, check againJun  4 14:53:59 (none) local0.notice cgminer[1183]: No 2 Fan find, check againJun  4 14:54:00 (none) local0.notice cgminer[1183]: No 2 Fan find, check againJun  4 14:54:01 (none) local0.notice cgminer[1183]: No 2 Fan find, check againJun  4 14:54:03 (none) local0.notice cgminer[1183]: No 2 Fan find, check againJun  4 14:54:04 (none) local0.notice cgminer[1183]: No 2 Fan find, check againJun  4 14:54:05 (none) local0.notice cgminer[1183]: No 2 Fan find, check againJun  4 14:54:07 (none) local0.notice cgminer[1183]: No 2 Fan find, check againJun  4 14:54:08 (none) local0.notice cgminer[1183]: No 2 Fan find, check againJun  4 14:54:09 (none) local0.notice cgminer[1183]: No 2 Fan find, check againJun  4 14:54:10 (none) local0.notice cgminer[1183]: No 2 Fan find, check againJun  4 14:54:12 (none) local0.notice cgminer[1183]: No 2 Fan find, check againJun  4 14:54:13 (none) local0.notice cgminer[1183]: No 2 Fan find, check againJun  4 14:54:14 (none) local0.notice cgminer[1183]: No 2 Fan find, check againJun  4 14:54:16 (none) local0.notice cgminer[1183]: No 2 Fan find, check againJun  4 14:54:17 (none) local0.notice cgminer[1183]: No 2 Fan find, check againJun  4 14:54:18 (none) local0.notice cgminer[1183]: No 2 Fan find, check againJun  4 14:54:20 (none) local0.notice cgminer[1183]: No 2 Fan find, check againJun  4 14:54:21 (none) local0.notice cgminer[1183]: No 2 Fan find, check againJun  4 14:54:22 (none) local0.notice cgminer[1183]: No 2 Fan find, check againJun  4 14:54:23 (none) local0.notice cgminer[1183]: No 2 Fan find, check againJun  4 14:54:25 (none) local0.notice cgminer[1183]: No 2 Fan find, check againJun  4 14:54:26 (none) local0.notice cgminer[1183]: No 2 Fan find, check againJun  4 14:54:27 (none) local0.notice cgminer[1183]: No 2 Fan find, check againJun  4 14:54:29 (none) local0.notice cgminer[1183]: No 2 Fan find, check againJun  4 14:54:30 (none) local0.notice cgminer[1183]: No 2 Fan find, check againJun  4 14:54:31 (none) local0.notice cgminer[1183]: No 2 Fan find, check againJun  4 14:54:33 (none) local0.notice cgminer[1183]: No 2 Fan find, check againJun  4 14:54:34 (none) local0.notice cgminer[1183]: No 2 Fan find, check againJun  4 14:54:35 (none) local0.notice cgminer[1183]: No 2 Fan find, check againJun  4 14:54:36 (none) local0.notice cgminer[1183]: No 2 Fan find, check againJun  4 14:54:38 (none) local0.notice cgminer[1183]: No 2 Fan find, check againJun  4 14:54:39 (none) local0.notice cgminer[1183]: No 2 Fan find, check againJun  4 14:54:40 (none) local0.notice cgminer[1183]: No 2 Fan find, check againJun  4 14:54:42 (none) local0.notice cgminer[1183]: No 2 Fan find, check againJun  4 14:54:43 (none) local0.notice cgminer[1183]: No 2 Fan find, check againJun  4 14:54:44 (none) local0.notice cgminer[1183]: No 2 Fan find, check againJun  4 14:54:46 (none) local0.notice cgminer[1183]: No 2 Fan find, check againJun  4 14:54:47 (none) local0.notice cgminer[1183]: No 2 Fan find, check againJun  4 14:54:48 (none) local0.notice cgminer[1183]: No 2 Fan find, check againJun  4 14:54:49 (none) local0.notice cgminer[1183]: No 2 Fan find, check againJun  4 14:54:51 (none) local0.notice cgminer[1183]: No 2 Fan find, check againJun  4 14:54:52 (none) local0.notice cgminer[1183]: No 2 Fan find, check againJun  4 14:54:53 (none) local0.notice cgminer[1183]: No 2 Fan find, check againJun  4 14:54:55 (none) local0.notice cgminer[1183]: No 2 Fan find, check againJun  4 14:54:56 (none) local0.notice cgminer[1183]: No 2 Fan find, check againJun  4 14:54:57 (none) local0.notice cgminer[1183]: No 2 Fan find, check againJun  4 14:54:59 (none) local0.notice cgminer[1183]: No 2 Fan find, check againJun  4 14:55:00 (none) local0.notice cgminer[1183]: No 2 Fan find, check againJun  4 14:55:01 (none) local0.notice cgminer[1183]: No 2 Fan find, check againJun  4 14:55:02 (none) local0.notice cgminer[1183]: No 2 Fan find, check againJun  4 14:55:04 (none) local0.notice cgminer[1183]: No 2 Fan find, check againJun  4 14:55:05 (none) local0.notice cgminer[1183]: No 2 Fan find, check againJun  4 14:55:06 (none) local0.notice cgminer[1183]: No 2 Fan find, check againJun  4 14:55:08 (none) local0.notice cgminer[1183]: No 2 Fan find, check againJun  4 14:55:09 (none) local0.notice cgminer[1183]: No 2 Fan find, check againJun  4 14:55:10 (none) local0.notice cgminer[1183]: No 2 Fan find, check againJun  4 14:55:12 (none) local0.notice cgminer[1183]: No 2 Fan find, check againJun  4 14:55:13 (none) local0.notice cgminer[1183]: No 2 Fan find, check againJun  4 14:55:14 (none) local0.notice cgminer[1183]: No 2 Fan find, check againJun  4 14:55:15 (none) local0.notice cgminer[1183]: No 2 Fan find, check againJun  4 14:55:17 (none) local0.notice cgminer[1183]: No 2 Fan find, check againJun  4 14:55:18 (none) local0.notice cgminer[1183]: No 2 Fan find, check againJun  4 14:55:19 (none) local0.notice cgminer[1183]: No 2 Fan find, check againJun  4 14:55:21 (none) local0.notice cgminer[1183]: No 2 Fan find, check againJun  4 14:55:22 (none) local0.notice cgminer[1183]: No 2 Fan find, check againJun  4 14:55:23 (none) local0.notice cgminer[1183]: No 2 Fan find, check againJun  4 14:55:25 (none) local0.notice cgminer[1183]: No 2 Fan find, check againJun  4 14:55:26 (none) local0.notice cgminer[1183]: No 2 Fan find, check againJun  4 14:55:27 (none) local0.notice cgminer[1183]: No 2 Fan find, check againJun  4 14:55:28 (none) local0.notice cgminer[1183]: No 2 Fan find, check againJun  4 14:55:30 (none) local0.notice cgminer[1183]: No 2 Fan find, check againJun  4 14:55:31 (none) local0.notice cgminer[1183]: No 2 Fan find, check againJun  4 14:55:32 (none) local0.notice cgminer[1183]: No 2 Fan find, check againJun  4 14:55:34 (none) local0.notice cgminer[1183]: No 2 Fan find, check againJun  4 14:55:35 (none) local0.notice cgminer[1183]: No 2 Fan find, check againJun  4 14:55:36 (none) local0.notice cgminer[1183]: No 2 Fan find, check againJun  4 14:55:38 (none) local0.notice cgminer[1183]: No 2 Fan find, check againJun  4 14:55:39 (none) local0.notice cgminer[1183]: No 2 Fan find, check againJun  4 14:55:40 (none) local0.notice cgminer[1183]: No 2 Fan find, check againJun  4 14:55:41 (none) local0.notice cgminer[1183]: No 2 Fan find, check againJun  4 14:55:43 (none) local0.notice cgminer[1183]: No 2 Fan find, check againJun  4 14:55:44 (none) local0.notice cgminer[1183]: No 2 Fan find, check againJun  4 14:55:45 (none) local0.notice cgminer[1183]: No 2 Fan find, check againJun  4 14:55:47 (none) local0.notice cgminer[1183]: No 2 Fan find, check againJun  4 14:55:48 (none) local0.notice cgminer[1183]: No 2 Fan find, check againJun  4 14:55:49 (none) local0.notice cgminer[1183]: No 2 Fan find, check againJun  4 14:55:51 (none) local0.notice cgminer[1183]: No 2 Fan find, check againJun  4 14:55:52 (none) local0.notice cgminer[1183]: No 2 Fan find, check againJun  4 14:55:53 (none) local0.notice cgminer[1183]: No 2 Fan find, check againJun  4 14:55:54 (none) local0.notice cgminer[1183]: No 2 Fan find, check againJun  4 14:55:56 (none) local0.notice cgminer[1183]: No 2 Fan find, check againJun  4 14:55:57 (none) local0.notice cgminer[1183]: No 2 Fan find, check againJun  4 14:55:58 (none) local0.notice cgminer[1183]: No 2 Fan find, check againJun  4 14:56:00 (none) local0.notice cgminer[1183]: No 2 Fan find, check againJun  4 14:56:01 (none) local0.notice cgminer[1183]: No 2 Fan find, check againJun  4 14:56:02 (none) local0.notice cgminer[1183]: No 2 Fan find, check againJun  4 14:56:04 (none) local0.notice cgminer[1183]: No 2 Fan find, check againJun  4 14:56:05 (none) local0.notice cgminer[1183]: No 2 Fan find, check againJun  4 14:56:06 (none) local0.notice cgminer[1183]: No 2 Fan find, check againJun  4 14:56:07 (none) local0.notice cgminer[1183]: No 2 Fan find, check againJun  4 14:56:09 (none) local0.notice cgminer[1183]: No 2 Fan find, check againJun  4 14:56:10 (none) local0.notice cgminer[1183]: No 2 Fan find, check againJun  4 14:56:11 (none) local0.notice cgminer[1183]: No 2 Fan find, check againJun  4 14:56:13 (none) local0.notice cgminer[1183]: No 2 Fan find, check againJun  4 14:56:14 (none) local0.notice cgminer[1183]: No 2 Fan find, check againJun  4 14:56:15 (none) local0.notice cgminer[1183]: No 2 Fan find, check againJun  4 14:56:17 (none) local0.notice cgminer[1183]: No 2 Fan find, check againJun  4 14:56:18 (none) local0.notice cgminer[1183]: No 2 Fan find, check againJun  4 14:56:19 (none) local0.notice cgminer[1183]: No 2 Fan find, check againJun  4 14:56:20 (none) local0.notice cgminer[1183]: No 2 Fan find, check againJun  4 14:56:22 (none) local0.notice cgminer[1183]: No 2 Fan find, check againJun  4 14:56:23 (none) local0.notice cgminer[1183]: No 2 Fan find, check againJun  4 14:56:24 (none) local0.notice cgminer[1183]: No 2 Fan find, check againJun  4 14:56:26 (none) local0.notice cgminer[1183]: No 2 Fan find, check againJun  4 14:56:27 (none) local0.notice cgminer[1183]: No 2 Fan find, check againJun  4 14:56:28 (none) local0.notice cgminer[1183]: No 2 Fan find, check againJun  4 14:56:30 (none) local0.notice cgminer[1183]: No 2 Fan find, check againJun  4 14:56:31 (none) local0.notice cgminer[1183]: No 2 Fan find, check againJun  4 14:56:32 (none) local0.notice cgminer[1183]: No 2 Fan find, check againJun  4 14:56:33 (none) local0.notice cgminer[1183]: No 2 Fan find, check againJun  4 14:56:35 (none) local0.notice cgminer[1183]: No 2 Fan find, check againJun  4 14:56:36 (none) local0.notice cgminer[1183]: No 2 Fan find, check againJun  4 14:56:37 (none) local0.notice cgminer[1183]: No 2 Fan find, check againJun  4 14:56:39 (none) local0.notice cgminer[1183]: No 2 Fan find, check againJun  4 14:56:40 (none) local0.notice cgminer[1183]: No 2 Fan find, check againJun  4 14:56:41 (none) local0.notice cgminer[1183]: No 2 Fan find, check againJun  4 14:56:43 (none) local0.notice cgminer[1183]: No 2 Fan find, check againJun  4 14:56:44 (none) local0.notice cgminer[1183]: No 2 Fan find, check againJun  4 14:56:45 (none) local0.notice cgminer[1183]: No 2 Fan find, check againJun  4 14:56:46 (none) local0.notice cgminer[1183]: No 2 Fan find, check againJun  4 14:56:48 (none) local0.notice cgminer[1183]: No 2 Fan find, check againJun  4 14:56:49 (none) local0.notice cgminer[1183]: No 2 Fan find, check againJun  4 14:56:50 (none) local0.notice cgminer[1183]: No 2 Fan find, check againJun  4 14:56:52 (none) local0.notice cgminer[1183]: No 2 Fan find, check againJun  4 14:56:53 (none) local0.notice cgminer[1183]: No 2 Fan find, check againJun  4 14:56:54 (none) local0.notice cgminer[1183]: No 2 Fan find, check againJun  4 14:56:56 (none) local0.notice cgminer[1183]: No 2 Fan find, check againJun  4 14:56:57 (none) local0.notice cgminer[1183]: No 2 Fan find, check againJun  4 14:56:58 (none) local0.notice cgminer[1183]: No 2 Fan find, check againJun  4 14:56:59 (none) local0.notice cgminer[1183]: No 2 Fan find, check againJun  4 14:57:01 (none) local0.notice cgminer[1183]: No 2 Fan find, check againJun  4 14:57:02 (none) local0.notice cgminer[1183]: No 2 Fan find, check againJun  4 14:57:03 (none) local0.notice cgminer[1183]: No 2 Fan find, check againJun  4 14:57:05 (none) local0.notice cgminer[1183]: No 2 Fan find, check againJun  4 14:57:06 (none) local0.notice cgminer[1183]: No 2 Fan find, check againJun  4 14:57:07 (none) local0.notice cgminer[1183]: No 2 Fan find, check againJun  4 14:57:09 (none) local0.notice cgminer[1183]: No 2 Fan find, check againJun  4 14:57:10 (none) local0.notice cgminer[1183]: No 2 Fan find, check againJun  4 14:57:11 (none) local0.notice cgminer[1183]: No 2 Fan find, check againJun  4 14:57:12 (none) local0.notice cgminer[1183]: No 2 Fan find, check againJun  4 14:57:14 (none) local0.notice cgminer[1183]: No 2 Fan find, check againJun  4 14:57:15 (none) local0.notice cgminer[1183]: No 2 Fan find, check againJun  4 14:57:16 (none) local0.notice cgminer[1183]: No 2 Fan find, check againJun  4 14:57:18 (none) local0.notice cgminer[1183]: No 2 Fan find, check againJun  4 14:57:19 (none) local0.notice cgminer[1183]: No 2 Fan find, check againJun  4 14:57:20 (none) local0.notice cgminer[1183]: No 2 Fan find, check againJun  4 14:57:22 (none) local0.notice cgminer[1183]: No 2 Fan find, check againJun  4 14:57:23 (none) local0.notice cgminer[1183]: No 2 Fan find, check againJun  4 14:57:24 (none) local0.notice cgminer[1183]: No 2 Fan find, check againJun  4 14:57:25 (none) local0.notice cgminer[1183]: No 2 Fan find, check againJun  4 14:57:27 (none) local0.notice cgminer[1183]: No 2 Fan find, check againJun  4 14:57:28 (none) local0.notice cgminer[1183]: No 2 Fan find, check againJun  4 14:57:29 (none) local0.notice cgminer[1183]: No 2 Fan find, check againJun  4 14:57:31 (none) local0.notice cgminer[1183]: No 2 Fan find, check againJun  4 14:57:32 (none) local0.notice cgminer[1183]: No 2 Fan find, check againJun  4 14:57:33 (none) local0.notice cgminer[1183]: No 2 Fan find, check againJun  4 14:57:35 (none) local0.notice cgminer[1183]: No 2 Fan find, check againJun  4 14:57:36 (none) local0.notice cgminer[1183]: No 2 Fan find, check againJun  4 14:57:37 (none) local0.notice cgminer[1183]: No 2 Fan find, check againJun  4 14:57:39 (none) local0.notice cgminer[1183]: No 2 Fan find, check againJun  4 14:57:40 (none) local0.notice cgminer[1183]: No 2 Fan find, check againJun  4 14:57:41 (none) local0.notice cgminer[1183]: No 2 Fan find, check againJun  4 14:57:42 (none) local0.notice cgminer[1183]: No 2 Fan find, check againJun  4 14:57:44 (none) local0.notice cgminer[1183]: No 2 Fan find, check againJun  4 14:57:45 (none) local0.notice cgminer[1183]: No 2 Fan find, check againJun  4 14:57:46 (none) local0.notice cgminer[1183]: No 2 Fan find, check againJun  4 14:57:48 (none) local0.notice cgminer[1183]: No 2 Fan find, check againJun  4 14:57:49 (none) local0.notice cgminer[1183]: No 2 Fan find, check againJun  4 14:57:50 (none) local0.notice cgminer[1183]: No 2 Fan find, check againJun  4 14:57:52 (none) local0.notice cgminer[1183]: No 2 Fan find, check againJun  4 14:57:53 (none) local0.notice cgminer[1183]: No 2 Fan find, check againJun  4 14:57:54 (none) local0.notice cgminer[1183]: No 2 Fan find, check againJun  4 14:57:55 (none) local0.notice cgminer[1183]: No 2 Fan find, check againJun  4 14:57:57 (none) local0.notice cgminer[1183]: No 2 Fan find, check againJun  4 14:57:58 (none) local0.notice cgminer[1183]: No 2 Fan find, check againJun  4 14:57:59 (none) local0.notice cgminer[1183]: No 2 Fan find, check againJun  4 14:58:01 (none) local0.notice cgminer[1183]: No 2 Fan find, check againJun  4 14:58:02 (none) local0.notice cgminer[1183]: No 2 Fan find, check againJun  4 14:58:03 (none) local0.notice cgminer[1183]: No 2 Fan find, check againJun  4 14:58:05 (none) local0.notice cgminer[1183]: No 2 Fan find, check againJun  4 14:58:06 (none) local0.notice cgminer[1183]: No 2 Fan find, check againJun  4 14:58:07 (none) local0.notice cgminer[1183]: No 2 Fan find, check againJun  4 14:58:08 (none) local0.notice cgminer[1183]: No 2 Fan find, check againJun  4 14:58:10 (none) local0.notice cgminer[1183]: No 2 Fan find, check againJun  4 14:58:11 (none) local0.notice cgminer[1183]: No 2 Fan find, check againJun  4 14:58:12 (none) local0.notice cgminer[1183]: No 2 Fan find, check againJun  4 14:58:14 (none) local0.notice cgminer[1183]: No 2 Fan find, check againJun  4 14:58:15 (none) local0.notice cgminer[1183]: No 2 Fan find, check againJun  4 14:58:16 (none) local0.notice cgminer[1183]: No 2 Fan find, check againJun  4 14:58:18 (none) local0.notice cgminer[1183]: No 2 Fan find, check againJun  4 14:58:19 (none) local0.notice cgminer[1183]: No 2 Fan find, check againJun  4 14:58:20 (none) local0.notice cgminer[1183]: No 2 Fan find, check againJun  4 14:58:21 (none) local0.notice cgminer[1183]: No 2 Fan find, check againJun  4 14:58:23 (none) local0.notice cgminer[1183]: No 2 Fan find, check againJun  4 14:58:24 (none) local0.notice cgminer[1183]: No 2 Fan find, check againJun  4 14:58:25 (none) local0.notice cgminer[1183]: No 2 Fan find, check againJun  4 14:58:27 (none) local0.notice cgminer[1183]: No 2 Fan find, check againJun  4 14:58:28 (none) local0.notice cgminer[1183]: No 2 Fan find, check againJun  4 14:58:29 (none) local0.notice cgminer[1183]: No 2 Fan find, check again",
  "score": 0,
  "upvotes": 0,
  "downvotes": 0,
  "url": "https://bitcointalk.org/index.php?topic=5455060",
  "comments": [
    {
      "author": "philipma1957",
      "created_time": "June 04, 2023, 03:35:12 PM",
