{
  "id": "topic_5436923",
  "title": "mustiko",
  "author": "mustiko",
  "created_time": "January 26, 2023, 07:14:53 PMLast edit: January 26, 2023, 07:32:16 PM by mustiko",
  "content": "hello, I have 2 t17+ devices, it was working correctly for many years, but 2 weeks ago I got 0 asic found error, I solved this problem by cleaning my device (with cologne). but today I started getting the same error again, same error on my 2 devices. I cleaned it with cologne again today, but it didn't work, I used cellulosic thinner, it still didn't work, I tried a firmware update and it didn't work. I installed hive os and tried it and it didn't work. and there were some problems on my device where I installed hive os. When I click on the system icon, the hiveos screen comes up, but when I click on miner status, the original bitmain screen comes up. How can I solve these problems, thanks.tried hiveos device1Code:Booting Linux on physical CPU 0x0Linux version 4.6.0-xilinx-gff8137b-dirty (lzq@armdev2) (gcc version 4.8.3 20140320 (prerelease) (Sourcery CodeBench Lite 2014.05-23) ) #25 SMP PREEMPT Fri
Nov 23 15:30:52 CST 2018CPU: ARMv7 Processor [413fc090] revision 0 (ARMv7), cr=18c5387dCPU: PIPT / VIPT nonaliasing data cache, VIPT aliasing instruction cacheMachine model: Xilinx Zynqcma: Reserved 16 MiB at 0x0e000000Memory policy: Data cache writeallocOn node 0 totalpages: 61440free_area_init_node: node 0, pgdat c0b39280, node_mem_map cde10000  Normal zone: 480 pages used for memmap  Normal zone: 0 pages reserved  Normal zone: 61440 pages, LIFO batch:15percpu: Embedded 12 pages/cpu @cddf1000 s19776 r8192 d21184 u49152pcpu-alloc: s19776 r8192 d21184 u49152 alloc=12*4096pcpu-alloc: [0] 0 [0] 1 Built 1 zonelists in Zone order, mobility grouping on.  Total pages: 60960Kernel command line: mem=240M console=ttyPS0,115200 ramdisk_size=33554432 root=/dev/ram rw earlyprintkPID hash table entries: 1024 (order: 0, 4096 bytes)Dentry cache hash table entries: 32768 (order: 5, 131072 bytes)Inode-cache hash table entries: 16384 (order: 4, 65536 bytes)Memory: 203416K/245760K available (6345K kernel code, 231K rwdata, 1896K rodata, 1024K init, 223K bss, 25960K reserved, 16384K cma-reserved, 0K highmem)Virtual kernel memory layout:    vector  : 0xffff0000 - 0xffff1000   (   4 kB)    fixmap  : 0xffc00000 - 0xfff00000   (3072 kB)    vmalloc : 0xcf800000 - 0xff800000   ( 768 MB)    lowmem  : 0xc0000000 - 0xcf000000   ( 240 MB)    pkmap   : 0xbfe00000 - 0xc0000000   (   2 MB)    modules : 0xbf000000 - 0xbfe00000   (  14 MB)      .text : 0xc0008000 - 0xc090c424   (9234 kB)      .init : 0xc0a00000 - 0xc0b00000   (1024 kB)      .data : 0xc0b00000 - 0xc0b39fe0   ( 232 kB)       .bss : 0xc0b39fe0 - 0xc0b71c28   ( 224 kB)Preemptible hierarchical RCU implementation. Build-time adjustment of leaf fanout to 32. RCU restricting CPUs from NR_CPUS=4 to nr_cpu_ids=2.RCU: Adjusting geometry for rcu_fanout_leaf=32, nr_cpu_ids=2NR_IRQS:16 nr_irqs:16 16efuse mapped to cf800000ps7-slcr mapped to cf802000L2C: platform modifies aux control register: 0x72360000 -> 0x72760000L2C: DT/platform modifies aux control register: 0x72360000 -> 0x72760000L2C-310 erratum 769419 enabledL2C-310 enabling early BRESP for Cortex-A9L2C-310 full line of zeros enabled for Cortex-A9L2C-310 ID prefetch enabled, offset 1 linesL2C-310 dynamic clock gating enabled, standby mode enabledL2C-310 cache controller enabled, 8 ways, 512 kBL2C-310: CACHE_ID 0x410000c8, AUX_CTRL 0x76760001zynq_clock_init: clkc starts at cf802100Zynq clock initsched_clock: 64 bits at 333MHz, resolution 3ns, wraps every 4398046511103nsclocksource: arm_global_timer: mask: 0xffffffffffffffff max_cycles: 0x4ce07af025, max_idle_ns: 440795209040 nsSwitching to timer-based delay loop, resolution 3nsclocksource: ttc_clocksource: mask: 0xffff max_cycles: 0xffff, max_idle_ns: 537538477 nsps7-ttc #0 at cf80a000, irq=18Console: colour dummy device 80x30Calibrating delay loop (skipped), value calculated using timer frequency.. 666.66 BogoMIPS (lpj=3333333)pid_max: default: 32768 minimum: 301Mount-cache hash table entries: 1024 (order: 0, 4096 bytes)Mountpoint-cache hash table entries: 1024 (order: 0, 4096 bytes)CPU: Testing write buffer coherency: okCPU0: thread -1, cpu 0, socket 0, mpidr 80000000Setting up static identity map for 0x100000 - 0x100058CPU1: failed to boot: -1Brought up 1 CPUsSMP: Total of 1 processors activated (666.66 BogoMIPS).CPU: All CPU(s) started in SVC mode.devtmpfs: initializedVFP support v0.3: implementor 41 architecture 3 part 30 variant 9 rev 4clocksource: jiffies: mask: 0xffffffff max_cycles: 0xffffffff, max_idle_ns: 19112604462750000 nspinctrl core: initialized pinctrl subsystemNET: Registered protocol family 16DMA: preallocated 256 KiB pool for atomic coherent allocationscpuidle: using governor menuhw-breakpoint: found 5 (+1 reserved) breakpoint and 1 watchpoint registers.hw-breakpoint: maximum watchpoint size is 4 bytes.zynq-ocm f800c000.ps7-ocmc: ZYNQ OCM pool: 256 KiB @ 0xcf880000vgaarb: loadedSCSI subsystem initializedusbcore: registered new interface driver usbfsusbcore: registered new interface driver hubusbcore: registered new device driver usbmedia: Linux media interface: v0.10Linux video capture interface: v2.00pps_core: LinuxPPS API ver. 1 registeredpps_core: Software ver. 5.3.6 - Copyright 2005-2007 Rodolfo Giometti <giometti@linux.it>PTP clock support registeredEDAC MC: Ver: 3.0.0Advanced Linux Sound Architecture Driver Initialized.clocksource: Switched to clocksource arm_global_timerNET: Registered protocol family 2TCP established hash table entries: 2048 (order: 1, 8192 bytes)TCP bind hash table entries: 2048 (order: 2, 16384 bytes)TCP: Hash tables configured (established 2048 bind 2048)UDP hash table entries: 256 (order: 1, 8192 bytes)UDP-Lite hash table entries: 256 (order: 1, 8192 bytes)NET: Registered protocol family 1RPC: Registered named UNIX socket transport module.RPC: Registered udp transport module.RPC: Registered tcp transport module.RPC: Registered tcp NFSv4.1 backchannel transport module.PCI: CLS 0 bytes, default 64Trying to unpack rootfs image as initramfs...rootfs image is not initramfs (no cpio magic); looks like an initrdFreeing initrd memory: 12920K (cce62000 - cdb00000)hw perfevents: enabled with armv7_cortex_a9 PMU driver, 7 counters availablefutex hash table entries: 512 (order: 3, 32768 bytes)workingset: timestamp_bits=28 max_order=16 bucket_order=0jffs2: version 2.2. (NAND) (SUMMARY)  © 2001-2006 Red Hat, Inc.io scheduler noop registeredio scheduler deadline registeredio scheduler cfq registered (default)dma-pl330 f8003000.ps7-dma: Loaded driver for PL330 DMAC-241330dma-pl330 f8003000.ps7-dma:  DBUFF-128x8bytes Num_Chans-8 Num_Peri-4 Num_Events-16e0000000.serial: ttyPS0 at MMIO 0xe0000000 (irq = 158, base_baud = 6249999) is a xuartpsconsole [ttyPS0] enabledxdevcfg f8007000.ps7-dev-cfg: ioremap 0xf8007000 to cf86e000[drm] Initialized drm 1.1.0 20060810brd: module loadedloop: module loadedCAN device driver interfacegpiod_set_value: invalid GPIOlibphy: MACB_mii_bus: probedmacb e000b000.ethernet eth0: Cadence GEM rev 0x00020118 at 0xe000b000 irq 31 (00:0a:35:00:00:00)Generic PHY e000b000.etherne:00: attached PHY driver [Generic PHY] (mii_bus:phy_addr=e000b000.etherne:00, irq=-1)e1000e: Intel(R) PRO/1000 Network Driver - 3.2.6-ke1000e: Copyright(c) 1999 - 2015 Intel Corporation.ehci_hcd: USB 2.0 'Enhanced' Host Controller (EHCI) Driverehci-pci: EHCI PCI platform driverusbcore: registered new interface driver usb-storagemousedev: PS/2 mouse device common for all micei2c /dev entries driverXilinx Zynq CpuIdle Driver startedsdhci: Secure Digital Host Controller Interface driversdhci: Copyright(c) Pierre Ossmansdhci-pltfm: SDHCI platform and OF driver helpermmc0: SDHCI controller on e0100000.ps7-sdio [e0100000.ps7-sdio] using ADMAledtrig-cpu: registered to indicate activity on CPUsusbcore: registered new interface driver usbhidusbhid: USB HID core drivernand: device found, Manufacturer ID: 0x2c, Chip ID: 0xdanand: Micron MT29F2G08ABAEAWPnand: 256 MiB, SLC, erase size: 128 KiB, page size: 2048, OOB size: 64nand: WARNING: pl35x-nand: the ECC used on your system is too weak compared to the one required by the NAND chipBad block table found at page 131008, version 0x01Bad block table found at page 130944, version 0x01nand_read_bbt: bad block at 0x000002420000nand_read_bbt: bad block at 0x000002440000nand_read_bbt: bad block at 0x0000024600006 ofpart partitions found on MTD device pl35x-nandCreating 6 MTD partitions on \"pl35x-nand\":0x000000000000-0x000002800000 : \"BOOT.bin-env-dts-kernel\"0x000002800000-0x000004800000 : \"ramfs\"0x000004800000-0x000005000000 : \"configs\"0x000005000000-0x000006000000 : \"reserve\"0x000006000000-0x000008000000 : \"ramfs-bak\"0x000008000000-0x000010000000 : \"reserve1\"NET: Registered protocol family 10sit: IPv6 over IPv4 tunneling driverNET: Registered protocol family 17can: controller area network core (rev 20120528 abi 9)NET: Registered protocol family 29can: raw protocol (rev 20120528)can: broadcast manager protocol (rev 20120528 t)can: netlink gateway (rev 20130117) max_hops=1zynq_pm_ioremap: no compatible node found for 'xlnx,zynq-ddrc-a05'zynq_pm_late_init: Unable to map DDRC IO memory.Registering SWP/SWPB emulation handlerhctosys: unable to open rtc device (rtc0)ALSA device list:  No soundcards found.RAMDISK: gzip image found at block 0EXT4-fs (ram0): couldn't mount as ext3 due to feature incompatibilitiesEXT4-fs (ram0): mounted filesystem without journal. Opts: (null)VFS: Mounted root (ext4 filesystem) on device 1:0.devtmpfs: mountedFreeing unused kernel memory: 1024K (c0a00000 - c0b00000)EXT4-fs (ram0): re-mounted. Opts: block_validity,delalloc,barrier,user_xattrrandom: dd urandom read with 0 bits of entropy availableubi0: attaching mtd2ubi0: scanning is finishedubi0: attached mtd2 (name \"configs\", size 8 MiB)ubi0: PEB size: 131072 bytes (128 KiB), LEB size: 126976 bytesubi0: min./max. I/O unit sizes: 2048/2048, sub-page size 2048ubi0: VID header offset: 2048 (aligned 2048), data offset: 4096ubi0: good PEBs: 64, bad PEBs: 0, corrupted PEBs: 0ubi0: user volume: 1, internal volumes: 1, max. volumes count: 128ubi0: max/mean erase counter: 50/22, WL threshold: 4096, image sequence number: 4094950973ubi0: available PEBs: 0, total reserved PEBs: 64, PEBs reserved for bad PEB handling: 40ubi0: background thread \"ubi_bgt0d\" started, PID 708UBIFS (ubi0:0): background thread \"ubifs_bgt0_0\" started, PID 711UBIFS (ubi0:0): recovery neededUBIFS (ubi0:0): recovery completedUBIFS (ubi0:0): UBIFS: mounted UBI device 0, volume 0, name \"configs\"UBIFS (ubi0:0): LEB size: 126976 bytes (124 KiB), min./max. I/O unit sizes: 2048 bytes/2048 bytesUBIFS (ubi0:0): FS size: 1396736 bytes (1 MiB, 11 LEBs), journal size 888833 bytes (0 MiB, 5 LEBs)UBIFS (ubi0:0): reserved for root: 65970 bytes (64 KiB)UBIFS (ubi0:0): media format: w4/r0 (latest is w4/r0), UUID AB4DF95D-52A4-419D-B203-FC91BE96E568, small LPT modelubi1: attaching mtd5ubi1: scanning is finishedubi1: attached mtd5 (name \"reserve1\", size 128 MiB)ubi1: PEB size: 131072 bytes (128 KiB), LEB size: 126976 bytesubi1: min./max. I/O unit sizes: 2048/2048, sub-page size 2048ubi1: VID header offset: 2048 (aligned 2048), data offset: 4096ubi1: good PEBs: 1020, bad PEBs: 4, corrupted PEBs: 0ubi1: user volume: 1, internal volumes: 1, max. volumes count: 128ubi1: max/mean erase counter: 1696/411, WL threshold: 4096, image sequence number: 897013664ubi1: available PEBs: 0, total reserved PEBs: 1020, PEBs reserved for bad PEB handling: 36ubi1: background thread \"ubi_bgt1d\" started, PID 720UBIFS (ubi1:0): background thread \"ubifs_bgt1_0\" started, PID 723UBIFS (ubi1:0): recovery neededUBIFS (ubi1:0): recovery completedUBIFS (ubi1:0): UBIFS: mounted UBI device 1, volume 0, name \"reserve1\"UBIFS (ubi1:0): LEB size: 126976 bytes (124 KiB), min./max. I/O unit sizes: 2048 bytes/2048 bytesUBIFS (ubi1:0): FS size: 123039744 bytes (117 MiB, 969 LEBs), journal size 6221824 bytes (5 MiB, 49 LEBs)UBIFS (ubi1:0): reserved for root: 4952683 bytes (4836 KiB)UBIFS (ubi1:0): media format: w4/r0 (latest is w4/r0), UUID 677AE791-6FAE-4607-ADCA-D4F602F30476, small LPT modelIPv6: ADDRCONF(NETDEV_UP): eth0: link is not readyIPv6: ADDRCONF(NETDEV_UP): eth0: link is not readymacb e000b000.ethernet eth0: unable to generate target frequency: 25000000 Hzmacb e000b000.ethernet eth0: link up (100/Full)IPv6: ADDRCONF(NETDEV_CHANGE): eth0: link becomes readyIn axi fpga driver!request_mem_region OK!AXI fpga dev virtual address is 0xcfb38000*base_vir_addr = 0xb023In fpga mem driver!request_mem_region OK!fpga mem virtual address is 0xd2000000random: nonblocking pool is initialized2023-01-26 18:43:34 driver-btm-api.c:762:init_freq_mode: This is scan-user version2023-01-26 18:43:34 driver-btm-api.c:2553:bitmain_soc_init: opt_multi_version     = 12023-01-26 18:43:34 driver-btm-api.c:2554:bitmain_soc_init: opt_bitmain_ab        = 12023-01-26 18:43:34 driver-btm-api.c:2555:bitmain_soc_init: opt_bitmain_work_mode = 02023-01-26 18:43:34 driver-btm-api.c:2556:bitmain_soc_init: Miner compile time: Tue Jun  2 10:11:10 CST 2020 type: Antminer T17+2023-01-26 18:43:34 driver-btm-api.c:2557:bitmain_soc_init: commit version: 9e9a5bf 2020-06-01 18:48:14, build by: lol 2020-06-02 10:21:502023-01-26 18:43:34 driver-btm-api.c:2180:show_sn: 80404d0c2b10481c�\u001a72023-01-26 18:43:34 driver-btm-api.c:2237:handle_sn_for_factory_mode: read sn success, 80404d0c2b10481c�\u001a72023-01-26 18:43:34 fan.c:263:front_fan_power_on: Note: front fan is power on!2023-01-26 18:43:34 fan.c:273:rear_fan_power_on: Note: rear fan is power on!2023-01-26 18:43:34 driver-btm-api.c:1357:miner_device_init: Detect 256MB control board of XILINX2023-01-26 18:43:34 driver-btm-api.c:1298:init_fan_parameter: fan_eft : 0  fan_pwm : 02023-01-26 18:43:40 driver-btm-api.c:1281:init_miner_version: miner ID : 80404d0c2b10481c2023-01-26 18:43:40 driver-btm-api.c:1287:init_miner_version: FPGA Version = 0xB0232023-01-26 18:43:45 driver-btm-api.c:814:get_product_id: product_id[0] = 02023-01-26 18:43:45 driver-btm-api.c:814:get_product_id: product_id[1] = 02023-01-26 18:43:45 driver-btm-api.c:814:get_product_id: product_id[2] = 02023-01-26 18:43:45 driver-btm-api.c:845:get_chip_version: chip_version[0] = 12023-01-26 18:43:45 driver-btm-api.c:845:get_chip_version: chip_version[1] = 12023-01-26 18:43:45 driver-btm-api.c:845:get_chip_version: chip_version[2] = 12023-01-26 18:43:45 driver-btm-api.c:2293:update_conf_by_power_feedback: Power feedback is disabled2023-01-26 18:43:45 driver-btm-api.c:2297:update_conf_by_power_feedback: get_calibration_voltage, vol:1830.2023-01-26 18:43:45 frequency.c:1389:adjust_higer_max_vol_table: adjust_higer_max_vol_table, ideal_hashrate = 62694, index = 4, adjust_vol = 02023-01-26 18:43:45 thread.c:1462:create_read_nonce_reg_thread: create thread2023-01-26 18:43:51 driver-btm-api.c:1281:init_miner_version: miner ID : 80404d0c2b10481c2023-01-26 18:43:51 driver-btm-api.c:1287:init_miner_version: FPGA Version = 0xB0232023-01-26 18:43:57 driver-btm-api.c:814:get_product_id: product_id[0] = 02023-01-26 18:43:57 driver-btm-api.c:814:get_product_id: product_id[1] = 02023-01-26 18:43:57 driver-btm-api.c:814:get_product_id: product_id[2] = 02023-01-26 18:43:57 driver-btm-api.c:845:get_chip_version: chip_version[0] = 12023-01-26 18:43:57 driver-btm-api.c:845:get_chip_version: chip_version[1] = 12023-01-26 18:43:57 driver-btm-api.c:845:get_chip_version: chip_version[2] = 12023-01-26 18:43:57 driver-btm-api.c:1944:get_ccdly_opt: ccdly_opt[0] = 02023-01-26 18:43:57 driver-btm-api.c:1944:get_ccdly_opt: ccdly_opt[1] = 02023-01-26 18:43:57 driver-btm-api.c:1944:get_ccdly_opt: ccdly_opt[2] = 02023-01-26 18:43:57 driver-btm-api.c:2439:bitmain_board_init: g_ccdly_opt = 02023-01-26 18:43:57 driver-btm-api.c:775:_set_project_type: project:0, set to T17Plus always2023-01-26 18:43:57 driver-btm-api.c:790:_set_project_type: Project type: Antminer T17+2023-01-26 18:43:57 driver-btm-api.c:801:dump_pcb_bom_version: Chain [0] PCB Version: 0x01002023-01-26 18:43:57 driver-btm-api.c:802:dump_pcb_bom_version: Chain [0] BOM Version: 0x01002023-01-26 18:43:57 driver-btm-api.c:801:dump_pcb_bom_version: Chain [1] PCB Version: 0x01002023-01-26 18:43:57 driver-btm-api.c:802:dump_pcb_bom_version: Chain [1] BOM Version: 0x01002023-01-26 18:43:57 driver-btm-api.c:801:dump_pcb_bom_version: Chain [2] PCB Version: 0x01002023-01-26 18:43:57 driver-btm-api.c:802:dump_pcb_bom_version: Chain [2] BOM Version: 0x01002023-01-26 18:43:58 driver-btm-api.c:2461:bitmain_board_init: Fan check passed.2023-01-26 18:43:59 board.c:36:jump_and_app_check_restore_pic: chain[0] PIC jump to app2023-01-26 18:44:01 board.c:40:jump_and_app_check_restore_pic: Check chain[0] PIC fw version=0x882023-01-26 18:44:02 board.c:36:jump_and_app_check_restore_pic: chain[1] PIC jump to app2023-01-26 18:44:04 board.c:40:jump_and_app_check_restore_pic: Check chain[1] PIC fw version=0x882023-01-26 18:44:05 board.c:36:jump_and_app_check_restore_pic: chain[2] PIC jump to app2023-01-26 18:44:07 board.c:40:jump_and_app_check_restore_pic: Check chain[2] PIC fw version=0x882023-01-26 18:44:07 thread.c:1457:create_pic_heart_beat_thread: create thread2023-01-26 18:44:09 power_api.c:231:power_init: power type version: 0x00422023-01-26 18:44:09 power_api.c:249:power_init: Power init:2023-01-26 18:44:09 power_api.c:250:power_init: current_voltage_raw = 02023-01-26 18:44:09 power_api.c:251:power_init: highest_voltage_raw = 19502023-01-26 18:44:09 power_api.c:252:power_init: working_voltage_raw = 19002023-01-26 18:44:09 power_api.c:253:power_init: higher_voltage_raw  = 19302023-01-26 18:44:09 power_api.c:254:power_init: check_asic_voltage_raw  = 20002023-01-26 18:44:09 driver-btm-api.c:2471:bitmain_board_init: Enter 30s sleep to make sure power release finish.2023-01-26 18:44:09 power_api.c:221:power_off: set gpio907 to 12023-01-26 18:44:40 power_api.c:206:power_on: set gpio907 to 02023-01-26 18:44:41 power_api.c:388:set_to_voltage_by_steps: Set to voltage raw 1850, step by step.2023-01-26 18:44:59 power_api.c:120:check_voltage_multi: retry time: 02023-01-26 18:45:00 power_api.c:56:_get_avg_voltage: an6 raw = 2.519355, factor = 1.0077422023-01-26 18:45:00 power_api.c:60:_get_avg_voltage: chain 0, an0 = 0.559539, an2 18.610755, an6 2.500000.2023-01-26 18:45:01 power_api.c:56:_get_avg_voltage: an6 raw = 2.522581, factor = 1.0090322023-01-26 18:45:01 power_api.c:60:_get_avg_voltage: chain 1, an0 = 0.510230, an2 18.586957, an6 2.500000.2023-01-26 18:45:02 power_api.c:56:_get_avg_voltage: an6 raw = 2.525806, factor = 1.0103232023-01-26 18:45:02 power_api.c:60:_get_avg_voltage: chain 2, an0 = 0.533844, an2 18.636016, an6 2.500000.2023-01-26 18:45:02 power_api.c:85:_get_avg_voltage: average_voltage = 18.6112422023-01-26 18:45:02 power_api.c:106:check_voltage: target_vol = 18.50, actural_vol = 18.61, check voltage passed.2023-01-26 18:45:04 power_api.c:56:_get_avg_voltage: an6 raw = 2.519355, factor = 1.0077422023-01-26 18:45:04 power_api.c:60:_get_avg_voltage: chain 0, an0 = 0.559539, an2 18.610755, an6 2.500000.2023-01-26 18:45:05 power_api.c:56:_get_avg_voltage: an6 raw = 2.522581, factor = 1.0090322023-01-26 18:45:05 power_api.c:60:_get_avg_voltage: chain 1, an0 = 0.510230, an2 18.562660, an6 2.500000.2023-01-26 18:45:07 power_api.c:56:_get_avg_voltage: an6 raw = 2.529032, factor = 1.0116132023-01-26 18:45:07 power_api.c:60:_get_avg_voltage: chain 2, an0 = 0.533163, an2 18.563775, an6 2.500000.2023-01-26 18:45:07 power_api.c:85:_get_avg_voltage: average_voltage = 18.5790632023-01-26 18:45:07 power_api.c:106:check_voltage: target_vol = 18.50, actural_vol = 18.58, check voltage passed.2023-01-26 18:45:07 uart.c:81:set_baud: set fpga_baud = 115200, fpga_divider = 262023-01-26 18:45:16 driver-btm-api.c:1162:check_asic_number_with_power_on: Chain[0]: find 44 asic, times 02023-01-26 18:45:24 driver-btm-api.c:1162:check_asic_number_with_power_on: Chain[1]: find 44 asic, times 02023-01-26 18:45:33 driver-btm-api.c:1162:check_asic_number_with_power_on: Chain[2]: find 0 asic, times 02023-01-26 18:45:42 driver-btm-api.c:1163:check_asic_number_with_power_on: Chain[2]: find 0 asic, times 12023-01-26 18:45:52 driver-btm-api.c:1164:check_asic_number_with_power_on: Chain[2]: find 0 asic, times 22023-01-26 18:45:52 power_api.c:400:set_to_check_asic_voltage_by_steps: Set to voltage raw 2000, step by step.2023-01-26 18:46:08 power_api.c:120:check_voltage_multi: retry time: 02023-01-26 18:46:10 power_api.c:56:_get_avg_voltage: an6 raw = 2.519355, factor = 1.0077422023-01-26 18:46:10 power_api.c:60:_get_avg_voltage: chain 0, an0 = 20.094749, an2 20.070422, an6 2.500000.2023-01-26 18:46:11 power_api.c:56:_get_avg_voltage: an6 raw = 2.525806, factor = 1.0103232023-01-26 18:46:11 power_api.c:60:_get_avg_voltage: chain 1, an0 = 20.019158, an2 20.019158, an6 2.500000.2023-01-26 18:46:12 power_api.c:56:_get_avg_voltage: an6 raw = 2.529032, factor = 1.0116132023-01-26 18:46:12 power_api.c:60:_get_avg_voltage: chain 2, an0 = 0.533163, an2 20.066326, an6 2.500000.2023-01-26 18:46:12 power_api.c:85:_get_avg_voltage: average_voltage = 20.0519692023-01-26 18:46:12 power_api.c:106:check_voltage: target_vol = 20.00, actural_vol = 20.05, check voltage passed.2023-01-26 18:46:14 power_api.c:56:_get_avg_voltage: an6 raw = 2.522581, factor = 1.0090322023-01-26 18:46:14 power_api.c:60:_get_avg_voltage: chain 0, an0 = 20.069054, an2 20.044757, an6 2.500000.2023-01-26 18:46:15 power_api.c:56:_get_avg_voltage: an6 raw = 2.525806, factor = 1.0103232023-01-26 18:46:15 power_api.c:60:_get_avg_voltage: chain 1, an0 = 20.019158, an2 20.019158, an6 2.500000.2023-01-26 18:46:16 power_api.c:56:_get_avg_voltage: an6 raw = 2.529032, factor = 1.0116132023-01-26 18:46:16 power_api.c:60:_get_avg_voltage: chain 2, an0 = 0.533163, an2 20.066326, an6 2.500000.2023-01-26 18:46:16 power_api.c:85:_get_avg_voltage: average_voltage = 20.0434142023-01-26 18:46:16 power_api.c:106:check_voltage: target_vol = 20.00, actural_vol = 20.04, check voltage passed.2023-01-26 18:46:25 driver-btm-api.c:1167:check_asic_number_with_power_on: Chain[2]: find 16 asic, times 32023-01-26 18:46:36 driver-btm-api.c:1168:check_asic_number_with_power_on: Chain[2]: find 16 asic, times 4chain 2, IO_DRIVE_STRENGTH_CONFIGURATION reg = 0x f1fffff2023-01-26 18:46:45 driver-btm-api.c:1169:check_asic_number_with_power_on: Chain[2]: find 0 asic, times 5chain 2, IO_DRIVE_STRENGTH_CONFIGURATION reg = 0x f1fffff2023-01-26 18:46:54 driver-btm-api.c:1170:check_asic_number_with_power_on: Chain[2]: find 0 asic, times 62023-01-26 18:46:54 driver-btm-api.c:1235:check_asic_number: Chain 2 only find 0 asic, will power off hash board 22023-01-26 18:46:55 driver-btm-api.c:1238:check_asic_number: Chain 2 voltage: an0 = 20.250323, an2 20.299354, an6 2.532258.2023-01-26 18:46:59 driver-btm-api.c:425:set_order_clock: chain[0]: set order clock, stragegy 3 clock_en=0x12023-01-26 18:46:59 driver-btm-api.c:425:set_order_clock: chain[1]: set order clock, stragegy 3 clock_en=0x12023-01-26 18:47:00 driver-btm-api.c:1931:get_core_clock_delay_setting: PWTH_SEL 3, CCDLY_SEL 02023-01-26 18:47:00 driver-hash-chip.c:502:set_clock_delay_control: core_data = 0x342023-01-26 18:47:00 driver-btm-api.c:1972:check_clock_counter: freq 50 clock_counter_limit 62023-01-26 18:47:14 voltage[0] = 17702023-01-26 18:47:14 voltage[1] = 17702023-01-26 18:47:14 power_api.c:262:set_working_voltage_raw: working_voltage_raw = 17702023-01-26 18:47:15 temperature.c:313:calibrate_temp_sensor_one_chain: Temperature sensor calibration: chain 0 success. NCT2182023-01-26 18:47:16 temperature.c:313:calibrate_temp_sensor_one_chain: Temperature sensor calibration: chain 1 success. NCT2182023-01-26 18:47:16 uart.c:81:set_baud: set fpga_baud = 6000000, fpga_divider = 32023-01-26 18:47:17 driver-btm-api.c:294:check_bringup_temp: Bring up temperature is 112023-01-26 18:47:17 thread.c:1477:create_check_miner_status_thread: create thread2023-01-26 18:47:17 thread.c:1467:create_set_miner_status_thread: create thread2023-01-26 18:47:17 driver-btm-api.c:712:calculate_timeout: dev->timeout = 2452023-01-26 18:47:17 thread.c:1447:create_temperature_monitor_thread: create thread2023-01-26 18:47:17 frequency.c:527:check_bringup_temp_dec_freq: dec freq = 0 when bringup temp = 11 dec_freq_index=02023-01-26 18:47:17 freq_tuning.c:184:freq_tuning_get_max_freq: Max freq of tuning is 7902023-01-26 18:47:17 driver-btm-api.c:1802:send_null_work: [DEBUG] Send null work.2023-01-26 18:47:17 thread.c:1437:create_asic_status_monitor_thread: create thread2023-01-26 18:47:17 frequency.c:1194:inc_freq_with_fixed_vco: chain = 255, freq = 700, is_higher_voltage = true2023-01-26 18:47:17 frequency.c:1210:inc_freq_with_fixed_vco: [0] _POSTDIV1 = 7, _POSTDIV2 = 7, USER_DIV = 1, freq = 422023-01-26 18:47:17 frequency.c:1210:inc_freq_with_fixed_vco: [1] _POSTDIV1 = 7, _POSTDIV2 = 6, USER_DIV = 1, freq = 502023-01-26 18:47:17 frequency.c:1210:inc_freq_with_fixed_vco: [2] _POSTDIV1 = 6, _POSTDIV2 = 6, USER_DIV = 1, freq = 582023-01-26 18:47:17 power_api.c:388:set_to_voltage_by_steps: Set to voltage raw 1850, step by step.2023-01-26 18:47:32 power_api.c:120:check_voltage_multi: retry time: 02023-01-26 18:47:33 power_api.c:56:_get_avg_voltage: an6 raw = 2.519355, factor = 1.0077422023-01-26 18:47:33 power_api.c:60:_get_avg_voltage: chain 0, an0 = 18.610755, an2 18.586427, an6 2.500000.2023-01-26 18:47:34 power_api.c:56:_get_avg_voltage: an6 raw = 2.529032, factor = 1.0116132023-01-26 18:47:34 power_api.c:60:_get_avg_voltage: chain 1, an0 = 18.515306, an2 18.515306, an6 2.500000.2023-01-26 18:47:34 power_api.c:85:_get_avg_voltage: average_voltage = 18.5508662023-01-26 18:47:34 power_api.c:106:check_voltage: target_vol = 18.50, actural_vol = 18.55, check voltage passed.2023-01-26 18:47:36 power_api.c:56:_get_avg_voltage: an6 raw = 2.519355, factor = 1.0077422023-01-26 18:47:36 power_api.c:60:_get_avg_voltage: chain 0, an0 = 18.610755, an2 18.586427, an6 2.500000.2023-01-26 18:47:38 power_api.c:56:_get_avg_voltage: an6 raw = 2.525806, factor = 1.0103232023-01-26 18:47:38 power_api.c:60:_get_avg_voltage: chain 1, an0 = 18.538954, an2 18.538954, an6 2.500000.2023-01-26 18:47:38 power_api.c:85:_get_avg_voltage: average_voltage = 18.5626902023-01-26 18:47:38 power_api.c:106:check_voltage: target_vol = 18.50, actural_vol = 18.56, check voltage passed.2023-01-26 18:47:40 frequency.c:1210:inc_freq_with_fixed_vco: [3] _POSTDIV1 = 7, _POSTDIV2 = 5, USER_DIV = 1, freq = 602023-01-26 18:47:42 frequency.c:1210:inc_freq_with_fixed_vco: [4] _POSTDIV1 = 6, _POSTDIV2 = 5, USER_DIV = 1, freq = 702023-01-26 18:47:44 frequency.c:1210:inc_freq_with_fixed_vco: [5] _POSTDIV1 = 7, _POSTDIV2 = 4, USER_DIV = 1, freq = 752023-01-26 18:47:46 frequency.c:1210:inc_freq_with_fixed_vco: [6] _POSTDIV1 = 5, _POSTDIV2 = 5, USER_DIV = 1, freq = 842023-01-26 18:47:48 frequency.c:1210:inc_freq_with_fixed_vco: [7] _POSTDIV1 = 6, _POSTDIV2 = 4, USER_DIV = 1, freq = 872023-01-26 18:47:50 frequency.c:1210:inc_freq_with_fixed_vco: [8] _POSTDIV1 = 7, _POSTDIV2 = 3, USER_DIV = 1, freq = 1002023-01-26 18:47:54 frequency.c:1210:inc_freq_with_fixed_vco: [9] _POSTDIV1 = 5, _POSTDIV2 = 4, USER_DIV = 1, freq = 1052023-01-26 18:47:59 frequency.c:1210:inc_freq_with_fixed_vco: [10] _POSTDIV1 = 6, _POSTDIV2 = 3, USER_DIV = 1, freq = 1162023-01-26 18:48:03 frequency.c:1210:inc_freq_with_fixed_vco: [11] _POSTDIV1 = 4, _POSTDIV2 = 4, USER_DIV = 1, freq = 1312023-01-26 18:48:08 frequency.c:1210:inc_freq_with_fixed_vco: [12] _POSTDIV1 = 5, _POSTDIV2 = 3, USER_DIV = 1, freq = 1402023-01-26 18:48:12 frequency.c:1210:inc_freq_with_fixed_vco: [13] _POSTDIV1 = 7, _POSTDIV2 = 2, USER_DIV = 1, freq = 1502023-01-26 18:48:20 frequency.c:1210:inc_freq_with_fixed_vco: [14] _POSTDIV1 = 4, _POSTDIV2 = 3, USER_DIV = 1, freq = 1752023-01-26 18:48:28 frequency.c:1210:inc_freq_with_fixed_vco: [15] _POSTDIV1 = 6, _POSTDIV2 = 2, USER_DIV = 1, freq = 1752023-01-26 18:48:36 frequency.c:1210:inc_freq_with_fixed_vco: [16] _POSTDIV1 = 5, _POSTDIV2 = 2, USER_DIV = 1, freq = 2102023-01-26 18:48:49 frequency.c:1210:inc_freq_with_fixed_vco: [17] _POSTDIV1 = 3, _POSTDIV2 = 3, USER_DIV = 1, freq = 2332023-01-26 18:49:01 frequency.c:1210:inc_freq_with_fixed_vco: [18] _POSTDIV1 = 4, _POSTDIV2 = 2, USER_DIV = 1, freq = 2622023-01-26 18:49:19 frequency.c:1210:inc_freq_with_fixed_vco: [19] _POSTDIV1 = 7, _POSTDIV2 = 1, USER_DIV = 1, freq = 3002023-01-26 18:49:44 frequency.c:1210:inc_freq_with_fixed_vco: [20] _POSTDIV1 = 3, _POSTDIV2 = 2, USER_DIV = 1, freq = 3502023-01-26 18:49:44 power_api.c:388:set_to_voltage_by_steps: Set to voltage raw 1840, step by step.2023-01-26 18:50:01 power_api.c:120:check_voltage_multi: retry time: 02023-01-26 18:50:02 power_api.c:56:_get_avg_voltage: an6 raw = 2.522581, factor = 1.0090322023-01-26 18:50:02 power_api.c:60:_get_avg_voltage: chain 0, an0 = 18.441177, an2 18.441177, an6 2.500000.2023-01-26 18:50:03 power_api.c:56:_get_avg_voltage: an6 raw = 2.529032, factor = 1.0116132023-01-26 18:50:03 power_api.c:60:_get_avg_voltage: chain 1, an0 = 18.369898, an2 18.394133, an6 2.500000.2023-01-26 18:50:03 power_api.c:85:_get_avg_voltage: average_voltage = 18.4176542023-01-26 18:50:03 power_api.c:106:check_voltage: target_vol = 18.40, actural_vol = 18.42, check voltage passed.2023-01-26 18:50:05 power_api.c:56:_get_avg_voltage: an6 raw = 2.522581, factor = 1.0090322023-01-26 18:50:05 power_api.c:60:_get_avg_voltage: chain 0, an0 = 18.441177, an2 18.441177, an6 2.500000.2023-01-26 18:50:06 power_api.c:56:_get_avg_voltage: an6 raw = 2.529032, factor = 1.0116132023-01-26 18:50:06 power_api.c:60:_get_avg_voltage: chain 1, an0 = 18.369898, an2 18.394133, an6 2.500000.2023-01-26 18:50:06 power_api.c:85:_get_avg_voltage: average_voltage = 18.4176542023-01-26 18:50:06 power_api.c:106:check_voltage: target_vol = 18.40, actural_vol = 18.42, check voltage passed.2023-01-26 18:50:38 frequency.c:1210:inc_freq_with_fixed_vco: [21] _POSTDIV1 = 6, _POSTDIV2 = 1, USER_DIV = 1, freq = 3502023-01-26 18:51:10 frequency.c:1210:inc_freq_with_fixed_vco: [22] _POSTDIV1 = 5, _POSTDIV2 = 1, USER_DIV = 1, freq = 4202023-01-26 18:51:51 frequency.c:1210:inc_freq_with_fixed_vco: [23] _POSTDIV1 = 4, _POSTDIV2 = 1, USER_DIV = 1, freq = 5252023-01-26 18:53:52 frequency.c:1210:inc_freq_with_fixed_vco: [24] _POSTDIV1 = 3, _POSTDIV2 = 1, USER_DIV = 1, freq = 7002023-01-26 18:53:52 power_api.c:388:set_to_voltage_by_steps: Set to voltage raw 1800, step by step.2023-01-26 18:54:09 power_api.c:120:check_voltage_multi: retry time: 02023-01-26 18:54:11 power_api.c:56:_get_avg_voltage: an6 raw = 2.522581, factor = 1.0090322023-01-26 18:54:11 power_api.c:60:_get_avg_voltage: chain 0, an0 = 18.003836, an2 18.028133, an6 2.500000.2023-01-26 18:54:12 power_api.c:56:_get_avg_voltage: an6 raw = 2.529032, factor = 1.0116132023-01-26 18:54:12 power_api.c:60:_get_avg_voltage: chain 1, an0 = 17.957908, an2 17.982143, an6 2.500000.2023-01-26 18:54:12 power_api.c:85:_get_avg_voltage: average_voltage = 18.0051382023-01-26 18:54:12 power_api.c:106:check_voltage: target_vol = 18.00, actural_vol = 18.01, check voltage passed.2023-01-26 18:54:14 power_api.c:56:_get_avg_voltage: an6 raw = 2.522581, factor = 1.0090322023-01-26 18:54:14 power_api.c:60:_get_avg_voltage: chain 0, an0 = 18.003836, an2 18.028133, an6 2.500000.2023-01-26 18:54:15 power_api.c:56:_get_avg_voltage: an6 raw = 2.532258, factor = 1.0129032023-01-26 18:54:15 power_api.c:60:_get_avg_voltage: chain 1, an0 = 17.959237, an2 17.959237, an6 2.500000.2023-01-26 18:54:15 power_api.c:85:_get_avg_voltage: average_voltage = 17.9936852023-01-26 18:54:15 power_api.c:106:check_voltage: target_vol = 18.00, actural_vol = 17.99, check voltage passed.2023-01-26 18:59:54 frequency.c:1231:inc_freq_with_fixed_step: chain = 0, freq_start = 700, freq_end = 700, freq_step = 5, is_higher_voltage = true2023-01-26 18:59:54 frequency.c:1231:inc_freq_with_fixed_step: chain = 1, freq_start = 700, freq_end = 700, freq_step = 5, is_higher_voltage = true2023-01-26 18:59:54 power_api.c:388:set_to_voltage_by_steps: Set to voltage raw 1790, step by step.2023-01-26 19:00:11 power_api.c:120:check_voltage_multi: retry time: 02023-01-26 19:00:12 power_api.c:56:_get_avg_voltage: an6 raw = 2.525806, factor = 1.0103232023-01-26 19:00:12 power_api.c:60:_get_avg_voltage: chain 0, an0 = 17.883781, an2 17.908047, an6 2.500000.2023-01-26 19:00:14 power_api.c:56:_get_avg_voltage: an6 raw = 2.532258, factor = 1.0129032023-01-26 19:00:14 power_api.c:60:_get_avg_voltage: chain 1, an0 = 17.862421, an2 17.862421, an6 2.500000.2023-01-26 19:00:14 power_api.c:85:_get_avg_voltage: average_voltage = 17.8852342023-01-26 19:00:14 power_api.c:106:check_voltage: target_vol = 17.90, actural_vol = 17.89, check voltage passed.2023-01-26 19:00:16 power_api.c:56:_get_avg_voltage: an6 raw = 2.525806, factor = 1.0103232023-01-26 19:00:16 power_api.c:60:_get_avg_voltage: chain 0, an0 = 17.908047, an2 17.908047, an6 2.500000.2023-01-26 19:00:17 power_api.c:56:_get_avg_voltage: an6 raw = 2.532258, factor = 1.0129032023-01-26 19:00:17 power_api.c:60:_get_avg_voltage: chain 1, an0 = 17.838217, an2 17.862421, an6 2.500000.2023-01-26 19:00:17 power_api.c:85:_get_avg_voltage: average_voltage = 17.8852342023-01-26 19:00:17 power_api.c:106:check_voltage: target_vol = 17.90, actural_vol = 17.89, check voltage passed.2023-01-26 19:00:17 frequency.c:1058:inc_asic_diff_freq_by_steps: chain = 0, start = 700, freq_step = 52023-01-26 19:00:18 frequency.c:1058:inc_asic_diff_freq_by_steps: chain = 1, start = 700, freq_step = 52023-01-26 19:00:20 driver-btm-api.c:743:set_timeout: freq 715 final timeout=1022023-01-26 19:00:20 power_api.c:268:set_higher_voltage_raw: higher_voltage_raw = 17902023-01-26 19:00:20 thread.c:1472:create_check_system_status_thread: create thread2023-01-26 19:00:20 driver-btm-api.c:2758:bitmain_soc_init: Init done!2023-01-26 19:00:20 driver-btm-api.c:222:set_miner_status: STATUS_INIT2023-01-26 19:00:24 driver-btm-api.c:222:set_miner_status: STATUS_OKAY2023-01-26 19:00:25 frequency.c:316:get_sale_hash_rate_GH: g_sale_hash_rate = 407042023-01-26 19:00:31 driver-btm-api.c:1539:dhash_chip_send_job: Version num 4.2023-01-26 19:00:31 driver-btm-api.c:1686:dhash_chip_send_job: stime.tv_sec 1674759631, block_ntime 1674759628I wrote the code of the 2nd device in the comment, stuck on the 64k character limithttps://prnt.sc/MwtOA8jwSDOshttps://prnt.sc/P9b0Eu14mwSthttps://prnt.sc/S94J-DsyQal4",
  "score": 0,
  "upvotes": 0,
  "downvotes": 0,
  "url": "https://bitcointalk.org/index.php?topic=5436923",
  "comments": [
    {
      "author": "mustiko",
      "created_time": "January 26, 2023, 07:21:08 PM",
      "body": "device 2 no hiveosCode:Booting Linux on physical CPU 0x0Linux version 4.6.0-xilinx-gff8137b-dirty (lzq@armdev2) (gcc version 4.8.3 20140320 (prerelease) (Sourcery CodeBench Lite 2014.05-23) ) #25 SMP PREEMPT Fri
Nov 23 15:30:52 CST 2018CPU: ARMv7 Processor [413fc090] revision 0 (ARMv7), cr=18c5387dCPU: PIPT / VIPT nonaliasing data cache, VIPT aliasing instruction cacheMachine model: Xilinx Zynqcma: Reserved 16 MiB at 0x0e000000Memory policy: Data cache writeallocOn node 0 totalpages: 61440free_area_init_node: node 0, pgdat c0b39280, node_mem_map cde10000  Normal zone: 480 pages used for memmap  Normal zone: 0 pages reserved  Normal zone: 61440 pages, LIFO batch:15percpu: Embedded 12 pages/cpu @cddf1000 s19776 r8192 d21184 u49152pcpu-alloc: s19776 r8192 d21184 u49152 alloc=12*4096pcpu-alloc: [0] 0 [0] 1 Built 1 zonelists in Zone order, mobility grouping on.  Total pages: 60960Kernel command line: mem=240M console=ttyPS0,115200 ramdisk_size=33554432 root=/dev/ram rw earlyprintkPID hash table entries: 1024 (order: 0, 4096 bytes)Dentry cache hash table entries: 32768 (order: 5, 131072 bytes)Inode-cache hash table entries: 16384 (order: 4, 65536 bytes)Memory: 203416K/245760K available (6345K kernel code, 231K rwdata, 1896K rodata, 1024K init, 223K bss, 25960K reserved, 16384K cma-reserved, 0K highmem)Virtual kernel memory layout:    vector  : 0xffff0000 - 0xffff1000   (   4 kB)    fixmap  : 0xffc00000 - 0xfff00000   (3072 kB)    vmalloc : 0xcf800000 - 0xff800000   ( 768 MB)    lowmem  : 0xc0000000 - 0xcf000000   ( 240 MB)    pkmap   : 0xbfe00000 - 0xc0000000   (   2 MB)    modules : 0xbf000000 - 0xbfe00000   (  14 MB)      .text : 0xc0008000 - 0xc090c424   (9234 kB)      .init : 0xc0a00000 - 0xc0b00000   (1024 kB)      .data : 0xc0b00000 - 0xc0b39fe0   ( 232 kB)       .bss : 0xc0b39fe0 - 0xc0b71c28   ( 224 kB)Preemptible hierarchical RCU implementation. Build-time adjustment of leaf fanout to 32. RCU restricting CPUs from NR_CPUS=4 to nr_cpu_ids=2.RCU: Adjusting geometry for rcu_fanout_leaf=32, nr_cpu_ids=2NR_IRQS:16 nr_irqs:16 16efuse mapped to cf800000ps7-slcr mapped to cf802000L2C: platform modifies aux control register: 0x72360000 -> 0x72760000L2C: DT/platform modifies aux control register: 0x72360000 -> 0x72760000L2C-310 erratum 769419 enabledL2C-310 enabling early BRESP for Cortex-A9L2C-310 full line of zeros enabled for Cortex-A9L2C-310 ID prefetch enabled, offset 1 linesL2C-310 dynamic clock gating enabled, standby mode enabledL2C-310 cache controller enabled, 8 ways, 512 kBL2C-310: CACHE_ID 0x410000c8, AUX_CTRL 0x76760001zynq_clock_init: clkc starts at cf802100Zynq clock initsched_clock: 64 bits at 333MHz, resolution 3ns, wraps every 4398046511103nsclocksource: arm_global_timer: mask: 0xffffffffffffffff max_cycles: 0x4ce07af025, max_idle_ns: 440795209040 nsSwitching to timer-based delay loop, resolution 3nsclocksource: ttc_clocksource: mask: 0xffff max_cycles: 0xffff, max_idle_ns: 537538477 nsps7-ttc #0 at cf80a000, irq=18Console: colour dummy device 80x30Calibrating delay loop (skipped), value calculated using timer frequency.. 666.66 BogoMIPS (lpj=3333333)pid_max: default: 32768 minimum: 301Mount-cache hash table entries: 1024 (order: 0, 4096 bytes)Mountpoint-cache hash table entries: 1024 (order: 0, 4096 bytes)CPU: Testing write buffer coherency: okCPU0: thread -1, cpu 0, socket 0, mpidr 80000000Setting up static identity map for 0x100000 - 0x100058CPU1: failed to boot: -1Brought up 1 CPUsSMP: Total of 1 processors activated (666.66 BogoMIPS).CPU: All CPU(s) started in SVC mode.devtmpfs: initializedVFP support v0.3: implementor 41 architecture 3 part 30 variant 9 rev 4clocksource: jiffies: mask: 0xffffffff max_cycles: 0xffffffff, max_idle_ns: 19112604462750000 nspinctrl core: initialized pinctrl subsystemNET: Registered protocol family 16DMA: preallocated 256 KiB pool for atomic coherent allocationscpuidle: using governor menuhw-breakpoint: found 5 (+1 reserved) breakpoint and 1 watchpoint registers.hw-breakpoint: maximum watchpoint size is 4 bytes.zynq-ocm f800c000.ps7-ocmc: ZYNQ OCM pool: 256 KiB @ 0xcf880000vgaarb: loadedSCSI subsystem initializedusbcore: registered new interface driver usbfsusbcore: registered new interface driver hubusbcore: registered new device driver usbmedia: Linux media interface: v0.10Linux video capture interface: v2.00pps_core: LinuxPPS API ver. 1 registeredpps_core: Software ver. 5.3.6 - Copyright 2005-2007 Rodolfo Giometti <giometti@linux.it>PTP clock support registeredEDAC MC: Ver: 3.0.0Advanced Linux Sound Architecture Driver Initialized.clocksource: Switched to clocksource arm_global_timerNET: Registered protocol family 2TCP established hash table entries: 2048 (order: 1, 8192 bytes)TCP bind hash table entries: 2048 (order: 2, 16384 bytes)TCP: Hash tables configured (established 2048 bind 2048)UDP hash table entries: 256 (order: 1, 8192 bytes)UDP-Lite hash table entries: 256 (order: 1, 8192 bytes)NET: Registered protocol family 1RPC: Registered named UNIX socket transport module.RPC: Registered udp transport module.RPC: Registered tcp transport module.RPC: Registered tcp NFSv4.1 backchannel transport module.PCI: CLS 0 bytes, default 64Trying to unpack rootfs image as initramfs...rootfs image is not initramfs (no cpio magic); looks like an initrdFreeing initrd memory: 12920K (cce62000 - cdb00000)hw perfevents: enabled with armv7_cortex_a9 PMU driver, 7 counters availablefutex hash table entries: 512 (order: 3, 32768 bytes)workingset: timestamp_bits=28 max_order=16 bucket_order=0jffs2: version 2.2. (NAND) (SUMMARY)  © 2001-2006 Red Hat, Inc.io scheduler noop registeredio scheduler deadline registeredio scheduler cfq registered (default)dma-pl330 f8003000.ps7-dma: Loaded driver for PL330 DMAC-241330dma-pl330 f8003000.ps7-dma:  DBUFF-128x8bytes Num_Chans-8 Num_Peri-4 Num_Events-16e0000000.serial: ttyPS0 at MMIO 0xe0000000 (irq = 158, base_baud = 6249999) is a xuartpsconsole [ttyPS0] enabledxdevcfg f8007000.ps7-dev-cfg: ioremap 0xf8007000 to cf86e000[drm] Initialized drm 1.1.0 20060810brd: module loadedloop: module loadedCAN device driver interfacegpiod_set_value: invalid GPIOlibphy: MACB_mii_bus: probedmacb e000b000.ethernet eth0: Cadence GEM rev 0x00020118 at 0xe000b000 irq 31 (00:0a:35:00:00:00)Generic PHY e000b000.etherne:00: attached PHY driver [Generic PHY] (mii_bus:phy_addr=e000b000.etherne:00, irq=-1)e1000e: Intel(R) PRO/1000 Network Driver - 3.2.6-ke1000e: Copyright(c) 1999 - 2015 Intel Corporation.ehci_hcd: USB 2.0 'Enhanced' Host Controller (EHCI) Driverehci-pci: EHCI PCI platform driverusbcore: registered new interface driver usb-storagemousedev: PS/2 mouse device common for all micei2c /dev entries driverXilinx Zynq CpuIdle Driver startedsdhci: Secure Digital Host Controller Interface driversdhci: Copyright(c) Pierre Ossmansdhci-pltfm: SDHCI platform and OF driver helpermmc0: SDHCI controller on e0100000.ps7-sdio [e0100000.ps7-sdio] using ADMAledtrig-cpu: registered to indicate activity on CPUsusbcore: registered new interface driver usbhidusbhid: USB HID core drivernand: device found, Manufacturer ID: 0x2c, Chip ID: 0xdanand: Micron MT29F2G08ABAEAWPnand: 256 MiB, SLC, erase size: 128 KiB, page size: 2048, OOB size: 64nand: WARNING: pl35x-nand: the ECC used on your system is too weak compared to the one required by the NAND chipBad block table found at page 131008, version 0x01Bad block table found at page 130944, version 0x01nand_read_bbt: bad block at 0x000002420000nand_read_bbt: bad block at 0x000002440000nand_read_bbt: bad block at 0x0000024600006 ofpart partitions found on MTD device pl35x-nandCreating 6 MTD partitions on \"pl35x-nand\":0x000000000000-0x000002800000 : \"BOOT.bin-env-dts-kernel\"0x000002800000-0x000004800000 : \"ramfs\"0x000004800000-0x000005000000 : \"configs\"0x000005000000-0x000006000000 : \"reserve\"0x000006000000-0x000008000000 : \"ramfs-bak\"0x000008000000-0x000010000000 : \"reserve1\"NET: Registered protocol family 10sit: IPv6 over IPv4 tunneling driverNET: Registered protocol family 17can: controller area network core (rev 20120528 abi 9)NET: Registered protocol family 29can: raw protocol (rev 20120528)can: broadcast manager protocol (rev 20120528 t)can: netlink gateway (rev 20130117) max_hops=1zynq_pm_ioremap: no compatible node found for 'xlnx,zynq-ddrc-a05'zynq_pm_late_init: Unable to map DDRC IO memory.Registering SWP/SWPB emulation handlerhctosys: unable to open rtc device (rtc0)ALSA device list:  No soundcards found.RAMDISK: gzip image found at block 0EXT4-fs (ram0): couldn't mount as ext3 due to feature incompatibilitiesEXT4-fs (ram0): mounted filesystem without journal. Opts: (null)VFS: Mounted root (ext4 filesystem) on device 1:0.devtmpfs: mountedFreeing unused kernel memory: 1024K (c0a00000 - c0b00000)EXT4-fs (ram0): re-mounted. Opts: block_validity,delalloc,barrier,user_xattrrandom: dd urandom read with 0 bits of entropy availableubi0: attaching mtd2ubi0: scanning is finishedubi0: attached mtd2 (name \"configs\", size 8 MiB)ubi0: PEB size: 131072 bytes (128 KiB), LEB size: 126976 bytesubi0: min./max. I/O unit sizes: 2048/2048, sub-page size 2048ubi0: VID header offset: 2048 (aligned 2048), data offset: 4096ubi0: good PEBs: 64, bad PEBs: 0, corrupted PEBs: 0ubi0: user volume: 1, internal volumes: 1, max. volumes count: 128ubi0: max/mean erase counter: 51/22, WL threshold: 4096, image sequence number: 4094950973ubi0: available PEBs: 0, total reserved PEBs: 64, PEBs reserved for bad PEB handling: 40ubi0: background thread \"ubi_bgt0d\" started, PID 708UBIFS (ubi0:0): background thread \"ubifs_bgt0_0\" started, PID 711UBIFS (ubi0:0): UBIFS: mounted UBI device 0, volume 0, name \"configs\"UBIFS (ubi0:0): LEB size: 126976 bytes (124 KiB), min./max. I/O unit sizes: 2048 bytes/2048 bytesUBIFS (ubi0:0): FS size: 1396736 bytes (1 MiB, 11 LEBs), journal size 888833 bytes (0 MiB, 5 LEBs)UBIFS (ubi0:0): reserved for root: 65970 bytes (64 KiB)UBIFS (ubi0:0): media format: w4/r0 (latest is w4/r0), UUID AB4DF95D-52A4-419D-B203-FC91BE96E568, small LPT modelubi1: attaching mtd5ubi1: scanning is finishedubi1: attached mtd5 (name \"reserve1\", size 128 MiB)ubi1: PEB size: 131072 bytes (128 KiB), LEB size: 126976 bytesubi1: min./max. I/O unit sizes: 2048/2048, sub-page size 2048ubi1: VID header offset: 2048 (aligned 2048), data offset: 4096ubi1: good PEBs: 1020, bad PEBs: 4, corrupted PEBs: 0ubi1: user volume: 1, internal volumes: 1, max. volumes count: 128ubi1: max/mean erase counter: 1499/411, WL threshold: 4096, image sequence number: 897013664ubi1: available PEBs: 0, total reserved PEBs: 1020, PEBs reserved for bad PEB handling: 36ubi1: background thread \"ubi_bgt1d\" started, PID 720UBIFS (ubi1:0): background thread \"ubifs_bgt1_0\" started, PID 723UBIFS (ubi1:0): UBIFS: mounted UBI device 1, volume 0, name \"reserve1\"UBIFS (ubi1:0): LEB size: 126976 bytes (124 KiB), min./max. I/O unit sizes: 2048 bytes/2048 bytesUBIFS (ubi1:0): FS size: 123039744 bytes (117 MiB, 969 LEBs), journal size 6221824 bytes (5 MiB, 49 LEBs)UBIFS (ubi1:0): reserved for root: 4952683 bytes (4836 KiB)UBIFS (ubi1:0): media format: w4/r0 (latest is w4/r0), UUID 677AE791-6FAE-4607-ADCA-D4F602F30476, small LPT modelIPv6: ADDRCONF(NETDEV_UP): eth0: link is not readyIPv6: ADDRCONF(NETDEV_UP): eth0: link is not readymacb e000b000.ethernet eth0: unable to generate target frequency: 25000000 Hzmacb e000b000.ethernet eth0: link up (100/Full)IPv6: ADDRCONF(NETDEV_CHANGE): eth0: link becomes readyIn axi fpga driver!request_mem_region OK!AXI fpga dev virtual address is 0xcfb38000*base_vir_addr = 0xb023In fpga mem driver!request_mem_region OK!fpga mem virtual address is 0xd2000000random: nonblocking pool is initialized2023-01-26 15:52:17 driver-btm-api.c:762:init_freq_mode: This is scan-user version2023-01-26 15:52:17 driver-btm-api.c:2553:bitmain_soc_init: opt_multi_version     = 12023-01-26 15:52:17 driver-btm-api.c:2554:bitmain_soc_init: opt_bitmain_ab        = 12023-01-26 15:52:17 driver-btm-api.c:2555:bitmain_soc_init: opt_bitmain_work_mode = 02023-01-26 15:52:17 driver-btm-api.c:2556:bitmain_soc_init: Miner compile time: Tue Jun  2 10:11:10 CST 2020 type: Antminer T17+2023-01-26 15:52:17 driver-btm-api.c:2557:bitmain_soc_init: commit version: 9e9a5bf 2020-06-01 18:48:14, build by: lol 2020-06-02 10:21:502023-01-26 15:52:17 driver-btm-api.c:2180:show_sn: 8108f50c2b10481c�\u001a72023-01-26 15:52:17 driver-btm-api.c:2237:handle_sn_for_factory_mode: read sn success, 8108f50c2b10481c�\u001a72023-01-26 15:52:17 fan.c:263:front_fan_power_on: Note: front fan is power on!2023-01-26 15:52:17 fan.c:273:rear_fan_power_on: Note: rear fan is power on!2023-01-26 15:52:17 driver-btm-api.c:1357:miner_device_init: Detect 256MB control board of XILINX2023-01-26 15:52:17 driver-btm-api.c:1298:init_fan_parameter: fan_eft : 0  fan_pwm : 02023-01-26 15:52:23 driver-btm-api.c:1281:init_miner_version: miner ID : 8108f50c2b10481c2023-01-26 15:52:23 driver-btm-api.c:1287:init_miner_version: FPGA Version = 0xB0232023-01-26 15:52:28 driver-btm-api.c:814:get_product_id: product_id[0] = 02023-01-26 15:52:28 driver-btm-api.c:814:get_product_id: product_id[1] = 02023-01-26 15:52:28 driver-btm-api.c:814:get_product_id: product_id[2] = 02023-01-26 15:52:28 driver-btm-api.c:845:get_chip_version: chip_version[0] = 12023-01-26 15:52:28 driver-btm-api.c:845:get_chip_version: chip_version[1] = 12023-01-26 15:52:28 driver-btm-api.c:845:get_chip_version: chip_version[2] = 12023-01-26 15:52:28 driver-btm-api.c:2293:update_conf_by_power_feedback: Power feedback is disabled2023-01-26 15:52:28 driver-btm-api.c:2269:get_calibration_voltage: calibration voltage is error data.2023-01-26 15:52:28 driver-btm-api.c:2327:update_conf_by_power_feedback: Note: no calibration voltage, default diff = 02023-01-26 15:52:28 frequency.c:1389:adjust_higer_max_vol_table: adjust_higer_max_vol_table, ideal_hashrate = 62922, index = 4, adjust_vol = 02023-01-26 15:52:28 thread.c:1462:create_read_nonce_reg_thread: create thread2023-01-26 15:52:34 driver-btm-api.c:1281:init_miner_version: miner ID : 8108f50c2b10481c2023-01-26 15:52:34 driver-btm-api.c:1287:init_miner_version: FPGA Version = 0xB0232023-01-26 15:52:40 driver-btm-api.c:814:get_product_id: product_id[0] = 02023-01-26 15:52:40 driver-btm-api.c:814:get_product_id: product_id[1] = 02023-01-26 15:52:40 driver-btm-api.c:814:get_product_id: product_id[2] = 02023-01-26 15:52:40 driver-btm-api.c:845:get_chip_version: chip_version[0] = 12023-01-26 15:52:40 driver-btm-api.c:845:get_chip_version: chip_version[1] = 12023-01-26 15:52:40 driver-btm-api.c:845:get_chip_version: chip_version[2] = 12023-01-26 15:52:40 driver-btm-api.c:1944:get_ccdly_opt: ccdly_opt[0] = 02023-01-26 15:52:40 driver-btm-api.c:1944:get_ccdly_opt: ccdly_opt[1] = 02023-01-26 15:52:40 driver-btm-api.c:1944:get_ccdly_opt: ccdly_opt[2] = 02023-01-26 15:52:40 driver-btm-api.c:2439:bitmain_board_init: g_ccdly_opt = 02023-01-26 15:52:40 driver-btm-api.c:775:_set_project_type: project:0, set to T17Plus always2023-01-26 15:52:40 driver-btm-api.c:790:_set_project_type: Project type: Antminer T17+2023-01-26 15:52:40 driver-btm-api.c:801:dump_pcb_bom_version: Chain [0] PCB Version: 0x01002023-01-26 15:52:40 driver-btm-api.c:802:dump_pcb_bom_version: Chain [0] BOM Version: 0x01002023-01-26 15:52:40 driver-btm-api.c:801:dump_pcb_bom_version: Chain [1] PCB Version: 0x01002023-01-26 15:52:40 driver-btm-api.c:802:dump_pcb_bom_version: Chain [1] BOM Version: 0x01002023-01-26 15:52:40 driver-btm-api.c:801:dump_pcb_bom_version: Chain [2] PCB Version: 0x01002023-01-26 15:52:40 driver-btm-api.c:802:dump_pcb_bom_version: Chain [2] BOM Version: 0x01002023-01-26 15:52:41 driver-btm-api.c:2461:bitmain_board_init: Fan check passed.2023-01-26 15:52:42 board.c:36:jump_and_app_check_restore_pic: chain[0] PIC jump to app2023-01-26 15:52:44 board.c:40:jump_and_app_check_restore_pic: Check chain[0] PIC fw version=0x882023-01-26 15:52:45 board.c:36:jump_and_app_check_restore_pic: chain[1] PIC jump to app2023-01-26 15:52:47 board.c:40:jump_and_app_check_restore_pic: Check chain[1] PIC fw version=0x882023-01-26 15:52:48 board.c:36:jump_and_app_check_restore_pic: chain[2] PIC jump to app2023-01-26 15:52:50 board.c:40:jump_and_app_check_restore_pic: Check chain[2] PIC fw version=0x882023-01-26 15:52:50 thread.c:1457:create_pic_heart_beat_thread: create thread2023-01-26 15:52:52 power_api.c:231:power_init: power type version: 0x00422023-01-26 15:52:52 power_api.c:249:power_init: Power init:2023-01-26 15:52:52 power_api.c:250:power_init: current_voltage_raw = 02023-01-26 15:52:52 power_api.c:251:power_init: highest_voltage_raw = 19502023-01-26 15:52:52 power_api.c:252:power_init: working_voltage_raw = 19002023-01-26 15:52:52 power_api.c:253:power_init: higher_voltage_raw  = 19302023-01-26 15:52:52 power_api.c:254:power_init: check_asic_voltage_raw  = 20002023-01-26 15:52:52 driver-btm-api.c:2471:bitmain_board_init: Enter 30s sleep to make sure power release finish.2023-01-26 15:52:52 power_api.c:218:power_off: init gpio9072023-01-26 15:52:52 power_api.c:221:power_off: set gpio907 to 12023-01-26 15:53:23 power_api.c:206:power_on: set gpio907 to 02023-01-26 15:53:24 power_api.c:388:set_to_voltage_by_steps: Set to voltage raw 1850, step by step.2023-01-26 15:53:42 power_api.c:120:check_voltage_multi: retry time: 02023-01-26 15:53:43 power_api.c:56:_get_avg_voltage: an6 raw = 2.506452, factor = 1.0025812023-01-26 15:53:43 power_api.c:60:_get_avg_voltage: chain 0, an0 = 0.489060, an2 18.535392, an6 2.500000.2023-01-26 15:53:44 power_api.c:56:_get_avg_voltage: an6 raw = 2.509677, factor = 1.0038712023-01-26 15:53:44 power_api.c:60:_get_avg_voltage: chain 1, an0 = 0.561697, an2 18.487147, an6 2.500000.2023-01-26 15:53:45 power_api.c:56:_get_avg_voltage: an6 raw = 2.506452, factor = 1.0025812023-01-26 15:53:45 power_api.c:60:_get_avg_voltage: chain 2, an0 = 0.513514, an2 18.559845, an6 2.500000.2023-01-26 15:53:45 power_api.c:85:_get_avg_voltage: average_voltage = 18.5274612023-01-26 15:53:45 power_api.c:106:check_voltage: target_vol = 18.50, actural_vol = 18.53, check voltage passed.2023-01-26 15:53:47 power_api.c:56:_get_avg_voltage: an6 raw = 2.506452, factor = 1.0025812023-01-26 15:53:47 power_api.c:60:_get_avg_voltage: chain 0, an0 = 0.489060, an2 18.535392, an6 2.500000.2023-01-26 15:53:49 power_api.c:56:_get_avg_voltage: an6 raw = 2.509677, factor = 1.0038712023-01-26 15:53:49 power_api.c:60:_get_avg_voltage: chain 1, an0 = 0.561697, an2 18.487147, an6 2.500000.2023-01-26 15:53:50 power_api.c:56:_get_avg_voltage: an6 raw = 2.506452, factor = 1.0025812023-01-26 15:53:50 power_api.c:60:_get_avg_voltage: chain 2, an0 = 0.513514, an2 18.559845, an6 2.500000.2023-01-26 15:53:50 power_api.c:85:_get_avg_voltage: average_voltage = 18.5274612023-01-26 15:53:50 power_api.c:106:check_voltage: target_vol = 18.50, actural_vol = 18.53, check voltage passed.2023-01-26 15:53:50 uart.c:81:set_baud: set fpga_baud = 115200, fpga_divider = 262023-01-26 15:53:58 driver-btm-api.c:1162:check_asic_number_with_power_on: Chain[0]: find 0 asic, times 02023-01-26 15:54:07 driver-btm-api.c:1163:check_asic_number_with_power_on: Chain[0]: find 0 asic, times 12023-01-26 15:54:19 driver-btm-api.c:1164:check_asic_number_with_power_on: Chain[0]: find 0 asic, times 22023-01-26 15:54:19 power_api.c:400:set_to_check_asic_voltage_by_steps: Set to voltage raw 2000, step by step.2023-01-26 15:54:36 power_api.c:120:check_voltage_multi: retry time: 02023-01-26 15:54:37 power_api.c:56:_get_avg_voltage: an6 raw = 2.506452, factor = 1.0025812023-01-26 15:54:37 power_api.c:60:_get_avg_voltage: chain 0, an0 = 0.489060, an2 20.027027, an6 2.500000.2023-01-26 15:54:38 power_api.c:56:_get_avg_voltage: an6 raw = 2.509677, factor = 1.0038712023-01-26 15:54:38 power_api.c:60:_get_avg_voltage: chain 1, an0 = 0.586118, an2 19.976865, an6 2.500000.2023-01-26 15:54:39 power_api.c:56:_get_avg_voltage: an6 raw = 2.506452, factor = 1.0025812023-01-26 15:54:39 power_api.c:60:_get_avg_voltage: chain 2, an0 = 0.537967, an2 20.051480, an6 2.500000.2023-01-26 15:54:39 power_api.c:85:_get_avg_voltage: average_voltage = 20.0184572023-01-26 15:54:39 power_api.c:106:check_voltage: target_vol = 20.00, actural_vol = 20.02, check voltage passed.2023-01-26 15:54:41 power_api.c:56:_get_avg_voltage: an6 raw = 2.506452, factor = 1.0025812023-01-26 15:54:41 power_api.c:60:_get_avg_voltage: chain 0, an0 = 0.489060, an2 20.027027, an6 2.500000.2023-01-26 15:54:42 power_api.c:56:_get_avg_voltage: an6 raw = 2.509677, factor = 1.0038712023-01-26 15:54:42 power_api.c:60:_get_avg_voltage: chain 1, an0 = 0.586118, an2 19.976865, an6 2.500000.2023-01-26 15:54:43 power_api.c:56:_get_avg_voltage: an6 raw = 2.506452, factor = 1.0025812023-01-26 15:54:43 power_api.c:60:_get_avg_voltage: chain 2, an0 = 0.537967, an2 20.051480, an6 2.500000.2023-01-26 15:54:43 power_api.c:85:_get_avg_voltage: average_voltage = 20.0184572023-01-26 15:54:43 power_api.c:106:check_voltage: target_vol = 20.00, actural_vol = 20.02, check voltage passed.2023-01-26 15:54:52 driver-btm-api.c:1167:check_asic_number_with_power_on: Chain[0]: find 0 asic, times 32023-01-26 15:55:03 driver-btm-api.c:1168:check_asic_number_with_power_on: Chain[0]: find 0 asic, times 4chain 0, IO_DRIVE_STRENGTH_CONFIGURATION reg = 0x f1fffff2023-01-26 15:55:12 driver-btm-api.c:1169:check_asic_number_with_power_on: Chain[0]: find 0 asic, times 5chain 0, IO_DRIVE_STRENGTH_CONFIGURATION reg = 0x f1fffff2023-01-26 15:55:21 driver-btm-api.c:1170:check_asic_number_with_power_on: Chain[0]: find 0 asic, times 62023-01-26 15:55:21 driver-btm-api.c:1235:check_asic_number: Chain 0 only find 0 asic, will power off hash board 02023-01-26 15:55:22 driver-btm-api.c:1238:check_asic_number: Chain 0 voltage: an0 = 20.078709, an2 20.078709, an6 2.509677.2023-01-26 15:55:23 power_api.c:388:set_to_voltage_by_steps: Set to voltage raw 1850, step by step.2023-01-26 15:55:38 power_api.c:120:check_voltage_multi: retry time: 02023-01-26 15:55:39 power_api.c:56:_get_avg_voltage: an6 raw = 2.512903, factor = 1.0051612023-01-26 15:55:39 power_api.c:60:_get_avg_voltage: chain 1, an0 = 0.560976, an2 18.463414, an6 2.500000.2023-01-26 15:55:40 power_api.c:56:_get_avg_voltage: an6 raw = 2.506452, factor = 1.0025812023-01-26 15:55:40 power_api.c:60:_get_avg_voltage: chain 2, an0 = 0.513514, an2 18.559845, an6 2.500000.2023-01-26 15:55:40 power_api.c:85:_get_avg_voltage: average_voltage = 18.5116292023-01-26 15:55:40 power_api.c:106:check_voltage: target_vol = 18.50, actural_vol = 18.51, check voltage passed.2023-01-26 15:55:43 power_api.c:56:_get_avg_voltage: an6 raw = 2.509677, factor = 1.0038712023-01-26 15:55:43 power_api.c:60:_get_avg_voltage: chain 1, an0 = 0.561697, an2 18.487147, an6 2.500000.2023-01-26 15:55:44 power_api.c:56:_get_avg_voltage: an6 raw = 2.506452, factor = 1.0025812023-01-26 15:55:44 power_api.c:60:_get_avg_voltage: chain 2, an0 = 0.513514, an2 18.559845, an6 2.500000.2023-01-26 15:55:44 power_api.c:85:_get_avg_voltage: average_voltage = 18.5234962023-01-26 15:55:44 power_api.c:106:check_voltage: target_vol = 18.50, actural_vol = 18.52, check voltage passed.2023-01-26 15:55:53 driver-btm-api.c:1162:check_asic_number_with_power_on: Chain[1]: find 44 asic, times 02023-01-26 15:56:02 driver-btm-api.c:1162:check_asic_number_with_power_on: Chain[2]: find 44 asic, times 02023-01-26 15:56:05 driver-btm-api.c:425:set_order_clock: chain[1]: set order clock, stragegy 3 clock_en=0x12023-01-26 15:56:05 driver-btm-api.c:425:set_order_clock: chain[2]: set order clock, stragegy 3 clock_en=0x12023-01-26 15:56:05 driver-btm-api.c:1931:get_core_clock_delay_setting: PWTH_SEL 3, CCDLY_SEL 02023-01-26 15:56:05 driver-hash-chip.c:502:set_clock_delay_control: core_data = 0x342023-01-26 15:56:06 driver-btm-api.c:1972:check_clock_counter: freq 50 clock_counter_limit 62023-01-26 15:56:20 voltage[1] = 17802023-01-26 15:56:20 voltage[2] = 17502023-01-26 15:56:20 power_api.c:262:set_working_voltage_raw: working_voltage_raw = 17502023-01-26 15:56:21 temperature.c:313:calibrate_temp_sensor_one_chain: Temperature sensor calibration: chain 1 success. NCT2182023-01-26 15:56:23 temperature.c:313:calibrate_temp_sensor_one_chain: Temperature sensor calibration: chain 2 success. NCT2182023-01-26 15:56:23 uart.c:81:set_baud: set fpga_baud = 6000000, fpga_divider = 32023-01-26 15:56:24 driver-btm-api.c:294:check_bringup_temp: Bring up temperature is 112023-01-26 15:56:24 thread.c:1477:create_check_miner_status_thread: create thread2023-01-26 15:56:24 thread.c:1467:create_set_miner_status_thread: create thread2023-01-26 15:56:24 driver-btm-api.c:712:calculate_timeout: dev->timeout = 2452023-01-26 15:56:24 thread.c:1447:create_temperature_monitor_thread: create thread2023-01-26 15:56:24 frequency.c:527:check_bringup_temp_dec_freq: dec freq = 0 when bringup temp = 11 dec_freq_index=02023-01-26 15:56:24 freq_tuning.c:184:freq_tuning_get_max_freq: Max freq of tuning is 7902023-01-26 15:56:24 driver-btm-api.c:1802:send_null_work: [DEBUG] Send null work.2023-01-26 15:56:24 thread.c:1437:create_asic_status_monitor_thread: create thread2023-01-26 15:56:24 frequency.c:1194:inc_freq_with_fixed_vco: chain = 255, freq = 700, is_higher_voltage = true2023-01-26 15:56:24 frequency.c:1210:inc_freq_with_fixed_vco: [0] _POSTDIV1 = 7, _POSTDIV2 = 7, USER_DIV = 1, freq = 422023-01-26 15:56:24 frequency.c:1210:inc_freq_with_fixed_vco: [1] _POSTDIV1 = 7, _POSTDIV2 = 6, USER_DIV = 1, freq = 502023-01-26 15:56:24 frequency.c:1210:inc_freq_with_fixed_vco: [2] _POSTDIV1 = 6, _POSTDIV2 = 6, USER_DIV = 1, freq = 582023-01-26 15:56:26 frequency.c:1210:inc_freq_with_fixed_vco: [3] _POSTDIV1 = 7, _POSTDIV2 = 5, USER_DIV = 1, freq = 602023-01-26 15:56:28 frequency.c:1210:inc_freq_with_fixed_vco: [4] _POSTDIV1 = 6, _POSTDIV2 = 5, USER_DIV = 1, freq = 702023-01-26 15:56:30 frequency.c:1210:inc_freq_with_fixed_vco: [5] _POSTDIV1 = 7, _POSTDIV2 = 4, USER_DIV = 1, freq = 752023-01-26 15:56:32 frequency.c:1210:inc_freq_with_fixed_vco: [6] _POSTDIV1 = 5, _POSTDIV2 = 5, USER_DIV = 1, freq = 842023-01-26 15:56:34 frequency.c:1210:inc_freq_with_fixed_vco: [7] _POSTDIV1 = 6, _POSTDIV2 = 4, USER_DIV = 1, freq = 872023-01-26 15:56:36 frequency.c:1210:inc_freq_with_fixed_vco: [8] _POSTDIV1 = 7, _POSTDIV2 = 3, USER_DIV = 1, freq = 1002023-01-26 15:56:40 frequency.c:1210:inc_freq_with_fixed_vco: [9] _POSTDIV1 = 5, _POSTDIV2 = 4, USER_DIV = 1, freq = 1052023-01-26 15:56:45 frequency.c:1210:inc_freq_with_fixed_vco: [10] _POSTDIV1 = 6, _POSTDIV2 = 3, USER_DIV = 1, freq = 1162023-01-26 15:56:49 frequency.c:1210:inc_freq_with_fixed_vco: [11] _POSTDIV1 = 4, _POSTDIV2 = 4, USER_DIV = 1, freq = 1312023-01-26 15:56:54 frequency.c:1210:inc_freq_with_fixed_vco: [12] _POSTDIV1 = 5, _POSTDIV2 = 3, USER_DIV = 1, freq = 1402023-01-26 15:56:58 frequency.c:1210:inc_freq_with_fixed_vco: [13] _POSTDIV1 = 7, _POSTDIV2 = 2, USER_DIV = 1, freq = 1502023-01-26 15:57:06 frequency.c:1210:inc_freq_with_fixed_vco: [14] _POSTDIV1 = 4, _POSTDIV2 = 3, USER_DIV = 1, freq = 1752023-01-26 15:57:14 frequency.c:1210:inc_freq_with_fixed_vco: [15] _POSTDIV1 = 6, _POSTDIV2 = 2, USER_DIV = 1, freq = 1752023-01-26 15:57:22 frequency.c:1210:inc_freq_with_fixed_vco: [16] _POSTDIV1 = 5, _POSTDIV2 = 2, USER_DIV = 1, freq = 2102023-01-26 15:57:35 frequency.c:1210:inc_freq_with_fixed_vco: [17] _POSTDIV1 = 3, _POSTDIV2 = 3, USER_DIV = 1, freq = 2332023-01-26 15:57:47 frequency.c:1210:inc_freq_with_fixed_vco: [18] _POSTDIV1 = 4, _POSTDIV2 = 2, USER_DIV = 1, freq = 2622023-01-26 15:58:05 frequency.c:1210:inc_freq_with_fixed_vco: [19] _POSTDIV1 = 7, _POSTDIV2 = 1, USER_DIV = 1, freq = 3002023-01-26 15:58:30 frequency.c:1210:inc_freq_with_fixed_vco: [20] _POSTDIV1 = 3, _POSTDIV2 = 2, USER_DIV = 1, freq = 3502023-01-26 15:58:30 power_api.c:388:set_to_voltage_by_steps: Set to voltage raw 1840, step by step.2023-01-26 15:58:49 power_api.c:120:check_voltage_multi: retry time: 02023-01-26 15:58:50 power_api.c:56:_get_avg_voltage: an6 raw = 2.516129, factor = 1.0064522023-01-26 15:58:50 power_api.c:60:_get_avg_voltage: chain 1, an0 = 18.317949, an2 18.317949, an6 2.500000.2023-01-26 15:58:51 power_api.c:56:_get_avg_voltage: an6 raw = 2.512903, factor = 1.0051612023-01-26 15:58:51 power_api.c:60:_get_avg_voltage: chain 2, an0 = 18.243902, an2 18.390243, an6 2.500000.2023-01-26 15:58:51 power_api.c:85:_get_avg_voltage: average_voltage = 18.3540962023-01-26 15:58:51 power_api.c:106:check_voltage: target_vol = 18.40, actural_vol = 18.35, check voltage passed.2023-01-26 15:58:53 power_api.c:56:_get_avg_voltage: an6 raw = 2.516129, factor = 1.0064522023-01-26 15:58:53 power_api.c:60:_get_avg_voltage: chain 1, an0 = 18.317949, an2 18.317949, an6 2.500000.2023-01-26 15:58:54 power_api.c:56:_get_avg_voltage: an6 raw = 2.512903, factor = 1.0051612023-01-26 15:58:54 power_api.c:60:_get_avg_voltage: chain 2, an0 = 18.219512, an2 18.390243, an6 2.500000.2023-01-26 15:58:54 power_api.c:85:_get_avg_voltage: average_voltage = 18.3540962023-01-26 15:58:54 power_api.c:106:check_voltage: target_vol = 18.40, actural_vol = 18.35, check voltage passed.2023-01-26 15:59:26 frequency.c:1210:inc_freq_with_fixed_vco: [21] _POSTDIV1 = 6, _POSTDIV2 = 1, USER_DIV = 1, freq = 3502023-01-26 15:59:58 frequency.c:1210:inc_freq_with_fixed_vco: [22] _POSTDIV1 = 5, _POSTDIV2 = 1, USER_DIV = 1, freq = 4202023-01-26 16:00:39 frequency.c:1210:inc_freq_with_fixed_vco: [23] _POSTDIV1 = 4, _POSTDIV2 = 1, USER_DIV = 1, freq = 5252023-01-26 16:02:40 frequency.c:1210:inc_freq_with_fixed_vco: [24] _POSTDIV1 = 3, _POSTDIV2 = 1, USER_DIV = 1, freq = 7002023-01-26 16:02:40 power_api.c:388:set_to_voltage_by_steps: Set to voltage raw 1800, step by step.2023-01-26 16:02:57 power_api.c:120:check_voltage_multi: retry time: 02023-01-26 16:02:58 power_api.c:56:_get_avg_voltage: an6 raw = 2.516129, factor = 1.0064522023-01-26 16:02:58 power_api.c:60:_get_avg_voltage: chain 1, an0 = 17.903847, an2 17.903847, an6 2.500000.2023-01-26 16:02:59 power_api.c:56:_get_avg_voltage: an6 raw = 2.516129, factor = 1.0064522023-01-26 16:02:59 power_api.c:60:_get_avg_voltage: chain 2, an0 = 17.806411, an2 17.976924, an6 2.500000.2023-01-26 16:02:59 power_api.c:85:_get_avg_voltage: average_voltage = 17.9403852023-01-26 16:02:59 power_api.c:106:check_voltage: target_vol = 18.00, actural_vol = 17.94, check voltage passed.2023-01-26 16:03:01 power_api.c:56:_get_avg_voltage: an6 raw = 2.519355, factor = 1.0077422023-01-26 16:03:01 power_api.c:60:_get_avg_voltage: chain 1, an0 = 17.880921, an2 17.880921, an6 2.500000.2023-01-26 16:03:02 power_api.c:56:_get_avg_voltage: an6 raw = 2.512903, factor = 1.0051612023-01-26 16:03:02 power_api.c:60:_get_avg_voltage: chain 2, an0 = 17.829268, an2 17.999999, an6 2.500000.2023-01-26 16:03:02 power_api.c:85:_get_avg_voltage: average_voltage = 17.9404602023-01-26 16:03:02 power_api.c:106:check_voltage: target_vol = 18.00, actural_vol = 17.94, check voltage passed.2023-01-26 16:08:40 frequency.c:1231:inc_freq_with_fixed_step: chain = 1, freq_start = 700, freq_end = 700, freq_step = 5, is_higher_voltage = true2023-01-26 16:08:40 frequency.c:1231:inc_freq_with_fixed_step: chain = 2, freq_start = 700, freq_end = 700, freq_step = 5, is_higher_voltage = true2023-01-26 16:08:40 power_api.c:388:set_to_voltage_by_steps: Set to voltage raw 1790, step by step.2023-01-26 16:08:58 power_api.c:120:check_voltage_multi: retry time: 02023-01-26 16:08:59 power_api.c:56:_get_avg_voltage: an6 raw = 2.519355, factor = 1.0077422023-01-26 16:08:59 power_api.c:60:_get_avg_voltage: chain 1, an0 = 17.807938, an2 17.807938, an6 2.500000.2023-01-26 16:09:01 power_api.c:56:_get_avg_voltage: an6 raw = 2.516129, factor = 1.0064522023-01-26 16:09:01 power_api.c:60:_get_avg_voltage: chain 2, an0 = 17.708975, an2 17.879488, an6 2.500000.2023-01-26 16:09:01 power_api.c:85:_get_avg_voltage: average_voltage = 17.8437122023-01-26 16:09:01 power_api.c:106:check_voltage: target_vol = 17.90, actural_vol = 17.84, check voltage passed.2023-01-26 16:09:03 power_api.c:56:_get_avg_voltage: an6 raw = 2.519355, factor = 1.0077422023-01-26 16:09:03 power_api.c:60:_get_avg_voltage: chain 1, an0 = 17.783610, an2 17.783610, an6 2.500000.2023-01-26 16:09:04 power_api.c:56:_get_avg_voltage: an6 raw = 2.516129, factor = 1.0064522023-01-26 16:09:04 power_api.c:60:_get_avg_voltage: chain 2, an0 = 17.733334, an2 17.903847, an6 2.500000.2023-01-26 16:09:04 power_api.c:85:_get_avg_voltage: average_voltage = 17.8437282023-01-26 16:09:04 power_api.c:106:check_voltage: target_vol = 17.90, actural_vol = 17.84, check voltage passed.2023-01-26 16:09:04 frequency.c:1058:inc_asic_diff_freq_by_steps: chain = 1, start = 700, freq_step = 52023-01-26 16:09:05 frequency.c:1058:inc_asic_diff_freq_by_steps: chain = 2, start = 700, freq_step = 52023-01-26 16:09:08 driver-btm-api.c:743:set_timeout: freq 725 final timeout=1002023-01-26 16:09:08 power_api.c:268:set_higher_voltage_raw: higher_voltage_raw = 17902023-01-26 16:09:08 thread.c:1472:create_check_system_status_thread: create thread2023-01-26 16:09:08 driver-btm-api.c:2758:bitmain_soc_init: Init done!2023-01-26 16:09:08 driver-btm-api.c:222:set_miner_status: STATUS_INIT2023-01-26 16:09:12 driver-btm-api.c:222:set_miner_status: STATUS_OKAY2023-01-26 16:09:13 frequency.c:316:get_sale_hash_rate_GH: g_sale_hash_rate = 407042023-01-26 16:09:17 driver-btm-api.c:1539:dhash_chip_send_job: Version num 4.2023-01-26 16:09:17 driver-btm-api.c:1686:dhash_chip_send_job: stime.tv_sec 1674749357, block_ntime 16747493422023-01-26 16:39:17 thread.c:255:calc_hashrate_avg: avg rate is 41531.00 in 30 mins2023-01-26 16:39:17 temperature.c:529:temp_statistics_show:   pcb temp 26~55  chip temp 52~802023-01-26 17:09:18 thread.c:255:calc_hashrate_avg: avg rate is 41821.10 in 30 mins2023-01-26 17:09:18 temperature.c:529:temp_statistics_show:   pcb temp 26~55  chip temp 51~792023-01-26 17:39:19 thread.c:255:calc_hashrate_avg: avg rate is 41462.76 in 30 mins2023-01-26 17:39:19 temperature.c:529:temp_statistics_show:   pcb temp 26~55  chip temp 51~802023-01-26 18:09:20 thread.c:255:calc_hashrate_avg: avg rate is 41601.95 in 30 mins2023-01-26 18:09:20 temperature.c:529:temp_statistics_show:   pcb temp 27~55  chip temp 53~792023-01-26 18:39:21 thread.c:255:calc_hashrate_avg: avg rate is 41672.77 in 30 mins2023-01-26 18:39:21 temperature.c:529:temp_statistics_show:   pcb temp 28~54  chip temp 53~792023-01-26 19:09:23 thread.c:255:calc_hashrate_avg: avg rate is 41246.03 in 30 mins2023-01-26 19:09:23 temperature.c:529:temp_statistics_show:   pcb temp 30~55  chip temp 55~80",
      "score": 0,
      "upvotes": 0,
      "downvotes": 0
    },
    {
      "author": "Gabrics",
      "created_time": "January 26, 2023, 08:45:05 PM",
      "body": "Likely hardware issue. Needs repair center fixing which is questionable financially.",
      "score": 0,
      "upvotes": 0,
      "downvotes": 0
    },
    {
      "author": "BitMaxz",
      "created_time": "January 26, 2023, 09:42:29 PM",
      "body": "The first logs shows that the 3rd hashboard is 0 ASIC there might be a connection issue between the control board and the 3rd hashboard. The 2nd logs the 1st hashboard is 0 ASIC and possibly a connection issue.Do you mind to try to replace the 3rd hashboard from your first device and take the working hashboard from your 2nd device and let see if the issue is just a connection or if it's hashboard issue then update here.",
      "score": 0,
      "upvotes": 0,
      "downvotes": 0
    },
    {
      "author": "mustiko",
      "created_time": "January 26, 2023, 09:55:58 PM",
      "body": "thank you so much @BitMaxz I will post the update here in 7-8 hours because it's 2 am in our country right now.",
      "score": 0,
      "upvotes": 0,
      "downvotes": 0
    },
    {
      "author": "mustiko",
      "created_time": "January 27, 2023, 10:37:48 AM",
      "body": "hi @BitMaxz I installed a working hasboard on the 1st device, which I removed from the 2nd device, it successfully read the asics, but I got a soc init error?I tried to reset it but it still didn't work and when the device was starting up, the green and red lights were not flashing when it should have been.Code:device 1 3 working hash boardBooting Linux on physical CPU 0x0Linux version 4.6.0-xilinx-gff8137b-dirty (lzq@armdev2) (gcc version 4.8.3 20140320 (prerelease) (Sourcery CodeBench Lite 2014.05-23) ) #25 SMP PREEMPT Fri
Nov 23 15:30:52 CST 2018CPU: ARMv7 Processor [413fc090] revision 0 (ARMv7), cr=18c5387dCPU: PIPT / VIPT nonaliasing data cache, VIPT aliasing instruction cacheMachine model: Xilinx Zynqcma: Reserved 16 MiB at 0x0e000000Memory policy: Data cache writeallocOn node 0 totalpages: 61440free_area_init_node: node 0, pgdat c0b39280, node_mem_map cde10000  Normal zone: 480 pages used for memmap  Normal zone: 0 pages reserved  Normal zone: 61440 pages, LIFO batch:15percpu: Embedded 12 pages/cpu @cddf1000 s19776 r8192 d21184 u49152pcpu-alloc: s19776 r8192 d21184 u49152 alloc=12*4096pcpu-alloc: [0] 0 [0] 1 Built 1 zonelists in Zone order, mobility grouping on.  Total pages: 60960Kernel command line: mem=240M console=ttyPS0,115200 ramdisk_size=33554432 root=/dev/ram rw earlyprintkPID hash table entries: 1024 (order: 0, 4096 bytes)Dentry cache hash table entries: 32768 (order: 5, 131072 bytes)Inode-cache hash table entries: 16384 (order: 4, 65536 bytes)Memory: 203416K/245760K available (6345K kernel code, 231K rwdata, 1896K rodata, 1024K init, 223K bss, 25960K reserved, 16384K cma-reserved, 0K highmem)Virtual kernel memory layout:    vector  : 0xffff0000 - 0xffff1000   (   4 kB)    fixmap  : 0xffc00000 - 0xfff00000   (3072 kB)    vmalloc : 0xcf800000 - 0xff800000   ( 768 MB)    lowmem  : 0xc0000000 - 0xcf000000   ( 240 MB)    pkmap   : 0xbfe00000 - 0xc0000000   (   2 MB)    modules : 0xbf000000 - 0xbfe00000   (  14 MB)      .text : 0xc0008000 - 0xc090c424   (9234 kB)      .init : 0xc0a00000 - 0xc0b00000   (1024 kB)      .data : 0xc0b00000 - 0xc0b39fe0   ( 232 kB)       .bss : 0xc0b39fe0 - 0xc0b71c28   ( 224 kB)Preemptible hierarchical RCU implementation. Build-time adjustment of leaf fanout to 32. RCU restricting CPUs from NR_CPUS=4 to nr_cpu_ids=2.RCU: Adjusting geometry for rcu_fanout_leaf=32, nr_cpu_ids=2NR_IRQS:16 nr_irqs:16 16efuse mapped to cf800000ps7-slcr mapped to cf802000L2C: platform modifies aux control register: 0x72360000 -> 0x72760000L2C: DT/platform modifies aux control register: 0x72360000 -> 0x72760000L2C-310 erratum 769419 enabledL2C-310 enabling early BRESP for Cortex-A9L2C-310 full line of zeros enabled for Cortex-A9L2C-310 ID prefetch enabled, offset 1 linesL2C-310 dynamic clock gating enabled, standby mode enabledL2C-310 cache controller enabled, 8 ways, 512 kBL2C-310: CACHE_ID 0x410000c8, AUX_CTRL 0x76760001zynq_clock_init: clkc starts at cf802100Zynq clock initsched_clock: 64 bits at 333MHz, resolution 3ns, wraps every 4398046511103nsclocksource: arm_global_timer: mask: 0xffffffffffffffff max_cycles: 0x4ce07af025, max_idle_ns: 440795209040 nsSwitching to timer-based delay loop, resolution 3nsclocksource: ttc_clocksource: mask: 0xffff max_cycles: 0xffff, max_idle_ns: 537538477 nsps7-ttc #0 at cf80a000, irq=18Console: colour dummy device 80x30Calibrating delay loop (skipped), value calculated using timer frequency.. 666.66 BogoMIPS (lpj=3333333)pid_max: default: 32768 minimum: 301Mount-cache hash table entries: 1024 (order: 0, 4096 bytes)Mountpoint-cache hash table entries: 1024 (order: 0, 4096 bytes)CPU: Testing write buffer coherency: okCPU0: thread -1, cpu 0, socket 0, mpidr 80000000Setting up static identity map for 0x100000 - 0x100058CPU1: failed to boot: -1Brought up 1 CPUsSMP: Total of 1 processors activated (666.66 BogoMIPS).CPU: All CPU(s) started in SVC mode.devtmpfs: initializedVFP support v0.3: implementor 41 architecture 3 part 30 variant 9 rev 4clocksource: jiffies: mask: 0xffffffff max_cycles: 0xffffffff, max_idle_ns: 19112604462750000 nspinctrl core: initialized pinctrl subsystemNET: Registered protocol family 16DMA: preallocated 256 KiB pool for atomic coherent allocationscpuidle: using governor menuhw-breakpoint: found 5 (+1 reserved) breakpoint and 1 watchpoint registers.hw-breakpoint: maximum watchpoint size is 4 bytes.zynq-ocm f800c000.ps7-ocmc: ZYNQ OCM pool: 256 KiB @ 0xcf880000vgaarb: loadedSCSI subsystem initializedusbcore: registered new interface driver usbfsusbcore: registered new interface driver hubusbcore: registered new device driver usbmedia: Linux media interface: v0.10Linux video capture interface: v2.00pps_core: LinuxPPS API ver. 1 registeredpps_core: Software ver. 5.3.6 - Copyright 2005-2007 Rodolfo Giometti <giometti@linux.it>PTP clock support registeredEDAC MC: Ver: 3.0.0Advanced Linux Sound Architecture Driver Initialized.clocksource: Switched to clocksource arm_global_timerNET: Registered protocol family 2TCP established hash table entries: 2048 (order: 1, 8192 bytes)TCP bind hash table entries: 2048 (order: 2, 16384 bytes)TCP: Hash tables configured (established 2048 bind 2048)UDP hash table entries: 256 (order: 1, 8192 bytes)UDP-Lite hash table entries: 256 (order: 1, 8192 bytes)NET: Registered protocol family 1RPC: Registered named UNIX socket transport module.RPC: Registered udp transport module.RPC: Registered tcp transport module.RPC: Registered tcp NFSv4.1 backchannel transport module.PCI: CLS 0 bytes, default 64Trying to unpack rootfs image as initramfs...rootfs image is not initramfs (no cpio magic); looks like an initrdFreeing initrd memory: 12920K (cce62000 - cdb00000)hw perfevents: enabled with armv7_cortex_a9 PMU driver, 7 counters availablefutex hash table entries: 512 (order: 3, 32768 bytes)workingset: timestamp_bits=28 max_order=16 bucket_order=0jffs2: version 2.2. (NAND) (SUMMARY)  © 2001-2006 Red Hat, Inc.io scheduler noop registeredio scheduler deadline registeredio scheduler cfq registered (default)dma-pl330 f8003000.ps7-dma: Loaded driver for PL330 DMAC-241330dma-pl330 f8003000.ps7-dma:  DBUFF-128x8bytes Num_Chans-8 Num_Peri-4 Num_Events-16e0000000.serial: ttyPS0 at MMIO 0xe0000000 (irq = 158, base_baud = 6249999) is a xuartpsconsole [ttyPS0] enabledxdevcfg f8007000.ps7-dev-cfg: ioremap 0xf8007000 to cf86e000[drm] Initialized drm 1.1.0 20060810brd: module loadedloop: module loadedCAN device driver interfacegpiod_set_value: invalid GPIOlibphy: MACB_mii_bus: probedmacb e000b000.ethernet eth0: Cadence GEM rev 0x00020118 at 0xe000b000 irq 31 (00:0a:35:00:00:00)Generic PHY e000b000.etherne:00: attached PHY driver [Generic PHY] (mii_bus:phy_addr=e000b000.etherne:00, irq=-1)e1000e: Intel(R) PRO/1000 Network Driver - 3.2.6-ke1000e: Copyright(c) 1999 - 2015 Intel Corporation.ehci_hcd: USB 2.0 'Enhanced' Host Controller (EHCI) Driverehci-pci: EHCI PCI platform driverusbcore: registered new interface driver usb-storagemousedev: PS/2 mouse device common for all micei2c /dev entries driverXilinx Zynq CpuIdle Driver startedsdhci: Secure Digital Host Controller Interface driversdhci: Copyright(c) Pierre Ossmansdhci-pltfm: SDHCI platform and OF driver helpermmc0: SDHCI controller on e0100000.ps7-sdio [e0100000.ps7-sdio] using ADMAledtrig-cpu: registered to indicate activity on CPUsusbcore: registered new interface driver usbhidusbhid: USB HID core drivernand: device found, Manufacturer ID: 0x2c, Chip ID: 0xdanand: Micron MT29F2G08ABAEAWPnand: 256 MiB, SLC, erase size: 128 KiB, page size: 2048, OOB size: 64nand: WARNING: pl35x-nand: the ECC used on your system is too weak compared to the one required by the NAND chipBad block table found at page 131008, version 0x01Bad block table found at page 130944, version 0x01nand_read_bbt: bad block at 0x000002420000nand_read_bbt: bad block at 0x000002440000nand_read_bbt: bad block at 0x0000024600006 ofpart partitions found on MTD device pl35x-nandCreating 6 MTD partitions on \"pl35x-nand\":0x000000000000-0x000002800000 : \"BOOT.bin-env-dts-kernel\"0x000002800000-0x000004800000 : \"ramfs\"0x000004800000-0x000005000000 : \"configs\"0x000005000000-0x000006000000 : \"reserve\"0x000006000000-0x000008000000 : \"ramfs-bak\"0x000008000000-0x000010000000 : \"reserve1\"NET: Registered protocol family 10sit: IPv6 over IPv4 tunneling driverNET: Registered protocol family 17can: controller area network core (rev 20120528 abi 9)NET: Registered protocol family 29can: raw protocol (rev 20120528)can: broadcast manager protocol (rev 20120528 t)can: netlink gateway (rev 20130117) max_hops=1zynq_pm_ioremap: no compatible node found for 'xlnx,zynq-ddrc-a05'zynq_pm_late_init: Unable to map DDRC IO memory.Registering SWP/SWPB emulation handlerhctosys: unable to open rtc device (rtc0)ALSA device list:  No soundcards found.RAMDISK: gzip image found at block 0EXT4-fs (ram0): couldn't mount as ext3 due to feature incompatibilitiesEXT4-fs (ram0): mounted filesystem without journal. Opts: (null)VFS: Mounted root (ext4 filesystem) on device 1:0.devtmpfs: mountedFreeing unused kernel memory: 1024K (c0a00000 - c0b00000)EXT4-fs (ram0): re-mounted. Opts: block_validity,delalloc,barrier,user_xattrrandom: dd urandom read with 0 bits of entropy availableubi0: attaching mtd2ubi0: scanning is finishedubi0: attached mtd2 (name \"configs\", size 8 MiB)ubi0: PEB size: 131072 bytes (128 KiB), LEB size: 126976 bytesubi0: min./max. I/O unit sizes: 2048/2048, sub-page size 2048ubi0: VID header offset: 2048 (aligned 2048), data offset: 4096ubi0: good PEBs: 64, bad PEBs: 0, corrupted PEBs: 0ubi0: user volume: 1, internal volumes: 1, max. volumes count: 128ubi0: max/mean erase counter: 50/22, WL threshold: 4096, image sequence number: 4094950973ubi0: available PEBs: 0, total reserved PEBs: 64, PEBs reserved for bad PEB handling: 40ubi0: background thread \"ubi_bgt0d\" started, PID 708UBIFS (ubi0:0): background thread \"ubifs_bgt0_0\" started, PID 711UBIFS (ubi0:0): recovery neededUBIFS (ubi0:0): recovery completedUBIFS (ubi0:0): UBIFS: mounted UBI device 0, volume 0, name \"configs\"UBIFS (ubi0:0): LEB size: 126976 bytes (124 KiB), min./max. I/O unit sizes: 2048 bytes/2048 bytesUBIFS (ubi0:0): FS size: 1396736 bytes (1 MiB, 11 LEBs), journal size 888833 bytes (0 MiB, 5 LEBs)UBIFS (ubi0:0): reserved for root: 65970 bytes (64 KiB)UBIFS (ubi0:0): media format: w4/r0 (latest is w4/r0), UUID AB4DF95D-52A4-419D-B203-FC91BE96E568, small LPT modelubi1: attaching mtd5ubi1: scanning is finishedubi1: attached mtd5 (name \"reserve1\", size 128 MiB)ubi1: PEB size: 131072 bytes (128 KiB), LEB size: 126976 bytesubi1: min./max. I/O unit sizes: 2048/2048, sub-page size 2048ubi1: VID header offset: 2048 (aligned 2048), data offset: 4096ubi1: good PEBs: 1020, bad PEBs: 4, corrupted PEBs: 0ubi1: user volume: 1, internal volumes: 1, max. volumes count: 128ubi1: max/mean erase counter: 1696/411, WL threshold: 4096, image sequence number: 897013664ubi1: available PEBs: 0, total reserved PEBs: 1020, PEBs reserved for bad PEB handling: 36ubi1: background thread \"ubi_bgt1d\" started, PID 720UBIFS (ubi1:0): background thread \"ubifs_bgt1_0\" started, PID 723UBIFS (ubi1:0): recovery neededUBIFS (ubi1:0): recovery completedUBIFS (ubi1:0): UBIFS: mounted UBI device 1, volume 0, name \"reserve1\"UBIFS (ubi1:0): LEB size: 126976 bytes (124 KiB), min./max. I/O unit sizes: 2048 bytes/2048 bytesUBIFS (ubi1:0): FS size: 123039744 bytes (117 MiB, 969 LEBs), journal size 6221824 bytes (5 MiB, 49 LEBs)UBIFS (ubi1:0): reserved for root: 4952683 bytes (4836 KiB)UBIFS (ubi1:0): media format: w4/r0 (latest is w4/r0), UUID 677AE791-6FAE-4607-ADCA-D4F602F30476, small LPT modelIPv6: ADDRCONF(NETDEV_UP): eth0: link is not readyIPv6: ADDRCONF(NETDEV_UP): eth0: link is not readymacb e000b000.ethernet eth0: unable to generate target frequency: 25000000 Hzmacb e000b000.ethernet eth0: link up (100/Full)IPv6: ADDRCONF(NETDEV_CHANGE): eth0: link becomes readyIn axi fpga driver!request_mem_region OK!AXI fpga dev virtual address is 0xcfb38000*base_vir_addr = 0xb023In fpga mem driver!request_mem_region OK!fpga mem virtual address is 0xd20000002023-01-27 10:04:07 driver-btm-api.c:762:init_freq_mode: This is scan-user version2023-01-27 10:04:07 driver-btm-api.c:2553:bitmain_soc_init: opt_multi_version     = 12023-01-27 10:04:07 driver-btm-api.c:2554:bitmain_soc_init: opt_bitmain_ab        = 12023-01-27 10:04:07 driver-btm-api.c:2555:bitmain_soc_init: opt_bitmain_work_mode = 02023-01-27 10:04:07 driver-btm-api.c:2556:bitmain_soc_init: Miner compile time: Tue Jun  2 10:11:10 CST 2020 type: Antminer T17+2023-01-27 10:04:07 driver-btm-api.c:2557:bitmain_soc_init: commit version: 9e9a5bf 2020-06-01 18:48:14, build by: lol 2020-06-02 10:21:502023-01-27 10:04:07 driver-btm-api.c:2180:show_sn: 80404d0c2b10481c�\u001a72023-01-27 10:04:07 driver-btm-api.c:2237:handle_sn_for_factory_mode: read sn success, 80404d0c2b10481c�\u001a72023-01-27 10:04:07 fan.c:263:front_fan_power_on: Note: front fan is power on!2023-01-27 10:04:07 fan.c:273:rear_fan_power_on: Note: rear fan is power on!2023-01-27 10:04:07 driver-btm-api.c:1357:miner_device_init: Detect 256MB control board of XILINX2023-01-27 10:04:07 driver-btm-api.c:1298:init_fan_parameter: fan_eft : 0  fan_pwm : 02023-01-27 10:04:13 driver-btm-api.c:1281:init_miner_version: miner ID : 80404d0c2b10481c2023-01-27 10:04:13 driver-btm-api.c:1287:init_miner_version: FPGA Version = 0xB0232023-01-27 10:04:18 driver-btm-api.c:814:get_product_id: product_id[0] = 02023-01-27 10:04:18 driver-btm-api.c:814:get_product_id: product_id[1] = 02023-01-27 10:04:18 driver-btm-api.c:814:get_product_id: product_id[2] = 02023-01-27 10:04:18 driver-btm-api.c:845:get_chip_version: chip_version[0] = 12023-01-27 10:04:18 driver-btm-api.c:845:get_chip_version: chip_version[1] = 12023-01-27 10:04:18 driver-btm-api.c:845:get_chip_version: chip_version[2] = 12023-01-27 10:04:18 driver-btm-api.c:2293:update_conf_by_power_feedback: Power feedback is disabled2023-01-27 10:04:18 driver-btm-api.c:2269:get_calibration_voltage: calibration voltage is error data.2023-01-27 10:04:18 driver-btm-api.c:2327:update_conf_by_power_feedback: Note: no calibration voltage, default diff = 02023-01-27 10:04:18 frequency.c:1389:adjust_higer_max_vol_table: adjust_higer_max_vol_table, ideal_hashrate = 62695, index = 4, adjust_vol = 02023-01-27 10:04:18 thread.c:1462:create_read_nonce_reg_thread: create thread2023-01-27 10:04:24 driver-btm-api.c:1281:init_miner_version: miner ID : 80404d0c2b10481c2023-01-27 10:04:24 driver-btm-api.c:1287:init_miner_version: FPGA Version = 0xB0232023-01-27 10:04:30 driver-btm-api.c:814:get_product_id: product_id[0] = 02023-01-27 10:04:30 driver-btm-api.c:814:get_product_id: product_id[1] = 02023-01-27 10:04:30 driver-btm-api.c:814:get_product_id: product_id[2] = 02023-01-27 10:04:30 driver-btm-api.c:845:get_chip_version: chip_version[0] = 12023-01-27 10:04:30 driver-btm-api.c:845:get_chip_version: chip_version[1] = 12023-01-27 10:04:30 driver-btm-api.c:845:get_chip_version: chip_version[2] = 12023-01-27 10:04:30 driver-btm-api.c:1944:get_ccdly_opt: ccdly_opt[0] = 02023-01-27 10:04:30 driver-btm-api.c:1944:get_ccdly_opt: ccdly_opt[1] = 02023-01-27 10:04:30 driver-btm-api.c:1944:get_ccdly_opt: ccdly_opt[2] = 02023-01-27 10:04:30 driver-btm-api.c:2439:bitmain_board_init: g_ccdly_opt = 02023-01-27 10:04:30 driver-btm-api.c:775:_set_project_type: project:0, set to T17Plus always2023-01-27 10:04:30 driver-btm-api.c:790:_set_project_type: Project type: Antminer T17+2023-01-27 10:04:30 driver-btm-api.c:801:dump_pcb_bom_version: Chain [0] PCB Version: 0x01002023-01-27 10:04:30 driver-btm-api.c:802:dump_pcb_bom_version: Chain [0] BOM Version: 0x01002023-01-27 10:04:30 driver-btm-api.c:801:dump_pcb_bom_version: Chain [1] PCB Version: 0x01002023-01-27 10:04:30 driver-btm-api.c:802:dump_pcb_bom_version: Chain [1] BOM Version: 0x01002023-01-27 10:04:30 driver-btm-api.c:801:dump_pcb_bom_version: Chain [2] PCB Version: 0x01002023-01-27 10:04:30 driver-btm-api.c:802:dump_pcb_bom_version: Chain [2] BOM Version: 0x01002023-01-27 10:04:31 driver-btm-api.c:2461:bitmain_board_init: Fan check passed.2023-01-27 10:04:32 board.c:36:jump_and_app_check_restore_pic: chain[0] PIC jump to app2023-01-27 10:04:34 board.c:40:jump_and_app_check_restore_pic: Check chain[0] PIC fw version=0x882023-01-27 10:04:35 board.c:36:jump_and_app_check_restore_pic: chain[1] PIC jump to app2023-01-27 10:04:37 board.c:40:jump_and_app_check_restore_pic: Check chain[1] PIC fw version=0x882023-01-27 10:04:38 board.c:36:jump_and_app_check_restore_pic: chain[2] PIC jump to app2023-01-27 10:04:40 board.c:40:jump_and_app_check_restore_pic: Check chain[2] PIC fw version=0x882023-01-27 10:04:40 thread.c:1457:create_pic_heart_beat_thread: create thread2023-01-27 10:04:42 power_api.c:231:power_init: power type version: 0x00422023-01-27 10:04:42 power_api.c:249:power_init: Power init:2023-01-27 10:04:42 power_api.c:250:power_init: current_voltage_raw = 02023-01-27 10:04:42 power_api.c:251:power_init: highest_voltage_raw = 19502023-01-27 10:04:42 power_api.c:252:power_init: working_voltage_raw = 19002023-01-27 10:04:42 power_api.c:253:power_init: higher_voltage_raw  = 19302023-01-27 10:04:42 power_api.c:254:power_init: check_asic_voltage_raw  = 20002023-01-27 10:04:42 driver-btm-api.c:2471:bitmain_board_init: Enter 30s sleep to make sure power release finish.2023-01-27 10:04:42 power_api.c:218:power_off: init gpio9072023-01-27 10:04:42 power_api.c:221:power_off: set gpio907 to 12023-01-27 10:05:13 power_api.c:206:power_on: set gpio907 to 02023-01-27 10:05:14 power_api.c:388:set_to_voltage_by_steps: Set to voltage raw 1850, step by step.2023-01-27 10:05:32 power_api.c:120:check_voltage_multi: retry time: 02023-01-27 10:05:33 power_api.c:56:_get_avg_voltage: an6 raw = 2.519355, factor = 1.0077422023-01-27 10:05:33 power_api.c:60:_get_avg_voltage: chain 0, an0 = 0.583867, an2 18.586427, an6 2.500000.2023-01-27 10:05:34 power_api.c:56:_get_avg_voltage: an6 raw = 2.522581, factor = 1.0090322023-01-27 10:05:34 power_api.c:60:_get_avg_voltage: chain 1, an0 = 0.583120, an2 18.514067, an6 2.500000.2023-01-27 10:05:35 power_api.c:56:_get_avg_voltage: an6 raw = 2.522581, factor = 1.0090322023-01-27 10:05:35 power_api.c:60:_get_avg_voltage: chain 2, an0 = 0.534527, an2 18.562660, an6 2.500000.2023-01-27 10:05:35 power_api.c:85:_get_avg_voltage: average_voltage = 18.5543842023-01-27 10:05:35 power_api.c:106:check_voltage: target_vol = 18.50, actural_vol = 18.55, check voltage passed.2023-01-27 10:05:37 power_api.c:56:_get_avg_voltage: an6 raw = 2.519355, factor = 1.0077422023-01-27 10:05:37 power_api.c:60:_get_avg_voltage: chain 0, an0 = 0.583867, an2 18.586427, an6 2.500000.2023-01-27 10:05:38 power_api.c:56:_get_avg_voltage: an6 raw = 2.522581, factor = 1.0090322023-01-27 10:05:38 power_api.c:60:_get_avg_voltage: chain 1, an0 = 0.583120, an2 18.514067, an6 2.500000.2023-01-27 10:05:40 power_api.c:56:_get_avg_voltage: an6 raw = 2.522581, factor = 1.0090322023-01-27 10:05:40 power_api.c:60:_get_avg_voltage: chain 2, an0 = 0.534527, an2 18.562660, an6 2.500000.2023-01-27 10:05:40 power_api.c:85:_get_avg_voltage: average_voltage = 18.5543842023-01-27 10:05:40 power_api.c:106:check_voltage: target_vol = 18.50, actural_vol = 18.55, check voltage passed.2023-01-27 10:05:40 uart.c:81:set_baud: set fpga_baud = 115200, fpga_divider = 262023-01-27 10:05:49 driver-btm-api.c:1162:check_asic_number_with_power_on: Chain[0]: find 44 asic, times 02023-01-27 10:05:57 driver-btm-api.c:1162:check_asic_number_with_power_on: Chain[1]: find 44 asic, times 02023-01-27 10:06:06 driver-btm-api.c:1162:check_asic_number_with_power_on: Chain[2]: find 44 asic, times 02023-01-27 10:06:12 driver-btm-api.c:425:set_order_clock: chain[0]: set order clock, stragegy 3 clock_en=0x12023-01-27 10:06:12 driver-btm-api.c:425:set_order_clock: chain[1]: set order clock, stragegy 3 clock_en=0x12023-01-27 10:06:12 driver-btm-api.c:425:set_order_clock: chain[2]: set order clock, stragegy 3 clock_en=0x12023-01-27 10:06:12 driver-btm-api.c:1931:get_core_clock_delay_setting: PWTH_SEL 3, CCDLY_SEL 02023-01-27 10:06:12 driver-hash-chip.c:502:set_clock_delay_control: core_data = 0x342023-01-27 10:06:12 driver-btm-api.c:1972:check_clock_counter: freq 50 clock_counter_limit 62023-01-27 10:06:35 voltage[0] = 17702023-01-27 10:06:35 voltage[1] = 17802023-01-27 10:06:35 voltage[2] = 17702023-01-27 10:06:35 Voltage are different. Will exit.2023-01-27 10:06:35 driver-btm-api.c:222:set_miner_status: ERROR_SOC_INIT2023-01-27 10:06:35 driver-btm-api.c:156:stop_mining: stop mining: soc init failed!2023-01-27 10:06:35 thread.c:1502:cancel_read_nonce_reg_thread: cancel thread2023-01-27 10:06:35 driver-btm-api.c:142:killall_hashboard: ****power off hashboard****",
      "score": 0,
      "upvotes": 0,
      "downvotes": 0
    },
    {
      "author": "BitMaxz",
      "created_time": "January 27, 2023, 11:34:49 PM",
      "body": "Now it's reading fine now all ASIC are alive it means that your hashboard has a problemAbout the soc init error it is due to incompatibility because replacing a hashboard always required a tool called Hashboard code editor/ EEPROM editor.All hashboard should match or should be the same like power, frequencies, and serial numbers. Since you don't have a Hashboard code editor I suggest burn a BraiinsOS and boot it into that miner to test if all hashboard is working fine. Braiins OS can bypass it even if they do have different EEPROM data.",
      "score": 0,
      "upvotes": 0,
      "downvotes": 0
    },
    {
      "author": "mustiko",
      "created_time": "January 28, 2023, 01:32:32 AM",
      "body": "Hi BitMaxz, I washed the hashboards again with cellulosic thinner before installing them and interestingly I didn't get 0 asic error on the hashboard, it read 44 asic but I got a heat sensor error. and i reset the device and after reset i got 0 asic error againWhy could something like this happen? I couldn't get the code because I reset it",
      "score": 0,
      "upvotes": 0,
      "downvotes": 0
    },
    {
      "author": "BitMaxz",
      "created_time": "January 29, 2023, 11:58:36 PM",
      "body": "Quote from: mustiko on January 28, 2023, 01:32:32 AMHi BitMaxz, I washed the hashboards again with cellulosic thinner before installing them and interestingly I didn't get 0 asic error on the hashboard, it read 44 asic but I got a heat sensor error. and i reset the device and after reset i got 0 asic error againWhy could something like this happen? I couldn't get the code because I reset itSo every time you clean it with thinner it works again but after reset it is gone. There might something on the hashboard that needs to replace or remove. I suggest check the test points from this guide below and if you have multimeter you must check the voltage value of test points if they are normal.- https://www.zeusbtc.com/manuals/Antminer-T17-plus-Hash-Board-Repair-Guide.asp",
      "score": 0,
      "upvotes": 0,
      "downvotes": 0
    }
  ]
}