{
  "id": "topic_5460818",
  "title": "BlazinaBits",
  "author": "BlazinaBits",
  "created_time": "July 23, 2023, 07:35:09 PM",
  "content": "I just bought a used S9,it seems to have some problems:- When it starts up after about 30 seconds the red light turns on and stays solid (doesnt blink and green light stays off)- I can find the IP and log into the thing but when I put my slushpool info in, it never loads or shows on slushpool- I have re-booted, re-started, and flashed the firmware multiple times. When i do sometimes the IP doesnt show back up and i have to unplug and plug back in, and sometimes the IP shows up but the Antminer OS is all glitchy and doesnt load half the info and pages.If you have any ideas for me to try let me know!",
  "score": 0,
  "upvotes": 0,
  "downvotes": 0,
  "url": "https://bitcointalk.org/index.php?topic=5460818",
  "comments": [
    {
      "author": "BitMaxz",
      "created_time": "July 24, 2023, 12:14:11 AM",
      "body": "Can you still access the IP through the browser and log in?Would you mind to copy the kernel logs and share them here so that we can analyze them and maybe we can see the issue under your logs?But if you can access the IP but it's glitchy then try to flash it through SD card flashing you can follow this guide below- https://www.zeusbtc.com/articles/asic-miner-troubleshooting/1184-s9-series-s9-s9i-s9j-s9-hydro-control-board-program-recovery",
      "score": 0,
      "upvotes": 0,
      "downvotes": 0
    },
    {
      "author": "ZeusBtc.com",
      "created_time": "July 24, 2023, 02:14:48 AM",
      "body": "Maybe you can try reset to fix the problem, or check here for more suggestions.https://www.reddit.com/r/BitcoinMining/comments/10f8wfz/antminer_s9_long_red_light_fault_only/",
      "score": 0,
      "upvotes": 0,
      "downvotes": 0
    },
    {
      "author": "BlazinaBits",
      "created_time": "July 24, 2023, 10:08:57 AM",
      "body": "[    0.000000] Booting Linux on physical CPU 0x0[    0.000000] Linux version 3.14.0-xilinx-ga36f3af-dirty (lzq@ubuntu) (gcc version 4.8.3 20140320 (prerelease) (Sourcery CodeBench Lite 2014.05-23) ) #90 SMP PREEMPT Thu Jun 20 15:01:47 CST 2019[    0.000000] CPU: ARMv7 Processor [413fc090] revision 0 (ARMv7), cr=18c5387d[    0.000000] CPU: PIPT / VIPT nonaliasing data cache, VIPT aliasing instruction cache[    0.000000] Machine model: Xilinx Zynq[    0.000000] cma: CMA: reserved 128 MiB at 16800000[    0.000000] Memory policy: Data cache writealloc[    0.000000] On node 0 totalpages: 126976[    0.000000] free_area_init_node: node 0, pgdat c075a640, node_mem_map debd8000[    0.000000]   Normal zone: 992 pages used for memmap[    0.000000]   Normal zone: 0 pages reserved[    0.000000]   Normal zone: 126976 pages, LIFO batch:31[    0.000000] PERCPU: Embedded 8 pages/cpu @debc1000 s9344 r8192 d15232 u32768[    0.000000] pcpu-alloc: s9344 r8192 d15232 u32768 alloc=8*4096[    0.000000] pcpu-alloc:  0  1 [    0.000000] Built 1 zonelists in Zone order, mobility grouping on.  Total pages: 125984[    0.000000] Kernel command line: noinitrd mem=496M console=ttyPS0,115200 root=ubi0:rootfs ubi.mtd=1 rootfstype=ubifs rw rootwait[    0.000000] PID hash table entries: 2048 (order: 1, 8192 bytes)[    0.000000] Dentry cache hash table entries: 65536 (order: 6, 262144 bytes)[    0.000000] Inode-cache hash table entries: 32768 (order: 5, 131072 bytes)[    0.000000] Memory: 364252K/507904K available (5094K kernel code, 292K rwdata, 1948K rodata, 209K init, 259K bss, 143652K reserved, 0K highmem)[    0.000000] Virtual kernel memory layout:[    0.000000]     vector  : 0xffff0000 - 0xffff1000   (   4 kB)[    0.000000]     fixmap  : 0xfff00000 - 0xfffe0000   ( 896 kB)[    0.000000]     vmalloc : 0xdf800000 - 0xff000000   ( 504 MB)[    0.000000]     lowmem  : 0xc0000000 - 0xdf000000   ( 496 MB)[    0.000000]     pkmap   : 0xbfe00000 - 0xc0000000   (   2 MB)[    0.000000]     modules : 0xbf000000 - 0xbfe00000   (  14 MB)[    0.000000]       .text : 0xc0008000 - 0xc06e8cf4   (7044 kB)[    0.000000]       .init : 0xc06e9000 - 0xc071d480   ( 210 kB)[    0.000000]       .data : 0xc071e000 - 0xc0767058   ( 293 kB)[    0.000000]        .bss : 0xc0767064 - 0xc07a7d64   ( 260 kB)[    0.000000] Preemptible hierarchical RCU implementation.[    0.000000]    Dump stacks of tasks blocking RCU-preempt GP.[    0.000000]    RCU restricting CPUs from NR_CPUS=4 to nr_cpu_ids=2.[    0.000000] RCU: Adjusting geometry for rcu_fanout_leaf=16, nr_cpu_ids=2[    0.000000] NR_IRQS:16 nr_irqs:16 16[    0.000000] ps7-slcr mapped to df802000[    0.000000] zynq_clock_init: clkc starts at df802100[    0.000000] Zynq clock init[    0.000014] sched_clock: 64 bits at 333MHz, resolution 3ns, wraps every 3298534883328ns[    0.000294] ps7-ttc #0 at df804000, irq=43[    0.000592] Console: colour dummy device 80x30[    0.000622] Calibrating delay loop... 1332.01 BogoMIPS (lpj=6660096)[    0.090244] pid_max: default: 32768 minimum: 301[    0.090455] Mount-cache hash table entries: 1024 (order: 0, 4096 bytes)[    0.090474] Mountpoint-cache hash table entries: 1024 (order: 0, 4096 bytes)[    0.092645] CPU: Testing write buffer coherency: ok[    0.092960] CPU0: thread -1, cpu 0, socket 0, mpidr 80000000[    0.093017] Setting up static identity map for 0x4d3ec0 - 0x4d3f18[    0.093237] L310 cache controller enabled[    0.093256] l2x0: 8 ways, CACHE_ID 0x410000c8, AUX_CTRL 0x72760000, Cache size: 512 kB[    0.170987] CPU1: Booted secondary processor[    0.260221] CPU1: thread -1, cpu 1, socket 0, mpidr 80000001[    0.260349] Brought up 2 CPUs[    0.260368] SMP: Total of 2 processors activated.[    0.260377] CPU: All CPU(s) started in SVC mode.[    0.261036] devtmpfs: initialized[    0.263483] VFP support v0.3: implementor 41 architecture 3 part 30 variant 9 rev 4[    0.264671] regulator-dummy: no parameters[    0.272058] NET: Registered protocol family 16[    0.274342] DMA: preallocated 256 KiB pool for atomic coherent allocations[    0.276615] cpuidle: using governor ladder[    0.276628] cpuidle: using governor menu[    0.283999] syscon f8000000.ps7-slcr: regmap [mem 0xf8000000-0xf8000fff] registered[    0.285522] hw-breakpoint: found 5 (+1 reserved) breakpoint and 1 watchpoint registers.[    0.285535] hw-breakpoint: maximum watchpoint size is 4 bytes.[    0.285643] zynq-ocm f800c000.ps7-ocmc: ZYNQ OCM pool: 256 KiB @ 0xdf880000[    0.308005] bio: create slab <bio-0> at 0[    0.309401] vgaarb: loaded[    0.310097] SCSI subsystem initialized[    0.311502] usbcore: registered new interface driver usbfs[    0.311688] usbcore: registered new interface driver hub[    0.311916] usbcore: registered new device driver usb[    0.312441] media: Linux media interface: v0.10[    0.312598] Linux video capture interface: v2.00[    0.312839] pps_core: LinuxPPS API ver. 1 registered[    0.312850] pps_core: Software ver. 5.3.6 - Copyright 2005-2007 Rodolfo Giometti <giometti@linux.it>[    0.312972] PTP clock support registered[    0.313323] EDAC MC: Ver: 3.0.0[    0.314381] Advanced Linux Sound Architecture Driver Initialized.[    0.317110] DMA-API: preallocated 4096 debug entries[    0.317123] DMA-API: debugging enabled by kernel config[    0.317191] Switched to clocksource arm_global_timer[    0.337811] NET: Registered protocol family 2[    0.338456] TCP established hash table entries: 4096 (order: 2, 16384 bytes)[    0.338513] TCP bind hash table entries: 4096 (order: 3, 32768 bytes)[    0.338598] TCP: Hash tables configured (established 4096 bind 4096)[    0.338642] TCP: reno registered[    0.338659] UDP hash table entries: 256 (order: 1, 8192 bytes)[    0.338689] UDP-Lite hash table entries: 256 (order: 1, 8192 bytes)[    0.338925] NET: Registered protocol family 1[    0.339248] RPC: Registered named UNIX socket transport module.[    0.339260] RPC: Registered udp transport module.[    0.339268] RPC: Registered tcp transport module.[    0.339276] RPC: Registered tcp NFSv4.1 backchannel transport module.[    0.339288] PCI: CLS 0 bytes, default 64[    0.339711] hw perfevents: enabled with ARMv7 Cortex-A9 PMU driver, 7 counters available[    0.341682] futex hash table entries: 512 (order: 3, 32768 bytes)[    0.343712] jffs2: version 2.2. (NAND) © 2001-2006 Red Hat, Inc.[    0.343911] msgmni has been set to 967[    0.344672] io scheduler noop registered[    0.344684] io scheduler deadline registered[    0.344724] io scheduler cfq registered (default)[    0.356625] dma-pl330 f8003000.ps7-dma: Loaded driver for PL330 DMAC-2364208[    0.356645] dma-pl330 f8003000.ps7-dma:    DBUFF-128x8bytes Num_Chans-8 Num_Peri-4 Num_Events-16[    0.480235] e0001000.serial: ttyPS0 at MMIO 0xe0001000 (irq = 82, base_baud = 3124999) is a xuartps[    1.048202] console [ttyPS0] enabled[    1.052470] xdevcfg f8007000.ps7-dev-cfg: ioremap 0xf8007000 to df866000[    1.060100] [drm] Initialized drm 1.1.0 20060810[    1.077074] brd: module loaded[    1.086449] loop: module loaded[    1.095855] e1000e: Intel(R) PRO/1000 Network Driver - 2.3.2-k[    1.101669] e1000e: Copyright(c) 1999 - 2013 Intel Corporation.[    1.109570] libphy: XEMACPS mii bus: probed[    1.113936] ------------- phy_id = 0x3625e62[    1.118956] xemacps e000b000.ps7-ethernet: pdev->id -1, baseaddr 0xe000b000, irq 54[    1.127774] ehci_hcd: USB 2.0 'Enhanced' Host Controller (EHCI) Driver[    1.134389] ehci-pci: EHCI PCI platform driver[    1.141687] zynq-dr e0002000.ps7-usb: Unable to init USB phy, missing?[    1.148547] usbcore: registered new interface driver usb-storage[    1.155368] mousedev: PS/2 mouse device common for all mice[    1.161478] i2c /dev entries driver[    1.168413] zynq-edac f8006000.ps7-ddrc: ecc not enabled[    1.173887] cpufreq_cpu0: failed to get cpu0 regulator: -19[    1.179801] Xilinx Zynq CpuIdle Driver started[    1.184640] sdhci: Secure Digital Host Controller Interface driver[    1.190841] sdhci: Copyright(c) Pierre Ossman[    1.195112] sdhci-pltfm: SDHCI platform and OF driver helper[    1.201931] mmc0: no vqmmc regulator found[    1.205947] mmc0: no vmmc regulator found[    1.247213] mmc0: SDHCI controller on e0100000.ps7-sdio [e0100000.ps7-sdio] using ADMA[    1.255905] usbcore: registered new interface driver usbhid[    1.261418] usbhid: USB HID core driver[    1.266122] nand: device found, Manufacturer ID: 0x2c, Chip ID: 0xda[    1.272419] nand: Micron MT29F2G08ABAEAWP[    1.276385] nand: 256MiB, SLC, page size: 2048, OOB size: 64[    1.282324] Bad block table found at page 131008, version 0x01[    1.288544] Bad block table found at page 130944, version 0x01[    1.294593] 3 ofpart partitions found on MTD device pl353-nand[    1.300376] Creating 3 MTD partitions on \"pl353-nand\":[    1.305467] 0x000000000000-0x000002000000 : \"BOOT.bin-env-dts-kernel\"[    1.313495] 0x000002000000-0x00000b000000 : \"angstram-rootfs\"[    1.320807] 0x00000b000000-0x000010000000 : \"upgrade-rootfs\"[    1.329541] nf_conntrack version 0.5.0 (7739 buckets, 30956 max)[    1.336070] ip_tables: (C) 2000-2006 Netfilter Core Team[    1.341393] TCP: cubic registered[    1.344627] NET: Registered protocol family 17[    1.349351] Registering SWP/SWPB emulation handler[    1.355243] regulator-dummy: disabling[    1.359622] UBI: attaching mtd1 to ubi0[    1.747705] UBI: scanning is finished[    1.759513] UBI: attached mtd1 (name \"angstram-rootfs\", size 144 MiB) to ubi0[    1.766571] UBI: PEB size: 131072 bytes (128 KiB), LEB size: 126976 bytes[    1.773366] UBI: min./max. I/O unit sizes: 2048/2048, sub-page size 2048[    1.780043] UBI: VID header offset: 2048 (aligned 2048), data offset: 4096[    1.786881] UBI: good PEBs: 1152, bad PEBs: 0, corrupted PEBs: 0[    1.792890] UBI: user volume: 1, internal volumes: 1, max. volumes count: 128[    1.800001] UBI: max/mean erase counter: 1/0, WL threshold: 4096, image sequence number: 768485946[    1.808945] UBI: available PEBs: 0, total reserved PEBs: 1152, PEBs reserved for bad PEB handling: 40[    1.818162] UBI: background thread \"ubi_bgt0d\" started, PID 1085[    1.818167] drivers/rtc/hctosys.c: unable to open rtc device (rtc0)[    1.822124] ALSA device list:[    1.822127]   No soundcards found.[    1.838937] UBIFS: background thread \"ubifs_bgt0_0\" started, PID 1087[    1.983843] UBIFS: mounted UBI device 0, volume 0, name \"rootfs\"[    1.989795] UBIFS: LEB size: 126976 bytes (124 KiB), min./max. I/O unit sizes: 2048 bytes/2048 bytes[    1.998900] UBIFS: FS size: 128626688 bytes (122 MiB, 1013 LEBs), journal size 9023488 bytes (8 MiB, 72 LEBs)[    2.008788] UBIFS: reserved for root: 0 bytes (0 KiB)[    2.013820] UBIFS: media format: w4/r0 (latest is w4/r0), UUID E215D0B0-FA6F-4ECF-A946-F9E82D00BE06, small LPT model[    2.119945] VFS: Mounted root (ubifs filesystem) on device 0:11.[    2.189000] devtmpfs: mounted[    2.192112] Freeing unused kernel memory: 208K (c06e9000 - c071d000)[    3.207980] random: dd urandom read with 0 bits of entropy available[    3.827212] [    3.827212] bcm54xx_config_init[    4.897242] [    4.897242] bcm54xx_config_init[   10.898064] xemacps e000b000.ps7-ethernet: Set clk to 124999998 Hz[   10.904165] xemacps e000b000.ps7-ethernet: link up (1000/FULL)[   23.438401] In axi fpga driver![   23.441470] request_mem_region OK![   23.444861] AXI fpga dev virtual address is 0xdf9fc000[   23.449995] *base_vir_addr = 0xc51e[   23.465355] In fpga mem driver![   23.468482] request_mem_region OK![   23.471987] fpga mem virtual address is 0xe2000000[   24.227244] [   24.227244] bcm54xx_config_init[   25.307231] [   25.307231] bcm54xx_config_init[   29.308054] xemacps e000b000.ps7-ethernet: Set clk to 124999998 Hz[   29.314156] xemacps e000b000.ps7-ethernet: link up (1000/FULL)main.c:13992: log_level = 4main.c:14019: This is XILINX board. Totalram:       507424768main.c:14031: Detect 512MB control board of XILINXdriver-bitmain.c:1776: mmap axi_fpga_addr = 0xb6f5a000driver-bitmain.c:1781: axi_fpga_addr data = 0xc51edriver-bitmain.c:1797: mmap fpga_mem_addr = 0xb5d53000driver-bitmain.c:994: forceFreq=-1 forceFlag=0driver-bitmain.c:1696: min work minertest[0]:912main.c:8570: DETECT HW version=0000c51emain.c:14064: miner ID : 8122ed0415408814main.c:14089: Miner Type = S9main.c:14101: AsicType = 1387main.c:14104: real AsicNum = 63main.c:14197: use critical mode to search freq...driver-bitmain.c:1876: get PLUG ON=0x000000e0driver-bitmain.c:1946: Find hashboard on Chain[5]driver-bitmain.c:1946: Find hashboard on Chain[6]driver-bitmain.c:1946: Find hashboard on Chain[7]main.c:2282: Check chain[5] PIC fw version=0x03main.c:2282: Check chain[6] PIC fw version=0x03main.c:2282: Check chain[7] PIC fw version=0x03main.c:8940: read pic freq and badcore num...main.c:8961: chain[5]: [63:255] [63:255] [63:255] [63:255] [63:255] [63:255] [63:255] [63:255]main.c:9003: has freq in PIC, will disable freq setting.main.c:9099: chain[5] has freq in PIC and will jump over...main.c:9103: Chain[5] has core num in PICmain.c:9113: Chain[5] ASIC[44] has core num=4main.c:9113: Chain[5] ASIC[50] has core num=4main.c:2282: Check chain[5] PIC fw version=0x03main.c:8940: read pic freq and badcore num...main.c:8961: chain[6]: [63:255] [63:255] [63:255] [63:255] [63:255] [63:255] [63:255] [63:255]main.c:9003: has freq in PIC, will disable freq setting.main.c:9099: chain[6] has freq in PIC and will jump over...main.c:9103: Chain[6] has core num in PICmain.c:9113: Chain[6] ASIC[43] has core num=2main.c:9113: Chain[6] ASIC[47] has core num=1main.c:9113: Chain[6] ASIC[49] has core num=13main.c:9113: Chain[6] ASIC[50] has core num=2main.c:9113: Chain[6] ASIC[62] has core num=2main.c:2282: Check chain[6] PIC fw version=0x03main.c:8940: read pic freq and badcore num...main.c:8961: chain[7]: [63:255] [63:255] [63:255] [63:255] [63:255] [63:255] [63:255] [63:255]main.c:9003: has freq in PIC, will disable freq setting.main.c:9099: chain[7] has freq in PIC and will jump over...main.c:9103: Chain[7] has core num in PICmain.c:9113: Chain[7] ASIC[14] has core num=11main.c:9113: Chain[7] ASIC[19] has core num=1main.c:9113: Chain[7] ASIC[42] has core num=1main.c:2282: Check chain[7] PIC fw version=0x03main.c:9183: get PIC voltage=91 on chain[5], value=890main.c:9183: get PIC voltage=91 on chain[6], value=890main.c:9183: get PIC voltage=91 on chain[7], value=890main.c:9349: chain[5] temp offset record: 62,0,0,0,0,0,35,28main.c:9366: chain[5] temp chip I2C addr=0x98main.c:9372: chain[5] has no middle temp, use special fix mode.main.c:9349: chain[6] temp offset record: 62,0,0,0,0,0,37,28main.c:9366: chain[6] temp chip I2C addr=0x98main.c:9372: chain[6] has no middle temp, use special fix mode.main.c:9349: chain[7] temp offset record: 62,0,0,0,0,0,35,28main.c:9366: chain[7] temp chip I2C addr=0x98main.c:9372: chain[7] has no middle temp, use special fix mode.main.c:13956: total_exist_chain_num = 3main.c:9562: CRC error counter=0main.c:9577: set command mode to VILmain.c:9649: --- check asic numbermain.c:9745: After Get ASIC NUM CRC error counter=0main.c:9768: set_baud=0main.c:10693: The min freq=700main.c:10695: set real timeout 52, need sleep=379392main.c:12825: After TEST CRC error counter=0main.c:14236: search freq for 1 times, completed chain = 3, total chain num = 3 board_frq_tuning.c:628: single_board_frq_tuning enterboard_frq_tuning.c:629: min_rate, des_rate, fix_volt:13800, 14000, 880board_frq_tuning.c:254: force_freq not set, don't need tuningmain.c:14645: restart Miner chance num=2main.c:14685: waiting for receive_func to exit!main.c:14699: waiting for pic heart to exit!main.c:13927: bmminer not found=20371 root       0:00 grep bmminermain.c:14758: bmminer not found, restart bmminer ...driver-btm-c5.c:12285:bitmain_c5_init: This is user mode for miningdriver-btm-c5.c:12334:bitmain_c5_init: Detect 512MB control board of XILINXdriver-btm-c5.c:12355:bitmain_c5_init: Miner Type = S9driver-btm-c5.c:12366:bitmain_c5_init: Miner compile time: Tue Jul 30 20:37:39 CST 2019 type: Antminer S9driver-btm-c5.c:12456:bitmain_c5_init: miner ID : 8122ed0415408814driver-btm-c5.c:12613:bitmain_c5_init: Checking fans...driver-btm-c5.c:2990:check_fan_beforeInit: get fan[4] speed=5880driver-btm-c5.c:2990:check_fan_beforeInit: get fan[5] speed=5640driver-btm-c5.c:2990:check_fan_beforeInit: get fan[4] speed=5880driver-btm-c5.c:2990:check_fan_beforeInit: get fan[5] speed=5640driver-btm-c5.c:2990:check_fan_beforeInit: get fan[4] speed=5880driver-btm-c5.c:2990:check_fan_beforeInit: get fan[5] speed=5640driver-btm-c5.c:13148:bitmain_c5_init: chain[5]: [63:255] [63:255] [63:255] [63:255] [63:255] [63:255] [63:255] [63:255]driver-btm-c5.c:13162:bitmain_c5_init: last_freq: 0x00 0x7d 0x00 0x47 0x00 0x47 0x04 0x47 0x07 0x47 0x00 0x47 0x03 0x47 0x03 0x47 0x03 0x47 0x03 0x47 0x03 0x47 0x03 0x47 0x01 0x47 0x01 0x47 0x0f 0x47 0x0f 0x47 0x0f 0x47 0x0f 0x47 0x05 0x47 0x09 0x47 0x23 0x47 0x00 0x47 0x00 0x47 0x00 0x47 0x00 0x47 0x00 0x47 0x00 0x47 0x00 0x47 0x00 0x47 0x00 0x47 0x00 0x47 0x00 0x47 0x00 0x47 0x00 0x47 0x00 0x47 0x00 0x47 0x00 0x47 0x00 0x47 0x00 0x47 0x00 0x47 0x00 0x47 0x00 0x47 0x00 0x47 0x00 0x47 0x00 0x47 0x00 0x47 0x00 0x47 0x00 0x47 0x00 0x47 0x00 0x47 0x00 0x47 0x00 0x47 0x00 0x47 0x00 0x47 0x00 0x47 0x00 0x47 0x00 0x47 0x00 0x47 0x00 0x47 0x00 0x47 0x00 0x47 0x00 0x47 0x00 0x47 0x00 0x47 driver-btm-c5.c:13189:bitmain_c5_init: Detect: use voltage limit rules on single board!driver-btm-c5.c:13195:bitmain_c5_init: Detect: S9_63 use voltage level=1 : 1driver-btm-c5.c:13211:bitmain_c5_init: Chain[J6] has backup chain_voltage=890driver-btm-c5.c:13228:bitmain_c5_init: No scan based on domaindriver-btm-c5.c:1883:jump_to_app_CheckAndRestorePIC: Check chain[5] PIC fw version=0x03driver-btm-c5.c:13148:bitmain_c5_init: chain[6]: [63:255] [63:255] [63:255] [63:255] [63:255] [63:255] [63:255] [63:255]driver-btm-c5.c:13162:bitmain_c5_init: last_freq: 0x00 0x7d 0x00 0x47 0x00 0x47 0x04 0x47 0x07 0x47 0x00 0x47 0x03 0x47 0x03 0x47 0x03 0x47 0x03 0x47 0x03 0x47 0x03 0x47 0x01 0x47 0x01 0x47 0x0f 0x47 0x0f 0x47 0x0f 0x47 0x0f 0x47 0x05 0x47 0x09 0x47 0x23 0x47 0x00 0x47 0x00 0x47 0x00 0x47 0x00 0x47 0x00 0x47 0x00 0x47 0x00 0x47 0x00 0x47 0x00 0x47 0x00 0x47 0x00 0x47 0x00 0x47 0x00 0x47 0x00 0x47 0x00 0x47 0x00 0x47 0x00 0x47 0x00 0x47 0x00 0x47 0x00 0x47 0x00 0x47 0x00 0x47 0x00 0x47 0x00 0x47 0x00 0x47 0x00 0x47 0x00 0x47 0x00 0x47 0x00 0x47 0x00 0x47 0x00 0x47 0x00 0x47 0x00 0x47 0x00 0x47 0x00 0x47 0x00 0x47 0x00 0x47 0x00 0x47 0x00 0x47 0x00 0x47 0x00 0x47 0x00 0x47 0x00 0x47 driver-btm-c5.c:13189:bitmain_c5_init: Detect: use voltage limit rules on single board!driver-btm-c5.c:13195:bitmain_c5_init: Detect: S9_63 use voltage level=1 : 1driver-btm-c5.c:13211:bitmain_c5_init: Chain[J7] has backup chain_voltage=890driver-btm-c5.c:13228:bitmain_c5_init: No scan based on domaindriver-btm-c5.c:1883:jump_to_app_CheckAndRestorePIC: Check chain[6] PIC fw version=0x03driver-btm-c5.c:13148:bitmain_c5_init: chain[7]: [63:255] [63:255] [63:255] [63:255] [63:255] [63:255] [63:255] [63:255]driver-btm-c5.c:13162:bitmain_c5_init: last_freq: 0x00 0x7d 0x00 0x47 0x00 0x47 0x04 0x47 0x07 0x47 0x00 0x47 0x03 0x47 0x03 0x47 0x03 0x47 0x03 0x47 0x03 0x47 0x03 0x47 0x01 0x47 0x01 0x47 0x0f 0x47 0x0f 0x47 0x0f 0x47 0x0f 0x47 0x05 0x47 0x09 0x47 0x23 0x47 0x00 0x47 0x00 0x47 0x00 0x47 0x00 0x47 0x00 0x47 0x00 0x47 0x00 0x47 0x00 0x47 0x00 0x47 0x00 0x47 0x00 0x47 0x00 0x47 0x00 0x47 0x00 0x47 0x00 0x47 0x00 0x47 0x00 0x47 0x00 0x47 0x00 0x47 0x00 0x47 0x00 0x47 0x00 0x47 0x00 0x47 0x00 0x47 0x00 0x47 0x00 0x47 0x00 0x47 0x00 0x47 0x00 0x47 0x00 0x47 0x00 0x47 0x00 0x47 0x00 0x47 0x00 0x47 0x00 0x47 0x00 0x47 0x00 0x47 0x00 0x47 0x00 0x47 0x00 0x47 0x00 0x47 0x00 0x47 0x00 0x47 driver-btm-c5.c:13189:bitmain_c5_init: Detect: use voltage limit rules on single board!driver-btm-c5.c:13195:bitmain_c5_init: Detect: S9_63 use voltage level=1 : 1driver-btm-c5.c:13211:bitmain_c5_init: Chain[J8] has backup chain_voltage=890driver-btm-c5.c:13228:bitmain_c5_init: No scan based on domaindriver-btm-c5.c:1883:jump_to_app_CheckAndRestorePIC: Check chain[7] PIC fw version=0x03driver-btm-c5.c:12237:init_exist_chain_table: total_exist_chain_num = 3driver-btm-c5.c:13361:bitmain_c5_init: Chain[J6] orignal chain_voltage_pic=91 value=890driver-btm-c5.c:13362:bitmain_c5_init: Chain[J6] original chain_voltage_value=890 adjusted chain_voltage_value:890, value=890driver-btm-c5.c:13361:bitmain_c5_init: Chain[J7] orignal chain_voltage_pic=91 value=890driver-btm-c5.c:13362:bitmain_c5_init: Chain[J7] original chain_voltage_value=890 adjusted chain_voltage_value:890, value=890driver-btm-c5.c:13361:bitmain_c5_init: Chain[J8] orignal chain_voltage_pic=91 value=890driver-btm-c5.c:13362:bitmain_c5_init: Chain[J8] original chain_voltage_value=890 adjusted chain_voltage_value:890, value=890driver-btm-c5.c:13494:bitmain_c5_init: Chain[J6] has 63 asicdriver-btm-c5.c:13494:bitmain_c5_init: Chain[J7] has 63 asicdriver-btm-c5.c:13494:bitmain_c5_init: Chain[J8] has 63 asicdriver-btm-c5.c:4543:set_frequency: Chain[J6] has core num in PICdriver-btm-c5.c:4553:set_frequency: Chain[J6] ASIC[44] has core num=4driver-btm-c5.c:4553:set_frequency: Chain[J6] ASIC[50] has core num=4driver-btm-c5.c:4543:set_frequency: Chain[J7] has core num in PICdriver-btm-c5.c:4553:set_frequency: Chain[J7] ASIC[43] has core num=2driver-btm-c5.c:4553:set_frequency: Chain[J7] ASIC[47] has core num=1driver-btm-c5.c:4553:set_frequency: Chain[J7] ASIC[49] has core num=13driver-btm-c5.c:4553:set_frequency: Chain[J7] ASIC[50] has core num=2driver-btm-c5.c:4553:set_frequency: Chain[J7] ASIC[62] has core num=2driver-btm-c5.c:4543:set_frequency: Chain[J8] has core num in PICdriver-btm-c5.c:4553:set_frequency: Chain[J8] ASIC[14] has core num=11driver-btm-c5.c:4553:set_frequency: Chain[J8] ASIC[19] has core num=1driver-btm-c5.c:4553:set_frequency: Chain[J8] ASIC[42] has core num=1driver-btm-c5.c:4583:set_frequency: miner total rate=13569GH/s ideal_total_hash_rate = 13500GH/sdriver-btm-c5.c:4608:set_frequency: read PIC voltage=910 on chain[5]driver-btm-c5.c:4610:set_frequency: Chain:5 chipnum=63driver-btm-c5.c:4630:set_frequency: Chain[J6] voltage added=0.0Vdriver-btm-c5.c:4780:set_frequency: Chain:5 temp offset=0driver-btm-c5.c:4785:set_frequency: Chain:5 base freq=631Asic[ 0]:631 Asic[ 1]:631 Asic[ 2]:631 Asic[ 3]:631 Asic[ 4]:631 Asic[ 5]:631 Asic[ 6]:631 Asic[ 7]:631 Asic[ 8]:631 Asic[ 9]:631 Asic[10]:631 Asic[11]:631 Asic[12]:631 Asic[13]:631 Asic[14]:631 Asic[15]:631 Asic[16]:631 Asic[17]:631 Asic[18]:631 Asic[19]:631 Asic[20]:631 Asic[21]:631 Asic[22]:631 Asic[23]:631 Asic[24]:631 Asic[25]:631 Asic[26]:631 Asic[27]:631 Asic[28]:631 Asic[29]:631 Asic[30]:631 Asic[31]:631 Asic[32]:631 Asic[33]:631 Asic[34]:631 Asic[35]:631 Asic[36]:631 Asic[37]:631 Asic[38]:631 Asic[39]:631 Asic[40]:631 Asic[41]:631 Asic[42]:631 Asic[43]:631 Asic[44]:631 Asic[45]:631 Asic[46]:631 Asic[47]:631 Asic[48]:631 Asic[49]:631 Asic[50]:631 Asic[51]:631 Asic[52]:631 Asic[53]:631 Asic[54]:631 Asic[55]:631 Asic[56]:631 Asic[57]:631 Asic[58]:631 Asic[59]:631 Asic[60]:631 Asic[61]:631 Asic[62]:631 driver-btm-c5.c:4821:set_frequency: Chain:5 max freq=631driver-btm-c5.c:4822:set_frequency: Chain:5 min freq=631driver-btm-c5.c:4608:set_frequency: read PIC voltage=910 on chain[6]driver-btm-c5.c:4610:set_frequency: Chain:6 chipnum=63driver-btm-c5.c:4630:set_frequency: Chain[J7] voltage added=0.0Vdriver-btm-c5.c:4780:set_frequency: Chain:6 temp offset=0driver-btm-c5.c:4785:set_frequency: Chain:6 base freq=631Asic[ 0]:631 Asic[ 1]:631 Asic[ 2]:631 Asic[ 3]:631 Asic[ 4]:631 Asic[ 5]:631 Asic[ 6]:631 Asic[ 7]:631 Asic[ 8]:631 Asic[ 9]:631 Asic[10]:631 Asic[11]:631 Asic[12]:631 Asic[13]:631 Asic[14]:631 Asic[15]:631 Asic[16]:631 Asic[17]:631 Asic[18]:631 Asic[19]:631 Asic[20]:631 Asic[21]:631 Asic[22]:631 Asic[23]:631 Asic[24]:631 Asic[25]:631 Asic[26]:631 Asic[27]:631 Asic[28]:631 Asic[29]:631 Asic[30]:631 Asic[31]:631 Asic[32]:631 Asic[33]:631 Asic[34]:631 Asic[35]:631 Asic[36]:631 Asic[37]:631 Asic[38]:631 Asic[39]:631 Asic[40]:631 Asic[41]:631 Asic[42]:631 Asic[43]:631 Asic[44]:631 Asic[45]:631 Asic[46]:631 Asic[47]:631 Asic[48]:631 Asic[49]:631 Asic[50]:631 Asic[51]:631 Asic[52]:631 Asic[53]:631 Asic[54]:631 Asic[55]:631 Asic[56]:631 Asic[57]:631 Asic[58]:631 Asic[59]:631 Asic[60]:631 Asic[61]:631 Asic[62]:631 driver-btm-c5.c:4821:set_frequency: Chain:6 max freq=631driver-btm-c5.c:4822:set_frequency: Chain:6 min freq=631driver-btm-c5.c:4608:set_frequency: read PIC voltage=910 on chain[7]driver-btm-c5.c:4610:set_frequency: Chain:7 chipnum=63driver-btm-c5.c:4630:set_frequency: Chain[J8] voltage added=0.0Vdriver-btm-c5.c:4780:set_frequency: Chain:7 temp offset=0driver-btm-c5.c:4785:set_frequency: Chain:7 base freq=631Asic[ 0]:631 Asic[ 1]:631 Asic[ 2]:631 Asic[ 3]:631 Asic[ 4]:631 Asic[ 5]:631 Asic[ 6]:631 Asic[ 7]:631 Asic[ 8]:631 Asic[ 9]:631 Asic[10]:631 Asic[11]:631 Asic[12]:631 Asic[13]:631 Asic[14]:631 Asic[15]:631 Asic[16]:631 Asic[17]:631 Asic[18]:631 Asic[19]:631 Asic[20]:631 Asic[21]:631 Asic[22]:631 Asic[23]:631 Asic[24]:631 Asic[25]:631 Asic[26]:631 Asic[27]:631 Asic[28]:631 Asic[29]:631 Asic[30]:631 Asic[31]:631 Asic[32]:631 Asic[33]:631 Asic[34]:631 Asic[35]:631 Asic[36]:631 Asic[37]:631 Asic[38]:631 Asic[39]:631 Asic[40]:631 Asic[41]:631 Asic[42]:631 Asic[43]:631 Asic[44]:631 Asic[45]:631 Asic[46]:631 Asic[47]:631 Asic[48]:631 Asic[49]:631 Asic[50]:631 Asic[51]:631 Asic[52]:631 Asic[53]:631 Asic[54]:631 Asic[55]:631 Asic[56]:631 Asic[57]:631 Asic[58]:631 Asic[59]:631 Asic[60]:631 Asic[61]:631 Asic[62]:631 driver-btm-c5.c:4821:set_frequency: Chain:7 max freq=631driver-btm-c5.c:4822:set_frequency: Chain:7 min freq=631driver-btm-c5.c:4831:set_frequency: Miner fix freq ...driver-btm-c5.c:4250:ProcessFixFreqForChips: totalRate = 13569, fixed_totalRate = 13635driver-btm-c5.c:4866:set_frequency: read PIC voltage=910 on chain[5]driver-btm-c5.c:4867:set_frequency: Chain:5 chipnum=63driver-btm-c5.c:4886:set_frequency: Chain[J6] voltage added=0.0Vdriver-btm-c5.c:5070:set_frequency: Chain:5 temp offset=0driver-btm-c5.c:5075:set_frequency: Chain:5 base freq=631Asic[ 0]:631 Asic[ 1]:631 Asic[ 2]:631 Asic[ 3]:631 Asic[ 4]:631 Asic[ 5]:631 Asic[ 6]:631 Asic[ 7]:631 Asic[ 8]:631 Asic[ 9]:631 Asic[10]:631 Asic[11]:631 Asic[12]:631 Asic[13]:631 Asic[14]:631 Asic[15]:631 Asic[16]:631 Asic[17]:631 Asic[18]:631 Asic[19]:631 Asic[20]:631 Asic[21]:631 Asic[22]:631 Asic[23]:631 Asic[24]:631 Asic[25]:631 Asic[26]:631 Asic[27]:631 Asic[28]:631 Asic[29]:631 Asic[30]:631 Asic[31]:631 Asic[32]:631 Asic[33]:631 Asic[34]:631 Asic[35]:631 Asic[36]:631 Asic[37]:631 Asic[38]:631 Asic[39]:631 Asic[40]:631 Asic[41]:631 Asic[42]:631 Asic[43]:631 Asic[44]:631 Asic[45]:631 Asic[46]:631 Asic[47]:631 Asic[48]:631 Asic[49]:631 Asic[50]:631 Asic[51]:631 Asic[52]:631 Asic[53]:631 Asic[54]:631 Asic[55]:631 Asic[56]:631 Asic[57]:631 Asic[58]:631 Asic[59]:631 Asic[60]:631 Asic[61]:631 Asic[62]:631 driver-btm-c5.c:5122:set_frequency: Chain:5 max freq=631driver-btm-c5.c:5123:set_frequency: Chain:5 min freq=631driver-btm-c5.c:4866:set_frequency: read PIC voltage=910 on chain[6]driver-btm-c5.c:4867:set_frequency: Chain:6 chipnum=63driver-btm-c5.c:4886:set_frequency: Chain[J7] voltage added=0.0Vdriver-btm-c5.c:5070:set_frequency: Chain:6 temp offset=0driver-btm-c5.c:5075:set_frequency: Chain:6 base freq=631Asic[ 0]:631 Asic[ 1]:631 Asic[ 2]:631 Asic[ 3]:631 Asic[ 4]:631 Asic[ 5]:631 Asic[ 6]:631 Asic[ 7]:631 Asic[ 8]:631 Asic[ 9]:631 Asic[10]:631 Asic[11]:631 Asic[12]:631 Asic[13]:631 Asic[14]:631 Asic[15]:631 Asic[16]:631 Asic[17]:631 Asic[18]:631 Asic[19]:631 Asic[20]:631 Asic[21]:631 Asic[22]:631 Asic[23]:631 Asic[24]:631 Asic[25]:631 Asic[26]:631 Asic[27]:631 Asic[28]:631 Asic[29]:631 Asic[30]:631 Asic[31]:631 Asic[32]:631 Asic[33]:631 Asic[34]:631 Asic[35]:631 Asic[36]:631 Asic[37]:631 Asic[38]:631 Asic[39]:631 Asic[40]:631 Asic[41]:631 Asic[42]:631 Asic[43]:631 Asic[44]:631 Asic[45]:631 Asic[46]:631 Asic[47]:631 Asic[48]:631 Asic[49]:631 Asic[50]:631 Asic[51]:631 Asic[52]:631 Asic[53]:631 Asic[54]:631 Asic[55]:631 Asic[56]:631 Asic[57]:631 Asic[58]:631 Asic[59]:631 Asic[60]:631 Asic[61]:631 Asic[62]:631 driver-btm-c5.c:5122:set_frequency: Chain:6 max freq=631driver-btm-c5.c:5123:set_frequency: Chain:6 min freq=631driver-btm-c5.c:4866:set_frequency: read PIC voltage=910 on chain[7]driver-btm-c5.c:4867:set_frequency: Chain:7 chipnum=63driver-btm-c5.c:4886:set_frequency: Chain[J8] voltage added=0.0Vdriver-btm-c5.c:5070:set_frequency: Chain:7 temp offset=0driver-btm-c5.c:5075:set_frequency: Chain:7 base freq=631Asic[ 0]:631 Asic[ 1]:631 Asic[ 2]:631 Asic[ 3]:631 Asic[ 4]:631 Asic[ 5]:631 Asic[ 6]:631 Asic[ 7]:631 Asic[ 8]:631 Asic[ 9]:631 Asic[10]:631 Asic[11]:631 Asic[12]:631 Asic[13]:631 Asic[14]:631 Asic[15]:631 Asic[16]:631 Asic[17]:631 Asic[18]:631 Asic[19]:631 Asic[20]:631 Asic[21]:631 Asic[22]:631 Asic[23]:631 Asic[24]:631 Asic[25]:631 Asic[26]:631 Asic[27]:631 Asic[28]:631 Asic[29]:631 Asic[30]:631 Asic[31]:631 Asic[32]:631 Asic[33]:631 Asic[34]:631 Asic[35]:631 Asic[36]:631 Asic[37]:631 Asic[38]:631 Asic[39]:631 Asic[40]:631 Asic[41]:631 Asic[42]:631 Asic[43]:631 Asic[44]:631 Asic[45]:631 Asic[46]:631 Asic[47]:631 Asic[48]:631 Asic[49]:631 Asic[50]:631 Asic[51]:631 Asic[52]:631 Asic[53]:631 Asic[54]:631 Asic[55]:631 Asic[56]:631 Asic[57]:631 Asic[58]:631 Asic[59]:631 Asic[60]:631 Asic[61]:631 Asic[62]:631 driver-btm-c5.c:5122:set_frequency: Chain:7 max freq=631driver-btm-c5.c:5123:set_frequency: Chain:7 min freq=631driver-btm-c5.c:5131:set_frequency: max freq = 631driver-btm-c5.c:4149:ProcessFixFreq: totalRate = 13569, fixed_totalRate = 13500driver-btm-c5.c:9614:init_uart_baud: set baud=1driver-btm-c5.c:6605:calibration_sensor_offset: Chain[J6] PIC temp offset: 62,0,0,0,0,0,35,28,0,0,0,0,0,0,0,0,0,0,driver-btm-c5.c:6639:calibration_sensor_offset: chain[6] temp chip I2C addr=0x98driver-btm-c5.c:6647:calibration_sensor_offset: chain[6] has no middle temp, use special fix mode.driver-btm-c5.c:6672:calibration_sensor_offset: Chain[J6] chip[244] use PIC middle temp offset=0 typeID=55driver-btm-c5.c:6396:do_calibration_sensor_offset: New offset Chain[6] chip[244] local:35 remote:36 offset:30 driver-btm-c5.c:6765:calibration_sensor_offset: Chain[J6] chip[244] get middle temp offset=30 typeID=55driver-btm-c5.c:6605:calibration_sensor_offset: Chain[J7] PIC temp offset: 62,0,0,0,0,0,37,28,0,0,0,0,0,0,0,0,0,0,driver-btm-c5.c:6639:calibration_sensor_offset: chain[7] temp chip I2C addr=0x98driver-btm-c5.c:6647:calibration_sensor_offset: chain[7] has no middle temp, use special fix mode.driver-btm-c5.c:6672:calibration_sensor_offset: Chain[J7] chip[244] use PIC middle temp offset=0 typeID=55driver-btm-c5.c:6396:do_calibration_sensor_offset: New offset Chain[7] chip[244] local:33 remote:35 offset:28 driver-btm-c5.c:6765:calibration_sensor_offset: Chain[J7] chip[244] get middle temp offset=28 typeID=55driver-btm-c5.c:6605:calibration_sensor_offset: Chain[J8] PIC temp offset: 62,0,0,0,0,0,35,28,0,0,0,0,0,0,0,0,0,0,driver-btm-c5.c:6639:calibration_sensor_offset: chain[8] temp chip I2C addr=0x98driver-btm-c5.c:6647:calibration_sensor_offset: chain[8] has no middle temp, use special fix mode.driver-btm-c5.c:6672:calibration_sensor_offset: Chain[J8] chip[244] use PIC middle temp offset=0 typeID=55driver-btm-c5.c:6396:do_calibration_sensor_offset: New offset Chain[8] chip[244] local:33 remote:36 offset:27 driver-btm-c5.c:6765:calibration_sensor_offset: Chain[J8] chip[244] get middle temp offset=27 typeID=55driver-btm-c5.c:13724:bitmain_c5_init: single board rate=4526 voltage limit=940 on chain[5]driver-btm-c5.c:13761:bitmain_c5_init: get PIC voltage=890 on chain[5], check: must be < 940driver-btm-c5.c:13724:bitmain_c5_init: single board rate=4519 voltage limit=940 on chain[6]driver-btm-c5.c:13761:bitmain_c5_init: get PIC voltage=890 on chain[6], check: must be < 940driver-btm-c5.c:13724:bitmain_c5_init: single board rate=4523 voltage limit=940 on chain[7]driver-btm-c5.c:13761:bitmain_c5_init: get PIC voltage=890 on chain[7], check: must be < 940driver-btm-c5.c:12129:set_working_voltage: setting to working voltage...driver-btm-c5.c:12109:slowly_downgrade_voltage_all_chain: chain[5] set voltage to 900driver-btm-c5.c:12109:slowly_downgrade_voltage_all_chain: chain[6] set voltage to 900driver-btm-c5.c:12109:slowly_downgrade_voltage_all_chain: chain[7] set voltage to 900driver-btm-c5.c:12109:slowly_downgrade_voltage_all_chain: chain[5] set voltage to 890driver-btm-c5.c:12109:slowly_downgrade_voltage_all_chain: chain[6] set voltage to 890driver-btm-c5.c:12109:slowly_downgrade_voltage_all_chain: chain[7] set voltage to 890driver-btm-c5.c:14027:bitmain_c5_init: start thread for read tempsetStartTimePoint total_tv_start_sys=261 total_tv_end_sys=262driver-btm-c5.c:10330:check_system_work: restartNum = 2 , auto-reinit enabled...util.c:3207:initiate_stratum: mining.subscribe:{\"id\": 0, \"method\": \"mining.subscribe\", \"params\": [\"bmminer/2.0.0/Antminer S9/13500\"]}driver-btm-c5.c:8738:read_temp_func: bring_up_pcb_temp = 45do read_temp_func once...get RT hashrate from Chain[5]: (asic index start from 1-63)Asic[01]=0.00000 Asic[02]=0.00000 Asic[03]=0.00000 Asic[04]=0.00000 Asic[05]=0.00000 Asic[06]=0.00000 Asic[07]=0.00000 Asic[08]=0.00000 Asic[09]=0.00000 Asic[10]=0.00000 Asic[11]=0.00000 Asic[12]=0.00000 Asic[13]=0.00000 Asic[14]=0.00000 Asic[15]=0.00000 Asic[16]=0.00000 Asic[17]=0.00000 Asic[18]=0.00000 Asic[19]=0.00000 Asic[20]=0.00000 Asic[21]=0.00000 Asic[22]=0.00000 Asic[23]=0.00000 Asic[24]=0.00000 Asic[25]=0.00000 Asic[26]=0.00000 Asic[27]=0.00000 Asic[28]=0.00000 Asic[29]=249.980 Asic[30]=0.00000 Asic[31]=0.00000 Asic[32]=0.00000 Asic[33]=0.00000 Asic[34]=0.00000 Asic[35]=0.00000 Asic[36]=0.00000 Asic[37]=0.00000 Asic[38]=0.00000 Asic[39]=0.00000 Asic[40]=0.00000 Asic[41]=0.00000 Asic[42]=0.00000 Asic[43]=0.00000 Asic[44]=0.00000 Asic[45]=0.00000 Asic[46]=0.00000 Asic[47]=0.00000 Asic[48]=0.00000 Asic[49]=0.00000 Asic[50]=0.00000 Asic[51]=0.00000 Asic[52]=0.00000 Asic[53]=0.00000 Asic[54]=0.00000 Asic[55]=0.00000 Asic[56]=0.00000 Asic[57]=236.458 Asic[58]=0.00000 Asic[59]=0.00000 Asic[60]=0.00000 Asic[61]=0.00000 Asic[62]=0.00000 Asic[63]=0.00000 get RT hashrate from Chain[6]: (asic index start from 1-63)Asic[01]=0.00000 Asic[02]=0.00000 Asic[03]=0.00000 Asic[04]=0.00000 Asic[05]=0.00000 Asic[06]=0.00000 Asic[07]=0.00000 Asic[08]=0.00000 Asic[09]=0.00000 Asic[10]=0.00000 Asic[11]=0.00000 Asic[12]=0.00000 Asic[13]=0.00000 Asic[14]=0.00000 Asic[15]=0.00000 Asic[16]=0.00000 Asic[17]=0.00000 Asic[18]=0.00000 Asic[19]=0.00000 Asic[20]=0.00000 Asic[21]=0.00000 Asic[22]=0.00000 Asic[23]=0.00000 Asic[24]=0.00000 Asic[25]=0.00000 Asic[26]=0.00000 Asic[27]=0.00000 Asic[28]=0.00000 Asic[29]=234.344 Asic[30]=0.00000 Asic[31]=0.00000 Asic[32]=0.00000 Asic[33]=0.00000 Asic[34]=0.00000 Asic[35]=0.00000 Asic[36]=0.00000 Asic[37]=0.00000 Asic[38]=0.00000 Asic[39]=0.00000 Asic[40]=0.00000 Asic[41]=0.00000 Asic[42]=0.00000 Asic[43]=0.00000 Asic[44]=0.00000 Asic[45]=0.00000 Asic[46]=0.00000 Asic[47]=0.00000 Asic[48]=0.00000 Asic[49]=0.00000 Asic[50]=0.00000 Asic[51]=0.00000 Asic[52]=0.00000 Asic[53]=0.00000 Asic[54]=0.00000 Asic[55]=0.00000 Asic[56]=0.00000 Asic[57]=221.677 Asic[58]=0.00000 Asic[59]=0.00000 Asic[60]=0.00000 Asic[61]=0.00000 Asic[62]=0.00000 Asic[63]=0.00000 get RT hashrate from Chain[7]: (asic index start from 1-63)Asic[01]=0.00000 Asic[02]=0.00000 Asic[03]=0.00000 Asic[04]=0.00000 Asic[05]=0.00000 Asic[06]=0.00000 Asic[07]=0.00000 Asic[08]=0.00000 Asic[09]=0.00000 Asic[10]=0.00000 Asic[11]=0.00000 Asic[12]=0.00000 Asic[13]=0.00000 Asic[14]=0.00000 Asic[15]=0.00000 Asic[16]=0.00000 Asic[17]=0.00000 Asic[18]=0.00000 Asic[19]=0.00000 Asic[20]=0.00000 Asic[21]=0.00000 Asic[22]=0.00000 Asic[23]=0.00000 Asic[24]=0.00000 Asic[25]=0.00000 Asic[26]=0.00000 Asic[27]=0.00000 Asic[28]=0.00000 Asic[29]=234.344 Asic[30]=0.00000 Asic[31]=0.00000 Asic[32]=0.00000 Asic[33]=0.00000 Asic[34]=0.00000 Asic[35]=0.00000 Asic[36]=0.00000 Asic[37]=0.00000 Asic[38]=0.00000 Asic[39]=0.00000 Asic[40]=0.00000 Asic[41]=0.00000 Asic[42]=0.00000 Asic[43]=0.00000 Asic[44]=0.00000 Asic[45]=0.00000 Asic[46]=0.00000 Asic[47]=0.00000 Asic[48]=0.00000 Asic[49]=0.00000 Asic[50]=0.00000 Asic[51]=0.00000 Asic[52]=0.00000 Asic[53]=0.00000 Asic[54]=0.00000 Asic[55]=0.00000 Asic[56]=0.00000 Asic[57]=207.819 Asic[58]=0.00000 Asic[59]=0.00000 Asic[60]=0.00000 Asic[61]=0.00000 Asic[62]=0.00000 Asic[63]=0.00000 Check Chain[J6] ASIC RT error: (asic index start from 1-63)Asic[29]=249.980000Asic[57]=236.458000Check Chain[J7] ASIC RT error: (asic index start from 1-63)Asic[29]=234.344000Asic[57]=221.677000Check Chain[J8] ASIC RT error: (asic index start from 1-63)Asic[29]=234.344000Asic[57]=207.819000Done check_asic_regChain[5] Chip[244] pcb temperature=45Chain[5] Chip[62] junction temperature=60Special fix Chain[5] Chip[62] middle Temp = 60Done read temp on Chain[5]Chain[6] Chip[244] pcb temperature=43Chain[6] Chip[62] junction temperature=55Special fix Chain[6] Chip[62] middle Temp = 58Done read temp on Chain[6]Chain[7] Chip[244] pcb temperature=42Chain[7] Chip[62] junction temperature=55Special fix Chain[7] Chip[62] middle Temp = 57Done read temp on Chain[7]Max pcb temp : 45set FAN speed according to: temp_highest=45 temp_top1[PWM_T]=45 temp_top1[TEMP_POS_LOCAL]=45 temp_change=45 fix_fan_steps=0set normal FAN speed...pwm_percent = 40FAN PWM: 40read_temp_func Done!CRC error counter=0",
      "score": 0,
      "upvotes": 0,
      "downvotes": 0
    },
    {
      "author": "BitMaxz",
      "created_time": "July 24, 2023, 11:51:40 AM",
      "body": "It seems it's a power issue because all of your hashboard work on the first run and suddenly stop it shows all zeros under \"get RT hashrate\" from chains 5, 6, and 7.Would you mind to try to flash it first through an SD card as suggested in my first post? And then try to clean your hashboards and control board don't forget to disconnect and replug cables and clean all terminals with lacquer flo thinner or isopropyl alcohol then test again.Post the new kernel logs and put them inside the insert code tag sample like this below it's a sharp button while editing your post.Code:[Asic[33]=0.00000 Asic[34]=0.00000 Asic[35]=0.00000 Asic[36]=0.00000 Asic[37]=0.00000 Asic[38]=0.00000 Asic[39]=0.00000 Asic[40]=0.00000Asic[41]=0.00000 Asic[42]=0.00000 Asic[43]=0.00000 Asic[44]=0.00000 Asic[45]=0.00000 Asic[46]=0.00000 Asic[47]=0.00000 Asic[48]=0.00000Asic[49]=0.00000 Asic[50]=0.00000 Asic[51]=0.00000 Asic[52]=0.00000 Asic[53]=0.00000 Asic[54]=0.00000 Asic[55]=0.00000 Asic[56]=0.00000Asic[57]=236.458 Asic[58]=0.00000 Asic[59]=0.00000 Asic[60]=0.00000 Asic[61]=0.00000 Asic[62]=0.00000 Asic[63]=0.00000get RT hashrate from Chain[6]: (asic index start from 1-63)Asic[01]=0.00000 Asic[02]=0.00000 Asic[03]=0.00000 Asic[04]=0.00000 Asic[05]=0.00000 Asic[06]=0.00000 Asic[07]=0.00000 Asic[08]=0.00000Asic[09]=0.00000 Asic[10]=0.00000 Asic[11]=0.00000 Asic[12]=0.00000 Asic[13]=0.00000 Asic[14]=0.00000 Asic[15]=0.00000 Asic[16]=0.00000Asic[17]=0.00000 Asic[18]=0.00000 Asic[19]=0.00000 Asic[20]=0.00000 Asic[21]=0.00000 Asic[22]=0.00000 Asic[23]=0.00000 Asic[24]=0.00000Asic[25]=0.00000 Asic[26]=0.00000 Asic[27]=0.00000 Asic[28]=0.00000 Asic[29]=234.344 Asic[30]=0.00000 Asic[31]=0.00000 Asic[32]=0.00000Asic[33]=0.00000 Asic[34]=0.00000 Asic[35]=0.00000 Asic[36]=0.00000 Asic[37]=0.00000 Asic[38]=0.00000 Asic[39]=0.00000 Asic[40]=0.00000Asic[41]=0.00000 Asic[42]=0.00000 Asic[43]=0.00000 Asic[44]=0.00000 Asic[45]=0.00000 Asic[46]=0.00000 Asic[47]=0.00000 Asic[48]=0.00000Asic[49]=0.00000 Asic[50]=0.00000 Asic[51]=0.00000 Asic[52]=0.00000 Asic[53]=0.00000 Asic[54]=0.00000 Asic[55]=0.00000 Asic[56]=0.00000Asic[57]=221.677 Asic[58]=0.00000 Asic[59]=0.00000 Asic[60]=0.00000 Asic[61]=0.00000 Asic[62]=0.00000 Asic[63]=0.00000get RT hashrate from Chain[7]: (asic index start from 1-63)Asic[01]=0.00000 Asic[02]=0.00000 Asic[03]=0.00000 Asic[04]=0.00000 Asic[05]=0.00000 Asic[06]=0.00000 Asic[07]=0.00000 Asic[08]=0.00000Asic[09]=0.00000 Asic[10]=0.00000 Asic[11]=0.00000 Asic[12]=0.00000 Asic[13]=0.00000 Asic[14]=0.00000 Asic[15]=0.00000 Asic[16]=0.00000Asic[17]=0.00000 Asic[18]=0.00000 Asic[19]=0.00000 Asic[20]=0.00000 Asic[21]=0.00000 Asic[22]=0.00000 Asic[23]=0.00000 Asic[24]=0.00000Asic[25]=0.00000 Asic[26]=0.00000 Asic[27]=0.00000 Asic[28]=0.00000 Asic[29]=234.344 Asic[30]=0.00000 Asic[31]=0.00000 Asic[32]=0.00000Asic[33]=0.00000 Asic[34]=0.00000 Asic[35]=0.00000 Asic[36]=0.00000 Asic[37]=0.00000 Asic[38]=0.00000 Asic[39]=0.00000 Asic[40]=0.00000Asic[41]=0.00000 Asic[42]=0.00000 Asic[43]=0.00000 Asic[44]=0.00000 Asic[45]=0.00000 Asic[46]=0.00000 Asic[47]=0.00000 Asic[48]=0.00000Asic[49]=0.00000 Asic[50]=0.00000 Asic[51]=0.00000 Asic[52]=0.00000 Asic[53]=0.00000 Asic[54]=0.00000 Asic[55]=0.00000 Asic[56]=0.00000Asic[57]=207.819 Asic[58]=0.00000 Asic[59]=0.00000 Asic[60]=0.00000 Asic[61]=0.00000 Asic[62]=0.00000 Asic[63]=0.00000Check Chain[J6] ASIC RT error: (asic index start from 1-63)Asic[29]=249.980000Asic[57]=236.458000Check Chain[J7] ASIC RT error: (asic index start from 1-63)Asic[29]=234.344000Asic[57]=221.677000Check Chain[J8] ASIC RT error: (asic index start from 1-63)Asic[29]=234.344000Asic[57]=207.819000Done check_asic_regChain[5] Chip[244] pcb temperature=45Chain[5] Chip[62] junction temperature=60Special fix Chain[5] Chip[62] middle Temp = 60Done read temp on Chain[5]Chain[6] Chip[244] pcb temperature=43Chain[6] Chip[62] junction temperature=55Special fix Chain[6] Chip[62] middle Temp = 58Done read temp on Chain[6]Chain[7] Chip[244] pcb temperature=42Chain[7] Chip[62] junction temperature=55Special fix Chain[7] Chip[62] middle Temp = 57Done read temp on Chain[7]Max pcb temp : 45set FAN speed according to: temp_highest=45 temp_top1[PWM_T]=45 temp_top1[TEMP_POS_LOCAL]=45 temp_change=45 fix_fan_steps=0set normal FAN speed...pwm_percent = 40FAN PWM: 40read_temp_func Done!CRC error counter=0",
      "score": 0,
      "upvotes": 0,
      "downvotes": 0
    },
    {
      "author": "mikeywith",
      "created_time": "July 28, 2023, 01:53:55 AM",
      "body": "Quote from: BlazinaBits on July 23, 2023, 07:35:09 PM- I have re-booted, re-started, and flashed the firmware multiple times. When i do sometimes the IP doesnt show back up and i have to unplug and plug back in, and sometimes the IP shows up but the Antminer OS is all glitchy and doesnt load half the info and pages.Seems like an infected control bard, or damaged in the worst-case scenario, a very large percentage of used miners are infected with nightswitcher virus and likes of it, depending on how serious the virus is, it may or may not go with SD card flash, if the boatload is bad, no matter what you do, you won't be able to flash the firmware.There are many things you could do, but the easiest would be to try and flash custom firmware, I suggest Vnish (AwesomeMiner or Asic.to), the result of the flashing process only would reveal some good info.",
      "score": 0,
      "upvotes": 0,
      "downvotes": 0
    },
    {
      "author": "DiskjockeyED",
      "created_time": "September 01, 2023, 05:22:42 PM",
      "body": "You bought a second-hand miner and the logs show that the hashboards are correct, no CRC counter, you can connect to the interface locally, so it's OK. So I'd say virus.As the person above me said, take a custom firmware with on-board antivirus and try flashing it.",
      "score": 0,
      "upvotes": 0,
      "downvotes": 0
    }
  ]
}