{
  "id": "topic_5438682",
  "title": "bnien",
  "author": "bnien",
  "created_time": "February 08, 2023, 04:06:05 AMLast edit: February 10, 2023, 06:14:49 PM by bnien",
  "content": "Totally new to the mining world.  I have some solar panels, and I was hoping to both generate a little spare heat in the winter, and also support the network with a miner or two.  So I bought a used s9j on newegg... from china... and its not working I have no idea where to even start, and was hoping to take advantage of the knowledge of all you kind hearted strangers.When i start up the miner, hashing board 1 and 2 have a small red light on. Board 3 does not. but after a minute or so, the 'fault' light flashes once for a split second, the fans spin down, and the small red lights on 1 and 2 shut off and the red light on board 3 turns on, and stays on.Is there something obvious going on here?  Something specific to look for in the kernel log maybe?  My very uneducated guess is board 3 is dead or faulty, but I'm pretty out of my depths.UPDATEHere's the kernel log, I have no idea what im looking at here though:Code:[    0.000000] Booting Linux on physical CPU 0x0[    0.000000] Linux version 3.14.0-xilinx-g16220c3 (lzq@armdev2) (gcc version 4.8.3 20140320 (prerelease) (Sourcery CodeBench Lite 2014.05-23) ) #83 SMP PREEMPT Thu Jul 12 11:42:53 CST 2018[    0.000000] CPU: ARMv7 Processor [413fc090] revision 0 (ARMv7), cr=18c5387d[    0.000000] CPU: PIPT / VIPT nonaliasing data cache, VIPT aliasing instruction cache[    0.000000] Machine model: Xilinx Zynq[    0.000000] cma: CMA: reserved 128 MiB at 27800000[    0.000000] Memory policy: Data cache writealloc[    0.000000] On node 0 totalpages: 258048[    0.000000] free_area_init_node: node 0, pgdat c074ac00, node_mem_map e6fd8000[    0.000000]   Normal zone: 1520 pages used for memmap[    0.000000]   Normal zone: 0 pages reserved[    0.000000]   Normal zone: 194560 pages, LIFO batch:31[    0.000000]   HighMem zone: 496 pages used for memmap[    0.000000]   HighMem zone: 63488 pages, LIFO batch:15[    0.000000] PERCPU: Embedded 8 pages/cpu @e6fc0000 s9088 r8192 d15488 u32768[    0.000000] pcpu-alloc: s9088 r8192 d15488 u32768 alloc=8*4096[    0.000000] pcpu-alloc: [0] 0 [0] 1 [    0.000000] Built 1 zonelists in Zone order, mobility grouping on.  Total pages: 256528[    0.000000] Kernel command line: noinitrd mem=1008M console=ttyPS0,115200 root=ubi0:rootfs ubi.mtd=1 rootfstype=ubifs rw rootwait[    0.000000] PID hash table entries: 4096 (order: 2, 16384 bytes)[    0.000000] Dentry cache hash table entries: 131072 (order: 7, 524288 bytes)[    0.000000] Inode-cache hash table entries: 65536 (order: 6, 262144 bytes)[    0.000000] Memory: 884108K/1032192K available (5057K kernel code, 284K rwdata, 1928K rodata, 204K init, 258K bss, 148084K reserved, 253952K highmem)[    0.000000] Virtual kernel memory layout:[    0.000000]     vector  : 0xffff0000 - 0xffff1000   (   4 kB)[    0.000000]     fixmap  : 0xfff00000 - 0xfffe0000   ( 896 kB)[    0.000000]     vmalloc : 0xf0000000 - 0xff000000   ( 240 MB)[    0.000000]     lowmem  : 0xc0000000 - 0xef800000   ( 760 MB)[    0.000000]     pkmap   : 0xbfe00000 - 0xc0000000   (   2 MB)[    0.000000]     modules : 0xbf000000 - 0xbfe00000   (  14 MB)[    0.000000]       .text : 0xc0008000 - 0xc06da8ac   (6987 kB)[    0.000000]       .init : 0xc06db000 - 0xc070e380   ( 205 kB)[    0.000000]       .data : 0xc0710000 - 0xc0757138   ( 285 kB)[    0.000000]        .bss : 0xc0757144 - 0xc0797bfc   ( 259 kB)[    0.000000] Preemptible hierarchical RCU implementation.[    0.000000]  Dump stacks of tasks blocking RCU-preempt GP.[    0.000000]  RCU restricting CPUs from NR_CPUS=4 to nr_cpu_ids=2.[    0.000000] RCU: Adjusting geometry for rcu_fanout_leaf=16, nr_cpu_ids=2[    0.000000] NR_IRQS:16 nr_irqs:16 16[    0.000000] ps7-slcr mapped to f0004000[    0.000000] zynq_clock_init: clkc starts at f0004100[    0.000000] Zynq clock init[    0.000014] sched_clock: 64 bits at 333MHz, resolution 3ns, wraps every 3298534883328ns[    0.000299] ps7-ttc #0 at f0006000, irq=43[    0.000599] Console: colour dummy device 80x30[    0.000635] Calibrating delay loop... 1325.46 BogoMIPS (lpj=6627328)[    0.040201] pid_max: default: 32768 minimum: 301[    0.040410] Mount-cache hash table entries: 2048 (order: 1, 8192 bytes)[    0.040432] Mountpoint-cache hash table entries: 2048 (order: 1, 8192 bytes)[    0.042587] CPU: Testing write buffer coherency: ok[    0.042910] CPU0: thread -1, cpu 0, socket 0, mpidr 80000000[    0.042965] Setting up static identity map for 0x4cb118 - 0x4cb170[    0.043187] L310 cache controller enabled[    0.043207] l2x0: 8 ways, CACHE_ID 0x410000c8, AUX_CTRL 0x72760000, Cache size: 512 kB[    0.120989] CPU1: Booted secondary processor[    0.210223] CPU1: thread -1, cpu 1, socket 0, mpidr 80000001[    0.210350] Brought up 2 CPUs[    0.210369] SMP: Total of 2 processors activated.[    0.210378] CPU: All CPU(s) started in SVC mode.[    0.211033] devtmpfs: initialized[    0.213456] VFP support v0.3: implementor 41 architecture 3 part 30 variant 9 rev 4[    0.214635] regulator-dummy: no parameters[    0.221501] NET: Registered protocol family 16[    0.223676] DMA: preallocated 256 KiB pool for atomic coherent allocations[    0.225936] cpuidle: using governor ladder[    0.225949] cpuidle: using governor menu[    0.233295] syscon f8000000.ps7-slcr: regmap [mem 0xf8000000-0xf8000fff] registered[    0.234804] hw-breakpoint: found 5 (+1 reserved) breakpoint and 1 watchpoint registers.[    0.234817] hw-breakpoint: maximum watchpoint size is 4 bytes.[    0.234926] zynq-ocm f800c000.ps7-ocmc: ZYNQ OCM pool: 256 KiB @ 0xf0080000[    0.256476] bio: create slab <bio-0> at 0[    0.257857] vgaarb: loaded[    0.258570] SCSI subsystem initialized[    0.259436] usbcore: registered new interface driver usbfs[    0.259606] usbcore: registered new interface driver hub[    0.259842] usbcore: registered new device driver usb[    0.260464] media: Linux media interface: v0.10[    0.260619] Linux video capture interface: v2.00[    0.260855] pps_core: LinuxPPS API ver. 1 registered[    0.260866] pps_core: Software ver. 5.3.6 - Copyright 2005-2007 Rodolfo Giometti <giometti@linux.it>[    0.260987] PTP clock support registered[    0.261489] EDAC MC: Ver: 3.0.0[    0.262652] Advanced Linux Sound Architecture Driver Initialized.[    0.265359] DMA-API: preallocated 4096 debug entries[    0.265373] DMA-API: debugging enabled by kernel config[    0.265448] Switched to clocksource arm_global_timer[    0.285340] NET: Registered protocol family 2[    0.286366] TCP established hash table entries: 8192 (order: 3, 32768 bytes)[    0.286463] TCP bind hash table entries: 8192 (order: 4, 65536 bytes)[    0.286622] TCP: Hash tables configured (established 8192 bind 8192)[    0.286682] TCP: reno registered[    0.286700] UDP hash table entries: 512 (order: 2, 16384 bytes)[    0.286748] UDP-Lite hash table entries: 512 (order: 2, 16384 bytes)[    0.287087] NET: Registered protocol family 1[    0.287481] RPC: Registered named UNIX socket transport module.[    0.287494] RPC: Registered udp transport module.[    0.287502] RPC: Registered tcp transport module.[    0.287510] RPC: Registered tcp NFSv4.1 backchannel transport module.[    0.287522] PCI: CLS 0 bytes, default 64[    0.287947] hw perfevents: enabled with ARMv7 Cortex-A9 PMU driver, 7 counters available[    0.289940] futex hash table entries: 512 (order: 3, 32768 bytes)[    0.291269] bounce pool size: 64 pages[    0.292128] jffs2: version 2.2. (NAND) © 2001-2006 Red Hat, Inc.[    0.292328] msgmni has been set to 1486[    0.293071] io scheduler noop registered[    0.293084] io scheduler deadline registered[    0.293136] io scheduler cfq registered (default)[    0.300873] dma-pl330 f8003000.ps7-dma: Loaded driver for PL330 DMAC-2364208[    0.300893] dma-pl330 f8003000.ps7-dma:  DBUFF-128x8bytes Num_Chans-8 Num_Peri-4 Num_Events-16[    0.423129] e0001000.serial: ttyPS0 at MMIO 0xe0001000 (irq = 82, base_baud = 3124999) is a xuartps[    0.995018] console [ttyPS0] enabled[    0.999301] xdevcfg f8007000.ps7-dev-cfg: ioremap 0xf8007000 to f0068000[    1.006921] [drm] Initialized drm 1.1.0 20060810[    1.023902] brd: module loaded[    1.033282] loop: module loaded[    1.042632] e1000e: Intel(R) PRO/1000 Network Driver - 2.3.2-k[    1.048512] e1000e: Copyright(c) 1999 - 2013 Intel Corporation.[    1.056387] libphy: XEMACPS mii bus: probed[    1.060753] ------------- phy_id = 0x3625e62[    1.065579] xemacps e000b000.ps7-ethernet: pdev->id -1, baseaddr 0xe000b000, irq 54[    1.074352] ehci_hcd: USB 2.0 'Enhanced' Host Controller (EHCI) Driver[    1.081176] ehci-pci: EHCI PCI platform driver[    1.088476] zynq-dr e0002000.ps7-usb: Unable to init USB phy, missing?[    1.095266] usbcore: registered new interface driver usb-storage[    1.102149] mousedev: PS/2 mouse device common for all mice[    1.108248] i2c /dev entries driver[    1.115122] zynq-edac f8006000.ps7-ddrc: ecc not enabled[    1.120639] cpufreq_cpu0: failed to get cpu0 regulator: -19[    1.126544] Xilinx Zynq CpuIdle Driver started[    1.131386] sdhci: Secure Digital Host Controller Interface driver[    1.137587] sdhci: Copyright(c) Pierre Ossman[    1.141858] sdhci-pltfm: SDHCI platform and OF driver helper[    1.148686] mmc0: no vqmmc regulator found[    1.152703] mmc0: no vmmc regulator found[    1.195487] mmc0: SDHCI controller on e0100000.ps7-sdio [e0100000.ps7-sdio] using ADMA[    1.204198] usbcore: registered new interface driver usbhid[    1.209706] usbhid: USB HID core driver[    1.214407] nand: device found, Manufacturer ID: 0x2c, Chip ID: 0xda[    1.220700] nand: Micron MT29F2G08ABAEAWP[    1.224668] nand: 256MiB, SLC, page size: 2048, OOB size: 64[    1.230600] Bad block table found at page 131008, version 0x01[    1.236822] Bad block table found at page 130944, version 0x01[    1.242865] 3 ofpart partitions found on MTD device pl353-nand[    1.248649] Creating 3 MTD partitions on \"pl353-nand\":[    1.253741] 0x000000000000-0x000002000000 : \"BOOT.bin-env-dts-kernel\"[    1.261787] 0x000002000000-0x00000b000000 : \"angstram-rootfs\"[    1.269105] 0x00000b000000-0x000010000000 : \"upgrade-rootfs\"[    1.279843] TCP: cubic registered[    1.283077] NET: Registered protocol family 17[    1.287785] Registering SWP/SWPB emulation handler[    1.293632] regulator-dummy: disabling[    1.297952] UBI: attaching mtd1 to ubi0[    1.820943] UBI: scanning is finished[    1.832509] UBI: attached mtd1 (name \"angstram-rootfs\", size 144 MiB) to ubi0[    1.839587] UBI: PEB size: 131072 bytes (128 KiB), LEB size: 126976 bytes[    1.846349] UBI: min./max. I/O unit sizes: 2048/2048, sub-page size 2048[    1.853013] UBI: VID header offset: 2048 (aligned 2048), data offset: 4096[    1.859890] UBI: good PEBs: 1152, bad PEBs: 0, corrupted PEBs: 0[    1.865870] UBI: user volume: 1, internal volumes: 1, max. volumes count: 128[    1.872978] UBI: max/mean erase counter: 3/1, WL threshold: 4096, image sequence number: 1754858191[    1.882021] UBI: available PEBs: 0, total reserved PEBs: 1152, PEBs reserved for bad PEB handling: 40[    1.891237] UBI: background thread \"ubi_bgt0d\" started, PID 1084[    1.891242] drivers/rtc/hctosys.c: unable to open rtc device (rtc0)[    1.895140] ALSA device list:[    1.895143]   No soundcards found.[    1.911529] UBIFS: background thread \"ubifs_bgt0_0\" started, PID 1086[    1.940346] UBIFS: recovery needed[    2.011405] UBIFS: recovery completed[    2.015072] UBIFS: mounted UBI device 0, volume 0, name \"rootfs\"[    2.021055] UBIFS: LEB size: 126976 bytes (124 KiB), min./max. I/O unit sizes: 2048 bytes/2048 bytes[    2.030128] UBIFS: FS size: 128626688 bytes (122 MiB, 1013 LEBs), journal size 9023488 bytes (8 MiB, 72 LEBs)[    2.040022] UBIFS: reserved for root: 0 bytes (0 KiB)[    2.045045] UBIFS: media format: w4/r0 (latest is w4/r0), UUID 7024E062-5923-42D9-8915-DFE72B38FE49, small LPT model[    2.056329] VFS: Mounted root (ubifs filesystem) on device 0:11.[    2.063714] devtmpfs: mounted[    2.066845] Freeing unused kernel memory: 204K (c06db000 - c070e000)[    2.898468] random: dd urandom read with 1 bits of entropy available[    3.285486] [    3.285486] bcm54xx_config_init[    4.375489] [    4.375489] bcm54xx_config_init[    8.376321] xemacps e000b000.ps7-ethernet: Set clk to 124999998 Hz[    8.382428] xemacps e000b000.ps7-ethernet: link up (1000/FULL)[   23.037401] In axi fpga driver![   23.040465] request_mem_region OK![   23.043860] AXI fpga dev virtual address is 0xf0200000[   23.049102] *base_vir_addr = 0xc51e[   23.063941] In fpga mem driver![   23.067348] request_mem_region OK![   23.070875] fpga mem virtual address is 0xf3000000[   23.855496] [   23.855496] bcm54xx_config_init[   24.935467] [   24.935467] bcm54xx_config_init[   28.936306] xemacps e000b000.ps7-ethernet: Set clk to 124999998 Hz[   28.942418] xemacps e000b000.ps7-ethernet: link up (1000/FULL)main.c:13992: log_level = 4main.c:14019: This is XILINX board. Totalram:       1039753216main.c:14025: Detect 1GB control board of XILINXdriver-bitmain.c:1776: mmap axi_fpga_addr = 0xb6eff000driver-bitmain.c:1781: axi_fpga_addr data = 0xc51edriver-bitmain.c:1797: mmap fpga_mem_addr = 0xb5cf8000driver-bitmain.c:994: forceFreq=-1 forceFlag=0driver-bitmain.c:1696: min work minertest[0]:912main.c:8570: DETECT HW version=0000c51emain.c:14064: miner ID : 81308541123b885cmain.c:14089: Miner Type = S9main.c:14101: AsicType = 1387main.c:14104: real AsicNum = 63main.c:14197: use critical mode to search freq...driver-bitmain.c:1876: get PLUG ON=0x000000e0driver-bitmain.c:1946: Find hashboard on Chain[5]driver-bitmain.c:1946: Find hashboard on Chain[6]driver-bitmain.c:1946: Find hashboard on Chain[7]main.c:2282: Check chain[5] PIC fw version=0x03main.c:2282: Check chain[6] PIC fw version=0x03main.c:2282: Check chain[7] PIC fw version=0x03main.c:8940: read pic freq and badcore num...main.c:8961: chain[5]: [63:255] [63:255] [63:255] [63:255] [63:255] [63:255] [63:255] [63:255]main.c:9003: has freq in PIC, will disable freq setting.main.c:9099: chain[5] has freq in PIC and will jump over...main.c:9103: Chain[5] has core num in PICmain.c:2282: Check chain[5] PIC fw version=0x03main.c:8940: read pic freq and badcore num...main.c:8961: chain[6]: [63:255] [63:255] [63:255] [63:255] [63:255] [63:255] [63:255] [63:255]main.c:9003: has freq in PIC, will disable freq setting.main.c:9099: chain[6] has freq in PIC and will jump over...main.c:9103: Chain[6] has core num in PICmain.c:2282: Check chain[6] PIC fw version=0x03main.c:8940: read pic freq and badcore num...",
  "score": 0,
  "upvotes": 0,
  "downvotes": 0,
  "url": "https://bitcointalk.org/index.php?topic=5438682",
  "comments": [
    {
      "author": "TalkativeCoin",
      "created_time": "February 08, 2023, 11:10:08 AM",
      "body": "Hi!Did you run through their FAQ?Take a look at these:https://support.bitmain.com/hc/en-us/articles/360018826774-What-do-miner-s-signal-lights-mean-https://support.bitmain.com/hc/en-us/articles/360019493654-S9-series-S9-S9i-S9j-S9-Hydro-Control-Board-Program-Recovery",
      "score": 0,
      "upvotes": 0,
      "downvotes": 0
    },
    {
      "author": "DaveF",
      "created_time": "February 08, 2023, 12:24:00 PM",
      "body": "A simple test is CAREFULLY pull the cable from the controller that goes to board 3. What does the GUI say? It should mine even with 1 bad board just show a bunch of  xxxxx for the chips.If you post the log there might be something that people here can see.USE the code tags (# above) when posting so it's easy to see and scroll, just don't copy past it in the post.Also move this post to the hardware section. Will get more eyes on it there.-Dave",
      "score": 0,
      "upvotes": 0,
      "downvotes": 0
    },
    {
      "author": "BitMaxz",
      "created_time": "February 08, 2023, 03:18:58 PM",
      "body": "Possibly the 3rd board is faulty or overheating.Better check the dashboard of this miner under the miner's status to see which one isn't working.And read the kernel logs for possible errors you should see why it's not working.Like the above  said post the kernel logs here so that we can see the cause of why it isn't working.You can also try to test all hash boards one by one to find the culprit you can follow the guide below.- https://www.zeusbtc.com/articles/asic-miner-troubleshooting/1050-how-to-test-antminer-hash-board-one-by-one",
      "score": 0,
      "upvotes": 0,
      "downvotes": 0
    },
    {
      "author": "Daltonik",
      "created_time": "February 14, 2023, 10:50:06 AM",
      "body": "Quote from: bnien on February 08, 2023, 04:06:05 AM<...>When i start up the miner, hashing board 1 and 2 have a small red light on. Board 3 does not. but after a minute or so, the 'fault' light flashes once for a split second, the fans spin down, and the small red lights on 1 and 2 shut off and the red light on board 3 turns on, and stays on.<...>Well, the flashing \"fault\" indicator indicates that the miner has detected an error or malfunction in the board # 3 or in the power supply, which leads to a slowdown in the rotation of the fans and disconnection of the miner. Also check the data cables connected to the boards. Try to connect another power supply, if the error persists, then run and test the miner with one board connected, for example, start with #1 and #2 and #3 disconnect.",
      "score": 0,
      "upvotes": 0,
      "downvotes": 0
    }
  ]
}