{
  "id": "topic_5441565",
  "title": "H4th0r",
  "author": "H4th0r",
  "created_time": "February 28, 2023, 02:59:43 PMLast edit: March 01, 2023, 01:26:30 PM by H4th0r",
  "content": "Hey I got this problem with my antminer s9 I dont know what to do that is why I am asking for ya'll help here is the problem my console is showing me this error : (More info/picture down below)Code:[ 0.000000] Booting Linux on physical CPU 0x0[ 0.000000] Linux version 3.14.0-xilinx-g16220c3 (lzq@armdev2) (gcc version 4.8.3 20140320 (prerelease) (Sourcery CodeBench Lite 2014.05-23) ) #83 SMP PREEMPT Thu Jul 12 11:42:53 CST 2018[ 0.000000] CPU: ARMv7 Processor [413fc090] revision 0 (ARMv7), cr=18c5387d[ 0.000000] CPU: PIPT / VIPT nonaliasing data cache, VIPT aliasing instruction cache[ 0.000000] Machine model: Xilinx Zynq[ 0.000000] cma: CMA: reserved 128 MiB at 27800000[ 0.000000] Memory policy: Data cache writealloc[ 0.000000] On node 0 totalpages: 258048[ 0.000000] free_area_init_node: node 0, pgdat c074ac00, node_mem_map e6fd8000[ 0.000000] Normal zone: 1520 pages used for memmap[ 0.000000] Normal zone: 0 pages reserved[ 0.000000] Normal zone: 194560 pages, LIFO batch:31[ 0.000000] HighMem zone: 496 pages used for memmap[ 0.000000] HighMem zone: 63488 pages, LIFO batch:15[ 0.000000] PERCPU: Embedded 8 pages/cpu u/e6fc0000 s9088 r8192 d15488 u32768[ 0.000000] pcpu-alloc: s9088 r8192 d15488 u32768 alloc=8*4096[ 0.000000] pcpu-alloc: [0] 0 [0] 1[ 0.000000] Built 1 zonelists in Zone order, mobility grouping on. Total pages: 256528[ 0.000000] Kernel command line: noinitrd mem=1008M console=ttyPS0,115200 root=ubi0:rootfs ubi.mtd=1 rootfstype=ubifs rw rootwait[ 0.000000] PID hash table entries: 4096 (order: 2, 16384 bytes)[ 0.000000] Dentry cache hash table entries: 131072 (order: 7, 524288 bytes)[ 0.000000] Inode-cache hash table entries: 65536 (order: 6, 262144 bytes)[ 0.000000] Memory: 884108K/1032192K available (5057K kernel code, 284K rwdata, 1928K rodata, 204K init, 258K bss, 148084K reserved, 253952K highmem)[ 0.000000] Virtual kernel memory layout:[ 0.000000] vector : 0xffff0000 - 0xffff1000 ( 4 kB)[ 0.000000] fixmap : 0xfff00000 - 0xfffe0000 ( 896 kB)[ 0.000000] vmalloc : 0xf0000000 - 0xff000000 ( 240 MB)[ 0.000000] lowmem : 0xc0000000 - 0xef800000 ( 760 MB)[ 0.000000] pkmap : 0xbfe00000 - 0xc0000000 ( 2 MB)[ 0.000000] modules : 0xbf000000 - 0xbfe00000 ( 14 MB)[ 0.000000] .text : 0xc0008000 - 0xc06da8ac (6987 kB)[ 0.000000] .init : 0xc06db000 - 0xc070e380 ( 205 kB)[ 0.000000] .data : 0xc0710000 - 0xc0757138 ( 285 kB)[ 0.000000] .bss : 0xc0757144 - 0xc0797bfc ( 259 kB)[ 0.000000] Preemptible hierarchical RCU implementation.[ 0.000000] Dump stacks of tasks blocking RCU-preempt GP.[ 0.000000] RCU restricting CPUs from NR_CPUS=4 to nr_cpu_ids=2.[ 0.000000] RCU: Adjusting geometry for rcu_fanout_leaf=16, nr_cpu_ids=2[ 0.000000] NR_IRQS:16 nr_irqs:16 16[ 0.000000] ps7-slcr mapped to f0004000[ 0.000000] zynq_clock_init: clkc starts at f0004100[ 0.000000] Zynq clock init[ 0.000014] sched_clock: 64 bits at 333MHz, resolution 3ns, wraps every 3298534883328ns[ 0.000292] ps7-ttc #0 at f0006000, irq=43[ 0.000592] Console: colour dummy device 80x30[ 0.000627] Calibrating delay loop... 1325.46 BogoMIPS (lpj=6627328)[ 0.040197] pid_max: default: 32768 minimum: 301[ 0.040406] Mount-cache hash table entries: 2048 (order: 1, 8192 bytes)[ 0.040428] Mountpoint-cache hash table entries: 2048 (order: 1, 8192 bytes)[ 0.042580] CPU: Testing write buffer coherency: ok[ 0.042900] CPU0: thread -1, cpu 0, socket 0, mpidr 80000000[ 0.042956] Setting up static identity map for 0x4cb118 - 0x4cb170[ 0.043178] L310 cache controller enabled[ 0.043197] l2x0: 8 ways, CACHE_ID 0x410000c8, AUX_CTRL 0x72760000, Cache size: 512 kB[ 0.120987] CPU1: Booted secondary processor[ 0.210219] CPU1: thread -1, cpu 1, socket 0, mpidr 80000001[ 0.210348] Brought up 2 CPUs[ 0.210366] SMP: Total of 2 processors activated.[ 0.210374] CPU: All CPU(s) started in SVC mode.[ 0.211050] devtmpfs: initialized[ 0.213457] VFP support v0.3: implementor 41 architecture 3 part 30 variant 9 rev 4[ 0.214641] regulator-dummy: no parameters[ 0.221988] NET: Registered protocol family 16[ 0.224203] DMA: preallocated 256 KiB pool for atomic coherent allocations[ 0.226454] cpuidle: using governor ladder[ 0.226467] cpuidle: using governor menu[ 0.233800] syscon f8000000.ps7-slcr: regmap [mem 0xf8000000-0xf8000fff] registered[ 0.235303] hw-breakpoint: found 5 (+1 reserved) breakpoint and 1 watchpoint registers.[ 0.235316] hw-breakpoint: maximum watchpoint size is 4 bytes.[ 0.235427] zynq-ocm f800c000.ps7-ocmc: ZYNQ OCM pool: 256 KiB @ 0xf0080000[ 0.257015] bio: create slab <bio-0> at 0[ 0.258361] vgaarb: loaded[ 0.259051] SCSI subsystem initialized[ 0.259894] usbcore: registered new interface driver usbfs[ 0.260074] usbcore: registered new interface driver hub[ 0.260492] usbcore: registered new device driver usb[ 0.261141] media: Linux media interface: v0.10[ 0.261581] Linux video capture interface: v2.00[ 0.261844] pps_core: LinuxPPS API ver. 1 registered[ 0.261856] pps_core: Software ver. 5.3.6 - Copyright 2005-2007 Rodolfo Giometti giometti@linux.it[ 0.261978] PTP clock support registered[ 0.262330] EDAC MC: Ver: 3.0.0[ 0.263513] Advanced Linux Sound Architecture Driver Initialized.[ 0.266228] DMA-API: preallocated 4096 debug entries[ 0.266242] DMA-API: debugging enabled by kernel config[ 0.266308] Switched to clocksource arm_global_timer[ 0.285998] NET: Registered protocol family 2[ 0.286711] TCP established hash table entries: 8192 (order: 3, 32768 bytes)[ 0.286806] TCP bind hash table entries: 8192 (order: 4, 65536 bytes)[ 0.286965] TCP: Hash tables configured (established 8192 bind 8192)[ 0.287021] TCP: reno registered[ 0.287039] UDP hash table entries: 512 (order: 2, 16384 bytes)[ 0.287088] UDP-Lite hash table entries: 512 (order: 2, 16384 bytes)[ 0.287342] NET: Registered protocol family 1[ 0.287689] RPC: Registered named UNIX socket transport module.[ 0.287702] RPC: Registered udp transport module.[ 0.287711] RPC: Registered tcp transport module.[ 0.287719] RPC: Registered tcp NFSv4.1 backchannel transport module.[ 0.287731] PCI: CLS 0 bytes, default 64[ 0.288155] hw perfevents: enabled with ARMv7 Cortex-A9 PMU driver, 7 counters available[ 0.290145] futex hash table entries: 512 (order: 3, 32768 bytes)[ 0.291493] bounce pool size: 64 pages[ 0.292363] jffs2: version 2.2. (NAND) © 2001-2006 Red Hat, Inc.[ 0.292566] msgmni has been set to 1486[ 0.293330] io scheduler noop registered[ 0.293344] io scheduler deadline registered[ 0.293381] io scheduler cfq registered (default)[ 0.305823] dma-pl330 f8003000.ps7-dma: Loaded driver for PL330 DMAC-2364208[ 0.305842] dma-pl330 f8003000.ps7-dma: DBUFF-128x8bytes Num_Chans-8 Num_Peri-4 Num_Events-16[ 0.427440] e0001000.serial: ttyPS0 at MMIO 0xe0001000 (irq = 82, base_baud = 3124999) is a xuartps[ 0.999477] console [ttyPS0] enabled[ 1.003710] xdevcfg f8007000.ps7-dev-cfg: ioremap 0xf8007000 to f0068000[ 1.011356] [drm] Initialized drm 1.1.0 20060810[ 1.028410] brd: module loaded[ 1.037762] loop: module loaded[ 1.047331] e1000e: Intel(R) PRO/1000 Network Driver - 2.3.2-k[ 1.053085] e1000e: Copyright(c) 1999 - 2013 Intel Corporation.[ 1.060905] libphy: XEMACPS mii bus: probed[ 1.065272] ------------- phy_id = 0x3625e62[ 1.070187] xemacps e000b000.ps7-ethernet: pdev->id -1, baseaddr 0xe000b000, irq 54[ 1.078928] ehci_hcd: USB 2.0 'Enhanced' Host Controller (EHCI) Driver[ 1.085540] ehci-pci: EHCI PCI platform driver[ 1.092798] zynq-dr e0002000.ps7-usb: Unable to init USB phy, missing?[ 1.099635] usbcore: registered new interface driver usb-storage[ 1.106546] mousedev: PS/2 mouse device common for all mice[ 1.112635] i2c /dev entries driver[ 1.119539] zynq-edac f8006000.ps7-ddrc: ecc not enabled[ 1.125015] cpufreq_cpu0: failed to get cpu0 regulator: -19[ 1.130929] Xilinx Zynq CpuIdle Driver started[ 1.135772] sdhci: Secure Digital Host Controller Interface driver[ 1.141900] sdhci: Copyright(c) Pierre Ossman[ 1.146204] sdhci-pltfm: SDHCI platform and OF driver helper[ 1.153020] mmc0: no vqmmc regulator found[ 1.157107] mmc0: no vmmc regulator found[ 1.196326] mmc0: SDHCI controller on e0100000.ps7-sdio [e0100000.ps7-sdio] using ADMA[ 1.205016] usbcore: registered new interface driver usbhid[ 1.210533] usbhid: USB HID core driver[ 1.215227] nand: device found, Manufacturer ID: 0x2c, Chip ID: 0xda[ 1.221525] nand: Micron MT29F2G08ABAEAWP[ 1.225490] nand: 256MiB, SLC, page size: 2048, OOB size: 64[ 1.231435] Bad block table found at page 131008, version 0x01[ 1.237659] Bad block table found at page 130944, version 0x01[ 1.243707] 3 ofpart partitions found on MTD device pl353-nand[ 1.249491] Creating 3 MTD partitions on \"pl353-nand\":[ 1.254580] 0x000000000000-0x000002000000 : \"BOOT.bin-env-dts-kernel\"[ 1.262643] 0x000002000000-0x00000b000000 : \"angstram-rootfs\"[ 1.269951] 0x00000b000000-0x000010000000 : \"upgrade-rootfs\"[ 1.280670] TCP: cubic registered[ 1.283907] NET: Registered protocol family 17[ 1.288607] Registering SWP/SWPB emulation handler[ 1.294481] regulator-dummy: disabling[ 1.298804] UBI: attaching mtd1 to ubi0[ 1.825082] UBI: scanning is finished[ 1.836674] UBI: attached mtd1 (name \"angstram-rootfs\", size 144 MiB) to ubi0[ 1.843723] UBI: PEB size: 131072 bytes (128 KiB), LEB size: 126976 bytes[ 1.850509] UBI: min./max. I/O unit sizes: 2048/2048, sub-page size 2048[ 1.857195] UBI: VID header offset: 2048 (aligned 2048), data offset: 4096[ 1.864033] UBI: good PEBs: 1152, bad PEBs: 0, corrupted PEBs: 0[ 1.870043] UBI: user volume: 1, internal volumes: 1, max. volumes count: 128[ 1.877155] UBI: max/mean erase counter: 113/57, WL threshold: 4096, image sequence number: 1113221046[ 1.886444] UBI: available PEBs: 0, total reserved PEBs: 1152, PEBs reserved for bad PEB handling: 40[ 1.895641] UBI: background thread \"ubi_bgt0d\" started, PID 1084[ 1.895647] drivers/rtc/hctosys.c: unable to open rtc device (rtc0)[ 1.899580] ALSA device list:[ 1.899584] No soundcards found.[ 1.915918] UBIFS: background thread \"ubifs_bgt0_0\" started, PID 1086[ 1.944916] UBIFS: recovery needed[ 2.023839] UBIFS: recovery completed[ 2.027526] UBIFS: mounted UBI device 0, volume 0, name \"rootfs\"[ 2.033446] UBIFS: LEB size: 126976 bytes (124 KiB), min./max. I/O unit sizes: 2048 bytes/2048 bytes[ 2.042586] UBIFS: FS size: 128626688 bytes (122 MiB, 1013 LEBs), journal size 9023488 bytes (8 MiB, 72 LEBs)[ 2.052465] UBIFS: reserved for root: 0 bytes (0 KiB)[ 2.057505] UBIFS: media format: w4/r0 (latest is w4/r0), UUID E8A4479F-B15D-4C7A-964D-0F246E2BB6ED, small LPT model[ 2.068775] VFS: Mounted root (ubifs filesystem) on device 0:11.[ 2.075954] devtmpfs: mounted[ 2.079083] Freeing unused kernel memory: 204K (c06db000 - c070e000)[ 2.920293] random: dd urandom read with 1 bits of entropy available[ 3.306347][ 3.306347] bcm54xx_config_init[ 4.406352][ 4.406352] bcm54xx_config_init[ 8.407181] xemacps e000b000.ps7-ethernet: Set clk to 124999998 Hz[ 8.413286] xemacps e000b000.ps7-ethernet: link up (1000/FULL)[ 22.886596] In axi fpga driver![ 22.889660] request_mem_region OK![ 22.893055] AXI fpga dev virtual address is 0xf0200000[ 22.898191] *base_vir_addr = 0xc51e[ 22.912803] In fpga mem driver![ 22.916234] request_mem_region OK![ 22.919746] fpga mem virtual address is 0xf3000000[ 23.715754][ 23.715754] bcm54xx_config_init[ 24.795670][ 24.795670] bcm54xx_config_init[ 28.796093] xemacps e000b000.ps7-ethernet: Set clk to 124999998 Hz[ 28.802200] xemacps e000b000.ps7-ethernet: link up (1000/FULL)main.c:13992: log_level = 4main.c:14019: This is XILINX board. Totalram: 1039753216main.c:14025: Detect 1GB control board of XILINXdriver-bitmain.c:1776: mmap axi_fpga_addr = 0xb6fcc000driver-bitmain.c:1781: axi_fpga_addr data = 0xc51edriver-bitmain.c:1797: mmap fpga_mem_addr = 0xb5dc5000driver-bitmain.c:994: forceFreq=-1 forceFlag=0driver-bitmain.c:1696: min work minertest[0]:912main.c:8570: DETECT HW version=0000c51emain.c:14064: miner ID : 81589401123b8854main.c:14089: Miner Type = S9main.c:14101: AsicType = 1387main.c:14104: real AsicNum = 63main.c:14197: use critical mode to search freq...driver-bitmain.c:1876: get PLUG ON=0x000000e0driver-bitmain.c:1946: Find hashboard on Chain[5]driver-bitmain.c:1946: Find hashboard on Chain[6]driver-bitmain.c:1946: Find hashboard on Chain[7]main.c:2282: Check chain[5] PIC fw version=0x03main.c:2282: Check chain[6] PIC fw version=0x03main.c:2282: Check chain[7] PIC fw version=0x03main.c:8940: read pic freq and badcore num...main.c:8961: chain[5]: [63:255] [63:255] [63:255] [63:255] [63:255] [63:255] [63:255] [63:255]main.c:9003: has freq in PIC, will disable freq setting.main.c:9099: chain[5] has freq in PIC and will jump over...main.c:9103: Chain[5] has core num in PICmain.c:9113: Chain[5] ASIC[23] has core num=1main.c:9113: Chain[5] ASIC[49] has core num=15main.c:2282: Check chain[5] PIC fw version=0x03main.c:8940: read pic freq and badcore num...main.c:8961: chain[6]: [63:255] [63:255] [63:255] [63:255] [63:255] [63:255] [63:255] [63:255]main.c:9003: has freq in PIC, will disable freq setting.main.c:9099: chain[6] has freq in PIC and will jump over...main.c:9103: Chain[6] has core num in PICmain.c:2282: Check chain[6] PIC fw version=0x03main.c:8940: read pic freq and badcore num...main.c:8961: chain[7]: [63:255] [63:255] [63:255] [63:255] [63:255] [63:255] [63:255] [63:255]main.c:9003: has freq in PIC, will disable freq setting.main.c:9099: chain[7] has freq in PIC and will jump over...main.c:9103: Chain[7] has core num in PICmain.c:9113: Chain[7] ASIC[4] has core num=15main.c:2282: Check chain[7] PIC fw version=0x03main.c:9183: get PIC voltage=91 on chain[5], value=890main.c:9183: get PIC voltage=57 on chain[6], value=910main.c:9183: get PIC voltage=125 on chain[7], value=870main.c:9349: chain[5] temp offset record: 62,0,0,0,0,0,35,28main.c:9366: chain[5] temp chip I2C addr=0x98main.c:9372: chain[5] has no middle temp, use special fix mode.main.c:9349: chain[6] temp offset record: 62,0,0,0,0,0,35,28main.c:9366: chain[6] temp chip I2C addr=0x98main.c:9372: chain[6] has no middle temp, use special fix mode.main.c:9349: chain[7] temp offset record: 62,0,0,0,0,0,39,28main.c:9366: chain[7] temp chip I2C addr=0x9cmain.c:9372: chain[7] has no middle temp, use special fix mode.main.c:13956: total_exist_chain_num = 3main.c:9562: CRC error counter=0main.c:9577: set command mode to VILmain.c:9649:--- check asic numbermain.c:9745: After Get ASIC NUM CRC error counter=0main.c:9768: set_baud=0main.c:10693: The min freq=700main.c:10695: set real timeout 52, need sleep=379392main.c:12825: After TEST CRC error counter=0main.c:14236: search freq for 1 times, completed chain = 3, total chain num = 3board_frq_tuning.c:628: single_board_frq_tuning enterboard_frq_tuning.c:629: min_rate, des_rate, fix_volt:13800, 14000, 880board_frq_tuning.c:254: force_freq not set, don't need tuningmain.c:14645: restart Miner chance num=2main.c:14685: waiting for receive_func to exit!main.c:14699: waiting for pic heart to exit!main.c:13927: bmminer not found= 1831 root 0:00 grep bmminermain.c:14758: bmminer not found, restart bmminer ...driver-btm-c5.c:12243:bitmain_c5_init: This is user mode for miningdriver-btm-c5.c:12286:bitmain_c5_init: Detect 1GB control board of XILINXdriver-btm-c5.c:12313:bitmain_c5_init: Miner Type = S9driver-btm-c5.c:12324:bitmain_c5_init: Miner compile time: Wed Jul 31 16:18:27 CST 2019 type: Antminer S9driver-btm-c5.c:12414:bitmain_c5_init: miner ID : 81589401123b8854driver-btm-c5.c:12571:bitmain_c5_init: Checking fans...driver-btm-c5.c:3006:check_fan_beforeInit: get fan[4] speed=5520driver-btm-c5.c:3006:check_fan_beforeInit: get fan[4] speed=5520driver-btm-c5.c:3006:check_fan_beforeInit: get fan[4] speed=5520driver-btm-c5.c:3006:check_fan_beforeInit: get fan[4] speed=5520driver-btm-c5.c:3006:check_fan_beforeInit: get fan[4] speed=5520driver-btm-c5.c:3006:check_fan_beforeInit: get fan[4] speed=5520driver-btm-c5.c:3006:check_fan_beforeInit: get fan[4] speed=5520driver-btm-c5.c:3006:check_fan_beforeInit: get fan[4] speed=5520driver-btm-c5.c:3006:check_fan_beforeInit: get fan[4] speed=5520driver-btm-c5.c:3006:check_fan_beforeInit: get fan[4] speed=5520driver-btm-c5.c:3006:check_fan_beforeInit: get fan[4] speed=5520driver-btm-c5.c:3006:check_fan_beforeInit: get fan[4] speed=5520driver-btm-c5.c:3006:check_fan_beforeInit: get fan[4] speed=5520driver-btm-c5.c:3006:check_fan_beforeInit: get fan[4] speed=5520driver-btm-c5.c:3006:check_fan_beforeInit: get fan[4] speed=5520driver-btm-c5.c:3006:check_fan_beforeInit: get fan[4] speed=5520driver-btm-c5.c:3006:check_fan_beforeInit: get fan[4] speed=5520driver-btm-c5.c:3006:check_fan_beforeInit: get fan[4] speed=5520driver-btm-c5.c:3006:check_fan_beforeInit: get fan[4] speed=5520driver-btm-c5.c:3006:check_fan_beforeInit: get fan[4] speed=5520driver-btm-c5.c:3006:check_fan_beforeInit: get fan[4] speed=5520driver-btm-c5.c:3006:check_fan_beforeInit: get fan[4] speed=5520driver-btm-c5.c:3006:check_fan_beforeInit: get fan[4] speed=5520driver-btm-c5.c:3006:check_fan_beforeInit: get fan[4] speed=5520driver-btm-c5.c:3006:check_fan_beforeInit: get fan[4] speed=5520driver-btm-c5.c:3006:check_fan_beforeInit: get fan[4] speed=5520driver-btm-c5.c:3006:check_fan_beforeInit: get fan[4] speed=5520driver-btm-c5.c:3006:check_fan_beforeInit: get fan[4] speed=5520driver-btm-c5.c:3006:check_fan_beforeInit: get fan[4] speed=5520driver-btm-c5.c:3006:check_fan_beforeInit: get fan[4] speed=5520driver-btm-c5.c:3023:check_fan_beforeInit: waiting fans become stable...driver-btm-c5.c:3023:check_fan_beforeInit: waiting fans become stable...driver-btm-c5.c:3023:check_fan_beforeInit: waiting fans become stable...driver-btm-c5.c:3023:check_fan_beforeInit: waiting fans become stable...driver-btm-c5.c:3023:check_fan_beforeInit: waiting fans become stable...driver-btm-c5.c:3023:check_fan_beforeInit: waiting fans become stable...driver-btm-c5.c:3006:check_fan_beforeInit: get fan[4] speed=5520driver-btm-c5.c:3006:check_fan_beforeInit: get fan[4] speed=5520driver-btm-c5.c:3006:check_fan_beforeInit: get fan[4] speed=5520driver-btm-c5.c:3006:check_fan_beforeInit: get fan[4] speed=5520driver-btm-c5.c:3006:check_fan_beforeInit: get fan[4] speed=5520driver-btm-c5.c:3006:check_fan_beforeInit: get fan[4] speed=5520driver-btm-c5.c:3006:check_fan_beforeInit: get fan[4] speed=5520driver-btm-c5.c:3006:check_fan_beforeInit: get fan[4] speed=5520driver-btm-c5.c:3006:check_fan_beforeInit: get fan[4] speed=5520driver-btm-c5.c:3006:check_fan_beforeInit: get fan[4] speed=5520driver-btm-c5.c:3006:check_fan_beforeInit: get fan[4] speed=5520driver-btm-c5.c:3006:check_fan_beforeInit: get fan[4] speed=5520driver-btm-c5.c:3006:check_fan_beforeInit: get fan[4] speed=5520driver-btm-c5.c:3006:check_fan_beforeInit: get fan[4] speed=5520driver-btm-c5.c:3006:check_fan_beforeInit: get fan[4] speed=5520driver-btm-c5.c:3006:check_fan_beforeInit: get fan[4] speed=5520driver-btm-c5.c:3006:check_fan_beforeInit: get fan[4] speed=5520driver-btm-c5.c:3006:check_fan_beforeInit: get fan[4] speed=5520driver-btm-c5.c:3006:check_fan_beforeInit: get fan[4] speed=5520driver-btm-c5.c:3006:check_fan_beforeInit: get fan[4] speed=5520driver-btm-c5.c:3006:check_fan_beforeInit: get fan[4] speed=5520driver-btm-c5.c:3006:check_fan_beforeInit: get fan[4] speed=5520driver-btm-c5.c:3006:check_fan_beforeInit: get fan[4] speed=5520driver-btm-c5.c:3006:check_fan_beforeInit: get fan[4] speed=5520driver-btm-c5.c:3006:check_fan_beforeInit: get fan[4] speed=5520driver-btm-c5.c:3006:check_fan_beforeInit: get fan[4] speed=5520driver-btm-c5.c:3006:check_fan_beforeInit: get fan[4] speed=5520driver-btm-c5.c:3006:check_fan_beforeInit: get fan[4] speed=5520driver-btm-c5.c:3006:check_fan_beforeInit: get fan[4] speed=5520driver-btm-c5.c:3006:check_fan_beforeInit: get fan[4] speed=5520driver-btm-c5.c:3006:check_fan_beforeInit: get fan[4] speed=5520driver-btm-c5.c:3006:check_fan_beforeInit: get fan[4] speed=5520driver-btm-c5.c:3006:check_fan_beforeInit: get fan[4] speed=5520driver-btm-c5.c:3006:check_fan_beforeInit: get fan[4] speed=5520driver-btm-c5.c:3006:check_fan_beforeInit: get fan[4] speed=5520driver-btm-c5.c:3006:check_fan_beforeInit: get fan[4] speed=5520driver-btm-c5.c:3006:check_fan_beforeInit: get fan[4] speed=5520driver-btm-c5.c:3006:check_fan_beforeInit: get fan[4] speed=5520driver-btm-c5.c:3006:check_fan_beforeInit: get fan[4] speed=5520driver-btm-c5.c:3006:check_fan_beforeInit: get fan[4] speed=5520driver-btm-c5.c:3006:check_fan_beforeInit: get fan[4] speed=5520driver-btm-c5.c:3006:check_fan_beforeInit: get fan[4] speed=5520driver-btm-c5.c:3006:check_fan_beforeInit: get fan[4] speed=5520driver-btm-c5.c:3006:check_fan_beforeInit: get fan[4] speed=5520driver-btm-c5.c:3006:check_fan_beforeInit: get fan[4] speed=5520driver-btm-c5.c:3006:check_fan_beforeInit: get fan[4] speed=5520driver-btm-c5.c:3006:check_fan_beforeInit: get fan[4] speed=5520driver-btm-c5.c:3006:check_fan_beforeInit: get fan[4] speed=5520driver-btm-c5.c:3006:check_fan_beforeInit: get fan[4] speed=5520driver-btm-c5.c:3006:check_fan_beforeInit: get fan[4] speed=5520driver-btm-c5.c:3006:check_fan_beforeInit: get fan[4] speed=5520driver-btm-c5.c:3006:check_fan_beforeInit: get fan[4] speed=5520driver-btm-c5.c:3006:check_fan_beforeInit: get fan[4] speed=5520driver-btm-c5.c:3006:check_fan_beforeInit: get fan[4] speed=5520driver-btm-c5.c:3006:check_fan_beforeInit: get fan[4] speed=5520driver-btm-c5.c:3006:check_fan_beforeInit: get fan[4] speed=5520driver-btm-c5.c:3006:check_fan_beforeInit: get fan[4] speed=5520driver-btm-c5.c:3006:check_fan_beforeInit: get fan[4] speed=5520driver-btm-c5.c:3006:check_fan_beforeInit: get fan[4] speed=5520driver-btm-c5.c:3006:check_fan_beforeInit: get fan[4] speed=5520driver-btm-c5.c:3006:check_fan_beforeInit: get fan[4] speed=5520driver-btm-c5.c:3006:check_fan_beforeInit: get fan[4] speed=5520driver-btm-c5.c:3006:check_fan_beforeInit: get fan[4] speed=5520driver-btm-c5.c:3006:check_fan_beforeInit: get fan[4] speed=5520driver-btm-c5.c:3006:check_fan_beforeInit: get fan[4] speed=5520driver-btm-c5.c:3006:check_fan_beforeInit: get fan[4] speed=5520driver-btm-c5.c:3006:check_fan_beforeInit: get fan[4] speed=5520driver-btm-c5.c:3006:check_fan_beforeInit: get fan[4] speed=5520driver-btm-c5.c:3006:check_fan_beforeInit: get fan[4] speed=5520driver-btm-c5.c:3006:check_fan_beforeInit: get fan[4] speed=5520driver-btm-c5.c:3010:check_fan_beforeInit: Fatal Error: some Fan lost or Fan speed low!Here is some more info via screenshots :https://gyazo.com/d6427202d80fe73aef3986c929dea429https://gyazo.com/43bfe4024f576dffb96e688a484ff1d5https://gyazo.com/43630f87d130c1c95e3b46b892c2e7c3Screenshot of the actual miner:https://gyazo.com/d57d300745941e0f597f0969d3a019c1https://gyazo.com/e589efd769377ef103b4a02b737b8c31https://gyazo.com/38371fc78b2c744a9fd68bcb33c5425ehttps://gyazo.com/6aa06e65f430391e5112a82d028411fbhttps://gyazo.com/3f15dcb2824817522ecef60631f3166chttps://gyazo.com/c7d1316937482e7c08e69ad75d3070d3So about two days ago I noticed the red light was flashing as faulty and I checked it and I noticed that the plug of the fan of the front where the air is blown out was burnt I dont know how it happen I know it must be because my miner was at -26C Celsius when I noticed it was flashing faulty (My miner is installed by the window so the air is blown out directly outside and im in canada and it was a really cold night) So at first my guess was that i needed to change the fan and i did i just received it and installed it but still the same problem after installing the new fan i dont know from this point what i need to do now here is some more photos of the actual miner... Also When i start it only the middle card is light red and the other are not and couple minutes later the middle one stop lighting",
  "score": 0,
  "upvotes": 0,
  "downvotes": 0,
  "url": "https://bitcointalk.org/index.php?topic=5441565",
  "comments": [
    {
      "author": "H4th0r",
      "created_time": "February 28, 2023, 04:35:33 PM",
      "body": "UPDATE Fixed dont know how but this topic can be deleted thanks !",
      "score": 0,
      "upvotes": 0,
      "downvotes": 0
    },
    {
      "author": "BitMaxz",
      "created_time": "February 28, 2023, 10:31:06 PM",
      "body": "The bad thing you did was why did you place the miner on the window if you know that it was very cold outside?There are lots of issues that can happen like what happens to your miner shorted/burnt fan it is due to moisture or the plug and terminal have full of rust very cold room can make plugs and terminal rusty.Possibly after you replace the fan it works but you just didn't notice testing it a few times until the miner is hot will make the miner work again.And take note better check the kernel logs again you should see how it solves your problem.Last important note edit your thread and put all kernel logs into the insert code tag it's a # button you can find this button while editing your post.",
      "score": 0,
      "upvotes": 0,
      "downvotes": 0
    },
    {
      "author": "H4th0r",
      "created_time": "March 01, 2023, 01:28:42 PM",
      "body": "Right now its working after i made the topic yesterday i went for a shower then i gave it another try at plugging the miner and that time it work and this is the new logs since it worksCode:[    0.000000] Booting Linux on physical CPU 0x0[    0.000000] Linux version 3.14.0-xilinx-g16220c3 (lzq@armdev2) (gcc version 4.8.3 20140320 (prerelease) (Sourcery CodeBench Lite 2014.05-23) ) #83 SMP PREEMPT Thu Jul 12 11:42:53 CST 2018[    0.000000] CPU: ARMv7 Processor [413fc090] revision 0 (ARMv7), cr=18c5387d[    0.000000] CPU: PIPT / VIPT nonaliasing data cache, VIPT aliasing instruction cache[    0.000000] Machine model: Xilinx Zynq[    0.000000] cma: CMA: reserved 128 MiB at 27800000[    0.000000] Memory policy: Data cache writealloc[    0.000000] On node 0 totalpages: 258048[    0.000000] free_area_init_node: node 0, pgdat c074ac00, node_mem_map e6fd8000[    0.000000]   Normal zone: 1520 pages used for memmap[    0.000000]   Normal zone: 0 pages reserved[    0.000000]   Normal zone: 194560 pages, LIFO batch:31[    0.000000]   HighMem zone: 496 pages used for memmap[    0.000000]   HighMem zone: 63488 pages, LIFO batch:15[    0.000000] PERCPU: Embedded 8 pages/cpu @e6fc0000 s9088 r8192 d15488 u32768[    0.000000] pcpu-alloc: s9088 r8192 d15488 u32768 alloc=8*4096[    0.000000] pcpu-alloc: [0] 0 [0] 1 [    0.000000] Built 1 zonelists in Zone order, mobility grouping on.  Total pages: 256528[    0.000000] Kernel command line: noinitrd mem=1008M console=ttyPS0,115200 root=ubi0:rootfs ubi.mtd=1 rootfstype=ubifs rw rootwait[    0.000000] PID hash table entries: 4096 (order: 2, 16384 bytes)[    0.000000] Dentry cache hash table entries: 131072 (order: 7, 524288 bytes)[    0.000000] Inode-cache hash table entries: 65536 (order: 6, 262144 bytes)[    0.000000] Memory: 884108K/1032192K available (5057K kernel code, 284K rwdata, 1928K rodata, 204K init, 258K bss, 148084K reserved, 253952K highmem)[    0.000000] Virtual kernel memory layout:[    0.000000]     vector  : 0xffff0000 - 0xffff1000   (   4 kB)[    0.000000]     fixmap  : 0xfff00000 - 0xfffe0000   ( 896 kB)[    0.000000]     vmalloc : 0xf0000000 - 0xff000000   ( 240 MB)[    0.000000]     lowmem  : 0xc0000000 - 0xef800000   ( 760 MB)[    0.000000]     pkmap   : 0xbfe00000 - 0xc0000000   (   2 MB)[    0.000000]     modules : 0xbf000000 - 0xbfe00000   (  14 MB)[    0.000000]       .text : 0xc0008000 - 0xc06da8ac   (6987 kB)[    0.000000]       .init : 0xc06db000 - 0xc070e380   ( 205 kB)[    0.000000]       .data : 0xc0710000 - 0xc0757138   ( 285 kB)[    0.000000]        .bss : 0xc0757144 - 0xc0797bfc   ( 259 kB)[    0.000000] Preemptible hierarchical RCU implementation.[    0.000000]  Dump stacks of tasks blocking RCU-preempt GP.[    0.000000]  RCU restricting CPUs from NR_CPUS=4 to nr_cpu_ids=2.[    0.000000] RCU: Adjusting geometry for rcu_fanout_leaf=16, nr_cpu_ids=2[    0.000000] NR_IRQS:16 nr_irqs:16 16[    0.000000] ps7-slcr mapped to f0004000[    0.000000] zynq_clock_init: clkc starts at f0004100[    0.000000] Zynq clock init[    0.000015] sched_clock: 64 bits at 333MHz, resolution 3ns, wraps every 3298534883328ns[    0.000297] ps7-ttc #0 at f0006000, irq=43[    0.000598] Console: colour dummy device 80x30[    0.000634] Calibrating delay loop... 1332.01 BogoMIPS (lpj=6660096)[    0.090247] pid_max: default: 32768 minimum: 301[    0.090455] Mount-cache hash table entries: 2048 (order: 1, 8192 bytes)[    0.090477] Mountpoint-cache hash table entries: 2048 (order: 1, 8192 bytes)[    0.092619] CPU: Testing write buffer coherency: ok[    0.092944] CPU0: thread -1, cpu 0, socket 0, mpidr 80000000[    0.092999] Setting up static identity map for 0x4cb118 - 0x4cb170[    0.093217] L310 cache controller enabled[    0.093237] l2x0: 8 ways, CACHE_ID 0x410000c8, AUX_CTRL 0x72760000, Cache size: 512 kB[    0.170987] CPU1: Booted secondary processor[    0.260222] CPU1: thread -1, cpu 1, socket 0, mpidr 80000001[    0.260352] Brought up 2 CPUs[    0.260371] SMP: Total of 2 processors activated.[    0.260379] CPU: All CPU(s) started in SVC mode.[    0.261053] devtmpfs: initialized[    0.263475] VFP support v0.3: implementor 41 architecture 3 part 30 variant 9 rev 4[    0.264654] regulator-dummy: no parameters[    0.271999] NET: Registered protocol family 16[    0.274156] DMA: preallocated 256 KiB pool for atomic coherent allocations[    0.276419] cpuidle: using governor ladder[    0.276432] cpuidle: using governor menu[    0.283782] syscon f8000000.ps7-slcr: regmap [mem 0xf8000000-0xf8000fff] registered[    0.285288] hw-breakpoint: found 5 (+1 reserved) breakpoint and 1 watchpoint registers.[    0.285301] hw-breakpoint: maximum watchpoint size is 4 bytes.[    0.285410] zynq-ocm f800c000.ps7-ocmc: ZYNQ OCM pool: 256 KiB @ 0xf0080000[    0.307018] bio: create slab <bio-0> at 0[    0.308373] vgaarb: loaded[    0.309065] SCSI subsystem initialized[    0.309916] usbcore: registered new interface driver usbfs[    0.310096] usbcore: registered new interface driver hub[    0.310315] usbcore: registered new device driver usb[    0.310876] media: Linux media interface: v0.10[    0.311158] Linux video capture interface: v2.00[    0.311700] pps_core: LinuxPPS API ver. 1 registered[    0.311712] pps_core: Software ver. 5.3.6 - Copyright 2005-2007 Rodolfo Giometti <giometti@linux.it>[    0.311837] PTP clock support registered[    0.312193] EDAC MC: Ver: 3.0.0[    0.313382] Advanced Linux Sound Architecture Driver Initialized.[    0.316096] DMA-API: preallocated 4096 debug entries[    0.316110] DMA-API: debugging enabled by kernel config[    0.316177] Switched to clocksource arm_global_timer[    0.336240] NET: Registered protocol family 2[    0.336883] TCP established hash table entries: 8192 (order: 3, 32768 bytes)[    0.336978] TCP bind hash table entries: 8192 (order: 4, 65536 bytes)[    0.337137] TCP: Hash tables configured (established 8192 bind 8192)[    0.337207] TCP: reno registered[    0.337225] UDP hash table entries: 512 (order: 2, 16384 bytes)[    0.337273] UDP-Lite hash table entries: 512 (order: 2, 16384 bytes)[    0.337531] NET: Registered protocol family 1[    0.337881] RPC: Registered named UNIX socket transport module.[    0.337894] RPC: Registered udp transport module.[    0.337902] RPC: Registered tcp transport module.[    0.337911] RPC: Registered tcp NFSv4.1 backchannel transport module.[    0.337923] PCI: CLS 0 bytes, default 64[    0.338350] hw perfevents: enabled with ARMv7 Cortex-A9 PMU driver, 7 counters available[    0.340340] futex hash table entries: 512 (order: 3, 32768 bytes)[    0.341695] bounce pool size: 64 pages[    0.342552] jffs2: version 2.2. (NAND) © 2001-2006 Red Hat, Inc.[    0.342758] msgmni has been set to 1486[    0.343515] io scheduler noop registered[    0.343528] io scheduler deadline registered[    0.343569] io scheduler cfq registered (default)[    0.352448] dma-pl330 f8003000.ps7-dma: Loaded driver for PL330 DMAC-2364208[    0.352468] dma-pl330 f8003000.ps7-dma:  DBUFF-128x8bytes Num_Chans-8 Num_Peri-4 Num_Events-16[    0.473932] e0001000.serial: ttyPS0 at MMIO 0xe0001000 (irq = 82, base_baud = 3124999) is a xuartps[    1.045577] console [ttyPS0] enabled[    1.049837] xdevcfg f8007000.ps7-dev-cfg: ioremap 0xf8007000 to f0068000[    1.057466] [drm] Initialized drm 1.1.0 20060810[    1.074386] brd: module loaded[    1.083747] loop: module loaded[    1.093158] e1000e: Intel(R) PRO/1000 Network Driver - 2.3.2-k[    1.099131] e1000e: Copyright(c) 1999 - 2013 Intel Corporation.[    1.107076] libphy: XEMACPS mii bus: probed[    1.111443] ------------- phy_id = 0x3625e62[    1.116154] xemacps e000b000.ps7-ethernet: pdev->id -1, baseaddr 0xe000b000, irq 54[    1.124766] ehci_hcd: USB 2.0 'Enhanced' Host Controller (EHCI) Driver[    1.131453] ehci-pci: EHCI PCI platform driver[    1.138680] zynq-dr e0002000.ps7-usb: Unable to init USB phy, missing?[    1.145473] usbcore: registered new interface driver usb-storage[    1.152350] mousedev: PS/2 mouse device common for all mice[    1.158460] i2c /dev entries driver[    1.165333] zynq-edac f8006000.ps7-ddrc: ecc not enabled[    1.170914] cpufreq_cpu0: failed to get cpu0 regulator: -19[    1.176828] Xilinx Zynq CpuIdle Driver started[    1.181669] sdhci: Secure Digital Host Controller Interface driver[    1.187907] sdhci: Copyright(c) Pierre Ossman[    1.192175] sdhci-pltfm: SDHCI platform and OF driver helper[    1.199001] mmc0: no vqmmc regulator found[    1.203011] mmc0: no vmmc regulator found[    1.246234] mmc0: SDHCI controller on e0100000.ps7-sdio [e0100000.ps7-sdio] using ADMA[    1.254924] usbcore: registered new interface driver usbhid[    1.260429] usbhid: USB HID core driver[    1.265139] nand: device found, Manufacturer ID: 0x2c, Chip ID: 0xda[    1.271437] nand: Micron MT29F2G08ABAEAWP[    1.275402] nand: 256MiB, SLC, page size: 2048, OOB size: 64[    1.281358] Bad block table found at page 131008, version 0x01[    1.287588] Bad block table found at page 130944, version 0x01[    1.293633] 3 ofpart partitions found on MTD device pl353-nand[    1.299421] Creating 3 MTD partitions on \"pl353-nand\":[    1.304510] 0x000000000000-0x000002000000 : \"BOOT.bin-env-dts-kernel\"[    1.312537] 0x000002000000-0x00000b000000 : \"angstram-rootfs\"[    1.319848] 0x00000b000000-0x000010000000 : \"upgrade-rootfs\"[    1.330568] TCP: cubic registered[    1.333802] NET: Registered protocol family 17[    1.338501] Registering SWP/SWPB emulation handler[    1.344402] regulator-dummy: disabling[    1.348735] UBI: attaching mtd1 to ubi0[    1.875157] UBI: scanning is finished[    1.886720] UBI: attached mtd1 (name \"angstram-rootfs\", size 144 MiB) to ubi0[    1.893774] UBI: PEB size: 131072 bytes (128 KiB), LEB size: 126976 bytes[    1.900576] UBI: min./max. I/O unit sizes: 2048/2048, sub-page size 2048[    1.907240] UBI: VID header offset: 2048 (aligned 2048), data offset: 4096[    1.914084] UBI: good PEBs: 1152, bad PEBs: 0, corrupted PEBs: 0[    1.920090] UBI: user volume: 1, internal volumes: 1, max. volumes count: 128[    1.927212] UBI: max/mean erase counter: 113/57, WL threshold: 4096, image sequence number: 1113221046[    1.936491] UBI: available PEBs: 0, total reserved PEBs: 1152, PEBs reserved for bad PEB handling: 40[    1.945694] UBI: background thread \"ubi_bgt0d\" started, PID 1084[    1.945699] drivers/rtc/hctosys.c: unable to open rtc device (rtc0)[    1.949628] ALSA device list:[    1.949632]   No soundcards found.[    1.965993] UBIFS: background thread \"ubifs_bgt0_0\" started, PID 1086[    1.994954] UBIFS: recovery needed[    2.069000] UBIFS: recovery completed[    2.072662] UBIFS: mounted UBI device 0, volume 0, name \"rootfs\"[    2.078611] UBIFS: LEB size: 126976 bytes (124 KiB), min./max. I/O unit sizes: 2048 bytes/2048 bytes[    2.087717] UBIFS: FS size: 128626688 bytes (122 MiB, 1013 LEBs), journal size 9023488 bytes (8 MiB, 72 LEBs)[    2.097612] UBIFS: reserved for root: 0 bytes (0 KiB)[    2.102635] UBIFS: media format: w4/r0 (latest is w4/r0), UUID E8A4479F-B15D-4C7A-964D-0F246E2BB6ED, small LPT model[    2.113920] VFS: Mounted root (ubifs filesystem) on device 0:11.[    2.121117] devtmpfs: mounted[    2.124219] Freeing unused kernel memory: 204K (c06db000 - c070e000)[    2.960155] random: dd urandom read with 1 bits of entropy available[    3.346218] [    3.346218] bcm54xx_config_init[    4.436205] [    4.436205] bcm54xx_config_init[    8.437048] xemacps e000b000.ps7-ethernet: Set clk to 124999998 Hz[    8.443156] xemacps e000b000.ps7-ethernet: link up (1000/FULL)[   22.953897] In axi fpga driver![   22.957003] request_mem_region OK![   22.960362] AXI fpga dev virtual address is 0xf0200000[   22.965466] *base_vir_addr = 0xc51e[   22.980595] In fpga mem driver![   22.983683] request_mem_region OK![   22.987281] fpga mem virtual address is 0xf3000000[   23.775602] [   23.775602] bcm54xx_config_init[   24.865510] [   24.865510] bcm54xx_config_init[   28.865955] xemacps e000b000.ps7-ethernet: Set clk to 124999998 Hz[   28.872060] xemacps e000b000.ps7-ethernet: link up (1000/FULL)[  778.263774] random: nonblocking pool is initializedmain.c:13992: log_level = 4main.c:14019: This is XILINX board. Totalram:       1039753216main.c:14025: Detect 1GB control board of XILINXdriver-bitmain.c:1776: mmap axi_fpga_addr = 0xb6fe7000driver-bitmain.c:1781: axi_fpga_addr data = 0xc51edriver-bitmain.c:1797: mmap fpga_mem_addr = 0xb5de0000driver-bitmain.c:994: forceFreq=-1 forceFlag=0driver-bitmain.c:1696: min work minertest[0]:912main.c:8570: DETECT HW version=0000c51emain.c:14064: miner ID : 81589401123b8854main.c:14089: Miner Type = S9main.c:14101: AsicType = 1387main.c:14104: real AsicNum = 63main.c:14197: use critical mode to search freq...driver-bitmain.c:1876: get PLUG ON=0x000000e0driver-bitmain.c:1946: Find hashboard on Chain[5]driver-bitmain.c:1946: Find hashboard on Chain[6]driver-bitmain.c:1946: Find hashboard on Chain[7]main.c:2282: Check chain[5] PIC fw version=0x03main.c:2282: Check chain[6] PIC fw version=0x03main.c:2282: Check chain[7] PIC fw version=0x03main.c:8940: read pic freq and badcore num...main.c:8961: chain[5]: [63:255] [63:255] [63:255] [63:255] [63:255] [63:255] [63:255] [63:255]main.c:9003: has freq in PIC, will disable freq setting.main.c:9099: chain[5] has freq in PIC and will jump over...main.c:9103: Chain[5] has core num in PICmain.c:9113: Chain[5] ASIC[23] has core num=1main.c:9113: Chain[5] ASIC[49] has core num=15main.c:2282: Check chain[5] PIC fw version=0x03main.c:8940: read pic freq and badcore num...main.c:8961: chain[6]: [63:255] [63:255] [63:255] [63:255] [63:255] [63:255] [63:255] [63:255]main.c:9003: has freq in PIC, will disable freq setting.main.c:9099: chain[6] has freq in PIC and will jump over...main.c:9103: Chain[6] has core num in PICmain.c:2282: Check chain[6] PIC fw version=0x03main.c:8940: read pic freq and badcore num...main.c:8961: chain[7]: [63:255] [63:255] [63:255] [63:255] [63:255] [63:255] [63:255] [63:255]main.c:9003: has freq in PIC, will disable freq setting.main.c:9099: chain[7] has freq in PIC and will jump over...main.c:9103: Chain[7] has core num in PICmain.c:9113: Chain[7] ASIC[4] has core num=15main.c:2282: Check chain[7] PIC fw version=0x03main.c:9183: get PIC voltage=91 on chain[5], value=890main.c:9183: get PIC voltage=57 on chain[6], value=910main.c:9183: get PIC voltage=125 on chain[7], value=870main.c:9349: chain[5] temp offset record: 62,0,0,0,0,0,35,28main.c:9366: chain[5] temp chip I2C addr=0x98main.c:9372: chain[5] has no middle temp, use special fix mode.main.c:9349: chain[6] temp offset record: 62,0,0,0,0,0,35,28main.c:9366: chain[6] temp chip I2C addr=0x98main.c:9372: chain[6] has no middle temp, use special fix mode.main.c:9349: chain[7] temp offset record: 62,0,0,0,0,0,39,28main.c:9366: chain[7] temp chip I2C addr=0x9cmain.c:9372: chain[7] has no middle temp, use special fix mode.main.c:13956: total_exist_chain_num = 3main.c:9562: CRC error counter=0main.c:9577: set command mode to VILmain.c:9649: --- check asic numbermain.c:9745: After Get ASIC NUM CRC error counter=0main.c:9768: set_baud=0main.c:10693: The min freq=700main.c:10695: set real timeout 52, need sleep=379392main.c:12825: After TEST CRC error counter=0main.c:14236: search freq for 1 times, completed chain = 3, total chain num = 3 board_frq_tuning.c:628: single_board_frq_tuning enterboard_frq_tuning.c:629: min_rate, des_rate, fix_volt:13800, 14000, 880board_frq_tuning.c:254: force_freq not set, don't need tuningmain.c:14645: restart Miner chance num=2main.c:14685: waiting for receive_func to exit!main.c:14699: waiting for pic heart to exit!main.c:13927: bmminer not found= 1827 root       0:00 grep bmminermain.c:14758: bmminer not found, restart bmminer ...driver-btm-c5.c:12243:bitmain_c5_init: This is user mode for miningdriver-btm-c5.c:12286:bitmain_c5_init: Detect 1GB control board of XILINXdriver-btm-c5.c:12313:bitmain_c5_init: Miner Type = S9driver-btm-c5.c:12324:bitmain_c5_init: Miner compile time: Wed Jul 31 16:18:27 CST 2019 type: Antminer S9driver-btm-c5.c:12414:bitmain_c5_init: miner ID : 81589401123b8854driver-btm-c5.c:12571:bitmain_c5_init: Checking fans...driver-btm-c5.c:3006:check_fan_beforeInit: get fan[4] speed=5520driver-btm-c5.c:3006:check_fan_beforeInit: get fan[4] speed=5520driver-btm-c5.c:3006:check_fan_beforeInit: get fan[5] speed=6480driver-btm-c5.c:3006:check_fan_beforeInit: get fan[4] speed=5520driver-btm-c5.c:3006:check_fan_beforeInit: get fan[5] speed=6480driver-btm-c5.c:3006:check_fan_beforeInit: get fan[4] speed=5520driver-btm-c5.c:3006:check_fan_beforeInit: get fan[5] speed=6480driver-btm-c5.c:13108:bitmain_c5_init: chain[5]: [63:255] [63:255] [63:255] [63:255] [63:255] [63:255] [63:255] [63:255]driver-btm-c5.c:13122:bitmain_c5_init: last_freq: 0x00 0x7d 0x00 0x48 0x00 0x48 0x04 0x48 0x08 0x48 0x00 0x48 0x03 0x48 0x03 0x48 0x03 0x48 0x03 0x48 0x03 0x48 0x03 0x48 0x01 0x48 0x01 0x48 0x0f 0x48 0x0f 0x48 0x0f 0x48 0x0f 0x48 0x05 0x48 0x09 0x48 0x23 0x48 0x00 0x48 0x00 0x48 0x00 0x48 0x00 0x48 0x00 0x48 0x00 0x48 0x00 0x48 0x00 0x48 0x00 0x48 0x00 0x48 0x00 0x48 0x00 0x48 0x00 0x48 0x00 0x48 0x00 0x48 0x00 0x48 0x00 0x48 0x00 0x48 0x00 0x48 0x00 0x48 0x00 0x48 0x00 0x48 0x00 0x48 0x00 0x48 0x00 0x48 0x00 0x48 0x00 0x48 0x00 0x48 0x00 0x48 0x00 0x48 0x00 0x48 0x00 0x48 0x00 0x48 0x00 0x48 0x00 0x48 0x00 0x48 0x00 0x48 0x00 0x48 0x00 0x48 0x00 0x48 0x00 0x48 0x00 0x48 0x00 0x48 driver-btm-c5.c:13149:bitmain_c5_init: Detect: use voltage limit rules on single board!driver-btm-c5.c:13155:bitmain_c5_init: Detect: S9_63 use voltage level=1 : 1driver-btm-c5.c:13171:bitmain_c5_init: Chain[J6] has backup chain_voltage=890driver-btm-c5.c:13188:bitmain_c5_init: No scan based on domaindriver-btm-c5.c:1899:jump_to_app_CheckAndRestorePIC: Check chain[5] PIC fw version=0x03driver-btm-c5.c:13108:bitmain_c5_init: chain[6]: [63:255] [63:255] [63:255] [63:255] [63:255] [63:255] [63:255] [63:255]driver-btm-c5.c:13122:bitmain_c5_init: last_freq: 0x00 0x7d 0x00 0x43 0x00 0x43 0x04 0x43 0x03 0x43 0x00 0x43 0x03 0x43 0x03 0x43 0x03 0x43 0x03 0x43 0x03 0x43 0x03 0x43 0x03 0x43 0x03 0x43 0x03 0x43 0x03 0x43 0x03 0x43 0x03 0x43 0x05 0x43 0x0b 0x43 0x23 0x43 0x00 0x43 0x00 0x43 0x00 0x43 0x00 0x43 0x00 0x43 0x00 0x43 0x00 0x43 0x00 0x43 0x00 0x43 0x00 0x43 0x00 0x43 0x00 0x43 0x00 0x43 0x00 0x43 0x00 0x43 0x00 0x43 0x00 0x43 0x00 0x43 0x00 0x43 0x00 0x43 0x00 0x43 0x00 0x43 0x00 0x43 0x00 0x43 0x00 0x43 0x00 0x43 0x00 0x43 0x00 0x43 0x00 0x43 0x00 0x43 0x00 0x43 0x00 0x43 0x00 0x43 0x00 0x43 0x00 0x43 0x00 0x43 0x00 0x43 0x00 0x43 0x00 0x43 0x00 0x43 0x00 0x43 0x00 0x43 0x00 0x43 driver-btm-c5.c:13149:bitmain_c5_init: Detect: use voltage limit rules on single board!driver-btm-c5.c:13155:bitmain_c5_init: Detect: S9_63 use voltage level=3 : 0driver-btm-c5.c:13171:bitmain_c5_init: Chain[J7] has backup chain_voltage=910driver-btm-c5.c:13193:bitmain_c5_init: scan based on domaindriver-btm-c5.c:1899:jump_to_app_CheckAndRestorePIC: Check chain[6] PIC fw version=0x03driver-btm-c5.c:13108:bitmain_c5_init: chain[7]: [63:255] [63:255] [63:255] [63:255] [63:255] [63:255] [63:255] [63:255]driver-btm-c5.c:13122:bitmain_c5_init: last_freq: 0x00 0x7d 0x00 0x4d 0x00 0x4d 0x04 0x4d 0x0d 0x4d 0x00 0x4d 0x03 0x4d 0x03 0x4d 0x03 0x4d 0x03 0x4d 0x03 0x4d 0x03 0x4d 0x03 0x4d 0x03 0x4d 0x03 0x4d 0x03 0x4d 0x03 0x4d 0x03 0x4d 0x05 0x4d 0x07 0x4d 0x23 0x4d 0x00 0x4d 0x00 0x4d 0x00 0x4d 0x00 0x4d 0x00 0x4d 0x00 0x4d 0x00 0x4d 0x00 0x4d 0x00 0x4d 0x00 0x4d 0x00 0x4d 0x00 0x4d 0x00 0x4d 0x00 0x4d 0x00 0x4d 0x00 0x4d 0x00 0x4d 0x00 0x4d 0x00 0x4d 0x00 0x4d 0x00 0x4d 0x00 0x4d 0x00 0x4d 0x00 0x4d 0x00 0x4d 0x00 0x4d 0x00 0x4d 0x00 0x4d 0x00 0x4d 0x00 0x4d 0x00 0x4d 0x00 0x4d 0x00 0x4d 0x00 0x4d 0x00 0x4d 0x00 0x4d 0x00 0x4d 0x00 0x4d 0x00 0x4d 0x00 0x4d 0x00 0x4d 0x00 0x4d 0x00 0x4d driver-btm-c5.c:13149:bitmain_c5_init: Detect: use voltage limit rules on single board!driver-btm-c5.c:13155:bitmain_c5_init: Detect: S9_63 use voltage level=3 : 0driver-btm-c5.c:13171:bitmain_c5_init: Chain[J8] has backup chain_voltage=870driver-btm-c5.c:13193:bitmain_c5_init: scan based on domaindriver-btm-c5.c:1899:jump_to_app_CheckAndRestorePIC: Check chain[7] PIC fw version=0x03driver-btm-c5.c:12195:init_exist_chain_table: total_exist_chain_num = 3driver-btm-c5.c:13303:bitmain_c5_init: Chain[J6] orignal chain_voltage_pic=91 value=890driver-btm-c5.c:13303:bitmain_c5_init: Chain[J7] orignal chain_voltage_pic=57 value=910driver-btm-c5.c:13303:bitmain_c5_init: Chain[J8] orignal chain_voltage_pic=125 value=870driver-btm-c5.c:13421:bitmain_c5_init: Chain[J6] has 63 asicdriver-btm-c5.c:13421:bitmain_c5_init: Chain[J7] has 63 asicdriver-btm-c5.c:13421:bitmain_c5_init: Chain[J8] has 63 asicdriver-btm-c5.c:4531:set_frequency: Chain[J6] has core num in PICdriver-btm-c5.c:4541:set_frequency: Chain[J6] ASIC[23] has core num=1driver-btm-c5.c:4541:set_frequency: Chain[J6] ASIC[49] has core num=15driver-btm-c5.c:4531:set_frequency: Chain[J7] has core num in PICdriver-btm-c5.c:4531:set_frequency: Chain[J8] has core num in PICdriver-btm-c5.c:4541:set_frequency: Chain[J8] ASIC[4] has core num=15driver-btm-c5.c:4571:set_frequency: miner total rate=13575GH/s ideal_total_hash_rate = 13500GH/sdriver-btm-c5.c:4596:set_frequency: read PIC voltage=940 on chain[5]driver-btm-c5.c:4598:set_frequency: Chain:5 chipnum=63driver-btm-c5.c:4618:set_frequency: Chain[J6] voltage added=0.0Vdriver-btm-c5.c:4768:set_frequency: Chain:5 temp offset=0driver-btm-c5.c:4773:set_frequency: Chain:5 base freq=637Asic[ 0]:637 Asic[ 1]:637 Asic[ 2]:637 Asic[ 3]:637 Asic[ 4]:637 Asic[ 5]:637 Asic[ 6]:637 Asic[ 7]:637 Asic[ 8]:637 Asic[ 9]:637 Asic[10]:637 Asic[11]:637 Asic[12]:637 Asic[13]:637 Asic[14]:637 Asic[15]:637 Asic[16]:637 Asic[17]:637 Asic[18]:637 Asic[19]:637 Asic[20]:637 Asic[21]:637 Asic[22]:637 Asic[23]:637 Asic[24]:637 Asic[25]:637 Asic[26]:637 Asic[27]:637 Asic[28]:637 Asic[29]:637 Asic[30]:637 Asic[31]:637 Asic[32]:637 Asic[33]:637 Asic[34]:637 Asic[35]:637 Asic[36]:637 Asic[37]:637 Asic[38]:637 Asic[39]:637 Asic[40]:637 Asic[41]:637 Asic[42]:637 Asic[43]:637 Asic[44]:637 Asic[45]:637 Asic[46]:637 Asic[47]:637 Asic[48]:637 Asic[49]:637 Asic[50]:637 Asic[51]:637 Asic[52]:637 Asic[53]:637 Asic[54]:637 Asic[55]:637 Asic[56]:637 Asic[57]:637 Asic[58]:637 Asic[59]:637 Asic[60]:637 Asic[61]:637 Asic[62]:637 driver-btm-c5.c:4809:set_frequency: Chain:5 max freq=637driver-btm-c5.c:4810:set_frequency: Chain:5 min freq=637driver-btm-c5.c:4596:set_frequency: read PIC voltage=940 on chain[6]driver-btm-c5.c:4598:set_frequency: Chain:6 chipnum=63driver-btm-c5.c:4618:set_frequency: Chain[J7] voltage added=0.0Vdriver-btm-c5.c:4768:set_frequency: Chain:6 temp offset=0driver-btm-c5.c:4773:set_frequency: Chain:6 base freq=606Asic[ 0]:606 Asic[ 1]:606 Asic[ 2]:606 Asic[ 3]:606 Asic[ 4]:606 Asic[ 5]:606 Asic[ 6]:606 Asic[ 7]:606 Asic[ 8]:606 Asic[ 9]:606 Asic[10]:606 Asic[11]:606 Asic[12]:606 Asic[13]:606 Asic[14]:606 Asic[15]:606 Asic[16]:606 Asic[17]:606 Asic[18]:606 Asic[19]:606 Asic[20]:606 Asic[21]:606 Asic[22]:606 Asic[23]:606 Asic[24]:606 Asic[25]:606 Asic[26]:606 Asic[27]:606 Asic[28]:606 Asic[29]:606 Asic[30]:606 Asic[31]:606 Asic[32]:606 Asic[33]:606 Asic[34]:606 Asic[35]:606 Asic[36]:606 Asic[37]:606 Asic[38]:606 Asic[39]:606 Asic[40]:606 Asic[41]:606 Asic[42]:606 Asic[43]:606 Asic[44]:606 Asic[45]:606 Asic[46]:606 Asic[47]:606 Asic[48]:606 Asic[49]:606 Asic[50]:606 Asic[51]:606 Asic[52]:606 Asic[53]:606 Asic[54]:606 Asic[55]:606 Asic[56]:606 Asic[57]:606 Asic[58]:606 Asic[59]:606 Asic[60]:606 Asic[61]:606 Asic[62]:606 driver-btm-c5.c:4809:set_frequency: Chain:6 max freq=606driver-btm-c5.c:4810:set_frequency: Chain:6 min freq=606driver-btm-c5.c:4596:set_frequency: read PIC voltage=940 on chain[7]driver-btm-c5.c:4598:set_frequency: Chain:7 chipnum=63driver-btm-c5.c:4618:set_frequency: Chain[J8] voltage added=0.0Vdriver-btm-c5.c:4768:set_frequency: Chain:7 temp offset=0driver-btm-c5.c:4773:set_frequency: Chain:7 base freq=668Asic[ 0]:668 Asic[ 1]:668 Asic[ 2]:668 Asic[ 3]:668 Asic[ 4]:668 Asic[ 5]:668 Asic[ 6]:668 Asic[ 7]:668 Asic[ 8]:668 Asic[ 9]:668 Asic[10]:668 Asic[11]:668 Asic[12]:668 Asic[13]:668 Asic[14]:668 Asic[15]:668 Asic[16]:668 Asic[17]:668 Asic[18]:668 Asic[19]:668 Asic[20]:668 Asic[21]:668 Asic[22]:668 Asic[23]:668 Asic[24]:668 Asic[25]:668 Asic[26]:668 Asic[27]:668 Asic[28]:668 Asic[29]:668 Asic[30]:668 Asic[31]:668 Asic[32]:668 Asic[33]:668 Asic[34]:668 Asic[35]:668 Asic[36]:668 Asic[37]:668 Asic[38]:668 Asic[39]:668 Asic[40]:668 Asic[41]:668 Asic[42]:668 Asic[43]:668 Asic[44]:668 Asic[45]:668 Asic[46]:668 Asic[47]:668 Asic[48]:668 Asic[49]:668 Asic[50]:668 Asic[51]:668 Asic[52]:668 Asic[53]:668 Asic[54]:668 Asic[55]:668 Asic[56]:668 Asic[57]:668 Asic[58]:668 Asic[59]:668 Asic[60]:668 Asic[61]:668 Asic[62]:668 driver-btm-c5.c:4809:set_frequency: Chain:7 max freq=668driver-btm-c5.c:4810:set_frequency: Chain:7 min freq=668driver-btm-c5.c:4819:set_frequency: Miner fix freq ...driver-btm-c5.c:4263:ProcessFixFreqForChips: totalRate = 13575, fixed_totalRate = 13635driver-btm-c5.c:4854:set_frequency: read PIC voltage=940 on chain[5]driver-btm-c5.c:4855:set_frequency: Chain:5 chipnum=63driver-btm-c5.c:4874:set_frequency: Chain[J6] voltage added=0.0Vdriver-btm-c5.c:5058:set_frequency: Chain:5 temp offset=0driver-btm-c5.c:5063:set_frequency: Chain:5 base freq=637Asic[ 0]:637 Asic[ 1]:637 Asic[ 2]:637 Asic[ 3]:637 Asic[ 4]:637 Asic[ 5]:637 Asic[ 6]:637 Asic[ 7]:637 Asic[ 8]:637 Asic[ 9]:637 Asic[10]:637 Asic[11]:637 Asic[12]:637 Asic[13]:637 Asic[14]:637 Asic[15]:637 Asic[16]:637 Asic[17]:637 Asic[18]:637 Asic[19]:637 Asic[20]:637 Asic[21]:637 Asic[22]:637 Asic[23]:637 Asic[24]:637 Asic[25]:637 Asic[26]:637 Asic[27]:637 Asic[28]:637 Asic[29]:637 Asic[30]:637 Asic[31]:637 Asic[32]:637 Asic[33]:637 Asic[34]:637 Asic[35]:637 Asic[36]:637 Asic[37]:637 Asic[38]:637 Asic[39]:637 Asic[40]:637 Asic[41]:637 Asic[42]:637 Asic[43]:637 Asic[44]:637 Asic[45]:637 Asic[46]:637 Asic[47]:637 Asic[48]:637 Asic[49]:637 Asic[50]:637 Asic[51]:637 Asic[52]:637 Asic[53]:637 Asic[54]:637 Asic[55]:637 Asic[56]:637 Asic[57]:637 Asic[58]:637 Asic[59]:637 Asic[60]:637 Asic[61]:637 Asic[62]:637 driver-btm-c5.c:5110:set_frequency: Chain:5 max freq=637driver-btm-c5.c:5111:set_frequency: Chain:5 min freq=637driver-btm-c5.c:4854:set_frequency: read PIC voltage=940 on chain[6]driver-btm-c5.c:4855:set_frequency: Chain:6 chipnum=63driver-btm-c5.c:4874:set_frequency: Chain[J7] voltage added=0.0Vdriver-btm-c5.c:5058:set_frequency: Chain:6 temp offset=0driver-btm-c5.c:5063:set_frequency: Chain:6 base freq=606Asic[ 0]:606 Asic[ 1]:606 Asic[ 2]:606 Asic[ 3]:606 Asic[ 4]:606 Asic[ 5]:606 Asic[ 6]:606 Asic[ 7]:606 Asic[ 8]:606 Asic[ 9]:606 Asic[10]:606 Asic[11]:606 Asic[12]:606 Asic[13]:606 Asic[14]:606 Asic[15]:606 Asic[16]:606 Asic[17]:606 Asic[18]:606 Asic[19]:606 Asic[20]:606 Asic[21]:606 Asic[22]:606 Asic[23]:606 Asic[24]:606 Asic[25]:606 Asic[26]:606 Asic[27]:606 Asic[28]:606 Asic[29]:606 Asic[30]:606 Asic[31]:606 Asic[32]:606 Asic[33]:606 Asic[34]:606 Asic[35]:606 Asic[36]:606 Asic[37]:606 Asic[38]:606 Asic[39]:606 Asic[40]:606 Asic[41]:606 Asic[42]:606 Asic[43]:606 Asic[44]:606 Asic[45]:606 Asic[46]:606 Asic[47]:606 Asic[48]:606 Asic[49]:606 Asic[50]:606 Asic[51]:606 Asic[52]:606 Asic[53]:606 Asic[54]:606 Asic[55]:606 Asic[56]:606 Asic[57]:606 Asic[58]:606 Asic[59]:606 Asic[60]:606 Asic[61]:606 Asic[62]:606 driver-btm-c5.c:5110:set_frequency: Chain:6 max freq=606driver-btm-c5.c:5111:set_frequency: Chain:6 min freq=606driver-btm-c5.c:4854:set_frequency: read PIC voltage=940 on chain[7]driver-btm-c5.c:4855:set_frequency: Chain:7 chipnum=63driver-btm-c5.c:4874:set_frequency: Chain[J8] voltage added=0.0Vdriver-btm-c5.c:5058:set_frequency: Chain:7 temp offset=0driver-btm-c5.c:5063:set_frequency: Chain:7 base freq=668Asic[ 0]:668 Asic[ 1]:668 Asic[ 2]:668 Asic[ 3]:668 Asic[ 4]:668 Asic[ 5]:668 Asic[ 6]:668 Asic[ 7]:668 Asic[ 8]:668 Asic[ 9]:668 Asic[10]:668 Asic[11]:668 Asic[12]:668 Asic[13]:668 Asic[14]:668 Asic[15]:668 Asic[16]:668 Asic[17]:668 Asic[18]:668 Asic[19]:668 Asic[20]:668 Asic[21]:668 Asic[22]:668 Asic[23]:668 Asic[24]:668 Asic[25]:668 Asic[26]:668 Asic[27]:668 Asic[28]:668 Asic[29]:668 Asic[30]:668 Asic[31]:668 Asic[32]:668 Asic[33]:668 Asic[34]:668 Asic[35]:668 Asic[36]:668 Asic[37]:668 Asic[38]:668 Asic[39]:668 Asic[40]:668 Asic[41]:668 Asic[42]:668 Asic[43]:668 Asic[44]:668 Asic[45]:668 Asic[46]:668 Asic[47]:668 Asic[48]:668 Asic[49]:668 Asic[50]:668 Asic[51]:668 Asic[52]:668 Asic[53]:668 Asic[54]:668 Asic[55]:668 Asic[56]:668 Asic[57]:668 Asic[58]:668 Asic[59]:668 Asic[60]:668 Asic[61]:668 Asic[62]:668 driver-btm-c5.c:5110:set_frequency: Chain:7 max freq=668driver-btm-c5.c:5111:set_frequency: Chain:7 min freq=668driver-btm-c5.c:5119:set_frequency: max freq = 668driver-btm-c5.c:4162:ProcessFixFreq: totalRate = 13575, fixed_totalRate = 13500driver-btm-c5.c:9604:init_uart_baud: set baud=1driver-btm-c5.c:6593:calibration_sensor_offset: Chain[J6] PIC temp offset: 62,0,0,0,0,0,35,28,0,0,0,0,0,0,0,0,0,0,driver-btm-c5.c:6627:calibration_sensor_offset: chain[6] temp chip I2C addr=0x98driver-btm-c5.c:6635:calibration_sensor_offset: chain[6] has no middle temp, use special fix mode.driver-btm-c5.c:6660:calibration_sensor_offset: Chain[J6] chip[244] use PIC middle temp offset=0 typeID=55driver-btm-c5.c:6384:do_calibration_sensor_offset: New offset Chain[6] chip[244] local:19 remote:24 offset:24 driver-btm-c5.c:6753:calibration_sensor_offset: Chain[J6] chip[244] get middle temp offset=24 typeID=55driver-btm-c5.c:6593:calibration_sensor_offset: Chain[J7] PIC temp offset: 62,0,0,0,0,0,35,28,0,0,0,0,0,0,0,0,0,0,driver-btm-c5.c:6627:calibration_sensor_offset: chain[7] temp chip I2C addr=0x98driver-btm-c5.c:6635:calibration_sensor_offset: chain[7] has no middle temp, use special fix mode.driver-btm-c5.c:6660:calibration_sensor_offset: Chain[J7] chip[244] use PIC middle temp offset=0 typeID=55driver-btm-c5.c:6384:do_calibration_sensor_offset: New offset Chain[7] chip[244] local:19 remote:16 offset:32 driver-btm-c5.c:6753:calibration_sensor_offset: Chain[J7] chip[244] get middle temp offset=32 typeID=55driver-btm-c5.c:6593:calibration_sensor_offset: Chain[J8] PIC temp offset: 62,0,0,0,0,0,39,28,0,0,0,0,0,0,0,0,0,0,driver-btm-c5.c:6627:calibration_sensor_offset: chain[8] temp chip I2C addr=0x9cdriver-btm-c5.c:6635:calibration_sensor_offset: chain[8] has no middle temp, use special fix mode.driver-btm-c5.c:6660:calibration_sensor_offset: Chain[J8] chip[244] use PIC middle temp offset=0 typeID=55driver-btm-c5.c:6384:do_calibration_sensor_offset: New offset Chain[8] chip[244] local:19 remote:22 offset:26 driver-btm-c5.c:6753:calibration_sensor_offset: Chain[J8] chip[244] get middle temp offset=26 typeID=55driver-btm-c5.c:13751:bitmain_c5_init: open core three timesdriver-btm-c5.c:13751:bitmain_c5_init: open core three timesdriver-btm-c5.c:13751:bitmain_c5_init: open core three timesdriver-btm-c5.c:12103:set_working_voltage: setting to working voltage...driver-btm-c5.c:12083:slowly_downgrade_voltage_all_chain: chain[5] set voltage to 930driver-btm-c5.c:12083:slowly_downgrade_voltage_all_chain: chain[6] set voltage to 930driver-btm-c5.c:12083:slowly_downgrade_voltage_all_chain: chain[7] set voltage to 930driver-btm-c5.c:12083:slowly_downgrade_voltage_all_chain: chain[5] set voltage to 920driver-btm-c5.c:12083:slowly_downgrade_voltage_all_chain: chain[6] set voltage to 920driver-btm-c5.c:12083:slowly_downgrade_voltage_all_chain: chain[7] set voltage to 920driver-btm-c5.c:12083:slowly_downgrade_voltage_all_chain: chain[5] set voltage to 910driver-btm-c5.c:12083:slowly_downgrade_voltage_all_chain: chain[6] set voltage to 910driver-btm-c5.c:12083:slowly_downgrade_voltage_all_chain: chain[7] set voltage to 910driver-btm-c5.c:12083:slowly_downgrade_voltage_all_chain: chain[5] set voltage to 900driver-btm-c5.c:12083:slowly_downgrade_voltage_all_chain: chain[7] set voltage to 900driver-btm-c5.c:12083:slowly_downgrade_voltage_all_chain: chain[5] set voltage to 890driver-btm-c5.c:12083:slowly_downgrade_voltage_all_chain: chain[7] set voltage to 890driver-btm-c5.c:12083:slowly_downgrade_voltage_all_chain: chain[7] set voltage to 880driver-btm-c5.c:12083:slowly_downgrade_voltage_all_chain: chain[7] set voltage to 870driver-btm-c5.c:13954:bitmain_c5_init: start thread for read tempsetStartTimePoint total_tv_start_sys=158 total_tv_end_sys=159driver-btm-c5.c:10320:check_system_work: restartNum = 2 , auto-reinit enabled...driver-btm-c5.c:8727:read_temp_func: bring_up_pcb_temp = 45driver-btm-c5.c:9887:if_avg_hash_ok: avg hash rate = 13496.502775, ideal hash rate = 13500driver-btm-c5.c:10382:check_system_work: hash rate is ok nowdriver-btm-c5.c:10200:check_avg_rate: avg_rate = 13343, ideal_total_hash_rate = 13500driver-btm-c5.c:12103:set_working_voltage: setting to working voltage...driver-btm-c5.c:10487:check_system_work: voltage_check_donedriver-btm-c5.c:10200:check_avg_rate: avg_rate = 13512, ideal_total_hash_rate = 13500driver-btm-c5.c:10205:check_avg_rate: avg hash rate is OKdriver-btm-c5.c:10200:check_avg_rate: avg_rate = 13532, ideal_total_hash_rate = 13500driver-btm-c5.c:10205:check_avg_rate: avg hash rate is OKdriver-btm-c5.c:10200:check_avg_rate: avg_rate = 13608, ideal_total_hash_rate = 13500driver-btm-c5.c:10205:check_avg_rate: avg hash rate is OKdriver-btm-c5.c:10200:check_avg_rate: avg_rate = 13604, ideal_total_hash_rate = 13500driver-btm-c5.c:10205:check_avg_rate: avg hash rate is OKdriver-btm-c5.c:10200:check_avg_rate: avg_rate = 13620, ideal_total_hash_rate = 13500driver-btm-c5.c:10205:check_avg_rate: avg hash rate is OKdriver-btm-c5.c:10200:check_avg_rate: avg_rate = 13616, ideal_total_hash_rate = 13500driver-btm-c5.c:10205:check_avg_rate: avg hash rate is OKdo read_temp_func once...get RT hashrate from Chain[5]: (asic index start from 1-63)Asic[01]=73.5340 Asic[02]=76.1680 Asic[03]=76.9230 Asic[04]=69.7090 Asic[05]=69.3570 Asic[06]=69.2890 Asic[07]=74.1040 Asic[08]=73.6850 Asic[09]=70.0280 Asic[10]=74.6410 Asic[11]=67.6280 Asic[12]=68.1150 Asic[13]=69.5240 Asic[14]=74.0710 Asic[15]=68.1320 Asic[16]=76.1180 Asic[17]=71.0510 Asic[18]=77.0240 Asic[19]=65.6660 Asic[20]=71.0680 Asic[21]=72.8630 Asic[22]=68.5850 Asic[23]=77.1750 Asic[24]=75.1610 Asic[25]=71.4200 Asic[26]=74.3390 Asic[27]=78.0640 Asic[28]=74.8090 Asic[29]=72.4440 Asic[30]=70.1950 Asic[31]=69.5410 Asic[32]=77.7280 Asic[33]=73.4670 Asic[34]=75.8660 Asic[35]=72.8630 Asic[36]=73.8700 Asic[37]=71.5880 Asic[38]=67.1250 Asic[39]=70.9000 Asic[40]=70.1790 Asic[41]=71.5210 Asic[42]=72.9470 Asic[43]=73.3160 Asic[44]=75.8830 Asic[45]=72.4270 Asic[46]=65.8500 Asic[47]=76.4700 Asic[48]=71.3190 Asic[49]=74.9600 Asic[50]=74.7420 Asic[51]=70.7320 Asic[52]=69.6250 Asic[53]=73.0470 Asic[54]=68.4000 Asic[55]=65.7660 Asic[56]=72.9640 Asic[57]=76.9900 Asic[58]=78.3660 Asic[59]=72.2590 Asic[60]=69.2560 Asic[61]=75.4800 Asic[62]=76.2020 Asic[63]=72.5110 get RT hashrate from Chain[6]: (asic index start from 1-63)Asic[01]=75.4470 Asic[02]=70.7990 Asic[03]=69.3060 Asic[04]=70.1620 Asic[05]=72.5270 Asic[06]=70.4810 Asic[07]=74.1380 Asic[08]=62.7800 Asic[09]=64.3900 Asic[10]=67.3430 Asic[11]=63.1150 Asic[12]=69.7760 Asic[13]=66.6550 Asic[14]=68.6020 Asic[15]=70.3130 Asic[16]=68.7690 Asic[17]=70.9170 Asic[18]=68.0140 Asic[19]=68.4840 Asic[20]=69.7420 Asic[21]=67.9810 Asic[22]=75.0940 Asic[23]=72.7620 Asic[24]=65.2800 Asic[25]=66.7730 Asic[26]=67.8130 Asic[27]=69.7090 Asic[28]=66.6390 Asic[29]=73.9870 Asic[30]=73.8700 Asic[31]=72.7620 Asic[32]=65.2130 Asic[33]=68.0980 Asic[34]=69.1050 Asic[35]=64.8940 Asic[36]=66.9410 Asic[37]=69.7760 Asic[38]=65.8170 Asic[39]=69.4910 Asic[40]=66.4040 Asic[41]=68.8700 Asic[42]=70.6320 Asic[43]=66.7730 Asic[44]=68.6020 Asic[45]=62.6790 Asic[46]=73.5000 Asic[47]=68.2660 Asic[48]=63.9210 Asic[49]=69.9100 Asic[50]=68.6020 Asic[51]=71.4870 Asic[52]=71.8900 Asic[53]=68.0310 Asic[54]=67.6960 Asic[55]=68.0480 Asic[56]=67.1080 Asic[57]=74.8930 Asic[58]=68.0140 Asic[59]=69.2390 Asic[60]=71.0340 Asic[61]=72.3090 Asic[62]=72.3090 Asic[63]=65.4640 get RT hashrate from Chain[7]: (asic index start from 1-63)Asic[01]=72.6450 Asic[02]=76.7550 Asic[03]=73.5510 Asic[04]=78.5500 Asic[05]=2.51600 Asic[06]=75.4300 Asic[07]=76.3530 Asic[08]=76.5540 Asic[09]=80.6480 Asic[10]=76.5870 Asic[11]=72.1420 Asic[12]=75.8830 Asic[13]=70.9170 Asic[14]=71.2520 Asic[15]=73.1310 Asic[16]=81.6880 Asic[17]=73.5680 Asic[18]=70.9840 Asic[19]=70.4810 Asic[20]=73.6510 Asic[21]=81.7880 Asic[22]=75.4300 Asic[23]=80.8990 Asic[24]=77.5100 Asic[25]=77.3590 Asic[26]=77.3420 Asic[27]=72.5270 Asic[28]=79.1880 Asic[29]=76.6040 Asic[30]=70.6150 Asic[31]=73.6850 Asic[32]=78.5000 Asic[33]=80.1270 Asic[34]=73.5680 Asic[35]=68.3000 Asic[36]=76.4530 Asic[37]=74.4230 Asic[38]=78.8520 Asic[39]=73.7520 Asic[40]=76.7380 Asic[41]=83.9360 Asic[42]=79.3730 Asic[43]=82.6940 Asic[44]=81.1510 Asic[45]=78.0810 Asic[46]=76.2350 Asic[47]=74.6920 Asic[48]=72.8290 Asic[49]=71.6210 Asic[50]=76.7050 Asic[51]=80.0940 Asic[52]=76.1180 Asic[53]=77.0570 Asic[54]=79.8590 Asic[55]=80.0100 Asic[56]=75.2290 Asic[57]=72.4940 Asic[58]=79.8420 Asic[59]=83.1470 Asic[60]=73.5680 Asic[61]=73.6010 Asic[62]=78.3490 Asic[63]=75.5810 Check Chain[J6] ASIC RT error: (asic index start from 1-63)Check Chain[J7] ASIC RT error: (asic index start from 1-63)Check Chain[J8] ASIC RT error: (asic index start from 1-63)Done check_asic_regChain[5] Chip[244] pcb temperature=55Chain[5] Chip[62] junction temperature=42Special fix Chain[5] Chip[62] middle Temp = 70Done read temp on Chain[5]Chain[6] Chip[244] pcb temperature=47Chain[6] Chip[62] junction temperature=28Special fix Chain[6] Chip[62] middle Temp = 62Done read temp on Chain[6]Chain[7] Chip[244] pcb temperature=47Chain[7] Chip[62] junction temperature=33Special fix Chain[7] Chip[62] middle Temp = 62Done read temp on Chain[7]Max pcb temp : 55set FAN speed according to: temp_highest=55 temp_top1[PWM_T]=55 temp_top1[TEMP_POS_LOCAL]=55 temp_change=-1 fix_fan_steps=0FAN PWM: 62read_temp_func Done!CRC error counter=0",
      "score": 0,
      "upvotes": 0,
      "downvotes": 0
    },
    {
      "author": "BitMaxz",
      "created_time": "March 01, 2023, 03:28:23 PM",
      "body": "I don't see any issue it seems everything is ok now about your miner.You may be just too excited after you replace the fan you didn't try to refresh everything first before you made a thread here.About the red light on the hash board possible, it is because of the shorted fan since you already replaced the fan the red light should be gone.Next time don't put your miner on the window it can cause damage to the miner's components.",
      "score": 0,
      "upvotes": 0,
      "downvotes": 0
    }
  ]
}