{
  "id": "topic_5408551",
  "title": "Rodemi",
  "author": "Rodemi",
  "created_time": "August 03, 2022, 08:33:18 AM",
  "content": "There is some error with the Antminer L7 hash board, here is the log:Code:Normal zone: 0 pages reserved Normal zone: 61440 pages, LIFO batch:15percpu: Embedded 12 pages/cpu @cddf0000 s19916 r8192 d21044 u49152pcpu-alloc: s19916 r8192 d21044 u49152 alloc=12*4096pcpu-alloc:01Built 1 zonelists in Zone order, mobility grouping on. Total pages: 60960Kernel command line: mem=240M console=ttyPS0,115200 ramdisk_size=33554432 root=/dev/ram rw earlyprintkPID hash table entries: 1024 (order: 0, 4096 bytes)Dentry cache hash table entries: 32768 (order: 5, 131072 bytes)Inode-cache hash table entries: 16384 (order: 4, 65536 bytes)Memory: 209340K/245760K available (6317K kernel code, 243K rwdata, 1932K rodata, 1024K init, 232K bss, 20036K reserved, 16384K cma-reserved, 0K highmem)Virtual kernel memory layout: vector : 0xffff0000 - 0xffff1000 ( 4 kB) fixmap : 0xffc00000 - 0xfff00000 (3072 kB) vmalloc : 0xcf800000 - 0xff800000 ( 768 MB) lowmem : 0xc0000000 - 0xcf000000 ( 240 MB) pkmap : 0xbfe00000 - 0xc0000000 ( 2 MB) modules : 0xbf000000 - 0xbfe00000 ( 14 MB) .text : 0xc0008000 - 0xc090e410 (9242 kB) .init : 0xc0a00000 - 0xc0b00000 (1024 kB) .data : 0xc0b00000 - 0xc0b3cda0 ( 244 kB) .bss : 0xc0b3cda0 - 0xc0b77024 ( 233 kB)Preemptible hierarchical RCU implementation.Build-time adjustment of leaf fanout to 32.RCU restricting CPUs from NR_CPUS=4 to nr_cpu_ids=2.RCU: Adjusting geometry for rcu_fanout_leaf=32, nr_cpu_ids=2NR_IRQS:16 nr_irqs:16 16efuse mapped to cf800000ps7-slcr mapped to cf802000L2C: platform modifies aux control register: 0x72360000 -> 0x72760000L2C: DT/platform modifies aux control register: 0x72360000 -> 0x72760000L2C-310 erratum 769419 enabledL2C-310 enabling early BRESP for Cortex-A9L2C-310 full line of zeros enabled for Cortex-A9L2C-310 ID prefetch enabled, offset 1 linesL2C-310 dynamic clock gating enabled, standby mode enabledL2C-310 cache controller enabled, 8 ways, 512 kBL2C-310: CACHE_ID 0x410000c8, AUX_CTRL 0x76760001zynq_clock_init: clkc starts at cf802100Zynq clock initsched_clock: 64 bits at 333MHz, resolution 3ns, wraps every 4398046511103nsclocksource: arm_global_timer: mask: 0xffffffffffffffff max_cycles: 0x4ce07af025, max_idle_ns: 440795209040 nsSwitching to timer-based delay loop, resolution 3nsclocksource: ttc_clocksource: mask: 0xffff max_cycles: 0xffff, max_idle_ns: 537538477 nsps7-ttc #0 at cf80a000, irq=18Console: colour dummy device 80x30Calibrating delay loop (skipped), value calculated using timer frequency.. 666.66 BogoMIPS (lpj=3333333)pid_max: default: 32768 minimum: 301Mount-cache hash table entries: 1024 (order: 0, 4096 bytes)Mountpoint-cache hash table entries: 1024 (order: 0, 4096 bytes)CPU: Testing write buffer coherency: okCPU0: thread -1, cpu 0, socket 0, mpidr 80000000Setting up static identity map for 0x100000 - 0x100058CPU1: failed to boot: -1Brought up 1 CPUsSMP: Total of 1 processors activated (666.66 BogoMIPS).CPU: All CPU(s) started in SVC mode.devtmpfs: initializedVFP support v0.3: implementor 41 architecture 3 part 30 variant 9 rev 4clocksource: jiffies: mask: 0xffffffff max_cycles: 0xffffffff, max_idle_ns: 19112604462750000 nspinctrl core: initialized pinctrl subsystemNET: Registered protocol family 16DMA: preallocated 256 KiB pool for atomic coherent allocationscpuidle: using governor menuhw-breakpoint: found 5 (+1 reserved) breakpoint and 1 watchpoint registers.hw-breakpoint: maximum watchpoint size is 4 bytes.zynq-ocm f800c000.ps7-ocmc: ZYNQ OCM pool: 256 KiB @ 0xcf880000vgaarb: loadedSCSI subsystem initializedusbcore: registered new interface driver usbfsusbcore: registered new interface driver hubusbcore: registered new device driver usbmedia: Linux media interface: v0.10Linux video capture interface: v2.00pps_core: LinuxPPS API ver. 1 registeredpps_core: Software ver. 5.3.6 - Copyright 2005-2007 Rodolfo Giometti <giometti@linux.it>PTP clock support registeredEDAC MC: Ver: 3.0.0Advanced Linux Sound Architecture Driver Initialized.clocksource: Switched to clocksource arm_global_timerNET: Registered protocol family 2TCP established hash table entries: 2048 (order: 1, 8192 bytes)TCP bind hash table entries: 2048 (order: 2, 16384 bytes)TCP: Hash tables configured (established 2048 bind 2048)UDP hash table entries: 256 (order: 1, 8192 bytes)UDP-Lite hash table entries: 256 (order: 1, 8192 bytes)NET: Registered protocol family 1RPC: Registered named UNIX socket transport module.RPC: Registered udp transport module.RPC: Registered tcp transport module.RPC: Registered tcp NFSv4.1 backchannel transport module.PCI: CLS 0 bytes, default 64Trying to unpack rootfs image as initramfs...rootfs image is not initramfs (no cpio magic); looks like an initrdFreeing initrd memory: 6964K (cd42d000 - cdafa000)hw perfevents: enabled with armv7_cortex_a9 PMU driver, 7 counters availablefutex hash table entries: 512 (order: 3, 32768 bytes)workingset: timestamp_bits=28 max_order=16 bucket_order=0jffs2: version 2.2. (NAND) (SUMMARY) © 2001-2006 Red Hat, Inc.io scheduler noop registeredio scheduler deadline registeredio scheduler cfq registered (default)dma-pl330 f8003000.ps7-dma: Loaded driver for PL330 DMAC-241330dma-pl330 f8003000.ps7-dma: DBUFF-128x8bytes Num_Chans-8 Num_Peri-4 Num_Events-16e0000000.serial: ttyPS0 at MMIO 0xe0000000 (irq = 159, base_baud = 6249999) is a xuartpsconsole [ttyPS0] enabledxdevcfg f8007000.ps7-dev-cfg: ioremap 0xf8007000 to cf86e000[drm] Initialized drm 1.1.0 20060810brd: module loadedloop: module loadedCAN device driver interfacegpiod_set_value: invalid GPIOlibphy: MACB_mii_bus: probedmacb e000b000.ethernet eth0: Cadence GEM rev 0x00020118 at 0xe000b000 irq 31 (00:0a:35:00:00:00)Generic PHY e000b000.etherne:00: attached PHY driver [Generic PHY] (mii_bus:phy_addr=e000b000.etherne:00, irq=-1)e1000e: Intel(R) PRO/1000 Network Driver - 3.2.6-ke1000e: Copyright(c) 1999 - 2015 Intel Corporation.ehci_hcd: USB 2.0 'Enhanced' Host Controller (EHCI) Driverehci-pci: EHCI PCI platform driverusbcore: registered new interface driver usb-storagemousedev: PS/2 mouse device common for all micei2c /dev entries drivercdns-i2c e0005000.ps7_i2c: 100 kHz mmio e0005000 irq 154Xilinx Zynq CpuIdle Driver startedsdhci: Secure Digital Host Controller Interface driversdhci: Copyright(c) Pierre Ossmansdhci-pltfm: SDHCI platform and OF driver helpermmc0: SDHCI controller on e0100000.ps7-sdio [e0100000.ps7-sdio] using ADMAledtrig-cpu: registered to indicate activity on CPUsusbcore: registered new interface driver usbhidusbhid: USB HID core drivernand: disable subpage writenand: device found, Manufacturer ID: 0x2c, Chip ID: 0xdanand: Micron MT29F2G08ABAEAWPnand: 256 MiB, SLC, erase size: 128 KiB, page size: 2048, OOB size: 64nand: NAND_ECC_HWnand: NAND_ECC_HW_SYNDROMEmtd->writesize = 2048ecc->strength = 1ecc->size = 2048mtd->writesize = 2048chip->ecc_strength_ds = 4chip->ecc_step_ds = 512nand: WARNING: pl35x-nand: the ECC used on your system is too weak compared to the one required by the NAND chipBad block table found at page 131008, version 0x01Bad block table found at page 130944, version 0x01nand_read_bbt: bad block at 0x000002420000nand_read_bbt: bad block at 0x000002440000nand_read_bbt: bad block at 0x0000024600008 ofpart partitions found on MTD device pl35x-nandCreating 8 MTD partitions on \"pl35x-nand\":0x000000000000-0x000002800000 : \"BOOT.bin-dts-marker-kernel\"0x000002800000-0x000004800000 : \"ramfs\"0x000004800000-0x000005000000 : \"configs\"0x000005000000-0x000005200000 : \"sig\"0x000005200000-0x000006000000 : \"reserve1\"0x000006000000-0x000007000000 : \"upgrade-ramfs\"0x000007000000-0x00000a800000 : \"upgrade-file\"0x00000a800000-0x000010000000 : \"reserve2\"nf_conntrack version 0.5.0 (3635 buckets, 14540 max)ip_tables: (C) 2000-2006 Netfilter Core TeamNET: Registered protocol family 10ip6_tables: (C) 2000-2006 Netfilter Core Teamsit: IPv6 over IPv4 tunneling driverNET: Registered protocol family 17can: controller area network core (rev 20120528 abi 9)NET: Registered protocol family 29can: raw protocol (rev 20120528)can: broadcast manager protocol (rev 20120528 t)can: netlink gateway (rev 20130117) max_hops=1zynq_pm_ioremap: no compatible node found for 'xlnx,zynq-ddrc-a05'zynq_pm_late_init: Unable to map DDRC IO memory.Registering SWP/SWPB emulation handlerhctosys: unable to open rtc device (rtc0)ALSA device list: No soundcards found.RAMDISK: gzip image found at block 0EXT4-fs (ram0): couldn't mount as ext3 due to feature incompatibilitiesEXT4-fs warning (device ram0): ext4_update_dynamic_rev:746: updating to rev 1 because of new feature flag, running e2fsck is recommendedEXT4-fs (ram0): mounted filesystem without journal. Opts: (null)VFS: Mounted root (ext4 filesystem) on device 1:0.devtmpfs: mountedFreeing unused kernel memory: 1024K (c0a00000 - c0b00000)EXT4-fs (ram0): re-mounted. Opts: block_validity,delalloc,barrier,user_xattr,errors=remount-rodevpts: called with bogus optionsubi0: attaching mtd2ubi0: scanning is finishedubi0: attached mtd2 (name \"configs\", size 8 MiB)ubi0: PEB size: 131072 bytes (128 KiB), LEB size: 126976 bytesubi0: min./max. I/O unit sizes: 2048/2048, sub-page size 2048ubi0: VID header offset: 2048 (aligned 2048), data offset: 4096ubi0: good PEBs: 64, bad PEBs: 0, corrupted PEBs: 0ubi0: user volume: 1, internal volumes: 1, max. volumes count: 128ubi0: max/mean erase counter: 4/1, WL threshold: 4096, image sequence number: 322110083ubi0: available PEBs: 0, total reserved PEBs: 64, PEBs reserved for bad PEB handling: 4ubi0: background thread \"ubi_bgt0d\" started, PID 729UBIFS (ubi0:0): background thread \"ubifs_bgt0_0\" started, PID 733UBIFS (ubi0:0): recovery neededUBIFS (ubi0:0): recovery completedUBIFS (ubi0:0): UBIFS: mounted UBI device 0, volume 0, name \"config_data\"UBIFS (ubi0:0): LEB size: 126976 bytes (124 KiB), min./max. I/O unit sizes: 2048 bytes/2048 bytesUBIFS (ubi0:0): FS size: 5840896 bytes (5 MiB, 46 LEBs), journal size 1015809 bytes (0 MiB, 6 LEBs)UBIFS (ubi0:0): reserved for root: 275879 bytes (269 KiB)UBIFS (ubi0:0): media format: w4/r0 (latest is w4/r0), UUID C7CFF589-3D04-4ECB-B10E-70A73BA643A8, small LPT modelubi2: attaching mtd4ubi2: scanning is finishedubi2: attached mtd4 (name \"reserve1\", size 14 MiB)ubi2: PEB size: 131072 bytes (128 KiB), LEB size: 126976 bytesubi2: min./max. I/O unit sizes: 2048/2048, sub-page size 2048ubi2: VID header offset: 2048 (aligned 2048), data offset: 4096ubi2: good PEBs: 112, bad PEBs: 0, corrupted PEBs: 0ubi2: user volume: 1, internal volumes: 1, max. volumes count: 128ubi2: max/mean erase counter: 33/21, WL threshold: 4096, image sequence number: 183710239ubi2: available PEBs: 0, total reserved PEBs: 112, PEBs reserved for bad PEB handling: 4ubi2: background thread \"ubi_bgt2d\" started, PID 740UBIFS (ubi2:0): background thread \"ubifs_bgt2_0\" started, PID 744UBIFS (ubi2:0): recovery neededUBIFS (ubi2:0): recovery completedUBIFS (ubi2:0): UBIFS: mounted UBI device 2, volume 0, name \"misc\"UBIFS (ubi2:0): LEB size: 126976 bytes (124 KiB), min./max. I/O unit sizes: 2048 bytes/2048 bytesUBIFS (ubi2:0): FS size: 11935744 bytes (11 MiB, 94 LEBs), journal size 1015809 bytes (0 MiB, 6 LEBs)UBIFS (ubi2:0): reserved for root: 563754 bytes (550 KiB)UBIFS (ubi2:0): media format: w4/r0 (latest is w4/r0), UUID FEDBFDD6-2CB2-4ED5-B170-449E62906392, small LPT modelIPv6: ADDRCONF(NETDEV_UP): eth0: link is not readyIPv6: ADDRCONF(NETDEV_UP): eth0: link is not readyrandom: avahi-daemon urandom read with 2 bits of entropy availableIn axi fpga driver!request_mem_region OK!AXI fpga dev virtual address is 0xcfbc8000*base_vir_addr = 0xb051In fpga mem driver!request_mem_region OK!fpga mem virtual address is 0xd2000000macb e000b000.ethernet eth0: unable to generate target frequency: 25000000 Hzmacb e000b000.ethernet eth0: link up (100/Full)IPv6: ADDRCONF(NETDEV_CHANGE): eth0: link becomes readyrandom: nonblocking pool is initialized===========================================Miner log===========================================time=\"1970-01-01 00:00:10\" level=info pid=879 msg=\"release version\"time=\"1970-01-01 00:00:10\" level=info pid=879 msg=\"asic mode\"time=\"1970-01-01 00:00:10\" level=notice pid=879 msg=\"algo ltc fan_control_mode 2\"time=\"1970-01-01 00:00:10\" level=notice pid=879 msg=platform_inittime=\"1970-01-01 00:00:10\" level=info pid=879 msg=\"mmap fpga_mem_addr_hal = 0xb5d21000\"time=\"1970-01-01 00:00:10\" level=info pid=879 msg=\"HARDWARE_VERSION = 0x2000b051\"time=\"1970-01-01 00:00:10\" level=notice pid=879 msg=\"chain_offset 0, chain 0\"time=\"1970-01-01 00:00:10\" level=notice pid=879 msg=\"chain_offset 0, chain 0, pic firmware verion = 0xfe\"time=\"1970-01-01 00:00:10\" level=notice pid=879 msg=\"chain_offset 1, chain 1\"time=\"1970-01-01 00:00:11\" level=notice pid=879 msg=\"chain_offset 1, chain 1, pic firmware verion = 0xfe\"time=\"1970-01-01 00:00:11\" level=notice pid=879 msg=\"chain_offset 2, chain 2\"time=\"1970-01-01 00:00:12\" level=notice pid=879 msg=\"chain_offset 2, chain 2, pic firmware verion = 0xfe\"time=\"1970-01-01 00:00:12\" level=notice pid=879 msg=\"reset fpga\"time=\"1970-01-01 00:00:12\" level=notice pid=879 msg=\"Begain check_fan_valiad\"time=\"1970-01-01 00:00:21\" level=notice pid=879 msg=\"check_fan_valiad, check_fan_speed ok, fan_num = 4\"time=\"1970-01-01 00:00:21\" level=notice pid=879 msg=\"Miner compile time: Mon Jan 24 16:01:20 CST 2022 type: Antminer L7\"time=\"1970-01-01 00:00:21\" level=info pid=879 msg=\"godminer Version = 0xB051 1.0.0_release_dirty_master_4c4db04fc8fb8ce1a21da1db2301f261664943c2_Jan 24 2022 16:18:48\"time=\"1970-01-01 00:00:21\" level=notice pid=879 msg=\"miner thread with 3 backend runtime created pid 879\"time=\"1970-01-01 00:00:21\" level=notice pid=879 msg=\"opt_algo 6, ltc\"time=\"1970-01-01 00:00:27\" level=error pid=879 msg=\"EEPROM eeprom_key_version or eeprom_encryption_algorithm error! eeprom_key_version:15, eeprom_encryption_algorithmtime=\"1970-01-01 00:00:27\" level=error pid=879 msg=\"Data decode fail for chain 2.\"time=\"1970-01-01 00:00:29\" level=error pid=879 msg=\"EEPROM eeprom_key_version or eeprom_encryption_algorithm error! eeprom_key_version:15, eeprom_encryption_algorithmtime=\"1970-01-01 00:00:29\" level=error pid=879 msg=\"Data decode fail for chain 2.\"time=\"1970-01-01 00:00:31\" level=error pid=879 msg=\"EEPROM eeprom_key_version or eeprom_encryption_algorithm error! eeprom_key_version:15, eeprom_encryption_algorithmtime=\"1970-01-01 00:00:31\" level=error pid=879 msg=\"Data decode fail for chain 2.\"time=\"2022-08-03 01:00:34\" level=error pid=879 msg=\"Data load fail for chain 2.\"time=\"2022-08-03 01:00:34\" level=error pid=879 msg=\"Chain2 load EEPROM error.\"time=\"2022-08-03 01:00:34\" level=notice pid=879 msg=\"Error! Chain [2] EEPROM data corrupted\"time=\"2022-08-03 01:00:57\" level=info pid=955 msg=\"release version\"time=\"2022-08-03 01:00:57\" level=info pid=955 msg=\"asic mode\"time=\"2022-08-03 01:00:57\" level=notice pid=955 msg=\"algo ltc fan_control_mode 2\"time=\"2022-08-03 01:00:57\" level=notice pid=955 msg=platform_inittime=\"2022-08-03 01:00:57\" level=info pid=955 msg=\"mmap fpga_mem_addr_hal = 0xb5d2f000\"time=\"2022-08-03 01:00:57\" level=info pid=955 msg=\"HARDWARE_VERSION = 0x2000b051\"time=\"2022-08-03 01:00:57\" level=notice pid=955 msg=\"chain_offset 0, chain 0\"time=\"2022-08-03 01:00:58\" level=notice pid=955 msg=\"chain_offset 0, chain 0, pic firmware verion = 0xfe\"time=\"2022-08-03 01:00:58\" level=notice pid=955 msg=\"chain_offset 1, chain 1\"time=\"2022-08-03 01:00:58\" level=notice pid=955 msg=\"chain_offset 1, chain 1, pic firmware verion = 0xfe\"time=\"2022-08-03 01:00:58\" level=notice pid=955 msg=\"chain_offset 2, chain 2\"time=\"2022-08-03 01:00:59\" level=notice pid=955 msg=\"chain_offset 2, chain 2, pic firmware verion = 0xfe\"time=\"2022-08-03 01:00:59\" level=notice pid=955 msg=\"reset fpga\"time=\"2022-08-03 01:00:59\" level=notice pid=955 msg=\"Begain check_fan_valiad\"time=\"2022-08-03 01:01:00\" level=notice pid=955 msg=\"check_fan_valiad, check_fan_speed ok, fan_num = 4\"time=\"2022-08-03 01:01:00\" level=notice pid=955 msg=\"Miner compile time: Mon Jan 24 16:01:20 CST 2022 type: Antminer L7\"time=\"2022-08-03 01:01:00\" level=info pid=955 msg=\"godminer Version = 0xB051 1.0.0_release_dirty_master_4c4db04fc8fb8ce1a21da1db2301f261664943c2_Jan 24 2022 16:18:48\"time=\"2022-08-03 01:01:00\" level=notice pid=955 msg=\"miner thread with 3 backend runtime created pid 955\"time=\"2022-08-03 01:01:00\" level=notice pid=955 msg=\"opt_algo 6, ltc\"time=\"2022-08-03 01:01:05\" level=error pid=955 msg=\"EEPROM eeprom_key_version or eeprom_encryption_algorithm error! eeprom_key_version:15, eeprom_encryption_algorithmtime=\"2022-08-03 01:01:05\" level=error pid=955 msg=\"Data decode fail for chain 2.\"time=\"2022-08-03 01:01:08\" level=error pid=955 msg=\"EEPROM eeprom_key_version or eeprom_encryption_algorithm error! eeprom_key_version:15, eeprom_encryption_algorithmtime=\"2022-08-03 01:01:08\" level=error pid=955 msg=\"Data decode fail for chain 2.\"time=\"2022-08-03 01:01:10\" level=error pid=955 msg=\"EEPROM eeprom_key_version or eeprom_encryption_algorithm error! eeprom_key_version:15, eeprom_encryption_algorithmtime=\"2022-08-03 01:01:10\" level=error pid=955 msg=\"Data decode fail for chain 2.\"time=\"2022-08-03 01:01:10\" level=error pid=955 msg=\"Data load fail for chain 2.\"time=\"2022-08-03 01:01:10\" level=error pid=955 msg=\"Chain2 load EEPROM error.\"time=\"2022-08-03 01:01:10\" level=notice pid=955 msg=\"Error! Chain [2] EEPROM data corrupted\"time=\"2022-08-03 01:01:22\" level=info pid=1144 msg=\"release version\"time=\"2022-08-03 01:01:22\" level=info pid=1144 msg=\"asic mode\"time=\"2022-08-03 01:01:22\" level=notice pid=1144 msg=\"algo ltc fan_control_mode 2\"time=\"2022-08-03 01:01:22\" level=notice pid=1144 msg=platform_inittime=\"2022-08-03 01:01:22\" level=info pid=1144 msg=\"mmap fpga_mem_addr_hal = 0xb5cc0000\"time=\"2022-08-03 01:01:22\" level=info pid=1144 msg=\"HARDWARE_VERSION = 0x2000b051\"time=\"2022-08-03 01:01:22\" level=notice pid=1144 msg=\"chain_offset 0, chain 0\"time=\"2022-08-03 01:01:23\" level=notice pid=1144 msg=\"chain_offset 0, chain 0, pic firmware verion = 0xfe\"time=\"2022-08-03 01:01:23\" level=notice pid=1144 msg=\"chain_offset 1, chain 1\"time=\"2022-08-03 01:01:24\" level=notice pid=1144 msg=\"chain_offset 1, chain 1, pic firmware verion = 0xfe\"time=\"2022-08-03 01:01:24\" level=notice pid=1144 msg=\"chain_offset 2, chain 2\"time=\"2022-08-03 01:01:24\" level=notice pid=1144 msg=\"chain_offset 2, chain 2, pic firmware verion = 0xfe\"time=\"2022-08-03 01:01:24\" level=notice pid=1144 msg=\"reset fpga\"time=\"2022-08-03 01:01:25\" level=notice pid=1144 msg=\"Begain check_fan_valiad\"time=\"2022-08-03 01:01:25\" level=notice pid=1144 msg=\"check_fan_valiad, check_fan_speed ok, fan_num = 4\"time=\"2022-08-03 01:01:25\" level=notice pid=1144 msg=\"Miner compile time: Mon Jan 24 16:01:20 CST 2022 type: Antminer L7\"time=\"2022-08-03 01:01:25\" level=info pid=1144 msg=\"godminer Version = 0xB051 1.0.0_release_dirty_master_4c4db04fc8fb8ce1a21da1db2301f261664943c2_Jan 24 2022 16:18:48time=\"2022-08-03 01:01:25\" level=notice pid=1144 msg=\"miner thread with 3 backend runtime created pid 1144\"time=\"2022-08-03 01:01:25\" level=notice pid=1144 msg=\"opt_algo 6, ltc\"time=\"2022-08-03 01:01:31\" level=error pid=1144 msg=\"EEPROM eeprom_key_version or eeprom_encryption_algorithm error! eeprom_key_version:15, eeprom_encryption_algorithmtime=\"2022-08-03 01:01:31\" level=error pid=1144 msg=\"Data decode fail for chain 2.\"time=\"2022-08-03 01:01:33\" level=error pid=1144 msg=\"EEPROM eeprom_key_version or eeprom_encryption_algorithm error! eeprom_key_version:15, eeprom_encryption_algorithmtime=\"2022-08-03 01:01:33\" level=error pid=1144 msg=\"Data decode fail for chain 2.\"time=\"2022-08-03 01:01:35\" level=error pid=1144 msg=\"EEPROM eeprom_key_version or eeprom_encryption_algorithm error! eeprom_key_version:15, eeprom_encryption_algorithmtime=\"2022-08-03 01:01:35\" level=error pid=1144 msg=\"Data decode fail for chain 2.\"time=\"2022-08-03 01:01:36\" level=error pid=1144 msg=\"Data load fail for chain 2.\"time=\"2022-08-03 01:01:36\" level=error pid=1144 msg=\"Chain2 load EEPROM error.\"time=\"2022-08-03 01:01:36\" level=notice pid=1144 msg=\"Error! Chain [2] EEPROM data corrupted\"time=\"2022-08-03 01:01:47\" level=info pid=1280 msg=\"release version\"time=\"2022-08-03 01:01:47\" level=info pid=1280 msg=\"asic mode\"time=\"2022-08-03 01:01:47\" level=notice pid=1280 msg=\"algo ltc fan_control_mode 2\"time=\"2022-08-03 01:01:47\" level=notice pid=1280 msg=platform_inittime=\"2022-08-03 01:01:47\" level=info pid=1280 msg=\"mmap fpga_mem_addr_hal = 0xb5da1000\"time=\"2022-08-03 01:01:47\" level=info pid=1280 msg=\"HARDWARE_VERSION = 0x2000b051\"time=\"2022-08-03 01:01:47\" level=notice pid=1280 msg=\"chain_offset 0, chain 0\"time=\"2022-08-03 01:01:48\" level=notice pid=1280 msg=\"chain_offset 0, chain 0, pic firmware verion = 0xfe\"time=\"2022-08-03 01:01:48\" level=notice pid=1280 msg=\"chain_offset 1, chain 1\"time=\"2022-08-03 01:01:49\" level=notice pid=1280 msg=\"chain_offset 1, chain 1, pic firmware verion = 0xfe\"time=\"2022-08-03 01:01:49\" level=notice pid=1280 msg=\"chain_offset 2, chain 2\"time=\"2022-08-03 01:01:49\" level=notice pid=1280 msg=\"chain_offset 2, chain 2, pic firmware verion = 0xfe\"time=\"2022-08-03 01:01:49\" level=notice pid=1280 msg=\"reset fpga\"time=\"2022-08-03 01:01:50\" level=notice pid=1280 msg=\"Begain check_fan_valiad\"time=\"2022-08-03 01:01:50\" level=notice pid=1280 msg=\"check_fan_valiad, check_fan_speed ok, fan_num = 4\"time=\"2022-08-03 01:01:50\" level=notice pid=1280 msg=\"Miner compile time: Mon Jan 24 16:01:20 CST 2022 type: Antminer L7\"time=\"2022-08-03 01:01:50\" level=info pid=1280 msg=\"godminer Version = 0xB051 1.0.0_release_dirty_master_4c4db04fc8fb8ce1a21da1db2301f261664943c2_Jan 24 2022 16:18:48time=\"2022-08-03 01:01:50\" level=notice pid=1280 msg=\"miner thread with 3 backend runtime created pid 1280\"time=\"2022-08-03 01:01:50\" level=notice pid=1280 msg=\"opt_algo 6, ltc\"time=\"2022-08-03 01:01:56\" level=error pid=1280 msg=\"EEPROM eeprom_key_version or eeprom_encryption_algorithm error! eeprom_key_version:15, eeprom_encryption_algorithmtime=\"2022-08-03 01:01:56\" level=error pid=1280 msg=\"Data decode fail for chain 2.\"time=\"2022-08-03 01:01:58\" level=error pid=1280 msg=\"EEPROM eeprom_key_version or eeprom_encryption_algorithm error! eeprom_key_version:15, eeprom_encryption_algorithmtime=\"2022-08-03 01:01:58\" level=error pid=1280 msg=\"Data decode fail for chain 2.\"time=\"2022-08-03 01:02:00\" level=error pid=1280 msg=\"EEPROM eeprom_key_version or eeprom_encryption_algorithm error! eeprom_key_version:15, eeprom_encryption_algorithmtime=\"2022-08-03 01:02:00\" level=error pid=1280 msg=\"Data decode fail for chain 2.\"time=\"2022-08-03 01:02:01\" level=error pid=1280 msg=\"Data load fail for chain 2.\"time=\"2022-08-03 01:02:01\" level=error pid=1280 msg=\"Chain2 load EEPROM error.\"time=\"2022-08-03 01:02:01\" level=notice pid=1280 msg=\"Error! Chain [2] EEPROM data corrupted\"time=\"2022-08-03 01:02:12\" level=info pid=1510 msg=\"release version\"time=\"2022-08-03 01:02:12\" level=info pid=1510 msg=\"asic mode\"time=\"2022-08-03 01:02:12\" level=notice pid=1510 msg=\"algo ltc fan_control_mode 2\"time=\"2022-08-03 01:02:12\" level=notice pid=1510 msg=platform_inittime=\"2022-08-03 01:02:12\" level=info pid=1510 msg=\"mmap fpga_mem_addr_hal = 0xb5cbc000\"time=\"2022-08-03 01:02:12\" level=info pid=1510 msg=\"HARDWARE_VERSION = 0x2000b051\"time=\"2022-08-03 01:02:12\" level=notice pid=1510 msg=\"chain_offset 0, chain 0\"time=\"2022-08-03 01:02:13\" level=notice pid=1510 msg=\"chain_offset 0, chain 0, pic firmware verion = 0xfe\"time=\"2022-08-03 01:02:13\" level=notice pid=1510 msg=\"chain_offset 1, chain 1\"time=\"2022-08-03 01:02:14\" level=notice pid=1510 msg=\"chain_offset 1, chain 1, pic firmware verion = 0xfe\"time=\"2022-08-03 01:02:14\" level=notice pid=1510 msg=\"chain_offset 2, chain 2\"time=\"2022-08-03 01:02:15\" level=notice pid=1510 msg=\"chain_offset 2, chain 2, pic firmware verion = 0xfe\"time=\"2022-08-03 01:02:15\" level=notice pid=1510 msg=\"reset fpga\"time=\"2022-08-03 01:02:15\" level=notice pid=1510 msg=\"Begain check_fan_valiad\"time=\"2022-08-03 01:02:15\" level=notice pid=1510 msg=\"check_fan_valiad, check_fan_speed ok, fan_num = 4\"time=\"2022-08-03 01:02:15\" level=notice pid=1510 msg=\"Miner compile time: Mon Jan 24 16:01:20 CST 2022 type: Antminer L7\"time=\"2022-08-03 01:02:15\" level=info pid=1510 msg=\"godminer Version = 0xB051 1.0.0_release_dirty_master_4c4db04fc8fb8ce1a21da1db2301f261664943c2_Jan 24 2022 16:18:48time=\"2022-08-03 01:02:15\" level=notice pid=1510 msg=\"miner thread with 3 backend runtime created pid 1510\"time=\"2022-08-03 01:02:15\" level=notice pid=1510 msg=\"opt_algo 6, ltc\"time=\"2022-08-03 01:02:21\" level=error pid=1510 msg=\"EEPROM eeprom_key_version or eeprom_encryption_algorithm error! eeprom_key_version:15, eeprom_encryption_algorithmtime=\"2022-08-03 01:02:21\" level=error pid=1510 msg=\"Data decode fail for chain 2.\"time=\"2022-08-03 01:02:23\" level=error pid=1510 msg=\"EEPROM eeprom_key_version or eeprom_encryption_algorithm error! eeprom_key_version:15, eeprom_encryption_algorithmtime=\"2022-08-03 01:02:23\" level=error pid=1510 msg=\"Data decode fail for chain 2.\"time=\"2022-08-03 01:02:25\" level=error pid=1510 msg=\"EEPROM eeprom_key_version or eeprom_encryption_algorithm error! eeprom_key_version:15, eeprom_encryption_algorithmtime=\"2022-08-03 01:02:25\" level=error pid=1510 msg=\"Data decode fail for chain 2.\"time=\"2022-08-03 01:02:26\" level=error pid=1510 msg=\"Data load fail for chain 2.\"time=\"2022-08-03 01:02:26\" level=error pid=1510 msg=\"Chain2 load EEPROM error.\"time=\"2022-08-03 01:02:26\" level=notice pid=1510 msg=\"Error! Chain [2] EEPROM data corrupted\"time=\"2022-08-03 01:02:37\" level=info pid=1802 msg=\"release version\"time=\"2022-08-03 01:02:37\" level=info pid=1802 msg=\"asic mode\"time=\"2022-08-03 01:02:37\" level=notice pid=1802 msg=\"algo ltc fan_control_mode 2\"time=\"2022-08-03 01:02:37\" level=notice pid=1802 msg=platform_inittime=\"2022-08-03 01:02:37\" level=info pid=1802 msg=\"mmap fpga_mem_addr_hal = 0xb5cf6000\"time=\"2022-08-03 01:02:37\" level=info pid=1802 msg=\"HARDWARE_VERSION = 0x2000b051\"time=\"2022-08-03 01:02:37\" level=notice pid=1802 msg=\"chain_offset 0, chain 0\"time=\"2022-08-03 01:02:38\" level=notice pid=1802 msg=\"chain_offset 0, chain 0, pic firmware verion = 0xfe\"time=\"2022-08-03 01:02:38\" level=notice pid=1802 msg=\"chain_offset 1, chain 1\"time=\"2022-08-03 01:02:39\" level=notice pid=1802 msg=\"chain_offset 1, chain 1, pic firmware verion = 0xfe\"time=\"2022-08-03 01:02:39\" level=notice pid=1802 msg=\"chain_offset 2, chain 2\"time=\"2022-08-03 01:02:40\" level=notice pid=1802 msg=\"chain_offset 2, chain 2, pic firmware verion = 0xfe\"time=\"2022-08-03 01:02:40\" level=notice pid=1802 msg=\"reset fpga\"time=\"2022-08-03 01:02:40\" level=notice pid=1802 msg=\"Begain check_fan_valiad\"time=\"2022-08-03 01:02:40\" level=notice pid=1802 msg=\"check_fan_valiad, check_fan_speed ok, fan_num = 4\"time=\"2022-08-03 01:02:40\" level=notice pid=1802 msg=\"Miner compile time: Mon Jan 24 16:01:20 CST 2022 type: Antminer L7\"time=\"2022-08-03 01:02:40\" level=info pid=1802 msg=\"godminer Version = 0xB051 1.0.0_release_dirty_master_4c4db04fc8fb8ce1a21da1db2301f261664943c2_Jan 24 2022 16:18:48time=\"2022-08-03 01:02:40\" level=notice pid=1802 msg=\"miner thread with 3 backend runtime created pid 1802\"time=\"2022-08-03 01:02:40\" level=notice pid=1802 msg=\"opt_algo 6, ltc\"time=\"2022-08-03 01:02:46\" level=error pid=1802 msg=\"EEPROM eeprom_key_version or eeprom_encryption_algorithm error! eeprom_key_version:15, eeprom_encryption_algorithmtime=\"2022-08-03 01:02:46\" level=error pid=1802 msg=\"Data decode fail for chain 2.\"time=\"2022-08-03 01:02:48\" level=error pid=1802 msg=\"EEPROM eeprom_key_version or eeprom_encryption_algorithm error! eeprom_key_version:15, eeprom_encryption_algorithmtime=\"2022-08-03 01:02:48\" level=error pid=1802 msg=\"Data decode fail for chain 2.\"time=\"2022-08-03 01:02:50\" level=error pid=1802 msg=\"EEPROM eeprom_key_version or eeprom_encryption_algorithm error! eeprom_key_version:15, eeprom_encryption_algorithmtime=\"2022-08-03 01:02:50\" level=error pid=1802 msg=\"Data decode fail for chain 2.\"time=\"2022-08-03 01:02:51\" level=error pid=1802 msg=\"Data load fail for chain 2.\"time=\"2022-08-03 01:02:51\" level=error pid=1802 msg=\"Chain2 load EEPROM error.\"time=\"2022-08-03 01:02:51\" level=notice pid=1802 msg=\"Error! Chain [2] EEPROM data corrupted\"time=\"2022-08-03 01:03:03\" level=info pid=1940 msg=\"release version\"time=\"2022-08-03 01:03:03\" level=info pid=1940 msg=\"asic mode\"time=\"2022-08-03 01:03:03\" level=notice pid=1940 msg=\"algo ltc fan_control_mode 2\"time=\"2022-08-03 01:03:03\" level=notice pid=1940 msg=platform_inittime=\"2022-08-03 01:03:03\" level=info pid=1940 msg=\"mmap fpga_mem_addr_hal = 0xb5d4b000\"time=\"2022-08-03 01:03:03\" level=info pid=1940 msg=\"HARDWARE_VERSION = 0x2000b051\"time=\"2022-08-03 01:03:03\" level=notice pid=1940 msg=\"chain_offset 0, chain 0\"time=\"2022-08-03 01:03:03\" level=notice pid=1940 msg=\"chain_offset 0, chain 0, pic firmware verion = 0xfe\"time=\"2022-08-03 01:03:03\" level=notice pid=1940 msg=\"chain_offset 1, chain 1\"time=\"2022-08-03 01:03:04\" level=notice pid=1940 msg=\"chain_offset 1, chain 1, pic firmware verion = 0xfe\"time=\"2022-08-03 01:03:04\" level=notice pid=1940 msg=\"chain_offset 2, chain 2\"time=\"2022-08-03 01:03:05\" level=notice pid=1940 msg=\"chain_offset 2, chain 2, pic firmware verion = 0xfe\"time=\"2022-08-03 01:03:05\" level=notice pid=1940 msg=\"reset fpga\"time=\"2022-08-03 01:03:05\" level=notice pid=1940 msg=\"Begain check_fan_valiad\"time=\"2022-08-03 01:03:05\" level=notice pid=1940 msg=\"check_fan_valiad, check_fan_speed ok, fan_num = 4\"time=\"2022-08-03 01:03:05\" level=notice pid=1940 msg=\"Miner compile time: Mon Jan 24 16:01:20 CST 2022 type: Antminer L7\"time=\"2022-08-03 01:03:05\" level=info pid=1940 msg=\"godminer Version = 0xB051 1.0.0_release_dirty_master_4c4db04fc8fb8ce1a21da1db2301f261664943c2_Jan 24 2022 16:18:48time=\"2022-08-03 01:03:05\" level=notice pid=1940 msg=\"miner thread with 3 backend runtime created pid 1940\"time=\"2022-08-03 01:03:05\" level=notice pid=1940 msg=\"opt_algo 6, ltc\"time=\"2022-08-03 01:03:11\" level=error pid=1940 msg=\"EEPROM eeprom_key_version or eeprom_encryption_algorithm error! eeprom_key_version:15, eeprom_encryption_algorithmtime=\"2022-08-03 01:03:11\" level=error pid=1940 msg=\"Data decode fail for chain 2.\"time=\"2022-08-03 01:03:13\" level=error pid=1940 msg=\"EEPROM eeprom_key_version or eeprom_encryption_algorithm error! eeprom_key_version:15, eeprom_encryption_algorithmtime=\"2022-08-03 01:03:13\" level=error pid=1940 msg=\"Data decode fail for chain 2.\"time=\"2022-08-03 01:03:15\" level=error pid=1940 msg=\"EEPROM eeprom_key_version or eeprom_encryption_algorithm error! eeprom_key_version:15, eeprom_encryption_algorithmtime=\"2022-08-03 01:03:15\" level=error pid=1940 msg=\"Data decode fail for chain 2.\"time=\"2022-08-03 01:03:16\" level=error pid=1940 msg=\"Data load fail for chain 2.\"time=\"2022-08-03 01:03:16\" level=error pid=1940 msg=\"Chain2 load EEPROM error.\"time=\"2022-08-03 01:03:16\" level=notice pid=1940 msg=\"Error! Chain [2] EEPROM data corrupted\"time=\"2022-08-03 01:03:28\" level=info pid=2126 msg=\"release version\"time=\"2022-08-03 01:03:28\" level=info pid=2126 msg=\"asic mode\"time=\"2022-08-03 01:03:28\" level=notice pid=2126 msg=\"algo ltc fan_control_mode 2\"time=\"2022-08-03 01:03:28\" level=notice pid=2126 msg=platform_inittime=\"2022-08-03 01:03:28\" level=info pid=2126 msg=\"mmap fpga_mem_addr_hal = 0xb5d42000\"time=\"2022-08-03 01:03:28\" level=info pid=2126 msg=\"HARDWARE_VERSION = 0x2000b051\"time=\"2022-08-03 01:03:28\" level=notice pid=2126 msg=\"chain_offset 0, chain 0\"time=\"2022-08-03 01:03:28\" level=notice pid=2126 msg=\"chain_offset 0, chain 0, pic firmware verion = 0xfe\"time=\"2022-08-03 01:03:28\" level=notice pid=2126 msg=\"chain_offset 1, chain 1\"time=\"2022-08-03 01:03:29\" level=notice pid=2126 msg=\"chain_offset 1, chain 1, pic firmware verion = 0xfe\"time=\"2022-08-03 01:03:29\" level=notice pid=2126 msg=\"chain_offset 2, chain 2\"time=\"2022-08-03 01:03:30\" level=notice pid=2126 msg=\"chain_offset 2, chain 2, pic firmware verion = 0xfe\"time=\"2022-08-03 01:03:30\" level=notice pid=2126 msg=\"reset fpga\"time=\"2022-08-03 01:03:30\" level=notice pid=2126 msg=\"Begain check_fan_valiad\"time=\"2022-08-03 01:03:31\" level=notice pid=2126 msg=\"check_fan_valiad, check_fan_speed ok, fan_num = 4\"time=\"2022-08-03 01:03:31\" level=notice pid=2126 msg=\"Miner compile time: Mon Jan 24 16:01:20 CST 2022 type: Antminer L7\"time=\"2022-08-03 01:03:31\" level=info pid=2126 msg=\"godminer Version = 0xB051 1.0.0_release_dirty_master_4c4db04fc8fb8ce1a21da1db2301f261664943c2_Jan 24 2022 16:18:48time=\"2022-08-03 01:03:31\" level=notice pid=2126 msg=\"miner thread with 3 backend runtime created pid 2126\"time=\"2022-08-03 01:03:31\" level=notice pid=2126 msg=\"opt_algo 6, ltc\"time=\"2022-08-03 01:03:36\" level=error pid=2126 msg=\"EEPROM eeprom_key_version or eeprom_encryption_algorithm error! eeprom_key_version:15, eeprom_encryption_algorithmtime=\"2022-08-03 01:03:36\" level=error pid=2126 msg=\"Data decode fail for chain 2.\"time=\"2022-08-03 01:03:38\" level=error pid=2126 msg=\"EEPROM eeprom_key_version or eeprom_encryption_algorithm error! eeprom_key_version:15, eeprom_encryption_algorithmtime=\"2022-08-03 01:03:38\" level=error pid=2126 msg=\"Data decode fail for chain 2.\"time=\"2022-08-03 01:03:41\" level=error pid=2126 msg=\"EEPROM eeprom_key_version or eeprom_encryption_algorithm error! eeprom_key_version:15, eeprom_encryption_algorithmtime=\"2022-08-03 01:03:41\" level=error pid=2126 msg=\"Data decode fail for chain 2.\"time=\"2022-08-03 01:03:41\" level=error pid=2126 msg=\"Data load fail for chain 2.\"time=\"2022-08-03 01:03:41\" level=error pid=2126 msg=\"Chain2 load EEPROM error.\"time=\"2022-08-03 01:03:41\" level=notice pid=2126 msg=\"Error! Chain [2] EEPROM data corrupted\"time=\"2022-08-03 01:03:53\" level=info pid=2476 msg=\"release version\"time=\"2022-08-03 01:03:53\" level=info pid=2476 msg=\"asic mode\"time=\"2022-08-03 01:03:53\" level=notice pid=2476 msg=\"algo ltc fan_control_mode 2\"time=\"2022-08-03 01:03:53\" level=notice pid=2476 msg=platform_inittime=\"2022-08-03 01:03:53\" level=info pid=2476 msg=\"mmap fpga_mem_addr_hal = 0xb5d55000\"time=\"2022-08-03 01:03:53\" level=info pid=2476 msg=\"HARDWARE_VERSION = 0x2000b051\"time=\"2022-08-03 01:03:53\" level=notice pid=2476 msg=\"chain_offset 0, chain 0\"time=\"2022-08-03 01:03:54\" level=notice pid=2476 msg=\"chain_offset 0, chain 0, pic firmware verion = 0xfe\"time=\"2022-08-03 01:03:54\" level=notice pid=2476 msg=\"chain_offset 1, chain 1\"time=\"2022-08-03 01:03:54\" level=notice pid=2476 msg=\"chain_offset 1, chain 1, pic firmware verion = 0xfe\"time=\"2022-08-03 01:03:54\" level=notice pid=2476 msg=\"chain_offset 2, chain 2\"time=\"2022-08-03 01:03:55\" level=notice pid=2476 msg=\"chain_offset 2, chain 2, pic firmware verion = 0xfe\"time=\"2022-08-03 01:03:55\" level=notice pid=2476 msg=\"reset fpga\"time=\"2022-08-03 01:03:55\" level=notice pid=2476 msg=\"Begain check_fan_valiad\"time=\"2022-08-03 01:03:56\" level=notice pid=2476 msg=\"check_fan_valiad, check_fan_speed ok, fan_num = 4\"time=\"2022-08-03 01:03:56\" level=notice pid=2476 msg=\"Miner compile time: Mon Jan 24 16:01:20 CST 2022 type: Antminer L7\"time=\"2022-08-03 01:03:56\" level=info pid=2476 msg=\"godminer Version = 0xB051 1.0.0_release_dirty_master_4c4db04fc8fb8ce1a21da1db2301f261664943c2_Jan 24 2022 16:18:48time=\"2022-08-03 01:03:56\" level=notice pid=2476 msg=\"miner thread with 3 backend runtime created pid 2476\"time=\"2022-08-03 01:03:56\" level=notice pid=2476 msg=\"opt_algo 6, ltc\"time=\"2022-08-03 01:04:01\" level=error pid=2476 msg=\"EEPROM eeprom_key_version or eeprom_encryption_algorithm error! eeprom_key_version:15, eeprom_encryption_algorithmtime=\"2022-08-03 01:04:01\" level=error pid=2476 msg=\"Data decode fail for chain 2.\"time=\"2022-08-03 01:04:03\" level=error pid=2476 msg=\"EEPROM eeprom_key_version or eeprom_encryption_algorithm error! eeprom_key_version:15, eeprom_encryption_algorithmtime=\"2022-08-03 01:04:03\" level=error pid=2476 msg=\"Data decode fail for chain 2.\"time=\"2022-08-03 01:04:06\" level=error pid=2476 msg=\"EEPROM eeprom_key_version or eeprom_encryption_algorithm error! eeprom_key_version:15, eeprom_encryption_algorithmtime=\"2022-08-03 01:04:06\" level=error pid=2476 msg=\"Data decode fail for chain 2.\"time=\"2022-08-03 01:04:06\" level=error pid=2476 msg=\"Data load fail for chain 2.\"time=\"2022-08-03 01:04:06\" level=error pid=2476 msg=\"Chain2 load EEPROM error.\"time=\"2022-08-03 01:04:06\" level=notice pid=2476 msg=\"Error! Chain [2] EEPROM data corrupted\"time=\"2022-08-03 01:04:18\" level=info pid=2668 msg=\"release version\"time=\"2022-08-03 01:04:18\" level=info pid=2668 msg=\"asic mode\"time=\"2022-08-03 01:04:18\" level=notice pid=2668 msg=\"algo ltc fan_control_mode 2\"time=\"2022-08-03 01:04:18\" level=notice pid=2668 msg=platform_inittime=\"2022-08-03 01:04:18\" level=info pid=2668 msg=\"mmap fpga_mem_addr_hal = 0xb5daa000\"time=\"2022-08-03 01:04:18\" level=info pid=2668 msg=\"HARDWARE_VERSION = 0x2000b051\"time=\"2022-08-03 01:04:18\" level=notice pid=2668 msg=\"chain_offset 0, chain 0\"time=\"2022-08-03 01:04:19\" level=notice pid=2668 msg=\"chain_offset 0, chain 0, pic firmware verion = 0xfe\"time=\"2022-08-03 01:04:19\" level=notice pid=2668 msg=\"chain_offset 1, chain 1\"time=\"2022-08-03 01:04:19\" level=notice pid=2668 msg=\"chain_offset 1, chain 1, pic firmware verion = 0xfe\"time=\"2022-08-03 01:04:19\" level=notice pid=2668 msg=\"chain_offset 2, chain 2\"time=\"2022-08-03 01:04:20\" level=notice pid=2668 msg=\"chain_offset 2, chain 2, pic firmware verion = 0xfe\"time=\"2022-08-03 01:04:20\" level=notice pid=2668 msg=\"reset fpga\"time=\"2022-08-03 01:04:20\" level=notice pid=2668 msg=\"Begain check_fan_valiad\"time=\"2022-08-03 01:04:21\" level=notice pid=2668 msg=\"check_fan_valiad, check_fan_speed ok, fan_num = 4\"time=\"2022-08-03 01:04:21\" level=notice pid=2668 msg=\"Miner compile time: Mon Jan 24 16:01:20 CST 2022 type: Antminer L7\"time=\"2022-08-03 01:04:21\" level=info pid=2668 msg=\"godminer Version = 0xB051 1.0.0_release_dirty_master_4c4db04fc8fb8ce1a21da1db2301f261664943c2_Jan 24 2022 16:18:48time=\"2022-08-03 01:04:21\" level=notice pid=2668 msg=\"miner thread with 3 backend runtime created pid 2668\"time=\"2022-08-03 01:04:21\" level=notice pid=2668 msg=\"opt_algo 6, ltc\"time=\"2022-08-03 01:04:26\" level=error pid=2668 msg=\"EEPROM eeprom_key_version or eeprom_encryption_algorithm error! eeprom_key_version:15, eeprom_encryption_algorithmtime=\"2022-08-03 01:04:26\" level=error pid=2668 msg=\"Data decode fail for chain 2.\"time=\"2022-08-03 01:04:28\" level=error pid=2668 msg=\"EEPROM eeprom_key_version or eeprom_encryption_algorithm error! eeprom_key_version:15, eeprom_encryption_algorithmtime=\"2022-08-03 01:04:28\" level=error pid=2668 msg=\"Data decode fail for chain 2.\"time=\"2022-08-03 01:04:31\" level=error pid=2668 msg=\"EEPROM eeprom_key_version or eeprom_encryption_algorithm error! eeprom_key_version:15, eeprom_encryption_algorithmtime=\"2022-08-03 01:04:31\" level=error pid=2668 msg=\"Data decode fail for chain 2.\"time=\"2022-08-03 01:04:31\" level=error pid=2668 msg=\"Data load fail for chain 2.\"time=\"2022-08-03 01:04:31\" level=error pid=2668 msg=\"Chain2 load EEPROM error.\"time=\"2022-08-03 01:04:31\" level=notice pid=2668 msg=\"Error! Chain [2] EEPROM data corrupted\"time=\"2022-08-03 01:04:43\" level=info pid=2808 msg=\"release version\"time=\"2022-08-03 01:04:43\" level=info pid=2808 msg=\"asic mode\"time=\"2022-08-03 01:04:43\" level=notice pid=2808 msg=\"algo ltc fan_control_mode 2\"time=\"2022-08-03 01:04:43\" level=notice pid=2808 msg=platform_inittime=\"2022-08-03 01:04:43\" level=info pid=2808 msg=\"mmap fpga_mem_addr_hal = 0xb5ce1000\"time=\"2022-08-03 01:04:43\" level=info pid=2808 msg=\"HARDWARE_VERSION = 0x2000b051\"time=\"2022-08-03 01:04:43\" level=notice pid=2808 msg=\"chain_offset 0, chain 0\"time=\"2022-08-03 01:04:44\" level=notice pid=2808 msg=\"chain_offset 0, chain 0, pic firmware verion = 0xfe\"time=\"2022-08-03 01:04:44\" level=notice pid=2808 msg=\"chain_offset 1, chain 1\"time=\"2022-08-03 01:04:44\" level=notice pid=2808 msg=\"chain_offset 1, chain 1, pic firmware verion = 0xfe\"time=\"2022-08-03 01:04:44\" level=notice pid=2808 msg=\"chain_offset 2, chain 2\"time=\"2022-08-03 01:04:45\" level=notice pid=2808 msg=\"chain_offset 2, chain 2, pic firmware verion = 0xfe\"time=\"2022-08-03 01:04:45\" level=notice pid=2808 msg=\"reset fpga\"time=\"2022-08-03 01:04:45\" level=notice pid=2808 msg=\"Begain check_fan_valiad\"time=\"2022-08-03 01:04:46\" level=notice pid=2808 msg=\"check_fan_valiad, check_fan_speed ok, fan_num = 4\"time=\"2022-08-03 01:04:46\" level=notice pid=2808 msg=\"Miner compile time: Mon Jan 24 16:01:20 CST 2022 type: Antminer L7\"time=\"2022-08-03 01:04:46\" level=info pid=2808 msg=\"godminer Version = 0xB051 1.0.0_release_dirty_master_4c4db04fc8fb8ce1a21da1db2301f261664943c2_Jan 24 2022 16:18:48time=\"2022-08-03 01:04:46\" level=notice pid=2808 msg=\"miner thread with 3 backend runtime created pid 2808\"time=\"2022-08-03 01:04:46\" level=notice pid=2808 msg=\"opt_algo 6, ltc\"time=\"2022-08-03 01:04:51\" level=error pid=2808 msg=\"EEPROM eeprom_key_version or eeprom_encryption_algorithm error! eeprom_key_version:15, eeprom_encryption_algorithmtime=\"2022-08-03 01:04:51\" level=error pid=2808 msg=\"Data decode fail for chain 2.\"time=\"2022-08-03 01:04:54\" level=error pid=2808 msg=\"EEPROM eeprom_key_version or eeprom_encryption_algorithm error! eeprom_key_version:15, eeprom_encryption_algorithmtime=\"2022-08-03 01:04:54\" level=error pid=2808 msg=\"Data decode fail for chain 2.\"time=\"2022-08-03 01:04:56\" level=error pid=2808 msg=\"EEPROM eeprom_key_version or eeprom_encryption_algorithm error! eeprom_key_version:15, eeprom_encryption_algorithmtime=\"2022-08-03 01:04:56\" level=error pid=2808 msg=\"Data decode fail for chain 2.\"time=\"2022-08-03 01:04:56\" level=error pid=2808 msg=\"Data load fail for chain 2.\"time=\"2022-08-03 01:04:56\" level=error pid=2808 msg=\"Chain2 load EEPROM error.\"time=\"2022-08-03 01:04:56\" level=notice pid=2808 msg=\"Error! Chain [2] EEPROM data corrupted\"time=\"2022-08-03 01:05:08\" level=info pid=3002 msg=\"release version\"time=\"2022-08-03 01:05:08\" level=info pid=3002 msg=\"asic mode\"time=\"2022-08-03 01:05:08\" level=notice pid=3002 msg=\"algo ltc fan_control_mode 2\"time=\"2022-08-03 01:05:08\" level=notice pid=3002 msg=platform_inittime=\"2022-08-03 01:05:08\" level=info pid=3002 msg=\"mmap fpga_mem_addr_hal = 0xb5d46000\"time=\"2022-08-03 01:05:08\" level=info pid=3002 msg=\"HARDWARE_VERSION = 0x2000b051\"time=\"2022-08-03 01:05:08\" level=notice pid=3002 msg=\"chain_offset 0, chain 0\"time=\"2022-08-03 01:05:09\" level=notice pid=3002 msg=\"chain_offset 0, chain 0, pic firmware verion = 0xfe\"time=\"2022-08-03 01:05:09\" level=notice pid=3002 msg=\"chain_offset 1, chain 1\"time=\"2022-08-03 01:05:10\" level=notice pid=3002 msg=\"chain_offset 1, chain 1, pic firmware verion = 0xfe\"time=\"2022-08-03 01:05:10\" level=notice pid=3002 msg=\"chain_offset 2, chain 2\"time=\"2022-08-03 01:05:10\" level=notice pid=3002 msg=\"chain_offset 2, chain 2, pic firmware verion = 0xfe\"time=\"2022-08-03 01:05:10\" level=notice pid=3002 msg=\"reset fpga\"time=\"2022-08-03 01:05:10\" level=notice pid=3002 msg=\"Begain check_fan_valiad\"time=\"2022-08-03 01:05:11\" level=notice pid=3002 msg=\"check_fan_valiad, check_fan_speed ok, fan_num = 4\"time=\"2022-08-03 01:05:11\" level=notice pid=3002 msg=\"Miner compile time: Mon Jan 24 16:01:20 CST 2022 type: Antminer L7\"time=\"2022-08-03 01:05:11\" level=info pid=3002 msg=\"godminer Version = 0xB051 1.0.0_release_dirty_master_4c4db04fc8fb8ce1a21da1db2301f261664943c2_Jan 24 2022 16:18:48time=\"2022-08-03 01:05:11\" level=notice pid=3002 msg=\"miner thread with 3 backend runtime created pid 3002\"time=\"2022-08-03 01:05:11\" level=notice pid=3002 msg=\"opt_algo 6, ltc\"time=\"2022-08-03 01:05:16\" level=error pid=3002 msg=\"EEPROM eeprom_key_version or eeprom_encryption_algorithm error! eeprom_key_version:15, eeprom_encryption_algorithmtime=\"2022-08-03 01:05:16\" level=error pid=3002 msg=\"Data decode fail for chain 2.\"time=\"2022-08-03 01:05:19\" level=error pid=3002 msg=\"EEPROM eeprom_key_version or eeprom_encryption_algorithm error! eeprom_key_version:15, eeprom_encryption_algorithmtime=\"2022-08-03 01:05:19\" level=error pid=3002 msg=\"Data decode fail for chain 2.\"time=\"2022-08-03 01:05:21\" level=error pid=3002 msg=\"EEPROM eeprom_key_version or eeprom_encryption_algorithm error! eeprom_key_version:15, eeprom_encryption_algorithmtime=\"2022-08-03 01:05:21\" level=error pid=3002 msg=\"Data decode fail for chain 2.\"time=\"2022-08-03 01:05:21\" level=error pid=3002 msg=\"Data load fail for chain 2.\"time=\"2022-08-03 01:05:21\" level=error pid=3002 msg=\"Chain2 load EEPROM error.\"time=\"2022-08-03 01:05:21\" level=notice pid=3002 msg=\"Error! Chain [2] EEPROM data corrupted\"time=\"2022-08-03 01:05:33\" level=info pid=3091 msg=\"release version\"time=\"2022-08-03 01:05:33\" level=info pid=3091 msg=\"asic mode\"time=\"2022-08-03 01:05:33\" level=notice pid=3091 msg=\"algo ltc fan_control_mode 2\"time=\"2022-08-03 01:05:33\" level=notice pid=3091 msg=platform_inittime=\"2022-08-03 01:05:33\" level=info pid=3091 msg=\"mmap fpga_mem_addr_hal = 0xb5d7a000\"time=\"2022-08-03 01:05:33\" level=info pid=3091 msg=\"HARDWARE_VERSION = 0x2000b051\"time=\"2022-08-03 01:05:33\" level=notice pid=3091 msg=\"chain_offset 0, chain 0\"time=\"2022-08-03 01:05:34\" level=notice pid=3091 msg=\"chain_offset 0, chain 0, pic firmware verion = 0xfe\"time=\"2022-08-03 01:05:34\" level=notice pid=3091 msg=\"chain_offset 1, chain 1\"time=\"2022-08-03 01:05:35\" level=notice pid=3091 msg=\"chain_offset 1, chain 1, pic firmware verion = 0xfe\"time=\"2022-08-03 01:05:35\" level=notice pid=3091 msg=\"chain_offset 2, chain 2\"time=\"2022-08-03 01:05:35\" level=notice pid=3091 msg=\"chain_offset 2, chain 2, pic firmware verion = 0xfe\"time=\"2022-08-03 01:05:35\" level=notice pid=3091 msg=\"reset fpga\"time=\"2022-08-03 01:05:36\" level=notice pid=3091 msg=\"Begain check_fan_valiad\"time=\"2022-08-03 01:05:36\" level=notice pid=3091 msg=\"check_fan_valiad, check_fan_speed ok, fan_num = 4\"time=\"2022-08-03 01:05:36\" level=notice pid=3091 msg=\"Miner compile time: Mon Jan 24 16:01:20 CST 2022 type: Antminer L7\"time=\"2022-08-03 01:05:36\" level=info pid=3091 msg=\"godminer Version = 0xB051 1.0.0_release_dirty_master_4c4db04fc8fb8ce1a21da1db2301f261664943c2_Jan 24 2022 16:18:48time=\"2022-08-03 01:05:36\" level=notice pid=3091 msg=\"miner thread with 3 backend runtime created pid 3091\"time=\"2022-08-03 01:05:36\" level=notice pid=3091 msg=\"opt_algo 6, ltc\"time=\"2022-08-03 01:05:41\" level=error pid=3091 msg=\"EEPROM eeprom_key_version or eeprom_encryption_algorithm error! eeprom_key_version:15, eeprom_encryption_algorithmtime=\"2022-08-03 01:05:41\" level=error pid=3091 msg=\"Data decode fail for chain 2.\"time=\"2022-08-03 01:05:44\" level=error pid=3091 msg=\"EEPROM eeprom_key_version or eeprom_encryption_algorithm error! eeprom_key_version:15, eeprom_encryption_algorithmtime=\"2022-08-03 01:05:44\" level=error pid=3091 msg=\"Data decode fail for chain 2.\"time=\"2022-08-03 01:05:46\" level=error pid=3091 msg=\"EEPROM eeprom_key_version or eeprom_encryption_algorithm error! eeprom_key_version:15, eeprom_encryption_algorithmtime=\"2022-08-03 01:05:46\" level=error pid=3091 msg=\"Data decode fail for chain 2.\"time=\"2022-08-03 01:05:47\" level=error pid=3091 msg=\"Data load fail for chain 2.\"time=\"2022-08-03 01:05:47\" level=error pid=3091 msg=\"Chain2 load EEPROM error.\"time=\"2022-08-03 01:05:47\" level=notice pid=3091 msg=\"Error! Chain [2] EEPROM data corrupted\"time=\"2022-08-03 01:05:58\" level=info pid=3321 msg=\"release version\"time=\"2022-08-03 01:05:58\" level=info pid=3321 msg=\"asic mode\"time=\"2022-08-03 01:05:58\" level=notice pid=3321 msg=\"algo ltc fan_control_mode 2\"time=\"2022-08-03 01:05:58\" level=notice pid=3321 msg=platform_inittime=\"2022-08-03 01:05:58\" level=info pid=3321 msg=\"mmap fpga_mem_addr_hal = 0xb5d95000\"time=\"2022-08-03 01:05:58\" level=info pid=3321 msg=\"HARDWARE_VERSION = 0x2000b051\"time=\"2022-08-03 01:05:58\" level=notice pid=3321 msg=\"chain_offset 0, chain 0\"time=\"2022-08-03 01:05:59\" level=notice pid=3321 msg=\"chain_offset 0, chain 0, pic firmware verion = 0xfe\"time=\"2022-08-03 01:05:59\" level=notice pid=3321 msg=\"chain_offset 1, chain 1\"time=\"2022-08-03 01:06:00\" level=notice pid=3321 msg=\"chain_offset 1, chain 1, pic firmware verion = 0xfe\"time=\"2022-08-03 01:06:00\" level=notice pid=3321 msg=\"chain_offset 2, chain 2\"time=\"2022-08-03 01:06:01\" level=notice pid=3321 msg=\"chain_offset 2, chain 2, pic firmware verion = 0xfe\"time=\"2022-08-03 01:06:01\" level=notice pid=3321 msg=\"reset fpga\"time=\"2022-08-03 01:06:01\" level=notice pid=3321 msg=\"Begain check_fan_valiad\"time=\"2022-08-03 01:06:01\" level=notice pid=3321 msg=\"check_fan_valiad, check_fan_speed ok, fan_num = 4\"time=\"2022-08-03 01:06:01\" level=notice pid=3321 msg=\"Miner compile time: Mon Jan 24 16:01:20 CST 2022 type: Antminer L7\"time=\"2022-08-03 01:06:01\" level=info pid=3321 msg=\"godminer Version = 0xB051 1.0.0_release_dirty_master_4c4db04fc8fb8ce1a21da1db2301f261664943c2_Jan 24 2022 16:18:48time=\"2022-08-03 01:06:01\" level=notice pid=3321 msg=\"miner thread with 3 backend runtime created pid 3321\"time=\"2022-08-03 01:06:01\" level=notice pid=3321 msg=\"opt_algo 6, ltc\"time=\"2022-08-03 01:06:07\" level=error pid=3321 msg=\"EEPROM eeprom_key_version or eeprom_encryption_algorithm error! eeprom_key_version:15, eeprom_encryption_algorithmtime=\"2022-08-03 01:06:07\" level=error pid=3321 msg=\"Data decode fail for chain 2.\"time=\"2022-08-03 01:06:09\" level=error pid=3321 msg=\"EEPROM eeprom_key_version or eeprom_encryption_algorithm error! eeprom_key_version:15, eeprom_encryption_algorithmtime=\"2022-08-03 01:06:09\" level=error pid=3321 msg=\"Data decode fail for chain 2.\"time=\"2022-08-03 01:06:11\" level=error pid=3321 msg=\"EEPROM eeprom_key_version or eeprom_encryption_algorithm error! eeprom_key_version:15, eeprom_encryption_algorithmtime=\"2022-08-03 01:06:11\" level=error pid=3321 msg=\"Data decode fail for chain 2.\"time=\"2022-08-03 01:06:12\" level=error pid=3321 msg=\"Data load fail for chain 2.\"time=\"2022-08-03 01:06:12\" level=error pid=3321 msg=\"Chain2 load EEPROM error.\"time=\"2022-08-03 01:06:12\" level=notice pid=3321 msg=\"Error! Chain [2] EEPROM data corrupted\"time=\"2022-08-03 01:06:23\" level=info pid=3551 msg=\"release version\"time=\"2022-08-03 01:06:23\" level=info pid=3551 msg=\"asic mode\"time=\"2022-08-03 01:06:23\" level=notice pid=3551 msg=\"algo ltc fan_control_mode 2\"time=\"2022-08-03 01:06:23\" level=notice pid=3551 msg=platform_inittime=\"2022-08-03 01:06:23\" level=info pid=3551 msg=\"mmap fpga_mem_addr_hal = 0xb5d89000\"time=\"2022-08-03 01:06:23\" level=info pid=3551 msg=\"HARDWARE_VERSION = 0x2000b051\"time=\"2022-08-03 01:06:23\" level=notice pid=3551 msg=\"chain_offset 0, chain 0\"time=\"2022-08-03 01:06:24\" level=notice pid=3551 msg=\"chain_offset 0, chain 0, pic firmware verion = 0xfe\"time=\"2022-08-03 01:06:24\" level=notice pid=3551 msg=\"chain_offset 1, chain 1\"time=\"2022-08-03 01:06:25\" level=notice pid=3551 msg=\"chain_offset 1, chain 1, pic firmware verion = 0xfe\"time=\"2022-08-03 01:06:25\" level=notice pid=3551 msg=\"chain_offset 2, chain 2\"time=\"2022-08-03 01:06:26\" level=notice pid=3551 msg=\"chain_offset 2, chain 2, pic firmware verion = 0xfe\"time=\"2022-08-03 01:06:26\" level=notice pid=3551 msg=\"reset fpga\"time=\"2022-08-03 01:06:26\" level=notice pid=3551 msg=\"Begain check_fan_valiad\"time=\"2022-08-03 01:06:26\" level=notice pid=3551 msg=\"check_fan_valiad, check_fan_speed ok, fan_num = 4\"time=\"2022-08-03 01:06:26\" level=notice pid=3551 msg=\"Miner compile time: Mon Jan 24 16:01:20 CST 2022 type: Antminer L7\"time=\"2022-08-03 01:06:26\" level=info pid=3551 msg=\"godminer Version = 0xB051 1.0.0_release_dirty_master_4c4db04fc8fb8ce1a21da1db2301f261664943c2_Jan 24 2022 16:18:48time=\"2022-08-03 01:06:26\" level=notice pid=3551 msg=\"miner thread with 3 backend runtime created pid 3551\"time=\"2022-08-03 01:06:26\" level=notice pid=3551 msg=\"opt_algo 6, ltc\"time=\"2022-08-03 01:06:32\" level=error pid=3551 msg=\"EEPROM eeprom_key_version or eeprom_encryption_algorithm error! eeprom_key_version:15, eeprom_encryption_algorithmtime=\"2022-08-03 01:06:32\" level=error pid=3551 msg=\"Data decode fail for chain 2.\"time=\"2022-08-03 01:06:34\" level=error pid=3551 msg=\"EEPROM eeprom_key_version or eeprom_encryption_algorithm error! eeprom_key_version:15, eeprom_encryption_algorithmtime=\"2022-08-03 01:06:34\" level=error pid=3551 msg=\"Data decode fail for chain 2.\"time=\"2022-08-03 01:06:36\" level=error pid=3551 msg=\"EEPROM eeprom_key_version or eeprom_encryption_algorithm error! eeprom_key_version:15, eeprom_encryption_algorithmtime=\"2022-08-03 01:06:36\" level=error pid=3551 msg=\"Data decode fail for chain 2.\"time=\"2022-08-03 01:06:37\" level=error pid=3551 msg=\"Data load fail for chain 2.\"time=\"2022-08-03 01:06:37\" level=error pid=3551 msg=\"Chain2 load EEPROM error.\"time=\"2022-08-03 01:06:37\" level=notice pid=3551 msg=&qI would like to know why this error occurs? How to avoid it?",
  "score": 0,
  "upvotes": 0,
  "downvotes": 0,
  "url": "https://bitcointalk.org/index.php?topic=5408551",
  "comments": [
    {
      "author": "Rodemi",
      "created_time": "August 18, 2022, 09:16:32 AM",
      "body": "The problem is solved. It was an EEPROM program problem, I rewrote the EEPROM program using the hash board code editor. It has been running normally for half a month now.",
      "score": 0,
      "upvotes": 0,
      "downvotes": 0
    },
    {
      "author": "mikeywith",
      "created_time": "August 19, 2022, 07:34:15 PM",
      "body": "Quote from: Rodemi on August 18, 2022, 09:16:32 AMThe problem is solved. It was an EEPROM program problem, I rewrote the EEPROM program using the hash board code editor. It has been running normally for half a month now.Gave you merit for reporting back, very well done.So what caused the EEPROM issue? as far as I know you can't edit it without a specific tool like the code editor, the control board itself has noway to write onto it, so what went wrong? did the issue happen after a power cut? firmware flash? or just randomly.?",
      "score": 0,
      "upvotes": 0,
      "downvotes": 0
    },
    {
      "author": "philipma1957",
      "created_time": "August 20, 2022, 04:12:23 PM",
      "body": "yes would love to know how error happened.also a link to the gear you used to reprogram it.",
      "score": 0,
      "upvotes": 0,
      "downvotes": 0
    },
    {
      "author": "MinerMEDIC",
      "created_time": "August 22, 2022, 03:57:37 AM",
      "body": "A memory location can be altered by something as simple and random as a cosmic ray. I’m not even sure why they call them code editors. The only thing we use them for is copying. When you save your EEPROM image make sure to note the board, board version, board subversion e.g. A8V3 and temp sensor. You may get away with using a different subversion But you will never get it be with using the wrong temp sensor.",
      "score": 0,
      "upvotes": 0,
      "downvotes": 0
    }
  ]
}