{
  "id": "topic_5468761",
  "title": "Andartis",
  "author": "Andartis",
  "created_time": "October 01, 2023, 10:45:56 AM",
  "content": "Hi,some of my S17 suddenly only produce deiscarded shares on braiins. I tried different servers, I reflashed, nothing helped. The miners work fine.Is there a bug on the Braiins side? Every other miner runs fine, even the S17e.",
  "score": 0,
  "upvotes": 0,
  "downvotes": 0,
  "url": "https://bitcointalk.org/index.php?topic=5468761",
  "comments": [
    {
      "author": "BitMaxz",
      "created_time": "October 01, 2023, 07:34:09 PM",
      "body": "What do you mean \"produce deiscarded\"?Are you talking about rejected shares? Or are you talking about flashing it to stock firmware but rejected? Because Braiins is not a stock firmware of Bitmain.If you talking about rejected shares can you share your miner's logs here so that we can analyze the issue?The reason might be overheating which causes a high rejection rate.Sometimes high rejected shares is due to high ping or due to other hardware issue.You can try to reduce the power limit on the Braiins dashboard and then update here if it fixes your issue.",
      "score": 0,
      "upvotes": 0,
      "downvotes": 0
    },
    {
      "author": "Andartis",
      "created_time": "October 01, 2023, 09:00:37 PM",
      "body": "Quote from: BitMaxz on October 01, 2023, 07:34:09 PMWhat do you mean \"produce deiscarded\"?Are you talking about rejected shares? Or are you talking about flashing it to stock firmware but rejected? Because Braiins is not a stock firmware of Bitmain.If you talking about rejected shares can you share your miner's logs here so that we can analyze the issue?The reason might be overheating which causes a high rejection rate.Sometimes high rejected shares is due to high ping or due to other hardware issue.You can try to reduce the power limit on the Braiins dashboard and then update here if it fixes your issue. Let me rephrase and add infos, I wrote it not clear enough:I run S17 on stock firmware mining to Braiins pool. For some reason, all the S17 models, but not the S17e, stopped hashing and show 0 hash. All work shows as \"discarded\" in the miner status. The kernel log is fine. I will attach it below. The miner stopped hashing some days ago. Every other model I own works fine. I tried reflashing the firmware and also tried different stratum servers.Some other ppl I talked to had the same problem. Other pools seem to work.Code:Booting Linux on physical CPU 0x0Linux version 4.6.0-xilinx-gff8137b-dirty (lzq@armdev2) (gcc version 4.8.3 20140320 (prerelease) (Sourcery CodeBench Lite 2014.05-23) ) #25 SMP PREEMPT Fri
Nov 23 15:30:52 CST 2018CPU: ARMv7 Processor [413fc090] revision 0 (ARMv7), cr=18c5387dCPU: PIPT / VIPT nonaliasing data cache, VIPT aliasing instruction cacheMachine model: Xilinx Zynqcma: Reserved 16 MiB at 0x0e000000Memory policy: Data cache writeallocOn node 0 totalpages: 61440free_area_init_node: node 0, pgdat c0b39280, node_mem_map cde10000  Normal zone: 480 pages used for memmap  Normal zone: 0 pages reserved  Normal zone: 61440 pages, LIFO batch:15percpu: Embedded 12 pages/cpu @cddf1000 s19776 r8192 d21184 u49152pcpu-alloc: s19776 r8192 d21184 u49152 alloc=12*4096pcpu-alloc: [0] 0 [0] 1 Built 1 zonelists in Zone order, mobility grouping on.  Total pages: 60960Kernel command line: mem=240M console=ttyPS0,115200 ramdisk_size=33554432 root=/dev/ram rw earlyprintkPID hash table entries: 1024 (order: 0, 4096 bytes)Dentry cache hash table entries: 32768 (order: 5, 131072 bytes)Inode-cache hash table entries: 16384 (order: 4, 65536 bytes)Memory: 203608K/245760K available (6345K kernel code, 231K rwdata, 1896K rodata, 1024K init, 223K bss, 25768K reserved, 16384K cma-reserved, 0K highmem)Virtual kernel memory layout:    vector  : 0xffff0000 - 0xffff1000   (   4 kB)    fixmap  : 0xffc00000 - 0xfff00000   (3072 kB)    vmalloc : 0xcf800000 - 0xff800000   ( 768 MB)    lowmem  : 0xc0000000 - 0xcf000000   ( 240 MB)    pkmap   : 0xbfe00000 - 0xc0000000   (   2 MB)    modules : 0xbf000000 - 0xbfe00000   (  14 MB)      .text : 0xc0008000 - 0xc090c424   (9234 kB)      .init : 0xc0a00000 - 0xc0b00000   (1024 kB)      .data : 0xc0b00000 - 0xc0b39fe0   ( 232 kB)       .bss : 0xc0b39fe0 - 0xc0b71c28   ( 224 kB)Preemptible hierarchical RCU implementation. Build-time adjustment of leaf fanout to 32. RCU restricting CPUs from NR_CPUS=4 to nr_cpu_ids=2.RCU: Adjusting geometry for rcu_fanout_leaf=32, nr_cpu_ids=2NR_IRQS:16 nr_irqs:16 16efuse mapped to cf800000ps7-slcr mapped to cf802000L2C: platform modifies aux control register: 0x72360000 -> 0x72760000L2C: DT/platform modifies aux control register: 0x72360000 -> 0x72760000L2C-310 erratum 769419 enabledL2C-310 enabling early BRESP for Cortex-A9L2C-310 full line of zeros enabled for Cortex-A9L2C-310 ID prefetch enabled, offset 1 linesL2C-310 dynamic clock gating enabled, standby mode enabledL2C-310 cache controller enabled, 8 ways, 512 kBL2C-310: CACHE_ID 0x410000c8, AUX_CTRL 0x76760001zynq_clock_init: clkc starts at cf802100Zynq clock initsched_clock: 64 bits at 333MHz, resolution 3ns, wraps every 4398046511103nsclocksource: arm_global_timer: mask: 0xffffffffffffffff max_cycles: 0x4ce07af025, max_idle_ns: 440795209040 nsSwitching to timer-based delay loop, resolution 3nsclocksource: ttc_clocksource: mask: 0xffff max_cycles: 0xffff, max_idle_ns: 537538477 nsps7-ttc #0 at cf80a000, irq=18Console: colour dummy device 80x30Calibrating delay loop (skipped), value calculated using timer frequency.. 666.66 BogoMIPS (lpj=3333333)pid_max: default: 32768 minimum: 301Mount-cache hash table entries: 1024 (order: 0, 4096 bytes)Mountpoint-cache hash table entries: 1024 (order: 0, 4096 bytes)CPU: Testing write buffer coherency: okCPU0: thread -1, cpu 0, socket 0, mpidr 80000000Setting up static identity map for 0x100000 - 0x100058CPU1: failed to boot: -1Brought up 1 CPUsSMP: Total of 1 processors activated (666.66 BogoMIPS).CPU: All CPU(s) started in SVC mode.devtmpfs: initializedVFP support v0.3: implementor 41 architecture 3 part 30 variant 9 rev 4clocksource: jiffies: mask: 0xffffffff max_cycles: 0xffffffff, max_idle_ns: 19112604462750000 nspinctrl core: initialized pinctrl subsystemNET: Registered protocol family 16DMA: preallocated 256 KiB pool for atomic coherent allocationscpuidle: using governor menuhw-breakpoint: found 5 (+1 reserved) breakpoint and 1 watchpoint registers.hw-breakpoint: maximum watchpoint size is 4 bytes.zynq-ocm f800c000.ps7-ocmc: ZYNQ OCM pool: 256 KiB @ 0xcf880000vgaarb: loadedSCSI subsystem initializedusbcore: registered new interface driver usbfsusbcore: registered new interface driver hubusbcore: registered new device driver usbmedia: Linux media interface: v0.10Linux video capture interface: v2.00pps_core: LinuxPPS API ver. 1 registeredpps_core: Software ver. 5.3.6 - Copyright 2005-2007 Rodolfo Giometti <giometti@linux.it>PTP clock support registeredEDAC MC: Ver: 3.0.0Advanced Linux Sound Architecture Driver Initialized.clocksource: Switched to clocksource arm_global_timerNET: Registered protocol family 2TCP established hash table entries: 2048 (order: 1, 8192 bytes)TCP bind hash table entries: 2048 (order: 2, 16384 bytes)TCP: Hash tables configured (established 2048 bind 2048)UDP hash table entries: 256 (order: 1, 8192 bytes)UDP-Lite hash table entries: 256 (order: 1, 8192 bytes)NET: Registered protocol family 1RPC: Registered named UNIX socket transport module.RPC: Registered udp transport module.RPC: Registered tcp transport module.RPC: Registered tcp NFSv4.1 backchannel transport module.PCI: CLS 0 bytes, default 64Trying to unpack rootfs image as initramfs...rootfs image is not initramfs (no cpio magic); looks like an initrdFreeing initrd memory: 12728K (cce93000 - cdb01000)hw perfevents: enabled with armv7_cortex_a9 PMU driver, 7 counters availablefutex hash table entries: 512 (order: 3, 32768 bytes)workingset: timestamp_bits=28 max_order=16 bucket_order=0jffs2: version 2.2. (NAND) (SUMMARY)  © 2001-2006 Red Hat, Inc.io scheduler noop registeredio scheduler deadline registeredio scheduler cfq registered (default)dma-pl330 f8003000.ps7-dma: Loaded driver for PL330 DMAC-241330dma-pl330 f8003000.ps7-dma:  DBUFF-128x8bytes Num_Chans-8 Num_Peri-4 Num_Events-16e0000000.serial: ttyPS0 at MMIO 0xe0000000 (irq = 158, base_baud = 6249999) is a xuartpsconsole [ttyPS0] enabledxdevcfg f8007000.ps7-dev-cfg: ioremap 0xf8007000 to cf86e000[drm] Initialized drm 1.1.0 20060810brd: module loadedloop: module loadedCAN device driver interfacegpiod_set_value: invalid GPIOlibphy: MACB_mii_bus: probedmacb e000b000.ethernet eth0: Cadence GEM rev 0x00020118 at 0xe000b000 irq 31 (00:0a:35:00:00:00)Generic PHY e000b000.etherne:00: attached PHY driver [Generic PHY] (mii_bus:phy_addr=e000b000.etherne:00, irq=-1)e1000e: Intel(R) PRO/1000 Network Driver - 3.2.6-ke1000e: Copyright(c) 1999 - 2015 Intel Corporation.ehci_hcd: USB 2.0 'Enhanced' Host Controller (EHCI) Driverehci-pci: EHCI PCI platform driverusbcore: registered new interface driver usb-storagemousedev: PS/2 mouse device common for all micei2c /dev entries driverXilinx Zynq CpuIdle Driver startedsdhci: Secure Digital Host Controller Interface driversdhci: Copyright(c) Pierre Ossmansdhci-pltfm: SDHCI platform and OF driver helpermmc0: SDHCI controller on e0100000.ps7-sdio [e0100000.ps7-sdio] using ADMAledtrig-cpu: registered to indicate activity on CPUsusbcore: registered new interface driver usbhidusbhid: USB HID core drivernand: device found, Manufacturer ID: 0x2c, Chip ID: 0xdanand: Micron MT29F2G08ABAGAWPnand: 256 MiB, SLC, erase size: 128 KiB, page size: 2048, OOB size: 128nand: WARNING: pl35x-nand: the ECC used on your system is too weak compared to the one required by the NAND chipBad block table found at page 131008, version 0x01Bad block table found at page 130944, version 0x016 ofpart partitions found on MTD device pl35x-nandCreating 6 MTD partitions on \"pl35x-nand\":0x000000000000-0x000002800000 : \"BOOT.bin-env-dts-kernel\"0x000002800000-0x000004800000 : \"ramfs\"0x000004800000-0x000005000000 : \"configs\"0x000005000000-0x000006000000 : \"reserve\"0x000006000000-0x000008000000 : \"ramfs-bak\"0x000008000000-0x000010000000 : \"reserve1\"NET: Registered protocol family 10sit: IPv6 over IPv4 tunneling driverNET: Registered protocol family 17can: controller area network core (rev 20120528 abi 9)NET: Registered protocol family 29can: raw protocol (rev 20120528)can: broadcast manager protocol (rev 20120528 t)can: netlink gateway (rev 20130117) max_hops=1zynq_pm_ioremap: no compatible node found for 'xlnx,zynq-ddrc-a05'zynq_pm_late_init: Unable to map DDRC IO memory.Registering SWP/SWPB emulation handlerhctosys: unable to open rtc device (rtc0)ALSA device list:  No soundcards found.RAMDISK: gzip image found at block 0EXT4-fs (ram0): couldn't mount as ext3 due to feature incompatibilitiesEXT4-fs (ram0): mounted filesystem without journal. Opts: (null)VFS: Mounted root (ext4 filesystem) on device 1:0.devtmpfs: mountedFreeing unused kernel memory: 1024K (c0a00000 - c0b00000)EXT4-fs (ram0): re-mounted. Opts: block_validity,delalloc,barrier,user_xattrrandom: dd urandom read with 0 bits of entropy availableubi0: attaching mtd2ubi0: scanning is finishedubi0: attached mtd2 (name \"configs\", size 8 MiB)ubi0: PEB size: 131072 bytes (128 KiB), LEB size: 126976 bytesubi0: min./max. I/O unit sizes: 2048/2048, sub-page size 2048ubi0: VID header offset: 2048 (aligned 2048), data offset: 4096ubi0: good PEBs: 64, bad PEBs: 0, corrupted PEBs: 0ubi0: user volume: 1, internal volumes: 1, max. volumes count: 128ubi0: max/mean erase counter: 58/24, WL threshold: 4096, image sequence number: 306349061ubi0: available PEBs: 0, total reserved PEBs: 64, PEBs reserved for bad PEB handling: 40ubi0: background thread \"ubi_bgt0d\" started, PID 708UBIFS (ubi0:0): background thread \"ubifs_bgt0_0\" started, PID 711UBIFS (ubi0:0): UBIFS: mounted UBI device 0, volume 0, name \"configs\"UBIFS (ubi0:0): LEB size: 126976 bytes (124 KiB), min./max. I/O unit sizes: 2048 bytes/2048 bytesUBIFS (ubi0:0): FS size: 1396736 bytes (1 MiB, 11 LEBs), journal size 888833 bytes (0 MiB, 5 LEBs)UBIFS (ubi0:0): reserved for root: 65970 bytes (64 KiB)UBIFS (ubi0:0): media format: w4/r0 (latest is w4/r0), UUID 038216C1-D266-46DA-A76E-C04B142933A3, small LPT modelubi1: attaching mtd5ubi1: scanning is finishedubi1: attached mtd5 (name \"reserve1\", size 128 MiB)ubi1: PEB size: 131072 bytes (128 KiB), LEB size: 126976 bytesubi1: min./max. I/O unit sizes: 2048/2048, sub-page size 2048ubi1: VID header offset: 2048 (aligned 2048), data offset: 4096ubi1: good PEBs: 1020, bad PEBs: 4, corrupted PEBs: 0ubi1: user volume: 1, internal volumes: 1, max. volumes count: 128ubi1: max/mean erase counter: 2585/625, WL threshold: 4096, image sequence number: 1751317449ubi1: available PEBs: 0, total reserved PEBs: 1020, PEBs reserved for bad PEB handling: 36ubi1: background thread \"ubi_bgt1d\" started, PID 720UBIFS (ubi1:0): background thread \"ubifs_bgt1_0\" started, PID 723UBIFS (ubi1:0): UBIFS: mounted UBI device 1, volume 0, name \"reserve1\"UBIFS (ubi1:0): LEB size: 126976 bytes (124 KiB), min./max. I/O unit sizes: 2048 bytes/2048 bytesUBIFS (ubi1:0): FS size: 123039744 bytes (117 MiB, 969 LEBs), journal size 6221824 bytes (5 MiB, 49 LEBs)UBIFS (ubi1:0): reserved for root: 4952683 bytes (4836 KiB)UBIFS (ubi1:0): media format: w4/r0 (latest is w4/r0), UUID 51C7124B-A562-4AA0-948B-184BE8DB9030, small LPT modelalloc_contig_range: [e043, e044) PFNs busyIPv6: ADDRCONF(NETDEV_UP): eth0: link is not readyalloc_contig_range: [e043, e044) PFNs busyIPv6: ADDRCONF(NETDEV_UP): eth0: link is not readymacb e000b000.ethernet eth0: unable to generate target frequency: 25000000 Hzmacb e000b000.ethernet eth0: link up (100/Full)IPv6: ADDRCONF(NETDEV_CHANGE): eth0: link becomes readyIn axi fpga driver!request_mem_region OK!AXI fpga dev virtual address is 0xcfb38000*base_vir_addr = 0xab013In fpga mem driver!request_mem_region OK!fpga mem virtual address is 0xd2000000Oct  1 10:19:47 (none) local0.notice bmminer: set_start_time_point total_tv_start_sys=299 total_tv_end_sys=300Oct  1 10:19:49 (none) local0.notice cgminer: cgminer_socket_init reg bitmain_api_detect return: 0Oct  1 10:19:49 (none) local0.notice cgminer: cgminer_socket_init reg bitmain_update_job return: 0Oct  1 10:19:50 (none) local0.notice cgminer: cgminer_socket_init reg bitmain_shutdown return: 0Oct  1 10:19:50 (none) local0.err cgminer: Miner compile time: Mon Apr 27 13:25:08 CST 2020 type: Antminer X17Oct  1 10:19:50 (none) local0.notice cgminer[996]: about to send detectOct  1 10:19:50 (none) local0.notice cgminer[996]: set_start_time_point total_tv_start_sys=302 total_tv_end_sys=303Oct  1 10:19:50 (none) local0.notice cgminer[996]: Probing for an alive poolOct  1 10:19:50 (none) local0.warn cgminer[996]: No Stratum, GBT or Solo support in pool 2  unable to useOct  1 10:19:50 (none) local0.warn cgminer[996]: No Stratum, GBT or Solo support in pool 1  unable to useOct  1 10:19:50 (none) local0.notice cgminer[996]: LOW POWER MODE!Oct  1 10:19:50 (none) local0.notice cgminer[996]: in stratum_sthread Oct  1 10:19:50 (none) local0.notice cgminer[996]: Rejected untracked stratum share from pool 0Oct  1 10:19:52 (none) local0.notice cgminer[996]: Pool 0 difficulty changed to 8192Oct  1 10:19:52 (none) local0.notice cgminer[996]: Network diff set to 57.1TOct  1 10:19:52 (none) local0.notice cgminer[996]: update jobOct  1 10:19:52 (none) local0.notice cgminer[996]: job buf total len:2554, offset:2554Oct  1 10:19:52 (none) local0.notice cgminer[996]: about to send job, size is 2554Oct  1 10:19:52 (none) local0.notice bmminer: bitmain_update_job_cb, rec job data 0xb4000628 size: 2554Oct  1 10:19:52 (none) local0.notice bmminer: parse job buf len:2554Oct  1 10:19:53 (none) local0.notice cgminer[996]: update jobOct  1 10:19:53 (none) local0.notice cgminer[996]: job buf total len:2522, offset:2522Oct  1 10:19:53 (none) local0.notice cgminer[996]: about to send job, size is 2522Oct  1 10:19:53 (none) local0.notice bmminer: bitmain_update_job_cb, rec job data 0xb4000628 size: 2522Oct  1 10:19:53 (none) local0.notice bmminer: parse job buf len:2522Oct  1 10:19:55 (none) local0.notice cgminer[996]: Stratum from pool 0 requested work restartOct  1 10:19:55 (none) local0.notice cgminer[996]: update jobOct  1 10:19:55 (none) local0.notice cgminer[996]: job buf total len:2554, offset:2554Oct  1 10:19:55 (none) local0.notice cgminer[996]: about to send job, size is 2554Oct  1 10:19:55 (none) local0.notice bmminer: bitmain_update_job_cb, rec job data 0xb4000628 size: 2554Oct  1 10:19:55 (none) local0.notice bmminer: parse job buf len:2554Oct  1 10:19:56 (none) local0.warn cgminer[996]: API running in IP access mode on port 4028 (15)Oct  1 10:19:59 (none) local0.notice cgminer[996]: update jobOct  1 10:19:59 (none) local0.notice cgminer[996]: job buf total len:2522, offset:2522Oct  1 10:19:59 (none) local0.notice cgminer[996]: about to send job, size is 2522Oct  1 10:19:59 (none) local0.notice bmminer: bitmain_update_job_cb, rec job data 0xb4000628 size: 2522Oct  1 10:19:59 (none) local0.notice bmminer: parse job buf len:25222023-10-01 10:15:39 driver-btm-api.c:542:init_freq_mode: This is scan-user version2023-10-01 10:15:39 driver-btm-api.c:1877:bitmain_soc_init: opt_multi_version     = 12023-10-01 10:15:39 driver-btm-api.c:1878:bitmain_soc_init: opt_bitmain_ab        = 12023-10-01 10:15:39 driver-btm-api.c:1879:bitmain_soc_init: opt_bitmain_work_mode = 22023-10-01 10:15:39 driver-btm-api.c:1880:bitmain_soc_init: Miner compile time: Mon Apr 27 13:25:08 CST 2020 type: Antminer S172023-10-01 10:15:39 driver-btm-api.c:1881:bitmain_soc_init: commit version: d22f356 2020-04-24 18:30:49, build by: lol 2020-04-27 13:31:452023-10-01 10:15:39 driver-btm-api.c:1691:show_sn: no SN got, please write SN to /nvdata/sn2023-10-01 10:15:39 driver-btm-api.c:1040:miner_device_init: Detect 256MB control board of XILINX2023-10-01 10:15:39 driver-btm-api.c:988:init_fan_parameter: fan_eft : 0  fan_pwm : 02023-10-01 10:15:39 thread.c:783:create_read_nonce_reg_thread: create thread2023-10-01 10:15:45 driver-btm-api.c:972:init_miner_version: miner ID : 8108f5ca791048142023-10-01 10:15:45 driver-btm-api.c:978:init_miner_version: FPGA Version = 0xB0132023-10-01 10:15:47 Cgminer CRC check fail.2023-10-01 10:15:51 Cgminer CRC check fail.2023-10-01 10:15:51 driver-btm-api.c:616:get_product_id: product_id[0] = 02023-10-01 10:15:51 driver-btm-api.c:616:get_product_id: product_id[1] = 02023-10-01 10:15:51 driver-btm-api.c:616:get_product_id: product_id[2] = 02023-10-01 10:15:51 Cgminer crc check is not pass.2023-10-01 10:15:51 Cgminer crc check is not pass.2023-10-01 10:15:51 Project type is X17.2023-10-01 10:15:51 driver-btm-api.c:560:_set_project_type: project:22023-10-01 10:15:51 driver-btm-api.c:585:_set_project_type: Project type: Antminer X172023-10-01 10:15:51 driver-btm-api.c:596:dump_pcb_bom_version: Chain [0] PCB Version: 0x01012023-10-01 10:15:51 driver-btm-api.c:597:dump_pcb_bom_version: Chain [0] BOM Version: 0x01032023-10-01 10:15:51 driver-btm-api.c:596:dump_pcb_bom_version: Chain [1] PCB Version: 0x01012023-10-01 10:15:51 driver-btm-api.c:597:dump_pcb_bom_version: Chain [1] BOM Version: 0x01032023-10-01 10:15:51 driver-btm-api.c:596:dump_pcb_bom_version: Chain [2] PCB Version: 0x01012023-10-01 10:15:51 driver-btm-api.c:597:dump_pcb_bom_version: Chain [2] BOM Version: 0x01032023-10-01 10:15:55 driver-btm-api.c:1802:bitmain_board_init: Fan check passed.2023-10-01 10:15:56 board.c:36:jump_and_app_check_restore_pic: chain[0] PIC jump to app2023-10-01 10:15:58 board.c:40:jump_and_app_check_restore_pic: Check chain[0] PIC fw version=0xb92023-10-01 10:15:59 board.c:36:jump_and_app_check_restore_pic: chain[1] PIC jump to app2023-10-01 10:16:01 board.c:40:jump_and_app_check_restore_pic: Check chain[1] PIC fw version=0xb92023-10-01 10:16:02 board.c:36:jump_and_app_check_restore_pic: chain[2] PIC jump to app2023-10-01 10:16:04 board.c:40:jump_and_app_check_restore_pic: Check chain[2] PIC fw version=0xb92023-10-01 10:16:04 thread.c:778:create_pic_heart_beat_thread: create thread2023-10-01 10:16:04 power_api.c:207:power_init: Power init:2023-10-01 10:16:04 power_api.c:208:power_init: current_voltage_raw = 02023-10-01 10:16:04 power_api.c:209:power_init: highest_voltage_raw = 21002023-10-01 10:16:04 power_api.c:210:power_init: working_voltage_raw = 18302023-10-01 10:16:04 power_api.c:211:power_init: higher_voltage_raw  = 19502023-10-01 10:16:04 driver-btm-api.c:1812:bitmain_board_init: Enter 30s sleep to make sure power release finish.2023-10-01 10:16:04 power_api.c:181:power_off: init gpio9072023-10-01 10:16:36 power_api.c:251:set_to_highest_voltage: Set to voltage raw 2100, one step.2023-10-01 10:16:38 power_api.c:87:check_voltage_multi: retry time: 02023-10-01 10:16:39 power_api.c:37:_get_avg_voltage: chain = 0, voltage = 21.2898342023-10-01 10:16:40 power_api.c:37:_get_avg_voltage: chain = 1, voltage = 21.3694332023-10-01 10:16:41 power_api.c:37:_get_avg_voltage: chain = 2, voltage = 21.3082032023-10-01 10:16:41 power_api.c:50:_get_avg_voltage: average_voltage = 21.3224902023-10-01 10:16:41 power_api.c:68:check_voltage: target_vol = 21.00, actural_vol = 21.32, check voltage passed.2023-10-01 10:16:41 uart.c:71:set_baud: set fpga_baud to 1152002023-10-01 10:16:53 driver-btm-api.c:915:check_asic_number_with_power_on: Chain[0]: find 48 asic, times 02023-10-01 10:17:04 driver-btm-api.c:915:check_asic_number_with_power_on: Chain[1]: find 48 asic, times 02023-10-01 10:17:15 driver-btm-api.c:915:check_asic_number_with_power_on: Chain[2]: find 48 asic, times 02023-10-01 10:17:20 driver-btm-api.c:345:set_order_clock: chain[0]: set order clock, stragegy 32023-10-01 10:17:20 driver-btm-api.c:345:set_order_clock: chain[1]: set order clock, stragegy 32023-10-01 10:17:20 driver-btm-api.c:345:set_order_clock: chain[2]: set order clock, stragegy 32023-10-01 10:17:20 driver-hash-chip.c:502:set_clock_delay_control: core_data = 0x342023-10-01 10:17:20 uart.c:71:set_baud: set fpga_baud to 30000002023-10-01 10:17:20 driver-btm-api.c:1574:check_clock_counter: freq 50 clock_counter_limit 62023-10-01 10:17:22 uart.c:71:set_baud: set fpga_baud to 1152002023-10-01 10:17:22 voltage[0] = 18302023-10-01 10:17:22 voltage[1] = 18302023-10-01 10:17:22 voltage[2] = 18302023-10-01 10:17:22 power_api.c:219:set_working_voltage_raw: working_voltage_raw = 18302023-10-01 10:17:24 temperature.c:281:calibrate_temp_sensor_one_chain: Temperature sensor calibration: chain 0 success.2023-10-01 10:17:25 temperature.c:281:calibrate_temp_sensor_one_chain: Temperature sensor calibration: chain 1 success.2023-10-01 10:17:26 temperature.c:281:calibrate_temp_sensor_one_chain: Temperature sensor calibration: chain 2 success.2023-10-01 10:17:27 uart.c:71:set_baud: set fpga_baud to 60000002023-10-01 10:17:28 driver-btm-api.c:245:check_bringup_temp: Bring up temperature is 312023-10-01 10:17:28 thread.c:798:create_check_miner_status_thread: create thread2023-10-01 10:17:28 thread.c:788:create_set_miner_status_thread: create thread2023-10-01 10:17:28 thread.c:773:create_temperature_monitor_thread: create thread2023-10-01 10:17:28 frequency.c:749:inc_freq_with_fixed_vco: chain = 255, freq = 565, is_higher_voltage = true2023-10-01 10:17:28 power_api.c:287:set_to_voltage_by_steps: Set to voltage raw 2020, step by step.2023-10-01 10:17:47 power_api.c:87:check_voltage_multi: retry time: 02023-10-01 10:17:48 power_api.c:37:_get_avg_voltage: chain = 0, voltage = 20.4693452023-10-01 10:17:49 power_api.c:37:_get_avg_voltage: chain = 1, voltage = 20.5550682023-10-01 10:17:50 power_api.c:37:_get_avg_voltage: chain = 2, voltage = 20.4815922023-10-01 10:17:50 power_api.c:50:_get_avg_voltage: average_voltage = 20.5020022023-10-01 10:17:50 power_api.c:68:check_voltage: target_vol = 20.20, actural_vol = 20.50, check voltage passed.2023-10-01 10:18:20 power_api.c:287:set_to_voltage_by_steps: Set to voltage raw 1880, step by step.2023-10-01 10:18:40 power_api.c:87:check_voltage_multi: retry time: 02023-10-01 10:18:41 power_api.c:37:_get_avg_voltage: chain = 0, voltage = 19.0671682023-10-01 10:18:42 power_api.c:37:_get_avg_voltage: chain = 1, voltage = 19.2202442023-10-01 10:18:43 power_api.c:37:_get_avg_voltage: chain = 2, voltage = 19.0732912023-10-01 10:18:43 power_api.c:50:_get_avg_voltage: average_voltage = 19.1202342023-10-01 10:18:43 power_api.c:68:check_voltage: target_vol = 18.80, actural_vol = 19.12, check voltage passed.2023-10-01 10:18:49 frequency.c:801:inc_freq_with_fixed_step: chain = 1, freq_start = 565, freq_end = 595, freq_step = 5, is_higher_voltage = true2023-10-01 10:18:52 frequency.c:801:inc_freq_with_fixed_step: chain = 2, freq_start = 565, freq_end = 595, freq_step = 5, is_higher_voltage = true2023-10-01 10:18:55 frequency.c:801:inc_freq_with_fixed_step: chain = 1, freq_start = 595, freq_end = 595, freq_step = 5, is_higher_voltage = true2023-10-01 10:18:55 frequency.c:801:inc_freq_with_fixed_step: chain = 2, freq_start = 595, freq_end = 595, freq_step = 5, is_higher_voltage = true2023-10-01 10:18:55 power_api.c:287:set_to_voltage_by_steps: Set to voltage raw 1830, step by step.2023-10-01 10:19:11 power_api.c:87:check_voltage_multi: retry time: 02023-10-01 10:19:12 power_api.c:37:_get_avg_voltage: chain = 0, voltage = 18.5405862023-10-01 10:19:13 power_api.c:37:_get_avg_voltage: chain = 1, voltage = 18.7181542023-10-01 10:19:14 power_api.c:37:_get_avg_voltage: chain = 2, voltage = 18.5467092023-10-01 10:19:14 power_api.c:50:_get_avg_voltage: average_voltage = 18.6018162023-10-01 10:19:14 power_api.c:68:check_voltage: target_vol = 18.30, actural_vol = 18.60, check voltage passed.2023-10-01 10:19:14 frequency.c:618:inc_asic_diff_freq_by_steps: chain = 0, start = 565, freq_step = 52023-10-01 10:19:15 frequency.c:618:inc_asic_diff_freq_by_steps: chain = 1, start = 595, freq_step = 52023-10-01 10:19:18 frequency.c:618:inc_asic_diff_freq_by_steps: chain = 2, start = 595, freq_step = 52023-10-01 10:19:22 driver-btm-api.c:528:set_timeout: freq = 625, percent = 90, hcn = 73728, timeout = 1172023-10-01 10:19:22 power_api.c:269:set_to_working_voltage_by_steps: Set to voltage raw 1830, step by step.2023-10-01 10:19:38 power_api.c:87:check_voltage_multi: retry time: 02023-10-01 10:19:39 power_api.c:37:_get_avg_voltage: chain = 0, voltage = 18.5650782023-10-01 10:19:40 power_api.c:37:_get_avg_voltage: chain = 1, voltage = 18.7059082023-10-01 10:19:41 power_api.c:37:_get_avg_voltage: chain = 2, voltage = 18.5344632023-10-01 10:19:41 power_api.c:50:_get_avg_voltage: average_voltage = 18.6018162023-10-01 10:19:41 power_api.c:68:check_voltage: target_vol = 18.30, actural_vol = 18.60, check voltage passed.2023-10-01 10:19:41 thread.c:793:create_check_system_status_thread: create thread2023-10-01 10:19:41 driver-btm-api.c:1988:bitmain_soc_init: Init done!2023-10-01 10:19:41 driver-btm-api.c:198:set_miner_status: STATUS_INIT2023-10-01 10:19:47 driver-btm-api.c:198:set_miner_status: STATUS_OKAY2023-10-01 10:19:48 frequency.c:216:get_ideal_hash_rate_GH: ideal_hash_rate = 560832023-10-01 10:19:48 frequency.c:236:get_sale_hash_rate_GH: sale_hash_rate = 560002023-10-01 10:19:52 driver-btm-api.c:1199:dhash_chip_send_job: Version num 1",
      "score": 0,
      "upvotes": 0,
      "downvotes": 0
    },
    {
      "author": "BitMaxz",
      "created_time": "October 02, 2023, 12:24:12 PM",
      "body": "If other pools works fine then the issue is the Braiins pool.Have you set up your all s17 in static mode?If not try to set them into static mode and make sure to add Cloudflare or Google DNS.If it's already set up in static mode but it's not hashing try to set them all to DHCP mode.If it still does not work then you don't have other choice but to mine in other pools.",
      "score": 0,
      "upvotes": 0,
      "downvotes": 0
    },
    {
      "author": "Andartis",
      "created_time": "October 02, 2023, 09:26:39 PM",
      "body": "Quote from: BitMaxz on October 02, 2023, 12:24:12 PMIf other pools works fine then the issue is the Braiins pool.Have you set up your all s17 in static mode?If not try to set them into static mode and make sure to add Cloudflare or Google DNS.If it's already set up in static mode but it's not hashing try to set them all to DHCP mode.If it still does not work then you don't have other choice but to mine in other pools.Changing to static did not help.It makes no sense. Why only the S17 pro? Why not S19 or S17e? There must be something wrong. They worked before...",
      "score": 0,
      "upvotes": 0,
      "downvotes": 0
    },
    {
      "author": "BitMaxz",
      "created_time": "October 03, 2023, 09:29:07 AM",
      "body": "Quote from: Andartis on October 02, 2023, 09:26:39 PMChanging to static did not help.It makes no sense. Why only the S17 pro? Why not S19 or S17e? There must be something wrong. They worked before...We do not know, it's Braiins pool, why not ask the support why?You can contact or submit a ticket about your issue on the link below.- https://help.braiins.com/en/support/tickets/newI think Braiins wants/forcing you to use their firmware?Would you mind to try their firmware and boot your S17 units through SD card?The firmware is available here https://braiins.com/os/plus let see if it would work.",
      "score": 0,
      "upvotes": 0,
      "downvotes": 0
    },
    {
      "author": "Andartis",
      "created_time": "October 15, 2023, 06:06:20 PM",
      "body": "Braiins says there is no problem.In the meantime, all S17, also the S17e are not able to mine. They produce only discarded shares.Any other ideas?",
      "score": 0,
      "upvotes": 0,
      "downvotes": 0
    },
    {
      "author": "BitMaxz",
      "created_time": "October 15, 2023, 10:55:27 PM",
      "body": "Quote from: Andartis on October 15, 2023, 06:06:20 PMBraiins says there is no problem.In the meantime, all S17, also the S17e are not able to mine. They produce only discarded shares.Any other ideas?I couldn't think of any other reason why.How about the pool ping? You might have a slow internet connection that leads to share submission delays.Or maybe your current network is infected bitmain has a solution to this you can check the link below or use APtool to scan your network and miners.- https://support.bitmain.com/hc/en-us/articles/360009975634-Viruses-Malware-and-Remote-Attacks-on-ANTMINER-How-to-prevent-and-remove-them-I hope that you can share your miner's status screenshot here to give us some clues.",
      "score": 0,
      "upvotes": 0,
      "downvotes": 0
    },
    {
      "author": "Andartis",
      "created_time": "November 06, 2023, 09:05:47 PM",
      "body": "Quote from: BitMaxz on October 15, 2023, 10:55:27 PMQuote from: Andartis on October 15, 2023, 06:06:20 PMBraiins says there is no problem.In the meantime, all S17, also the S17e are not able to mine. They produce only discarded shares.Any other ideas?I couldn't think of any other reason why.How about the pool ping? You might have a slow internet connection that leads to share submission delays.Or maybe your current network is infected bitmain has a solution to this you can check the link below or use APtool to scan your network and miners.- https://support.bitmain.com/hc/en-us/articles/360009975634-Viruses-Malware-and-Remote-Attacks-on-ANTMINER-How-to-prevent-and-remove-them-I hope that you can share your miner's status screenshot here to give us some clues.The S17+ also stopped working. The strange thing is, that I can not find anything about this anywhere. Does nobody use the stock fw on S17 anymore?",
      "score": 0,
      "upvotes": 0,
      "downvotes": 0
    },
    {
      "author": "mikeywith",
      "created_time": "November 06, 2023, 10:34:16 PM",
      "body": "Ok too much information in this thread which I find hard to follow, it would have been easier if you put all the info (summarised version of your issue) in one post, so tell me if this is correct:You have a few Antminers of different models all running stock firmware and pointed to slush pool aka Braiins Pool, some of these miners are working fine right now, and some are not. If that is correct, then you need to point the non-working miners to a different mining pool to ensure this is isn't a pool related issue, don't just take their words for it, if their logs are not showing any errors and they can't reproduce the error -- they will always tell you (nothing is wrong on our side), this is true for ALL other pools and services, so assuming that there is nothing wrong with their pool is a naive mistake, they could have had an update to their pool software which somehow screwed things up.Different miners use different firmware, and thus it's perfectly normal for miner \"A\" to work fine on pool \"Y\" while miner \"B\" does not, so long story short, point them to a different pool and report your results.",
      "score": 0,
      "upvotes": 0,
      "downvotes": 0
    },
    {
      "author": "Artemis3",
      "created_time": "November 07, 2023, 12:42:43 PM",
      "body": "To a single miner of a single user? Hardly. But then again, this is not the pool section, so whatever. I know who we should not trust, someone that celebrates Bitcoin is spammed again so nobody can transact except pools pushing spam to the blockchain.",
      "score": 0,
      "upvotes": 0,
      "downvotes": 0
    },
    {
      "author": "Andartis",
      "created_time": "November 11, 2023, 12:45:28 PM",
      "body": "Quote from: mikeywith on November 06, 2023, 10:34:16 PMOk too much information in this thread which I find hard to follow, it would have been easier if you put all the info (summarised version of your issue) in one post, so tell me if this is correct:You have a few Antminers of different models all running stock firmware and pointed to slush pool aka Braiins Pool, some of these miners are working fine right now, and some are not. If that is correct, then you need to point the non-working miners to a different mining pool to ensure this is isn't a pool related issue, don't just take their words for it, if their logs are not showing any errors and they can't reproduce the error -- they will always tell you (nothing is wrong on our side), this is true for ALL other pools and services, so assuming that there is nothing wrong with their pool is a naive mistake, they could have had an update to their pool software which somehow screwed things up.Different miners use different firmware, and thus it's perfectly normal for miner \"A\" to work fine on pool \"Y\" while miner \"B\" does not, so long story short, point them to a different pool and report your results.Ok, so here is the complete history:0) I have rebuild some S17pro, S17+ and S17e miners from spare parts and run them for testing reasons to sell them afterwards. I want to sell them with stock FW, most recent versions.1) On the site, S19 and S17 miners mine to Braiins.2) S17 pro models stopped all together one day while all others worked.3) S17e and S17+ stopped working, S19 still hashing well.4) All S17 models drew power and the share cound went up, but they produced 0 hash because all shares were discarded.5) Tried reboot and reset and reflash withot success.6) Tried different servers and braiins /slushpool adresses without success.7) Checked the network, changed DNS, tried a mobile router. No success. Braiins OS worked on Braiins, also with the V1 stratum servers.9) Tried different pools, stopped at Luxor because there the stock FW runs fine.I have no idea what the problem is.",
      "score": 0,
      "upvotes": 0,
      "downvotes": 0
    },
    {
      "author": "mikeywith",
      "created_time": "November 12, 2023, 06:32:58 PM",
      "body": "Quote from: Andartis on November 11, 2023, 12:45:28 PM Braiins OS worked on Braiins, also with the V1 stratum servers.9) Tried different pools, stopped at Luxor because there the stock FW runs fine.I have no idea what the problem is.Most likely the problem is with Braiins pool then, as simple as it looks assuming the above is accurate, to further ensure that the issue is indeed pool related you could try another pool besides Luxor, if it works without an issue then you can be 100% certain that the issue is indeed related to Braiins's pool.I have not encountered this issue with any pool, i.e firmware and pool compatibility issues, only on Nicehash where Asicboost enabled firmware on the S17 needs to be pointed to a certain nicehash URL, also I have tried a few mining proxies and none of them was compatible with all pools, so ya, proxy - pool compatibility is a known issue, firmware - pool not so popular.",
      "score": 0,
      "upvotes": 0,
      "downvotes": 0
    },
    {
      "author": "Artemis3",
      "created_time": "November 19, 2023, 06:54:33 PM",
      "body": "You mean his problem, because the pool still accepts any bitcoin miner perfectly fine, including S17 Pro running stock.Maybe he should open a ticket because here is no pool support...",
      "score": 0,
      "upvotes": 0,
      "downvotes": 0
    }
  ]
}