{
  "id": "topic_5419680",
  "title": "sushsdawg",
  "author": "sushsdawg",
  "created_time": "November 06, 2022, 11:13:39 PMLast edit: November 06, 2022, 11:56:22 PM by sushsdawg",
  "content": "Hi, I have a few S19 Pro 110TH and only 1 stopped hashing.  I've not upgraded the FW or anything.  The room temps are fine, as all the other machines are chugging along ok too.  any idea what it could be, is it the sensor?  I opened it up, and the boards look pretty clean still - not sure what I need to look for next.Code:free_area_init_node: node 0, pgdat c0b3c040, node_mem_map cde10000  Normal zone: 480 pages used for memmap  Normal zone: 0 pages reserved  Normal zone: 61440 pages, LIFO batch:15percpu: Embedded 12 pages/cpu @cddf0000 s19916 r8192 d21044 u49152pcpu-alloc: s19916 r8192 d21044 u49152 alloc=12*4096pcpu-alloc: [0] 0 [0] 1 Built 1 zonelists in Zone order, mobility grouping on.  Total pages: 60960Kernel command line: mem=240M console=ttyPS0,115200 ramdisk_size=33554432 root=/dev/ram rw earlyprintkPID hash table entries: 1024 (order: 0, 4096 bytes)Dentry cache hash table entries: 32768 (order: 5, 131072 bytes)Inode-cache hash table entries: 16384 (order: 4, 65536 bytes)Memory: 209672K/245760K available (6317K kernel code, 243K rwdata, 1932K rodata, 1024K init, 232K bss, 19704K reserved, 16384K cma-reserved, 0K highmem)Virtual kernel memory layout:    vector  : 0xffff0000 - 0xffff1000   (   4 kB)    fixmap  : 0xffc00000 - 0xfff00000   (3072 kB)    vmalloc : 0xcf800000 - 0xff800000   ( 768 MB)    lowmem  : 0xc0000000 - 0xcf000000   ( 240 MB)    pkmap   : 0xbfe00000 - 0xc0000000   (   2 MB)    modules : 0xbf000000 - 0xbfe00000   (  14 MB)      .text : 0xc0008000 - 0xc090e410   (9242 kB)      .init : 0xc0a00000 - 0xc0b00000   (1024 kB)      .data : 0xc0b00000 - 0xc0b3cda0   ( 244 kB)       .bss : 0xc0b3cda0 - 0xc0b77024   ( 233 kB)Preemptible hierarchical RCU implementation. Build-time adjustment of leaf fanout to 32. RCU restricting CPUs from NR_CPUS=4 to nr_cpu_ids=2.RCU: Adjusting geometry for rcu_fanout_leaf=32, nr_cpu_ids=2NR_IRQS:16 nr_irqs:16 16efuse mapped to cf800000ps7-slcr mapped to cf802000L2C: platform modifies aux control register: 0x72360000 -> 0x72760000L2C: DT/platform modifies aux control register: 0x72360000 -> 0x72760000L2C-310 erratum 769419 enabledL2C-310 enabling early BRESP for Cortex-A9L2C-310 full line of zeros enabled for Cortex-A9L2C-310 ID prefetch enabled, offset 1 linesL2C-310 dynamic clock gating enabled, standby mode enabledL2C-310 cache controller enabled, 8 ways, 512 kBL2C-310: CACHE_ID 0x410000c8, AUX_CTRL 0x76760001zynq_clock_init: clkc starts at cf802100Zynq clock initsched_clock: 64 bits at 333MHz, resolution 3ns, wraps every 4398046511103nsclocksource: arm_global_timer: mask: 0xffffffffffffffff max_cycles: 0x4ce07af025, max_idle_ns: 440795209040 nsSwitching to timer-based delay loop, resolution 3nsclocksource: ttc_clocksource: mask: 0xffff max_cycles: 0xffff, max_idle_ns: 537538477 nsps7-ttc #0 at cf80a000, irq=18Console: colour dummy device 80x30Calibrating delay loop (skipped), value calculated using timer frequency.. 666.66 BogoMIPS (lpj=3333333)pid_max: default: 32768 minimum: 301Mount-cache hash table entries: 1024 (order: 0, 4096 bytes)Mountpoint-cache hash table entries: 1024 (order: 0, 4096 bytes)CPU: Testing write buffer coherency: okCPU0: thread -1, cpu 0, socket 0, mpidr 80000000Setting up static identity map for 0x100000 - 0x100058CPU1: failed to boot: -1Brought up 1 CPUsSMP: Total of 1 processors activated (666.66 BogoMIPS).CPU: All CPU(s) started in SVC mode.devtmpfs: initializedVFP support v0.3: implementor 41 architecture 3 part 30 variant 9 rev 4clocksource: jiffies: mask: 0xffffffff max_cycles: 0xffffffff, max_idle_ns: 19112604462750000 nspinctrl core: initialized pinctrl subsystemNET: Registered protocol family 16DMA: preallocated 256 KiB pool for atomic coherent allocationscpuidle: using governor menuhw-breakpoint: found 5 (+1 reserved) breakpoint and 1 watchpoint registers.hw-breakpoint: maximum watchpoint size is 4 bytes.zynq-ocm f800c000.ps7-ocmc: ZYNQ OCM pool: 256 KiB @ 0xcf880000vgaarb: loadedSCSI subsystem initializedusbcore: registered new interface driver usbfsusbcore: registered new interface driver hubusbcore: registered new device driver usbmedia: Linux media interface: v0.10Linux video capture interface: v2.00pps_core: LinuxPPS API ver. 1 registeredpps_core: Software ver. 5.3.6 - Copyright 2005-2007 Rodolfo Giometti <giometti@linux.it>PTP clock support registeredEDAC MC: Ver: 3.0.0Advanced Linux Sound Architecture Driver Initialized.clocksource: Switched to clocksource arm_global_timerNET: Registered protocol family 2TCP established hash table entries: 2048 (order: 1, 8192 bytes)TCP bind hash table entries: 2048 (order: 2, 16384 bytes)TCP: Hash tables configured (established 2048 bind 2048)UDP hash table entries: 256 (order: 1, 8192 bytes)UDP-Lite hash table entries: 256 (order: 1, 8192 bytes)NET: Registered protocol family 1RPC: Registered named UNIX socket transport module.RPC: Registered udp transport module.RPC: Registered tcp transport module.RPC: Registered tcp NFSv4.1 backchannel transport module.PCI: CLS 0 bytes, default 64Trying to unpack rootfs image as initramfs...rootfs image is not initramfs (no cpio magic); looks like an initrdFreeing initrd memory: 6632K (cd480000 - cdafa000)hw perfevents: enabled with armv7_cortex_a9 PMU driver, 7 counters availablefutex hash table entries: 512 (order: 3, 32768 bytes)workingset: timestamp_bits=28 max_order=16 bucket_order=0jffs2: version 2.2. (NAND) (SUMMARY)  © 2001-2006 Red Hat, Inc.io scheduler noop registeredio scheduler deadline registeredio scheduler cfq registered (default)dma-pl330 f8003000.ps7-dma: Loaded driver for PL330 DMAC-241330dma-pl330 f8003000.ps7-dma:  DBUFF-128x8bytes Num_Chans-8 Num_Peri-4 Num_Events-16e0000000.serial: ttyPS0 at MMIO 0xe0000000 (irq = 159, base_baud = 6249999) is a xuartpsconsole [ttyPS0] enabledxdevcfg f8007000.ps7-dev-cfg: ioremap 0xf8007000 to cf86e000[drm] Initialized drm 1.1.0 20060810brd: module loadedloop: module loadedCAN device driver interfacegpiod_set_value: invalid GPIOlibphy: MACB_mii_bus: probedmacb e000b000.ethernet eth0: Cadence GEM rev 0x00020118 at 0xe000b000 irq 31 (00:0a:35:00:00:00)Generic PHY e000b000.etherne:00: attached PHY driver [Generic PHY] (mii_bus:phy_addr=e000b000.etherne:00, irq=-1)e1000e: Intel(R) PRO/1000 Network Driver - 3.2.6-ke1000e: Copyright(c) 1999 - 2015 Intel Corporation.ehci_hcd: USB 2.0 'Enhanced' Host Controller (EHCI) Driverehci-pci: EHCI PCI platform driverusbcore: registered new interface driver usb-storagemousedev: PS/2 mouse device common for all micei2c /dev entries drivercdns-i2c e0005000.ps7_i2c: 100 kHz mmio e0005000 irq 154Xilinx Zynq CpuIdle Driver startedsdhci: Secure Digital Host Controller Interface driversdhci: Copyright(c) Pierre Ossmansdhci-pltfm: SDHCI platform and OF driver helpermmc0: SDHCI controller on e0100000.ps7-sdio [e0100000.ps7-sdio] using ADMAledtrig-cpu: registered to indicate activity on CPUsusbcore: registered new interface driver usbhidusbhid: USB HID core drivernand: disable subpage writenand: device found, Manufacturer ID: 0x2c, Chip ID: 0xdanand: Micron MT29F2G08ABAEAWPnand: 256 MiB, SLC, erase size: 128 KiB, page size: 2048, OOB size: 64nand: NAND_ECC_HWnand: NAND_ECC_HW_SYNDROMEmtd->writesize = 2048ecc->strength = 1ecc->size = 2048mtd->writesize = 2048chip->ecc_strength_ds = 4chip->ecc_step_ds = 512nand: WARNING: pl35x-nand: the ECC used on your system is too weak compared to the one required by the NAND chipBad block table found at page 131008, version 0x01Bad block table found at page 130944, version 0x018 ofpart partitions found on MTD device pl35x-nandCreating 8 MTD partitions on \"pl35x-nand\":0x000000000000-0x000002800000 : \"BOOT.bin-dts-marker-kernel\"0x000002800000-0x000004800000 : \"ramfs\"0x000004800000-0x000005000000 : \"configs\"0x000005000000-0x000005200000 : \"sig\"0x000005200000-0x000006000000 : \"reserve1\"0x000006000000-0x000007000000 : \"upgrade-ramfs\"0x000007000000-0x00000a800000 : \"upgrade-file\"0x00000a800000-0x000010000000 : \"reserve2\"nf_conntrack version 0.5.0 (3635 buckets, 14540 max)ip_tables: (C) 2000-2006 Netfilter Core TeamNET: Registered protocol family 10ip6_tables: (C) 2000-2006 Netfilter Core Teamsit: IPv6 over IPv4 tunneling driverNET: Registered protocol family 17can: controller area network core (rev 20120528 abi 9)NET: Registered protocol family 29can: raw protocol (rev 20120528)can: broadcast manager protocol (rev 20120528 t)can: netlink gateway (rev 20130117) max_hops=1zynq_pm_ioremap: no compatible node found for 'xlnx,zynq-ddrc-a05'zynq_pm_late_init: Unable to map DDRC IO memory.Registering SWP/SWPB emulation handlerhctosys: unable to open rtc device (rtc0)ALSA device list:  No soundcards found.RAMDISK: gzip image found at block 0EXT4-fs (ram0): couldn't mount as ext3 due to feature incompatibilitiesEXT4-fs warning (device ram0): ext4_update_dynamic_rev:746: updating to rev 1 because of new feature flag, running e2fsck is recommendedEXT4-fs (ram0): mounted filesystem without journal. Opts: (null)VFS: Mounted root (ext4 filesystem) on device 1:0.devtmpfs: mountedFreeing unused kernel memory: 1024K (c0a00000 - c0b00000)EXT4-fs (ram0): re-mounted. Opts: block_validity,delalloc,barrier,user_xattr,errors=remount-rodevpts: called with bogus optionsubi0: attaching mtd2ubi0: scanning is finishedubi0: attached mtd2 (name \"configs\", size 8 MiB)ubi0: PEB size: 131072 bytes (128 KiB), LEB size: 126976 bytesubi0: min./max. I/O unit sizes: 2048/2048, sub-page size 2048ubi0: VID header offset: 2048 (aligned 2048), data offset: 4096ubi0: good PEBs: 64, bad PEBs: 0, corrupted PEBs: 0ubi0: user volume: 1, internal volumes: 1, max. volumes count: 128ubi0: max/mean erase counter: 11/4, WL threshold: 4096, image sequence number: 606679770ubi0: available PEBs: 0, total reserved PEBs: 64, PEBs reserved for bad PEB handling: 4ubi0: background thread \"ubi_bgt0d\" started, PID 729UBIFS (ubi0:0): background thread \"ubifs_bgt0_0\" started, PID 733UBIFS (ubi0:0): recovery neededUBIFS (ubi0:0): recovery completedUBIFS (ubi0:0): UBIFS: mounted UBI device 0, volume 0, name \"config_data\"UBIFS (ubi0:0): LEB size: 126976 bytes (124 KiB), min./max. I/O unit sizes: 2048 bytes/2048 bytesUBIFS (ubi0:0): FS size: 5840896 bytes (5 MiB, 46 LEBs), journal size 1015809 bytes (0 MiB, 6 LEBs)UBIFS (ubi0:0): reserved for root: 275879 bytes (269 KiB)UBIFS (ubi0:0): media format: w4/r0 (latest is w4/r0), UUID 40C2E32E-4292-42D3-B3A6-4455C3E2D40A, small LPT modelubi2: attaching mtd4ubi2: scanning is finishedubi2: attached mtd4 (name \"reserve1\", size 14 MiB)ubi2: PEB size: 131072 bytes (128 KiB), LEB size: 126976 bytesubi2: min./max. I/O unit sizes: 2048/2048, sub-page size 2048ubi2: VID header offset: 2048 (aligned 2048), data offset: 4096ubi2: good PEBs: 112, bad PEBs: 0, corrupted PEBs: 0ubi2: user volume: 1, internal volumes: 1, max. volumes count: 128ubi2: max/mean erase counter: 10/5, WL threshold: 4096, image sequence number: 3248766587ubi2: available PEBs: 0, total reserved PEBs: 112, PEBs reserved for bad PEB handling: 4ubi2: background thread \"ubi_bgt2d\" started, PID 740UBIFS (ubi2:0): background thread \"ubifs_bgt2_0\" started, PID 744UBIFS (ubi2:0): recovery neededUBIFS (ubi2:0): recovery completedUBIFS (ubi2:0): UBIFS: mounted UBI device 2, volume 0, name \"misc\"UBIFS (ubi2:0): LEB size: 126976 bytes (124 KiB), min./max. I/O unit sizes: 2048 bytes/2048 bytesUBIFS (ubi2:0): FS size: 11935744 bytes (11 MiB, 94 LEBs), journal size 1015809 bytes (0 MiB, 6 LEBs)UBIFS (ubi2:0): reserved for root: 563754 bytes (550 KiB)UBIFS (ubi2:0): media format: w4/r0 (latest is w4/r0), UUID A9EF88C2-A577-4085-8DC6-BB5676C496A1, small LPT modelIPv6: ADDRCONF(NETDEV_UP): eth0: link is not readyIPv6: ADDRCONF(NETDEV_UP): eth0: link is not readyrandom: avahi-daemon urandom read with 2 bits of entropy availablemacb e000b000.ethernet eth0: unable to generate target frequency: 25000000 Hzmacb e000b000.ethernet eth0: link up (100/Full)IPv6: ADDRCONF(NETDEV_CHANGE): eth0: link becomes readyIn axi fpga driver!request_mem_region OK!AXI fpga dev virtual address is 0xcfbc8000*base_vir_addr = 0xb031In fpga mem driver!request_mem_region OK!fpga mem virtual address is 0xd2000000random: nonblocking pool is initialized===========================================Miner log===========================================1970-01-01 00:00:09 Miner compile time: Fri Dec 11 11:23:44 CST 2020 type: Antminer S19 Pro1970-01-01 00:00:10 This is fix-freq version1970-01-01 00:00:10 Miner compile time: Fri Dec 11 11:23:44 CST 2020 type: Antminer S19 Pro1970-01-01 00:00:10 commit version: 1821c90 2020-11-16 16:05:37, build by: jenkins 2020-12-11 11:35:431970-01-01 00:00:10 opt_multi_version     = 11970-01-01 00:00:10 opt_bitmain_ab        = 11970-01-01 00:00:10 mid_auto_gen          = 01970-01-01 00:00:10 opt_bitmain_work_mode = 01970-01-01 00:00:10 mmap fpga_mem_addr_hal = 0xb57000001970-01-01 00:00:10 HASH_ON_PLUG V9 = 0x71970-01-01 00:00:10 Note: front fan is power on!1970-01-01 00:00:10 Note: rear fan is power on!1970-01-01 00:00:10 start the http log.1970-01-01 00:00:10 httpListenThread start ret=01970-01-01 00:00:10 start listen on 6060 ...1970-01-01 00:00:10 load machine NBP1901 conf1970-01-01 00:00:10 machine : NBP1901 1970-01-01 00:00:10 chain_num 4, chain_domain_num 38, chain_asic_num 114, domain_asic_num 31970-01-01 00:00:17 miner ID : 800aed042b10481c1970-01-01 00:00:17 FPGA Version = 0xB0311970-01-01 00:00:17 HASH_ON_PLUG V9 = 0x71970-01-01 00:00:17 ==========================capability start==========================1970-01-01 00:00:17 board num = 31970-01-01 00:00:17 board id = 0, chain num = 11970-01-01 00:00:17  chain id = 01970-01-01 00:00:17 board id = 1, chain num = 11970-01-01 00:00:17  chain id = 11970-01-01 00:00:17 board id = 2, chain num = 11970-01-01 00:00:17  chain id = 21970-01-01 00:00:17 ==========================capability end============================1970-01-01 00:00:17 chain num = 31970-01-01 00:00:18 [chain 0]1970-01-01 00:00:18 0x0000 11 42 FF CA A5 4F 2C 89   40 E0 CA F5 37 39 99 CC 1970-01-01 00:00:18 0x0010 9E AA 96 50 4C 78 B3 1B   EF AF 0A A9 F2 2C 76 EA 1970-01-01 00:00:18 0x0020 08 6E 3D 85 D7 E9 30 18   F9 DC 0D 3A 49 31 07 96 1970-01-01 00:00:18 0x0030 E0 B0 87 AF D8 A1 6E C1   94 2D 6F 95 D7 8E 1F D5 1970-01-01 00:00:18 0x0040 A1 3F FF FF FF FF FF FF   FF FF FF FF FF FF FF FF 1970-01-01 00:00:18 0x0050 FF FF FF FF FF FF FF FF   FF FF FF FF FF FF FF FF 1970-01-01 00:00:18 0x0060 FF FF FF FF FF FF FF FF   FF FF FF FF FF FF FF FF 1970-01-01 00:00:18 0x0070 FF FF FF FF FF FF FF FF   FF FF FF FF FF FF FF FF 1970-01-01 00:00:18 0x0080 FF FF FF FF FF FF FF FF   FF FF FF FF FF FF FF FF 1970-01-01 00:00:18 0x0090 FF FF FF FF FF FF FF FF   FF FF FF FF FF FF FF FF 1970-01-01 00:00:18 0x00A0 FF FF FF FF FF FF FF FF   FF FF FF FF FF FF FF FF 1970-01-01 00:00:18 0x00B0 FF FF FF FF FF FF FF FF   FF FF FF FF FF FF FF FF 1970-01-01 00:00:18 0x00C0 FF FF FF FF FF FF FF FF   FF FF FF FF FF FF FF FF 1970-01-01 00:00:18 0x00D0 FF FF FF FF FF FF FF FF   FF FF FF FF FF FF FF FF 1970-01-01 00:00:18 0x00E0 FF FF FF FF FF FF FF FF   FF FF FF FF FF FF FF FF 1970-01-01 00:00:18 0x00F0 FF FF FF FF FF FF FF FF   FF FF FF FF FF FF FF 5A 1970-01-01 00:00:18 1970-01-01 00:00:20 [chain 1]1970-01-01 00:00:20 0x0000 11 42 84 E6 07 D3 6D B7   45 BE D3 05 4F 26 99 A6 1970-01-01 00:00:20 0x0010 95 99 40 22 CD CD B4 58   5E 7B 33 FE 4C 06 CD 92 1970-01-01 00:00:20 0x0020 E1 EA B3 D4 BE 5E 05 B9   54 E6 E6 7C B0 A4 F5 13 1970-01-01 00:00:20 0x0030 29 1D FC 20 06 55 C9 CB   D9 B3 1A 7C C3 C0 C0 C8 1970-01-01 00:00:20 0x0040 54 39 FF FF FF FF FF FF   FF FF FF FF FF FF FF FF 1970-01-01 00:00:20 0x0050 FF FF FF FF FF FF FF FF   FF FF FF FF FF FF FF FF 1970-01-01 00:00:20 0x0060 FF FF FF FF FF FF FF FF   FF FF FF FF FF FF FF FF 1970-01-01 00:00:20 0x0070 FF FF FF FF FF FF FF FF   FF FF FF FF FF FF FF FF 1970-01-01 00:00:20 0x0080 FF FF FF FF FF FF FF FF   FF FF FF FF FF FF FF FF 1970-01-01 00:00:20 0x0090 FF FF FF FF FF FF FF FF   FF FF FF FF FF FF FF FF 1970-01-01 00:00:20 0x00A0 FF FF FF FF FF FF FF FF   FF FF FF FF FF FF FF FF 1970-01-01 00:00:20 0x00B0 FF FF FF FF FF FF FF FF   FF FF FF FF FF FF FF FF 1970-01-01 00:00:20 0x00C0 FF FF FF FF FF FF FF FF   FF FF FF FF FF FF FF FF 1970-01-01 00:00:20 0x00D0 FF FF FF FF FF FF FF FF   FF FF FF FF FF FF FF FF 1970-01-01 00:00:20 0x00E0 FF FF FF FF FF FF FF FF   FF FF FF FF FF FF FF FF 1970-01-01 00:00:20 0x00F0 FF FF FF FF FF FF FF FF   FF FF FF FF FF FF FF 5A 1970-01-01 00:00:20 2022-11-06 23:48:27 [chain 2]2022-11-06 23:48:27 0x0000 11 42 12 DD 03 A1 CA F5   9C F2 CE 05 71 7F C0 51 2022-11-06 23:48:27 0x0010 90 4B 11 FE 63 76 EE 46   B1 23 12 C5 79 9D AD 80 2022-11-06 23:48:27 0x0020 66 07 A9 2F 59 A2 86 6F   C0 E2 E9 8B 42 82 74 C0 2022-11-06 23:48:27 0x0030 72 6D 6C 15 02 FA F6 CD   87 29 2D 3C ED 3B 01 32 2022-11-06 23:48:27 0x0040 FA B8 FF FF FF FF FF FF   FF FF FF FF FF FF FF FF 2022-11-06 23:48:27 0x0050 FF FF FF FF FF FF FF FF   FF FF FF FF FF FF FF FF 2022-11-06 23:48:27 0x0060 FF FF FF FF FF FF FF FF   FF FF FF FF FF FF FF FF 2022-11-06 23:48:27 0x0070 FF FF FF FF FF FF FF FF   FF FF FF FF FF FF FF FF 2022-11-06 23:48:27 0x0080 FF FF FF FF FF FF FF FF   FF FF FF FF FF FF FF FF 2022-11-06 23:48:27 0x0090 FF FF FF FF FF FF FF FF   FF FF FF FF FF FF FF FF 2022-11-06 23:48:27 0x00A0 FF FF FF FF FF FF FF FF   FF FF FF FF FF FF FF FF 2022-11-06 23:48:27 0x00B0 FF FF FF FF FF FF FF FF   FF FF FF FF FF FF FF FF 2022-11-06 23:48:27 0x00C0 FF FF FF FF FF FF FF FF   FF FF FF FF FF FF FF FF 2022-11-06 23:48:27 0x00D0 FF FF FF FF FF FF FF FF   FF FF FF FF FF FF FF FF 2022-11-06 23:48:27 0x00E0 FF FF FF FF FF FF FF FF   FF FF FF FF FF FF FF FF 2022-11-06 23:48:27 0x00F0 FF FF FF FF FF FF FF FF   FF FF FF FF FF FF FF 5A 2022-11-06 23:48:27 2022-11-06 23:48:27 fan_eft : 1  fan_pwm : 1002022-11-06 23:48:27 create thread2022-11-06 23:48:27 fixed working voltage = 12602022-11-06 23:48:27 Chain [0] PCB Version: 0x01002022-11-06 23:48:27 Chain [0] BOM Version: 0x01002022-11-06 23:48:27 Chain [1] PCB Version: 0x01002022-11-06 23:48:27 Chain [1] BOM Version: 0x01002022-11-06 23:48:27 Chain [2] PCB Version: 0x01002022-11-06 23:48:27 Chain [2] BOM Version: 0x01002022-11-06 23:48:31 Fan check passed.2022-11-06 23:48:32 chain[0] PIC jump to app2022-11-06 23:48:33 Check chain[0] PIC fw version=0x892022-11-06 23:48:34 chain[1] PIC jump to app2022-11-06 23:48:36 Check chain[1] PIC fw version=0x892022-11-06 23:48:37 chain[2] PIC jump to app2022-11-06 23:48:38 Check chain[2] PIC fw version=0x892022-11-06 23:48:39 create thread2022-11-06 23:48:39 max sensor num = 42022-11-06 23:48:39 temperature_monitor_thread start...2022-11-06 23:48:43 power type version: 0x00712022-11-06 23:48:43 Enter sleep to make sure power release finish.2022-11-06 23:51:44 Slept 180 seconds, diff = 31.2022-11-06 23:51:44 set_voltage_by_steps to 1500.2022-11-06 23:51:49 start up min temp by 75a = 02022-11-06 23:51:49 set UART baud to 1152002022-11-06 23:51:57 Chain[0]: find 114 asic, times 02022-11-06 23:51:59 chain avg vol rise to 15.342022-11-06 23:52:05 Chain[1]: find 114 asic, times 02022-11-06 23:52:12 Chain[2]: find 114 asic, times 02022-11-06 23:52:12 pulse_mode = 1, ccdly_sel = 1, pwth_sel = 12022-11-06 23:52:17 min freq in eeprom = 5252022-11-06 23:52:17 fixed frequency is 5252022-11-06 23:52:17 Bring up temperature is 02022-11-06 23:52:17 set UART baud to 120000002022-11-06 23:52:17 set_voltage_by_steps to 1310.2022-11-06 23:52:25 STATUS_INITED: soc init done!2022-11-06 23:52:25 create thread2022-11-06 23:52:25 create thread2022-11-06 23:52:26 fan_etf: Set fixed fan speed=1002022-11-06 23:52:27 start to init...2022-11-06 23:52:35 Init done!2022-11-06 23:52:35 STATUS_OKAY2022-11-06 23:52:35 start the cached job2022-11-06 23:52:35 Version num 82022-11-06 23:52:35 Mask num 0xe0002022-11-06 23:52:35 freq = 525, percent = 90, hcn = 12480, timeout = 4492022-11-06 23:52:35 set_start_time_point total_tv_start_sys=271 total_tv_end_sys=2722022-11-06 23:52:35 set_voltage_by_steps to 1335.",
  "score": 0,
  "upvotes": 0,
  "downvotes": 0,
  "url": "https://bitcointalk.org/index.php?topic=5419680",
  "comments": [
    {
      "author": "BitMaxz",
      "created_time": "November 06, 2022, 11:53:56 PM",
      "body": "I could't see which hashboard detect over temp would you mind to try to run the miner with one hashboard? I mean test them one by one disconnect the two hashboard power and data cable and test again to find what hashboard is broken. Also, try to hard reset the unit by holding the IP report button for 5 seconds or more then release then test it again and check for changes.",
      "score": 0,
      "upvotes": 0,
      "downvotes": 0
    },
    {
      "author": "sushsdawg",
      "created_time": "November 07, 2022, 12:36:22 AM",
      "body": "Quote from: BitMaxz on November 06, 2022, 11:53:56 PMI could't see which hashboard detect over temp would you mind to try to run the miner with one hashboard? I mean test them one by one disconnect the two hashboard power and data cable and test again to find what hashboard is broken. Also, try to hard reset the unit by holding the IP report button for 5 seconds or more then release then test it again and check for changes. This is interesting. So I got the middle board identified as the error.  the log is below.I did do a hard reset this morning, and was still having the issue.  I did it again after identifying the board and now now it works.Error log with just the middle board running:Code:On node 0 totalpages: 61440free_area_init_node: node 0, pgdat c0b3c040, node_mem_map cde10000  Normal zone: 480 pages used for memmap  Normal zone: 0 pages reserved  Normal zone: 61440 pages, LIFO batch:15percpu: Embedded 12 pages/cpu @cddf0000 s19916 r8192 d21044 u49152pcpu-alloc: s19916 r8192 d21044 u49152 alloc=12*4096pcpu-alloc: [0] 0 [0] 1 Built 1 zonelists in Zone order, mobility grouping on.  Total pages: 60960Kernel command line: mem=240M console=ttyPS0,115200 ramdisk_size=33554432 root=/dev/ram rw earlyprintkPID hash table entries: 1024 (order: 0, 4096 bytes)Dentry cache hash table entries: 32768 (order: 5, 131072 bytes)Inode-cache hash table entries: 16384 (order: 4, 65536 bytes)Memory: 209672K/245760K available (6317K kernel code, 243K rwdata, 1932K rodata, 1024K init, 232K bss, 19704K reserved, 16384K cma-reserved, 0K highmem)Virtual kernel memory layout:    vector  : 0xffff0000 - 0xffff1000   (   4 kB)    fixmap  : 0xffc00000 - 0xfff00000   (3072 kB)    vmalloc : 0xcf800000 - 0xff800000   ( 768 MB)    lowmem  : 0xc0000000 - 0xcf000000   ( 240 MB)    pkmap   : 0xbfe00000 - 0xc0000000   (   2 MB)    modules : 0xbf000000 - 0xbfe00000   (  14 MB)      .text : 0xc0008000 - 0xc090e410   (9242 kB)      .init : 0xc0a00000 - 0xc0b00000   (1024 kB)      .data : 0xc0b00000 - 0xc0b3cda0   ( 244 kB)       .bss : 0xc0b3cda0 - 0xc0b77024   ( 233 kB)Preemptible hierarchical RCU implementation. Build-time adjustment of leaf fanout to 32. RCU restricting CPUs from NR_CPUS=4 to nr_cpu_ids=2.RCU: Adjusting geometry for rcu_fanout_leaf=32, nr_cpu_ids=2NR_IRQS:16 nr_irqs:16 16efuse mapped to cf800000ps7-slcr mapped to cf802000L2C: platform modifies aux control register: 0x72360000 -> 0x72760000L2C: DT/platform modifies aux control register: 0x72360000 -> 0x72760000L2C-310 erratum 769419 enabledL2C-310 enabling early BRESP for Cortex-A9L2C-310 full line of zeros enabled for Cortex-A9L2C-310 ID prefetch enabled, offset 1 linesL2C-310 dynamic clock gating enabled, standby mode enabledL2C-310 cache controller enabled, 8 ways, 512 kBL2C-310: CACHE_ID 0x410000c8, AUX_CTRL 0x76760001zynq_clock_init: clkc starts at cf802100Zynq clock initsched_clock: 64 bits at 333MHz, resolution 3ns, wraps every 4398046511103nsclocksource: arm_global_timer: mask: 0xffffffffffffffff max_cycles: 0x4ce07af025, max_idle_ns: 440795209040 nsSwitching to timer-based delay loop, resolution 3nsclocksource: ttc_clocksource: mask: 0xffff max_cycles: 0xffff, max_idle_ns: 537538477 nsps7-ttc #0 at cf80a000, irq=18Console: colour dummy device 80x30Calibrating delay loop (skipped), value calculated using timer frequency.. 666.66 BogoMIPS (lpj=3333333)pid_max: default: 32768 minimum: 301Mount-cache hash table entries: 1024 (order: 0, 4096 bytes)Mountpoint-cache hash table entries: 1024 (order: 0, 4096 bytes)CPU: Testing write buffer coherency: okCPU0: thread -1, cpu 0, socket 0, mpidr 80000000Setting up static identity map for 0x100000 - 0x100058CPU1: failed to boot: -1Brought up 1 CPUsSMP: Total of 1 processors activated (666.66 BogoMIPS).CPU: All CPU(s) started in SVC mode.devtmpfs: initializedVFP support v0.3: implementor 41 architecture 3 part 30 variant 9 rev 4clocksource: jiffies: mask: 0xffffffff max_cycles: 0xffffffff, max_idle_ns: 19112604462750000 nspinctrl core: initialized pinctrl subsystemNET: Registered protocol family 16DMA: preallocated 256 KiB pool for atomic coherent allocationscpuidle: using governor menuhw-breakpoint: found 5 (+1 reserved) breakpoint and 1 watchpoint registers.hw-breakpoint: maximum watchpoint size is 4 bytes.zynq-ocm f800c000.ps7-ocmc: ZYNQ OCM pool: 256 KiB @ 0xcf880000vgaarb: loadedSCSI subsystem initializedusbcore: registered new interface driver usbfsusbcore: registered new interface driver hubusbcore: registered new device driver usbmedia: Linux media interface: v0.10Linux video capture interface: v2.00pps_core: LinuxPPS API ver. 1 registeredpps_core: Software ver. 5.3.6 - Copyright 2005-2007 Rodolfo Giometti <giometti@linux.it>PTP clock support registeredEDAC MC: Ver: 3.0.0Advanced Linux Sound Architecture Driver Initialized.clocksource: Switched to clocksource arm_global_timerNET: Registered protocol family 2TCP established hash table entries: 2048 (order: 1, 8192 bytes)TCP bind hash table entries: 2048 (order: 2, 16384 bytes)TCP: Hash tables configured (established 2048 bind 2048)UDP hash table entries: 256 (order: 1, 8192 bytes)UDP-Lite hash table entries: 256 (order: 1, 8192 bytes)NET: Registered protocol family 1RPC: Registered named UNIX socket transport module.RPC: Registered udp transport module.RPC: Registered tcp transport module.RPC: Registered tcp NFSv4.1 backchannel transport module.PCI: CLS 0 bytes, default 64Trying to unpack rootfs image as initramfs...rootfs image is not initramfs (no cpio magic); looks like an initrdFreeing initrd memory: 6632K (cd480000 - cdafa000)hw perfevents: enabled with armv7_cortex_a9 PMU driver, 7 counters availablefutex hash table entries: 512 (order: 3, 32768 bytes)workingset: timestamp_bits=28 max_order=16 bucket_order=0jffs2: version 2.2. (NAND) (SUMMARY)  © 2001-2006 Red Hat, Inc.io scheduler noop registeredio scheduler deadline registeredio scheduler cfq registered (default)dma-pl330 f8003000.ps7-dma: Loaded driver for PL330 DMAC-241330dma-pl330 f8003000.ps7-dma:  DBUFF-128x8bytes Num_Chans-8 Num_Peri-4 Num_Events-16e0000000.serial: ttyPS0 at MMIO 0xe0000000 (irq = 159, base_baud = 6249999) is a xuartpsconsole [ttyPS0] enabledxdevcfg f8007000.ps7-dev-cfg: ioremap 0xf8007000 to cf86e000[drm] Initialized drm 1.1.0 20060810brd: module loadedloop: module loadedCAN device driver interfacegpiod_set_value: invalid GPIOlibphy: MACB_mii_bus: probedmacb e000b000.ethernet eth0: Cadence GEM rev 0x00020118 at 0xe000b000 irq 31 (00:0a:35:00:00:00)Generic PHY e000b000.etherne:00: attached PHY driver [Generic PHY] (mii_bus:phy_addr=e000b000.etherne:00, irq=-1)e1000e: Intel(R) PRO/1000 Network Driver - 3.2.6-ke1000e: Copyright(c) 1999 - 2015 Intel Corporation.ehci_hcd: USB 2.0 'Enhanced' Host Controller (EHCI) Driverehci-pci: EHCI PCI platform driverusbcore: registered new interface driver usb-storagemousedev: PS/2 mouse device common for all micei2c /dev entries drivercdns-i2c e0005000.ps7_i2c: 100 kHz mmio e0005000 irq 154Xilinx Zynq CpuIdle Driver startedsdhci: Secure Digital Host Controller Interface driversdhci: Copyright(c) Pierre Ossmansdhci-pltfm: SDHCI platform and OF driver helpermmc0: SDHCI controller on e0100000.ps7-sdio [e0100000.ps7-sdio] using ADMAledtrig-cpu: registered to indicate activity on CPUsusbcore: registered new interface driver usbhidusbhid: USB HID core drivernand: disable subpage writenand: device found, Manufacturer ID: 0x2c, Chip ID: 0xdanand: Micron MT29F2G08ABAEAWPnand: 256 MiB, SLC, erase size: 128 KiB, page size: 2048, OOB size: 64nand: NAND_ECC_HWnand: NAND_ECC_HW_SYNDROMEmtd->writesize = 2048ecc->strength = 1ecc->size = 2048mtd->writesize = 2048chip->ecc_strength_ds = 4chip->ecc_step_ds = 512nand: WARNING: pl35x-nand: the ECC used on your system is too weak compared to the one required by the NAND chipBad block table found at page 131008, version 0x01Bad block table found at page 130944, version 0x018 ofpart partitions found on MTD device pl35x-nandCreating 8 MTD partitions on \"pl35x-nand\":0x000000000000-0x000002800000 : \"BOOT.bin-dts-marker-kernel\"0x000002800000-0x000004800000 : \"ramfs\"0x000004800000-0x000005000000 : \"configs\"0x000005000000-0x000005200000 : \"sig\"0x000005200000-0x000006000000 : \"reserve1\"0x000006000000-0x000007000000 : \"upgrade-ramfs\"0x000007000000-0x00000a800000 : \"upgrade-file\"0x00000a800000-0x000010000000 : \"reserve2\"nf_conntrack version 0.5.0 (3635 buckets, 14540 max)ip_tables: (C) 2000-2006 Netfilter Core TeamNET: Registered protocol family 10ip6_tables: (C) 2000-2006 Netfilter Core Teamsit: IPv6 over IPv4 tunneling driverNET: Registered protocol family 17can: controller area network core (rev 20120528 abi 9)NET: Registered protocol family 29can: raw protocol (rev 20120528)can: broadcast manager protocol (rev 20120528 t)can: netlink gateway (rev 20130117) max_hops=1zynq_pm_ioremap: no compatible node found for 'xlnx,zynq-ddrc-a05'zynq_pm_late_init: Unable to map DDRC IO memory.Registering SWP/SWPB emulation handlerhctosys: unable to open rtc device (rtc0)ALSA device list:  No soundcards found.RAMDISK: gzip image found at block 0EXT4-fs (ram0): couldn't mount as ext3 due to feature incompatibilitiesEXT4-fs warning (device ram0): ext4_update_dynamic_rev:746: updating to rev 1 because of new feature flag, running e2fsck is recommendedEXT4-fs (ram0): mounted filesystem without journal. Opts: (null)VFS: Mounted root (ext4 filesystem) on device 1:0.devtmpfs: mountedFreeing unused kernel memory: 1024K (c0a00000 - c0b00000)EXT4-fs (ram0): re-mounted. Opts: block_validity,delalloc,barrier,user_xattr,errors=remount-rodevpts: called with bogus optionsubi0: attaching mtd2ubi0: scanning is finishedubi0: attached mtd2 (name \"configs\", size 8 MiB)ubi0: PEB size: 131072 bytes (128 KiB), LEB size: 126976 bytesubi0: min./max. I/O unit sizes: 2048/2048, sub-page size 2048ubi0: VID header offset: 2048 (aligned 2048), data offset: 4096ubi0: good PEBs: 64, bad PEBs: 0, corrupted PEBs: 0ubi0: user volume: 1, internal volumes: 1, max. volumes count: 128ubi0: max/mean erase counter: 12/4, WL threshold: 4096, image sequence number: 606679770ubi0: available PEBs: 0, total reserved PEBs: 64, PEBs reserved for bad PEB handling: 4ubi0: background thread \"ubi_bgt0d\" started, PID 729UBIFS (ubi0:0): background thread \"ubifs_bgt0_0\" started, PID 733UBIFS (ubi0:0): recovery neededUBIFS (ubi0:0): recovery completedUBIFS (ubi0:0): UBIFS: mounted UBI device 0, volume 0, name \"config_data\"UBIFS (ubi0:0): LEB size: 126976 bytes (124 KiB), min./max. I/O unit sizes: 2048 bytes/2048 bytesUBIFS (ubi0:0): FS size: 5840896 bytes (5 MiB, 46 LEBs), journal size 1015809 bytes (0 MiB, 6 LEBs)UBIFS (ubi0:0): reserved for root: 275879 bytes (269 KiB)UBIFS (ubi0:0): media format: w4/r0 (latest is w4/r0), UUID 40C2E32E-4292-42D3-B3A6-4455C3E2D40A, small LPT modelubi2: attaching mtd4ubi2: scanning is finishedubi2: attached mtd4 (name \"reserve1\", size 14 MiB)ubi2: PEB size: 131072 bytes (128 KiB), LEB size: 126976 bytesubi2: min./max. I/O unit sizes: 2048/2048, sub-page size 2048ubi2: VID header offset: 2048 (aligned 2048), data offset: 4096ubi2: good PEBs: 112, bad PEBs: 0, corrupted PEBs: 0ubi2: user volume: 1, internal volumes: 1, max. volumes count: 128ubi2: max/mean erase counter: 11/5, WL threshold: 4096, image sequence number: 3248766587ubi2: available PEBs: 0, total reserved PEBs: 112, PEBs reserved for bad PEB handling: 4ubi2: background thread \"ubi_bgt2d\" started, PID 740UBIFS (ubi2:0): background thread \"ubifs_bgt2_0\" started, PID 744UBIFS (ubi2:0): recovery neededUBIFS (ubi2:0): recovery completedUBIFS (ubi2:0): UBIFS: mounted UBI device 2, volume 0, name \"misc\"UBIFS (ubi2:0): LEB size: 126976 bytes (124 KiB), min./max. I/O unit sizes: 2048 bytes/2048 bytesUBIFS (ubi2:0): FS size: 11935744 bytes (11 MiB, 94 LEBs), journal size 1015809 bytes (0 MiB, 6 LEBs)UBIFS (ubi2:0): reserved for root: 563754 bytes (550 KiB)UBIFS (ubi2:0): media format: w4/r0 (latest is w4/r0), UUID A9EF88C2-A577-4085-8DC6-BB5676C496A1, small LPT modelIPv6: ADDRCONF(NETDEV_UP): eth0: link is not readyIPv6: ADDRCONF(NETDEV_UP): eth0: link is not readyrandom: avahi-daemon urandom read with 2 bits of entropy availablemacb e000b000.ethernet eth0: unable to generate target frequency: 25000000 Hzmacb e000b000.ethernet eth0: link up (100/Full)IPv6: ADDRCONF(NETDEV_CHANGE): eth0: link becomes readyIn axi fpga driver!request_mem_region OK!AXI fpga dev virtual address is 0xcfbc8000*base_vir_addr = 0xb031In fpga mem driver!request_mem_region OK!fpga mem virtual address is 0xd2000000===========================================Miner log===========================================1970-01-01 00:00:09 Miner compile time: Fri Dec 11 11:23:44 CST 2020 type: Antminer S19 Pro1970-01-01 00:00:10 This is fix-freq version1970-01-01 00:00:10 Miner compile time: Fri Dec 11 11:23:44 CST 2020 type: Antminer S19 Pro1970-01-01 00:00:10 commit version: 1821c90 2020-11-16 16:05:37, build by: jenkins 2020-12-11 11:35:431970-01-01 00:00:10 opt_multi_version     = 11970-01-01 00:00:10 opt_bitmain_ab        = 11970-01-01 00:00:10 mid_auto_gen          = 01970-01-01 00:00:10 opt_bitmain_work_mode = 01970-01-01 00:00:10 mmap fpga_mem_addr_hal = 0xb57000001970-01-01 00:00:10 HASH_ON_PLUG V9 = 0x41970-01-01 00:00:10 Note: front fan is power on!1970-01-01 00:00:10 Note: rear fan is power on!1970-01-01 00:00:10 start the http log.1970-01-01 00:00:10 httpListenThread start ret=01970-01-01 00:00:10 start listen on 6060 ...1970-01-01 00:00:10 load machine NBP1901 conf1970-01-01 00:00:10 machine : NBP1901 1970-01-01 00:00:10 chain_num 4, chain_domain_num 38, chain_asic_num 114, domain_asic_num 31970-01-01 00:00:16 miner ID : 800aed042b10481c1970-01-01 00:00:16 FPGA Version = 0xB0311970-01-01 00:00:16 HASH_ON_PLUG V9 = 0x41970-01-01 00:00:16 ==========================capability start==========================1970-01-01 00:00:17 board num = 11970-01-01 00:00:17 board id = 2, chain num = 11970-01-01 00:00:17  chain id = 21970-01-01 00:00:17 ==========================capability end============================1970-01-01 00:00:17 chain num = 11970-01-01 00:00:18 [chain 2]1970-01-01 00:00:18 0x0000 11 42 84 E6 07 D3 6D B7   45 BE D3 05 4F 26 99 A6 1970-01-01 00:00:18 0x0010 95 99 40 22 CD CD B4 58   5E 7B 33 FE 4C 06 CD 92 1970-01-01 00:00:18 0x0020 E1 EA B3 D4 BE 5E 05 B9   54 E6 E6 7C B0 A4 F5 13 1970-01-01 00:00:18 0x0030 29 1D FC 20 06 55 C9 CB   D9 B3 1A 7C C3 C0 C0 C8 1970-01-01 00:00:18 0x0040 54 39 FF FF FF FF FF FF   FF FF FF FF FF FF FF FF 1970-01-01 00:00:18 0x0050 FF FF FF FF FF FF FF FF   FF FF FF FF FF FF FF FF 1970-01-01 00:00:18 0x0060 FF FF FF FF FF FF FF FF   FF FF FF FF FF FF FF FF 1970-01-01 00:00:18 0x0070 FF FF FF FF FF FF FF FF   FF FF FF FF FF FF FF FF 1970-01-01 00:00:18 0x0080 FF FF FF FF FF FF FF FF   FF FF FF FF FF FF FF FF 1970-01-01 00:00:18 0x0090 FF FF FF FF FF FF FF FF   FF FF FF FF FF FF FF FF 1970-01-01 00:00:18 0x00A0 FF FF FF FF FF FF FF FF   FF FF FF FF FF FF FF FF 1970-01-01 00:00:18 0x00B0 FF FF FF FF FF FF FF FF   FF FF FF FF FF FF FF FF 1970-01-01 00:00:18 0x00C0 FF FF FF FF FF FF FF FF   FF FF FF FF FF FF FF FF 1970-01-01 00:00:18 0x00D0 FF FF FF FF FF FF FF FF   FF FF FF FF FF FF FF FF 1970-01-01 00:00:18 0x00E0 FF FF FF FF FF FF FF FF   FF FF FF FF FF FF FF FF 1970-01-01 00:00:18 0x00F0 FF FF FF FF FF FF FF FF   FF FF FF FF FF FF FF 5A 1970-01-01 00:00:18 1970-01-01 00:00:18 fan_eft : 1  fan_pwm : 1001970-01-01 00:00:18 create thread1970-01-01 00:00:18 fixed working voltage = 12601970-01-01 00:00:18 Chain [2] PCB Version: 0x01001970-01-01 00:00:18 Chain [2] BOM Version: 0x01002022-11-07 00:19:44 Fan check passed.2022-11-07 00:19:45 chain[2] PIC jump to app2022-11-07 00:19:47 Check chain[2] PIC fw version=0x892022-11-07 00:19:47 create thread2022-11-07 00:19:47 max sensor num = 42022-11-07 00:19:47 temperature_monitor_thread start...2022-11-07 00:19:51 power type version: 0x00712022-11-07 00:19:51 Enter sleep to make sure power release finish.2022-11-07 00:20:22 Slept 30 seconds, diff = 0.2022-11-07 00:20:22 set_voltage_by_steps to 1500.2022-11-07 00:20:25 chain avg vol rise to 15.332022-11-07 00:20:27 start up min temp by 75a = 02022-11-07 00:20:27 set UART baud to 1152002022-11-07 00:20:34 Chain[2]: find 114 asic, times 02022-11-07 00:20:34 pulse_mode = 1, ccdly_sel = 1, pwth_sel = 12022-11-07 00:20:36 min freq in eeprom = 5252022-11-07 00:20:36 fixed frequency is 5252022-11-07 00:20:36 Bring up temperature is 02022-11-07 00:20:36 set UART baud to 120000002022-11-07 00:20:36 set_voltage_by_steps to 1310.2022-11-07 00:20:43 STATUS_INITED: soc init done!2022-11-07 00:20:43 create thread2022-11-07 00:20:43 create thread2022-11-07 00:20:44 fan_etf: Set fixed fan speed=1002022-11-07 00:20:46 start to init...2022-11-07 00:20:54 Init done!2022-11-07 00:20:54 STATUS_OKAY2022-11-07 00:20:54 start the cached job2022-11-07 00:20:54 Version num 82022-11-07 00:20:54 Mask num 0xe0002022-11-07 00:20:54 freq = 525, percent = 90, hcn = 12480, timeout = 4492022-11-07 00:20:54 set_start_time_point total_tv_start_sys=97 total_tv_end_sys=982022-11-07 00:20:54 set_voltage_by_steps to 1335.2022-11-07 00:21:03 over max temp, pcb temp 0 (max 80), chip temp 15(max 95) pcb temp rise 0 chip temp rise 0, total_exit_failure 02022-11-07 00:21:03 ERROR_TEMP_TOO_HIGH: over max temp2022-11-07 00:21:03 stop_mining: over max temp2022-11-07 00:21:03 uninit_temp_info2022-11-07 00:21:03 do not read temp anymore...2022-11-07 00:21:03 cancel thread2022-11-07 00:21:03 cancel thread2022-11-07 00:21:03 cancel thread2022-11-07 00:21:03 ****power off hashboard****2022-11-07 00:21:04 temp monitor thread exit",
      "score": 0,
      "upvotes": 0,
      "downvotes": 0
    },
    {
      "author": "sushsdawg",
      "created_time": "November 07, 2022, 12:49:07 AM",
      "body": "Quote from: BitMaxz on November 06, 2022, 11:53:56 PMAlso, try to hard reset the unit by holding the IP report button for 5 seconds or more then release then test it again and check for changes. Thank you so much  @BitMaxz for helping me sort through this issue !!!",
      "score": 0,
      "upvotes": 0,
      "downvotes": 0
    },
    {
      "author": "BitMaxz",
      "created_time": "November 07, 2022, 11:39:43 AM",
      "body": "Quote from: sushsdawg on November 07, 2022, 12:36:22 AMThis is interesting. So I got the middle board identified as the error.  the log is below.I did do a hard reset this morning, and was still having the issue.  I did it again after identifying the board and now now it works.Error log with just the middle board running:~snip~What do you mean it works?Is the issue solved after a hard reset? Is all the hash board running? Or did you just run only two hash boards and remove the middle board?If the middle hash board is the culprit having over temp issue there might be one ASIC chip with a loose heatsink it needs to reattach but the problem you will need test fixture to test which chip is overheating. Anyway, if you want to repair it with your own there is a guide that you can follow but I'm sure it needs some repairing tools. Check this link below - https://www.zeusbtc.com/manuals/Antminer-S19-Hash-Board-Repair-Guide.asp",
      "score": 0,
      "upvotes": 0,
      "downvotes": 0
    },
    {
      "author": "daplotzy",
      "created_time": "November 09, 2022, 09:58:52 PM",
      "body": "Quote from: BitMaxz on November 06, 2022, 11:53:56 PMI could't see which hashboard detect over temp would you mind to try to run the miner with one hashboard? I mean test them one by one disconnect the two hashboard power and data cable and test again to find what hashboard is broken. Also, try to hard reset the unit by holding the IP report button for 5 seconds or more then release then test it again and check for changes. Thank you for your post!  I had the same issue (ERROR_TEMP_TOO_HIGH) without knowing where it was coming from.  This was a great suggestion, and after trying other fixes like replacing the PSU and cleaning everything, following your suggestion (one by one attachment of each hashboard) isolated the problem.Thanks again!",
      "score": 0,
      "upvotes": 0,
      "downvotes": 0
    },
    {
      "author": "sushsdawg",
      "created_time": "November 12, 2022, 10:13:32 PM",
      "body": "Quote from: BitMaxz on November 07, 2022, 11:39:43 AMWhat do you mean it works?Is the issue solved after a hard reset? Is all the hash board running? Or did you just run only two hash boards and remove the middle board?If the middle hash board is the culprit having over temp issue there might be one ASIC chip with a loose heatsink it needs to reattach but the problem you will need test fixture to test which chip is overheating. Anyway, if you want to repair it with your own there is a guide that you can follow but I'm sure it needs some repairing tools. Check this link below - https://www.zeusbtc.com/manuals/Antminer-S19-Hash-Board-Repair-Guide.aspSorry for the delay - all 3 boards started working after your recommendation, and it seemed to have worked for couple of days.I brought the machine back home from the data center, as I see i board running hotter. 2 boards have a 15/15 Inlet/Outlet temp, 1 has 42/65 temp on it.",
      "score": 0,
      "upvotes": 0,
      "downvotes": 0
    }
  ]
}