{
  "id": "topic_5452432",
  "title": "xioxian",
  "author": "xioxian",
  "created_time": "May 11, 2023, 11:05:19 PM",
  "content": "Hey guys, pretty much as the titlee says, i have switched from Vnish, now to stock with no signs of hashing. https://postimg.cc/qgrzKvphHere are my logs from stock firmware.Code:[    0.000000] Booting Linux on physical CPU 0x0[    0.000000] Linux version 3.14.0-xilinx-g16220c3 (lzq@armdev2) (gcc version 4.8.3 20140320 (prerelease) (Sourcery CodeBench Lite 2014.05-23) ) #83 SMP PREEMPT Thu Jul 12 11:42:53 CST 2018[    0.000000] CPU: ARMv7 Processor [413fc090] revision 0 (ARMv7), cr=18c5387d[    0.000000] CPU: PIPT / VIPT nonaliasing data cache, VIPT aliasing instruction cache[    0.000000] Machine model: Xilinx Zynq[    0.000000] cma: CMA: reserved 128 MiB at 27800000[    0.000000] Memory policy: Data cache writealloc[    0.000000] On node 0 totalpages: 258048[    0.000000] free_area_init_node: node 0, pgdat c074ac00, node_mem_map e6fd8000[    0.000000]   Normal zone: 1520 pages used for memmap[    0.000000]   Normal zone: 0 pages reserved[    0.000000]   Normal zone: 194560 pages, LIFO batch:31[    0.000000]   HighMem zone: 496 pages used for memmap[    0.000000]   HighMem zone: 63488 pages, LIFO batch:15[    0.000000] PERCPU: Embedded 8 pages/cpu @e6fc0000 s9088 r8192 d15488 u32768[    0.000000] pcpu-alloc: s9088 r8192 d15488 u32768 alloc=8*4096[    0.000000] pcpu-alloc: [0] 0 [0] 1 [    0.000000] Built 1 zonelists in Zone order, mobility grouping on.  Total pages: 256528[    0.000000] Kernel command line: noinitrd mem=1008M console=ttyPS0,115200 root=ubi0:rootfs ubi.mtd=1 rootfstype=ubifs rw rootwait[    0.000000] PID hash table entries: 4096 (order: 2, 16384 bytes)[    0.000000] Dentry cache hash table entries: 131072 (order: 7, 524288 bytes)[    0.000000] Inode-cache hash table entries: 65536 (order: 6, 262144 bytes)[    0.000000] Memory: 884108K/1032192K available (5057K kernel code, 284K rwdata, 1928K rodata, 204K init, 258K bss, 148084K reserved, 253952K highmem)[    0.000000] Virtual kernel memory layout:[    0.000000]     vector  : 0xffff0000 - 0xffff1000   (   4 kB)[    0.000000]     fixmap  : 0xfff00000 - 0xfffe0000   ( 896 kB)[    0.000000]     vmalloc : 0xf0000000 - 0xff000000   ( 240 MB)[    0.000000]     lowmem  : 0xc0000000 - 0xef800000   ( 760 MB)[    0.000000]     pkmap   : 0xbfe00000 - 0xc0000000   (   2 MB)[    0.000000]     modules : 0xbf000000 - 0xbfe00000   (  14 MB)[    0.000000]       .text : 0xc0008000 - 0xc06da8ac   (6987 kB)[    0.000000]       .init : 0xc06db000 - 0xc070e380   ( 205 kB)[    0.000000]       .data : 0xc0710000 - 0xc0757138   ( 285 kB)[    0.000000]        .bss : 0xc0757144 - 0xc0797bfc   ( 259 kB)[    0.000000] Preemptible hierarchical RCU implementation.[    0.000000]  Dump stacks of tasks blocking RCU-preempt GP.[    0.000000]  RCU restricting CPUs from NR_CPUS=4 to nr_cpu_ids=2.[    0.000000] RCU: Adjusting geometry for rcu_fanout_leaf=16, nr_cpu_ids=2[    0.000000] NR_IRQS:16 nr_irqs:16 16[    0.000000] ps7-slcr mapped to f0004000[    0.000000] zynq_clock_init: clkc starts at f0004100[    0.000000] Zynq clock init[    0.000014] sched_clock: 64 bits at 333MHz, resolution 3ns, wraps every 3298534883328ns[    0.000297] ps7-ttc #0 at f0006000, irq=43[    0.000602] Console: colour dummy device 80x30[    0.000637] Calibrating delay loop... 1332.01 BogoMIPS (lpj=6660096)[    0.090245] pid_max: default: 32768 minimum: 301[    0.090464] Mount-cache hash table entries: 2048 (order: 1, 8192 bytes)[    0.090485] Mountpoint-cache hash table entries: 2048 (order: 1, 8192 bytes)[    0.092666] CPU: Testing write buffer coherency: ok[    0.092997] CPU0: thread -1, cpu 0, socket 0, mpidr 80000000[    0.093056] Setting up static identity map for 0x4cb118 - 0x4cb170[    0.093277] L310 cache controller enabled[    0.093297] l2x0: 8 ways, CACHE_ID 0x410000c8, AUX_CTRL 0x72760000, Cache size: 512 kB[    0.170992] CPU1: Booted secondary processor[    0.260222] CPU1: thread -1, cpu 1, socket 0, mpidr 80000001[    0.260351] Brought up 2 CPUs[    0.260369] SMP: Total of 2 processors activated.[    0.260378] CPU: All CPU(s) started in SVC mode.[    0.261038] devtmpfs: initialized[    0.263465] VFP support v0.3: implementor 41 architecture 3 part 30 variant 9 rev 4[    0.264662] regulator-dummy: no parameters[    0.272059] NET: Registered protocol family 16[    0.274286] DMA: preallocated 256 KiB pool for atomic coherent allocations[    0.276551] cpuidle: using governor ladder[    0.276563] cpuidle: using governor menu[    0.283950] syscon f8000000.ps7-slcr: regmap [mem 0xf8000000-0xf8000fff] registered[    0.285457] hw-breakpoint: found 5 (+1 reserved) breakpoint and 1 watchpoint registers.[    0.285471] hw-breakpoint: maximum watchpoint size is 4 bytes.[    0.285582] zynq-ocm f800c000.ps7-ocmc: ZYNQ OCM pool: 256 KiB @ 0xf0080000[    0.307211] bio: create slab <bio-0> at 0[    0.308624] vgaarb: loaded[    0.309332] SCSI subsystem initialized[    0.310358] usbcore: registered new interface driver usbfs[    0.310537] usbcore: registered new interface driver hub[    0.310764] usbcore: registered new device driver usb[    0.311416] media: Linux media interface: v0.10[    0.311571] Linux video capture interface: v2.00[    0.311804] pps_core: LinuxPPS API ver. 1 registered[    0.311816] pps_core: Software ver. 5.3.6 - Copyright 2005-2007 Rodolfo Giometti <giometti@linux.it>[    0.311935] PTP clock support registered[    0.312288] EDAC MC: Ver: 3.0.0[    0.313467] Advanced Linux Sound Architecture Driver Initialized.[    0.316199] DMA-API: preallocated 4096 debug entries[    0.316213] DMA-API: debugging enabled by kernel config[    0.316292] Switched to clocksource arm_global_timer[    0.336490] NET: Registered protocol family 2[    0.337281] TCP established hash table entries: 8192 (order: 3, 32768 bytes)[    0.337377] TCP bind hash table entries: 8192 (order: 4, 65536 bytes)[    0.337536] TCP: Hash tables configured (established 8192 bind 8192)[    0.337599] TCP: reno registered[    0.337616] UDP hash table entries: 512 (order: 2, 16384 bytes)[    0.337664] UDP-Lite hash table entries: 512 (order: 2, 16384 bytes)[    0.337936] NET: Registered protocol family 1[    0.338259] RPC: Registered named UNIX socket transport module.[    0.338271] RPC: Registered udp transport module.[    0.338279] RPC: Registered tcp transport module.[    0.338288] RPC: Registered tcp NFSv4.1 backchannel transport module.[    0.338301] PCI: CLS 0 bytes, default 64[    0.338736] hw perfevents: enabled with ARMv7 Cortex-A9 PMU driver, 7 counters available[    0.340730] futex hash table entries: 512 (order: 3, 32768 bytes)[    0.342089] bounce pool size: 64 pages[    0.342974] jffs2: version 2.2. (NAND) © 2001-2006 Red Hat, Inc.[    0.343168] msgmni has been set to 1486[    0.343921] io scheduler noop registered[    0.343935] io scheduler deadline registered[    0.343975] io scheduler cfq registered (default)[    0.355197] dma-pl330 f8003000.ps7-dma: Loaded driver for PL330 DMAC-2364208[    0.355217] dma-pl330 f8003000.ps7-dma:  DBUFF-128x8bytes Num_Chans-8 Num_Peri-4 Num_Events-16[    0.478395] e0001000.serial: ttyPS0 at MMIO 0xe0001000 (irq = 82, base_baud = 3124999) is a xuartps[    1.050405] console [ttyPS0] enabled[    1.054668] xdevcfg f8007000.ps7-dev-cfg: ioremap 0xf8007000 to f0068000[    1.062278] [drm] Initialized drm 1.1.0 20060810[    1.079284] brd: module loaded[    1.088649] loop: module loaded[    1.098092] e1000e: Intel(R) PRO/1000 Network Driver - 2.3.2-k[    1.103840] e1000e: Copyright(c) 1999 - 2013 Intel Corporation.[    1.111912] libphy: XEMACPS mii bus: probed[    1.116279] ------------- phy_id = 0x3625e62[    1.121201] xemacps e000b000.ps7-ethernet: pdev->id -1, baseaddr 0xe000b000, irq 54[    1.129870] ehci_hcd: USB 2.0 'Enhanced' Host Controller (EHCI) Driver[    1.136521] ehci-pci: EHCI PCI platform driver[    1.143732] zynq-dr e0002000.ps7-usb: Unable to init USB phy, missing?[    1.150554] usbcore: registered new interface driver usb-storage[    1.157416] mousedev: PS/2 mouse device common for all mice[    1.163504] i2c /dev entries driver[    1.170432] zynq-edac f8006000.ps7-ddrc: ecc not enabled[    1.175911] cpufreq_cpu0: failed to get cpu0 regulator: -19[    1.181816] Xilinx Zynq CpuIdle Driver started[    1.186728] sdhci: Secure Digital Host Controller Interface driver[    1.192818] sdhci: Copyright(c) Pierre Ossman[    1.197232] sdhci-pltfm: SDHCI platform and OF driver helper[    1.203960] mmc0: no vqmmc regulator found[    1.208007] mmc0: no vmmc regulator found[    1.246311] mmc0: SDHCI controller on e0100000.ps7-sdio [e0100000.ps7-sdio] using ADMA[    1.254984] usbcore: registered new interface driver usbhid[    1.260498] usbhid: USB HID core driver[    1.265202] nand: device found, Manufacturer ID: 0x2c, Chip ID: 0xda[    1.271498] nand: Micron MT29F2G08ABAEAWP[    1.275464] nand: 256MiB, SLC, page size: 2048, OOB size: 64[    1.281415] Bad block table found at page 131008, version 0x01[    1.287640] Bad block table found at page 130944, version 0x01[    1.293689] 3 ofpart partitions found on MTD device pl353-nand[    1.299474] Creating 3 MTD partitions on \"pl353-nand\":[    1.304563] 0x000000000000-0x000002000000 : \"BOOT.bin-env-dts-kernel\"[    1.312603] 0x000002000000-0x00000b000000 : \"angstram-rootfs\"[    1.319925] 0x00000b000000-0x000010000000 : \"upgrade-rootfs\"[    1.330659] TCP: cubic registered[    1.333899] NET: Registered protocol family 17[    1.338599] Registering SWP/SWPB emulation handler[    1.344523] regulator-dummy: disabling[    1.348873] UBI: attaching mtd1 to ubi0[    1.737050] UBI: scanning is finished[    1.748874] UBI: attached mtd1 (name \"angstram-rootfs\", size 144 MiB) to ubi0[    1.755928] UBI: PEB size: 131072 bytes (128 KiB), LEB size: 126976 bytes[    1.762723] UBI: min./max. I/O unit sizes: 2048/2048, sub-page size 2048[    1.769400] UBI: VID header offset: 2048 (aligned 2048), data offset: 4096[    1.776238] UBI: good PEBs: 1152, bad PEBs: 0, corrupted PEBs: 0[    1.782248] UBI: user volume: 1, internal volumes: 1, max. volumes count: 128[    1.789358] UBI: max/mean erase counter: 1/0, WL threshold: 4096, image sequence number: 1113221046[    1.798389] UBI: available PEBs: 0, total reserved PEBs: 1152, PEBs reserved for bad PEB handling: 40[    1.807605] UBI: background thread \"ubi_bgt0d\" started, PID 1084[    1.807610] drivers/rtc/hctosys.c: unable to open rtc device (rtc0)[    1.811590] ALSA device list:[    1.811594]   No soundcards found.[    1.828077] UBIFS: background thread \"ubifs_bgt0_0\" started, PID 1086[    1.926759] UBIFS: mounted UBI device 0, volume 0, name \"rootfs\"[    1.932684] UBIFS: LEB size: 126976 bytes (124 KiB), min./max. I/O unit sizes: 2048 bytes/2048 bytes[    1.941816] UBIFS: FS size: 128626688 bytes (122 MiB, 1013 LEBs), journal size 9023488 bytes (8 MiB, 72 LEBs)[    1.951700] UBIFS: reserved for root: 0 bytes (0 KiB)[    1.956746] UBIFS: media format: w4/r0 (latest is w4/r0), UUID E8A4479F-B15D-4C7A-964D-0F246E2BB6ED, small LPT model[    2.004921] VFS: Mounted root (ubifs filesystem) on device 0:11.[    2.051123] devtmpfs: mounted[    2.054234] Freeing unused kernel memory: 204K (c06db000 - c070e000)[    3.165828] random: dd urandom read with 1 bits of entropy available[    3.756311] [    3.756311] bcm54xx_config_init[    4.866326] [    4.866326] bcm54xx_config_init[    7.867164] xemacps e000b000.ps7-ethernet: Set clk to 24999999 Hz[    7.873253] xemacps e000b000.ps7-ethernet: link up (100/FULL)[   20.355785] In axi fpga driver![   20.358878] request_mem_region OK![   20.362253] AXI fpga dev virtual address is 0xf0200000[   20.367378] *base_vir_addr = 0xc51e[   20.382137] In fpga mem driver![   20.385517] request_mem_region OK![   20.389947] fpga mem virtual address is 0xf3000000[   21.176335] [   21.176335] bcm54xx_config_init[   22.256308] [   22.256308] bcm54xx_config_init[   25.257183] xemacps e000b000.ps7-ethernet: Set clk to 24999999 Hz[   25.263202] xemacps e000b000.ps7-ethernet: link up (100/FULL)main.c:13992: log_level = 4main.c:14019: This is XILINX board. Totalram:       1039753216main.c:14025: Detect 1GB control board of XILINXdriver-bitmain.c:1776: mmap axi_fpga_addr = 0xb6f03000driver-bitmain.c:1781: axi_fpga_addr data = 0xc51edriver-bitmain.c:1797: mmap fpga_mem_addr = 0xb5cfc000driver-bitmain.c:994: forceFreq=-1 forceFlag=0driver-bitmain.c:1696: min work minertest[0]:912main.c:8570: DETECT HW version=0000c51emain.c:14064: miner ID : 801894404265885cmain.c:14089: Miner Type = S9main.c:14101: AsicType = 1387main.c:14104: real AsicNum = 63main.c:14197: use critical mode to search freq...driver-bitmain.c:1876: get PLUG ON=0x000000e0driver-bitmain.c:1946: Find hashboard on Chain[5]driver-bitmain.c:1946: Find hashboard on Chain[6]driver-bitmain.c:1946: Find hashboard on Chain[7]main.c:2282: Check chain[5] PIC fw version=0x03main.c:2282: Check chain[6] PIC fw version=0x03main.c:2282: Check chain[7] PIC fw version=0x03main.c:8940: read pic freq and badcore num...main.c:8961: chain[5]: [63:255] [63:255] [63:255] [63:255] [63:255] [63:255] [63:255] [63:255]main.c:9003: has freq in PIC, will disable freq setting.main.c:9099: chain[5] has freq in PIC and will jump over...main.c:9103: Chain[5] has core num in PICmain.c:2282: Check chain[5] PIC fw version=0x03main.c:8940: read pic freq and badcore num...main.c:8961: chain[6]: [63:22] [63:5] [63:24] [63:24] [63:64] [63:49] [63:255] [63:255]main.c:9003: has freq in PIC, will disable freq setting.main.c:9099: chain[6] has freq in PIC and will jump over...main.c:9103: Chain[6] has core num in PICmain.c:9113: Chain[6] ASIC[5] has core num=2main.c:9113: Chain[6] ASIC[23] has core num=1main.c:9113: Chain[6] ASIC[35] has core num=10main.c:2282: Check chain[6] PIC fw version=0x03main.c:8940: read pic freq and badcore num...main.c:8961: chain[7]: [63:22] [63:5] [63:24] [63:24] [63:67] [63:39] [63:255] [63:255]main.c:9003: has freq in PIC, will disable freq setting.main.c:9099: chain[7] has freq in PIC and will jump over...main.c:9103: Chain[7] has core num in PICmain.c:9113: Chain[7] ASIC[13] has core num=15main.c:9113: Chain[7] ASIC[30] has core num=1main.c:9113: Chain[7] ASIC[42] has core num=15main.c:2282: Check chain[7] PIC fw version=0x03main.c:9183: get PIC voltage=0 on chain[5], value=940main.c:9183: get PIC voltage=0 on chain[6], value=940main.c:9183: get PIC voltage=0 on chain[7], value=940main.c:9349: chain[5] temp offset record: 62,0,0,0,0,0,35,28main.c:9366: chain[5] temp chip I2C addr=0x98main.c:9372: chain[5] has no middle temp, use special fix mode.main.c:9349: chain[6] temp offset record: 62,0,0,0,0,0,35,28main.c:9366: chain[6] temp chip I2C addr=0x98main.c:9372: chain[6] has no middle temp, use special fix mode.main.c:9349: chain[7] temp offset record: 62,0,0,0,0,0,35,28main.c:9366: chain[7] temp chip I2C addr=0x98main.c:9372: chain[7] has no middle temp, use special fix mode.main.c:13956: total_exist_chain_num = 3main.c:9562: CRC error counter=0main.c:9577: set command mode to VILmain.c:9649: --- check asic numbermain.c:9745: After Get ASIC NUM CRC error counter=0main.c:9768: set_baud=0main.c:10693: The min freq=700main.c:10695: set real timeout 52, need sleep=379392main.c:12825: After TEST CRC error counter=0main.c:14236: search freq for 1 times, completed chain = 3, total chain num = 3 board_frq_tuning.c:628: single_board_frq_tuning enterboard_frq_tuning.c:629: min_rate, des_rate, fix_volt:13800, 14000, 880board_frq_tuning.c:254: force_freq not set, don't need tuningmain.c:14645: restart Miner chance num=2main.c:14685: waiting for receive_func to exit!main.c:14699: waiting for pic heart to exit!main.c:13927: bmminer not found= 1937 root       0:00 grep bmminermain.c:14758: bmminer not found, restart bmminer ...driver-btm-c5.c:12243:bitmain_c5_init: This is user mode for miningdriver-btm-c5.c:12286:bitmain_c5_init: Detect 1GB control board of XILINXdriver-btm-c5.c:12313:bitmain_c5_init: Miner Type = S9driver-btm-c5.c:12324:bitmain_c5_init: Miner compile time: Wed Jul 31 16:18:27 CST 2019 type: Antminer S9driver-btm-c5.c:12414:bitmain_c5_init: miner ID : 801894404265885cdriver-btm-c5.c:12571:bitmain_c5_init: Checking fans...driver-btm-c5.c:3006:check_fan_beforeInit: get fan[4] speed=5760driver-btm-c5.c:3006:check_fan_beforeInit: get fan[4] speed=5760driver-btm-c5.c:3006:check_fan_beforeInit: get fan[5] speed=5760driver-btm-c5.c:3006:check_fan_beforeInit: get fan[4] speed=5760driver-btm-c5.c:3006:check_fan_beforeInit: get fan[5] speed=5760driver-btm-c5.c:3006:check_fan_beforeInit: get fan[4] speed=5760driver-btm-c5.c:3006:check_fan_beforeInit: get fan[5] speed=5760driver-btm-c5.c:13108:bitmain_c5_init: chain[5]: [63:255] [63:255] [63:255] [63:255] [63:255] [63:255] [63:255] [63:255]driver-btm-c5.c:13122:bitmain_c5_init: last_freq: 0x00 0x7d 0x00 0x4a 0x00 0x4a 0x04 0x4a 0x0a 0x4a 0x00 0x4a 0x03 0x4a 0x03 0x4a 0x03 0x4a 0x03 0x4a 0x03 0x4a 0x03 0x4a 0x01 0x4a 0x01 0x4a 0x0f 0x4a 0x0f 0x4a 0x0f 0x4a 0x0f 0x4a 0x05 0x4a 0x07 0x4a 0x23 0x4a 0x00 0x4a 0x00 0x4a 0x00 0x4a 0x00 0x4a 0x00 0x4a 0x00 0x4a 0x00 0x4a 0x00 0x4a 0x00 0x4a 0x00 0x4a 0x00 0x4a 0x00 0x4a 0x00 0x4a 0x00 0x4a 0x00 0x4a 0x00 0x4a 0x00 0x4a 0x00 0x4a 0x00 0x4a 0x00 0x4a 0x00 0x4a 0x00 0x4a 0x00 0x4a 0x00 0x4a 0x00 0x4a 0x00 0x4a 0x00 0x4a 0x00 0x4a 0x00 0x4a 0x00 0x4a 0x00 0x4a 0x00 0x4a 0x00 0x4a 0x00 0x4a 0x00 0x4a 0x00 0x4a 0x00 0x4a 0x00 0x4a 0x00 0x4a 0x00 0x4a 0x00 0x4a 0x00 0x4a 0x00 0x4a driver-btm-c5.c:13149:bitmain_c5_init: Detect: use voltage limit rules on single board!driver-btm-c5.c:13155:bitmain_c5_init: Detect: S9_63 use voltage level=1 : 1driver-btm-c5.c:13171:bitmain_c5_init: Chain[J6] has backup chain_voltage=870driver-btm-c5.c:13188:bitmain_c5_init: No scan based on domaindriver-btm-c5.c:1899:jump_to_app_CheckAndRestorePIC: Check chain[5] PIC fw version=0x03driver-btm-c5.c:13108:bitmain_c5_init: chain[6]: [63:22] [63:5] [63:24] [63:24] [63:64] [63:49] [63:255] [63:255]driver-btm-c5.c:13122:bitmain_c5_init: last_freq: 0x00 0x7d 0x00 0x4c 0x00 0x4c 0x04 0x4c 0x0c 0x4c 0x00 0x4c 0x03 0x4c 0x03 0x4c 0x03 0x4c 0x03 0x4c 0x03 0x4c 0x03 0x4c 0x03 0x4c 0x03 0x4c 0x03 0x4c 0x03 0x4c 0x03 0x4c 0x03 0x4c 0x05 0x4c 0x07 0x4c 0x23 0x4c 0x00 0x4c 0x00 0x4c 0x00 0x4c 0x00 0x4c 0x00 0x4c 0x00 0x4c 0x00 0x4c 0x00 0x4c 0x00 0x4c 0x00 0x4c 0x00 0x4c 0x00 0x4c 0x00 0x4c 0x00 0x4c 0x00 0x4c 0x00 0x4c 0x00 0x4c 0x00 0x4c 0x00 0x4c 0x00 0x4c 0x00 0x4c 0x00 0x4c 0x00 0x4c 0x00 0x4c 0x00 0x4c 0x00 0x4c 0x00 0x4c 0x00 0x4c 0x00 0x4c 0x00 0x4c 0x00 0x4c 0x00 0x4c 0x00 0x4c 0x00 0x4c 0x00 0x4c 0x00 0x4c 0x00 0x4c 0x00 0x4c 0x00 0x4c 0x00 0x4c 0x00 0x4c 0x00 0x4c 0x00 0x4c driver-btm-c5.c:13149:bitmain_c5_init: Detect: use voltage limit rules on single board!driver-btm-c5.c:13155:bitmain_c5_init: Detect: S9_63 use voltage level=3 : 0driver-btm-c5.c:13171:bitmain_c5_init: Chain[J7] has backup chain_voltage=870driver-btm-c5.c:13193:bitmain_c5_init: scan based on domaindriver-btm-c5.c:1899:jump_to_app_CheckAndRestorePIC: Check chain[6] PIC fw version=0x03driver-btm-c5.c:13108:bitmain_c5_init: chain[7]: [63:22] [63:5] [63:24] [63:24] [63:67] [63:39] [63:255] [63:255]driver-btm-c5.c:13122:bitmain_c5_init: last_freq: 0x00 0x7d 0x00 0x4e 0x00 0x4e 0x04 0x4e 0x0e 0x4e 0x00 0x4e 0x03 0x4e 0x03 0x4e 0x03 0x4e 0x03 0x4e 0x03 0x4e 0x03 0x4e 0x01 0x4e 0x01 0x4e 0x0f 0x4e 0x0f 0x4e 0x0f 0x4e 0x0f 0x4e 0x05 0x4e 0x07 0x4e 0x23 0x4e 0x00 0x4e 0x00 0x4e 0x00 0x4e 0x00 0x4e 0x00 0x4e 0x00 0x4e 0x00 0x4e 0x00 0x4e 0x00 0x4e 0x00 0x4e 0x00 0x4e 0x00 0x4e 0x00 0x4e 0x00 0x4e 0x00 0x4e 0x00 0x4e 0x00 0x4e 0x00 0x4e 0x00 0x4e 0x00 0x4e 0x00 0x4e 0x00 0x4e 0x00 0x4e 0x00 0x4e 0x00 0x4e 0x00 0x4e 0x00 0x4e 0x00 0x4e 0x00 0x4e 0x00 0x4e 0x00 0x4e 0x00 0x4e 0x00 0x4e 0x00 0x4e 0x00 0x4e 0x00 0x4e 0x00 0x4e 0x00 0x4e 0x00 0x4e 0x00 0x4e 0x00 0x4e 0x00 0x4e 0x00 0x4e driver-btm-c5.c:13149:bitmain_c5_init: Detect: use voltage limit rules on single board!driver-btm-c5.c:13155:bitmain_c5_init: Detect: S9_63 use voltage level=1 : 1driver-btm-c5.c:13171:bitmain_c5_init: Chain[J8] has backup chain_voltage=870driver-btm-c5.c:13188:bitmain_c5_init: No scan based on domaindriver-btm-c5.c:1899:jump_to_app_CheckAndRestorePIC: Check chain[7] PIC fw version=0x03driver-btm-c5.c:12195:init_exist_chain_table: total_exist_chain_num = 3driver-btm-c5.c:13303:bitmain_c5_init: Chain[J6] orignal chain_voltage_pic=0 value=940driver-btm-c5.c:13320:bitmain_c5_init: Chain[J6] will use backup chain_voltage_pic=870 [125]driver-btm-c5.c:13330:bitmain_c5_init: Chain[J6] get working chain_voltage_pic=125driver-btm-c5.c:13303:bitmain_c5_init: Chain[J7] orignal chain_voltage_pic=0 value=940driver-btm-c5.c:13320:bitmain_c5_init: Chain[J7] will use backup chain_voltage_pic=870 [125]driver-btm-c5.c:13330:bitmain_c5_init: Chain[J7] get working chain_voltage_pic=125driver-btm-c5.c:13303:bitmain_c5_init: Chain[J8] orignal chain_voltage_pic=0 value=940driver-btm-c5.c:13320:bitmain_c5_init: Chain[J8] will use backup chain_voltage_pic=870 [125]driver-btm-c5.c:13330:bitmain_c5_init: Chain[J8] get working chain_voltage_pic=125driver-btm-c5.c:13421:bitmain_c5_init: Chain[J6] has 63 asicdriver-btm-c5.c:13421:bitmain_c5_init: Chain[J7] has 63 asicdriver-btm-c5.c:13421:bitmain_c5_init: Chain[J8] has 63 asicdriver-btm-c5.c:4531:set_frequency: Chain[J6] has core num in PICdriver-btm-c5.c:4531:set_frequency: Chain[J7] has core num in PICdriver-btm-c5.c:4541:set_frequency: Chain[J7] ASIC[5] has core num=2driver-btm-c5.c:4541:set_frequency: Chain[J7] ASIC[23] has core num=1driver-btm-c5.c:4541:set_frequency: Chain[J7] ASIC[35] has core num=10driver-btm-c5.c:4531:set_frequency: Chain[J8] has core num in PICdriver-btm-c5.c:4541:set_frequency: Chain[J8] ASIC[13] has core num=15driver-btm-c5.c:4541:set_frequency: Chain[J8] ASIC[30] has core num=1driver-btm-c5.c:4541:set_frequency: Chain[J8] ASIC[42] has core num=15driver-btm-c5.c:4571:set_frequency: miner total rate=14107GH/s ideal_total_hash_rate = 14000GH/sdriver-btm-c5.c:4596:set_frequency: read PIC voltage=940 on chain[5]driver-btm-c5.c:4598:set_frequency: Chain:5 chipnum=63driver-btm-c5.c:4618:set_frequency: Chain[J6] voltage added=0.0Vdriver-btm-c5.c:4768:set_frequency: Chain:5 temp offset=0driver-btm-c5.c:4773:set_frequency: Chain:5 base freq=650Asic[ 0]:650 Asic[ 1]:650 Asic[ 2]:650 Asic[ 3]:650 Asic[ 4]:650 Asic[ 5]:650 Asic[ 6]:650 Asic[ 7]:650 Asic[ 8]:650 Asic[ 9]:650 Asic[10]:650 Asic[11]:650 Asic[12]:650 Asic[13]:650 Asic[14]:650 Asic[15]:650 Asic[16]:650 Asic[17]:650 Asic[18]:650 Asic[19]:650 Asic[20]:650 Asic[21]:650 Asic[22]:650 Asic[23]:650 Asic[24]:650 Asic[25]:650 Asic[26]:650 Asic[27]:650 Asic[28]:650 Asic[29]:650 Asic[30]:650 Asic[31]:650 Asic[32]:650 Asic[33]:650 Asic[34]:650 Asic[35]:650 Asic[36]:650 Asic[37]:650 Asic[38]:650 Asic[39]:650 Asic[40]:650 Asic[41]:650 Asic[42]:650 Asic[43]:650 Asic[44]:650 Asic[45]:650 Asic[46]:650 Asic[47]:650 Asic[48]:650 Asic[49]:650 Asic[50]:650 Asic[51]:650 Asic[52]:650 Asic[53]:650 Asic[54]:650 Asic[55]:650 Asic[56]:650 Asic[57]:650 Asic[58]:650 Asic[59]:650 Asic[60]:650 Asic[61]:650 Asic[62]:650 driver-btm-c5.c:4809:set_frequency: Chain:5 max freq=650driver-btm-c5.c:4810:set_frequency: Chain:5 min freq=650driver-btm-c5.c:4596:set_frequency: read PIC voltage=940 on chain[6]driver-btm-c5.c:4598:set_frequency: Chain:6 chipnum=63driver-btm-c5.c:4618:set_frequency: Chain[J7] voltage added=0.0Vdriver-btm-c5.c:4768:set_frequency: Chain:6 temp offset=0driver-btm-c5.c:4773:set_frequency: Chain:6 base freq=662Asic[ 0]:662 Asic[ 1]:662 Asic[ 2]:662 Asic[ 3]:662 Asic[ 4]:662 Asic[ 5]:662 Asic[ 6]:662 Asic[ 7]:662 Asic[ 8]:662 Asic[ 9]:662 Asic[10]:662 Asic[11]:662 Asic[12]:662 Asic[13]:662 Asic[14]:662 Asic[15]:662 Asic[16]:662 Asic[17]:662 Asic[18]:662 Asic[19]:662 Asic[20]:662 Asic[21]:662 Asic[22]:662 Asic[23]:662 Asic[24]:662 Asic[25]:662 Asic[26]:662 Asic[27]:662 Asic[28]:662 Asic[29]:662 Asic[30]:662 Asic[31]:662 Asic[32]:662 Asic[33]:662 Asic[34]:662 Asic[35]:662 Asic[36]:662 Asic[37]:662 Asic[38]:662 Asic[39]:662 Asic[40]:662 Asic[41]:662 Asic[42]:662 Asic[43]:662 Asic[44]:662 Asic[45]:662 Asic[46]:662 Asic[47]:662 Asic[48]:662 Asic[49]:662 Asic[50]:662 Asic[51]:662 Asic[52]:662 Asic[53]:662 Asic[54]:662 Asic[55]:662 Asic[56]:662 Asic[57]:662 Asic[58]:662 Asic[59]:662 Asic[60]:662 Asic[61]:662 Asic[62]:662 driver-btm-c5.c:4809:set_frequency: Chain:6 max freq=662driver-btm-c5.c:4810:set_frequency: Chain:6 min freq=662driver-btm-c5.c:4596:set_frequency: read PIC voltage=940 on chain[7]driver-btm-c5.c:4598:set_frequency: Chain:7 chipnum=63driver-btm-c5.c:4618:set_frequency: Chain[J8] voltage added=0.0Vdriver-btm-c5.c:4768:set_frequency: Chain:7 temp offset=0driver-btm-c5.c:4773:set_frequency: Chain:7 base freq=675Asic[ 0]:675 Asic[ 1]:675 Asic[ 2]:675 Asic[ 3]:675 Asic[ 4]:675 Asic[ 5]:675 Asic[ 6]:675 Asic[ 7]:675 Asic[ 8]:675 Asic[ 9]:675 Asic[10]:675 Asic[11]:675 Asic[12]:675 Asic[13]:675 Asic[14]:675 Asic[15]:675 Asic[16]:675 Asic[17]:675 Asic[18]:675 Asic[19]:675 Asic[20]:675 Asic[21]:675 Asic[22]:675 Asic[23]:675 Asic[24]:675 Asic[25]:675 Asic[26]:675 Asic[27]:675 Asic[28]:675 Asic[29]:675 Asic[30]:675 Asic[31]:675 Asic[32]:675 Asic[33]:675 Asic[34]:675 Asic[35]:675 Asic[36]:675 Asic[37]:675 Asic[38]:675 Asic[39]:675 Asic[40]:675 Asic[41]:675 Asic[42]:675 Asic[43]:675 Asic[44]:675 Asic[45]:675 Asic[46]:675 Asic[47]:675 Asic[48]:675 Asic[49]:675 Asic[50]:675 Asic[51]:675 Asic[52]:675 Asic[53]:675 Asic[54]:675 Asic[55]:675 Asic[56]:675 Asic[57]:675 Asic[58]:675 Asic[59]:675 Asic[60]:675 Asic[61]:675 Asic[62]:675 driver-btm-c5.c:4809:set_frequency: Chain:7 max freq=675driver-btm-c5.c:4810:set_frequency: Chain:7 min freq=675driver-btm-c5.c:4819:set_frequency: Miner fix freq ...driver-btm-c5.c:4263:ProcessFixFreqForChips: totalRate = 14107, fixed_totalRate = 14140driver-btm-c5.c:4854:set_frequency: read PIC voltage=940 on chain[5]driver-btm-c5.c:4855:set_frequency: Chain:5 chipnum=63driver-btm-c5.c:4874:set_frequency: Chain[J6] voltage added=0.0Vdriver-btm-c5.c:5058:set_frequency: Chain:5 temp offset=0driver-btm-c5.c:5063:set_frequency: Chain:5 base freq=650Asic[ 0]:650 Asic[ 1]:650 Asic[ 2]:650 Asic[ 3]:650 Asic[ 4]:650 Asic[ 5]:650 Asic[ 6]:650 Asic[ 7]:650 Asic[ 8]:650 Asic[ 9]:650 Asic[10]:650 Asic[11]:650 Asic[12]:650 Asic[13]:650 Asic[14]:650 Asic[15]:650 Asic[16]:650 Asic[17]:650 Asic[18]:650 Asic[19]:650 Asic[20]:650 Asic[21]:650 Asic[22]:650 Asic[23]:650 Asic[24]:650 Asic[25]:650 Asic[26]:650 Asic[27]:650 Asic[28]:650 Asic[29]:650 Asic[30]:650 Asic[31]:650 Asic[32]:650 Asic[33]:650 Asic[34]:650 Asic[35]:650 Asic[36]:650 Asic[37]:650 Asic[38]:650 Asic[39]:650 Asic[40]:650 Asic[41]:650 Asic[42]:650 Asic[43]:650 Asic[44]:650 Asic[45]:650 Asic[46]:650 Asic[47]:650 Asic[48]:650 Asic[49]:650 Asic[50]:650 Asic[51]:650 Asic[52]:650 Asic[53]:650 Asic[54]:650 Asic[55]:650 Asic[56]:650 Asic[57]:650 Asic[58]:650 Asic[59]:650 Asic[60]:650 Asic[61]:650 Asic[62]:650 driver-btm-c5.c:5110:set_frequency: Chain:5 max freq=650driver-btm-c5.c:5111:set_frequency: Chain:5 min freq=650driver-btm-c5.c:4854:set_frequency: read PIC voltage=940 on chain[6]driver-btm-c5.c:4855:set_frequency: Chain:6 chipnum=63driver-btm-c5.c:4874:set_frequency: Chain[J7] voltage added=0.0Vdriver-btm-c5.c:5058:set_frequency: Chain:6 temp offset=0driver-btm-c5.c:5063:set_frequency: Chain:6 base freq=662Asic[ 0]:662 Asic[ 1]:662 Asic[ 2]:662 Asic[ 3]:662 Asic[ 4]:662 Asic[ 5]:662 Asic[ 6]:662 Asic[ 7]:662 Asic[ 8]:662 Asic[ 9]:662 Asic[10]:662 Asic[11]:662 Asic[12]:662 Asic[13]:662 Asic[14]:662 Asic[15]:662 Asic[16]:662 Asic[17]:662 Asic[18]:662 Asic[19]:662 Asic[20]:662 Asic[21]:662 Asic[22]:662 Asic[23]:662 Asic[24]:662 Asic[25]:662 Asic[26]:662 Asic[27]:662 Asic[28]:662 Asic[29]:662 Asic[30]:662 Asic[31]:662 Asic[32]:662 Asic[33]:662 Asic[34]:662 Asic[35]:662 Asic[36]:662 Asic[37]:662 Asic[38]:662 Asic[39]:662 Asic[40]:662 Asic[41]:662 Asic[42]:662 Asic[43]:662 Asic[44]:662 Asic[45]:662 Asic[46]:662 Asic[47]:662 Asic[48]:662 Asic[49]:662 Asic[50]:662 Asic[51]:662 Asic[52]:662 Asic[53]:662 Asic[54]:662 Asic[55]:662 Asic[56]:662 Asic[57]:662 Asic[58]:662 Asic[59]:662 Asic[60]:662 Asic[61]:662 Asic[62]:662 driver-btm-c5.c:5110:set_frequency: Chain:6 max freq=662driver-btm-c5.c:5111:set_frequency: Chain:6 min freq=662driver-btm-c5.c:4854:set_frequency: read PIC voltage=940 on chain[7]driver-btm-c5.c:4855:set_frequency: Chain:7 chipnum=63driver-btm-c5.c:4874:set_frequency: Chain[J8] voltage added=0.0Vdriver-btm-c5.c:5058:set_frequency: Chain:7 temp offset=0driver-btm-c5.c:5063:set_frequency: Chain:7 base freq=675Asic[ 0]:675 Asic[ 1]:675 Asic[ 2]:675 Asic[ 3]:675 Asic[ 4]:675 Asic[ 5]:675 Asic[ 6]:675 Asic[ 7]:675 Asic[ 8]:675 Asic[ 9]:675 Asic[10]:675 Asic[11]:675 Asic[12]:675 Asic[13]:675 Asic[14]:675 Asic[15]:675 Asic[16]:675 Asic[17]:675 Asic[18]:675 Asic[19]:675 Asic[20]:675 Asic[21]:675 Asic[22]:675 Asic[23]:675 Asic[24]:675 Asic[25]:675 Asic[26]:675 Asic[27]:675 Asic[28]:675 Asic[29]:675 Asic[30]:675 Asic[31]:675 Asic[32]:675 Asic[33]:675 Asic[34]:675 Asic[35]:675 Asic[36]:675 Asic[37]:675 Asic[38]:675 Asic[39]:675 Asic[40]:675 Asic[41]:675 Asic[42]:675 Asic[43]:675 Asic[44]:675 Asic[45]:675 Asic[46]:675 Asic[47]:675 Asic[48]:675 Asic[49]:675 Asic[50]:675 Asic[51]:675 Asic[52]:675 Asic[53]:675 Asic[54]:675 Asic[55]:675 Asic[56]:675 Asic[57]:675 Asic[58]:675 Asic[59]:675 Asic[60]:675 Asic[61]:675 Asic[62]:675 driver-btm-c5.c:5110:set_frequency: Chain:7 max freq=675driver-btm-c5.c:5111:set_frequency: Chain:7 min freq=675driver-btm-c5.c:5119:set_frequency: max freq = 675driver-btm-c5.c:4162:ProcessFixFreq: totalRate = 14107, fixed_totalRate = 14000driver-btm-c5.c:9604:init_uart_baud: set baud=1driver-btm-c5.c:6593:calibration_sensor_offset: Chain[J6] PIC temp offset: 62,0,0,0,0,0,35,28,0,0,0,0,0,0,0,0,0,0,driver-btm-c5.c:6627:calibration_sensor_offset: chain[6] temp chip I2C addr=0x98driver-btm-c5.c:6635:calibration_sensor_offset: chain[6] has no middle temp, use special fix mode.driver-btm-c5.c:6660:calibration_sensor_offset: Chain[J6] chip[244] use PIC middle temp offset=0 typeID=55driver-btm-c5.c:6384:do_calibration_sensor_offset: New offset Chain[6] chip[244] local:24 remote:26 offset:28 driver-btm-c5.c:6753:calibration_sensor_offset: Chain[J6] chip[244] get middle temp offset=28 typeID=55driver-btm-c5.c:6593:calibration_sensor_offset: Chain[J7] PIC temp offset: 62,0,0,0,0,0,35,28,0,0,0,0,0,0,0,0,0,0,driver-btm-c5.c:6627:calibration_sensor_offset: chain[7] temp chip I2C addr=0x98driver-btm-c5.c:6635:calibration_sensor_offset: chain[7] has no middle temp, use special fix mode.driver-btm-c5.c:6660:calibration_sensor_offset: Chain[J7] chip[244] use PIC middle temp offset=0 typeID=1adriver-btm-c5.c:6377:do_calibration_sensor_offset: Warning: Chain[6] chip[244] local:18 remote:93 offset:-45, will fixed offset=27driver-btm-c5.c:6384:do_calibration_sensor_offset: New offset Chain[7] chip[244] local:18 remote:93 offset:27 driver-btm-c5.c:6753:calibration_sensor_offset: Chain[J7] chip[244] get middle temp offset=27 typeID=1adriver-btm-c5.c:6593:calibration_sensor_offset: Chain[J8] PIC temp offset: 62,0,0,0,0,0,35,28,0,0,0,0,0,0,0,0,0,0,driver-btm-c5.c:6627:calibration_sensor_offset: chain[8] temp chip I2C addr=0x98driver-btm-c5.c:6635:calibration_sensor_offset: chain[8] has no middle temp, use special fix mode.driver-btm-c5.c:6660:calibration_sensor_offset: Chain[J8] chip[244] use PIC middle temp offset=0 typeID=00driver-btm-c5.c:6384:do_calibration_sensor_offset: New offset Chain[8] chip[244] local:24 remote:29 offset:25 driver-btm-c5.c:6753:calibration_sensor_offset: Chain[J8] chip[244] get middle temp offset=25 typeID=55driver-btm-c5.c:13651:bitmain_c5_init: single board rate=4668 voltage limit=880 on chain[5]driver-btm-c5.c:13688:bitmain_c5_init: get PIC voltage=870 on chain[5], check: must be < 880driver-btm-c5.c:13651:bitmain_c5_init: single board rate=4745 voltage limit=880 on chain[6]driver-btm-c5.c:13688:bitmain_c5_init: get PIC voltage=870 on chain[6], check: must be < 880driver-btm-c5.c:13651:bitmain_c5_init: single board rate=4693 voltage limit=880 on chain[7]driver-btm-c5.c:13688:bitmain_c5_init: get PIC voltage=870 on chain[7], check: must be < 880driver-btm-c5.c:12103:set_working_voltage: setting to working voltage...driver-btm-c5.c:12083:slowly_downgrade_voltage_all_chain: chain[5] set voltage to 930driver-btm-c5.c:12083:slowly_downgrade_voltage_all_chain: chain[6] set voltage to 930driver-btm-c5.c:12083:slowly_downgrade_voltage_all_chain: chain[7] set voltage to 930driver-btm-c5.c:12083:slowly_downgrade_voltage_all_chain: chain[5] set voltage to 920driver-btm-c5.c:12083:slowly_downgrade_voltage_all_chain: chain[6] set voltage to 920driver-btm-c5.c:12083:slowly_downgrade_voltage_all_chain: chain[7] set voltage to 920driver-btm-c5.c:12083:slowly_downgrade_voltage_all_chain: chain[5] set voltage to 910driver-btm-c5.c:12083:slowly_downgrade_voltage_all_chain: chain[6] set voltage to 910driver-btm-c5.c:12083:slowly_downgrade_voltage_all_chain: chain[7] set voltage to 910driver-btm-c5.c:12083:slowly_downgrade_voltage_all_chain: chain[5] set voltage to 900driver-btm-c5.c:12083:slowly_downgrade_voltage_all_chain: chain[6] set voltage to 900driver-btm-c5.c:12083:slowly_downgrade_voltage_all_chain: chain[7] set voltage to 900driver-btm-c5.c:12083:slowly_downgrade_voltage_all_chain: chain[5] set voltage to 890driver-btm-c5.c:12083:slowly_downgrade_voltage_all_chain: chain[6] set voltage to 890driver-btm-c5.c:12083:slowly_downgrade_voltage_all_chain: chain[7] set voltage to 890driver-btm-c5.c:12083:slowly_downgrade_voltage_all_chain: chain[5] set voltage to 880driver-btm-c5.c:12083:slowly_downgrade_voltage_all_chain: chain[6] set voltage to 880driver-btm-c5.c:12083:slowly_downgrade_voltage_all_chain: chain[7] set voltage to 880driver-btm-c5.c:12083:slowly_downgrade_voltage_all_chain: chain[5] set voltage to 870driver-btm-c5.c:12083:slowly_downgrade_voltage_all_chain: chain[6] set voltage to 870driver-btm-c5.c:12083:slowly_downgrade_voltage_all_chain: chain[7] set voltage to 870driver-btm-c5.c:13954:bitmain_c5_init: start thread for read tempsetStartTimePoint total_tv_start_sys=145 total_tv_end_sys=146driver-btm-c5.c:10320:check_system_work: restartNum = 2 , auto-reinit enabled...do read_temp_func once...get RT hashrate from Chain[5]: (asic index start from 1-63)get RT hashrate from Chain[6]: (asic index start from 1-63)get RT hashrate from Chain[7]: (asic index start from 1-63)Check Chain[J6] ASIC RT error: (asic index start from 1-63)Check Chain[J7] ASIC RT error: (asic index start from 1-63)Check Chain[J8] ASIC RT error: (asic index start from 1-63)Done check_asic_regread failed on Chain[5] Chip[62] middle Temp old value:15Special fix Chain[5] Chip[62] middle Temp = 15Done read temp on Chain[5]read failed on Chain[6] Chip[62] middle Temp old value:15Special fix Chain[6] Chip[62] middle Temp = 15Done read temp on Chain[6]read failed on Chain[7] Chip[62] middle Temp old value:15Special fix Chain[7] Chip[62] middle Temp = 15Done read temp on Chain[7]Max pcb temp : 0Set fixed fan speed=100FAN PWM: 100read_temp_func Done!CRC error counter=1",
  "score": 0,
  "upvotes": 0,
  "downvotes": 0,
  "url": "https://bitcointalk.org/index.php?topic=5452432",
  "comments": [
    {
      "author": "BitMaxz",
      "created_time": "May 13, 2023, 03:19:48 PMLast edit: May 14, 2023, 07:01:46 PM by BitMaxz",
      "body": "Based in your image it looks fine have you tried to mine on other pool to test?It seems you are using miningrig rentals I would like you to try to mine on Viabtc pool to test or https://solo.ckpool.org/Let's see if it would mine then update here.",
      "score": 0,
      "upvotes": 0,
      "downvotes": 0
    },
    {
      "author": "paid2",
      "created_time": "May 13, 2023, 07:19:22 PM",
      "body": "Yeah absolutely, OP could you try with solo.ckpool and tell us if the problem persists?From the image you shared, the 3 hashboards are well detected, all your chips look ok (only o's and no x's under ASIC status), both of fans are running.It seems that you have a problem with your pool.",
      "score": 0,
      "upvotes": 0,
      "downvotes": 0
    },
    {
      "author": "mikeywith",
      "created_time": "May 17, 2023, 03:30:32 AM",
      "body": "Your Stratum URL looks pretty strange, not even sure how it shows alive, nowhere in miningrigrentals where it mentions anything about that 3311 port you are using, either way, it could be any thing that causes this issue, but it would be a waste of time to try and blame anything before checking a different pool, and please tell me, why on earth would you use the same exact URL and worker on ALL three pools? this is wrong in every way even if your miner was hashing at full speed, do NOT use the same pool on all 3 fields.",
      "score": 0,
      "upvotes": 0,
      "downvotes": 0
    }
  ]
}