{
  "id": "topic_5454773",
  "title": "Dgnash",
  "author": "Dgnash",
  "created_time": "June 01, 2023, 02:27:30 PM",
  "content": "hello, i have s19 86th one hashboard is finding 38 asic out of 88 the other 2 hashboards are 88 but why is the machine turns off and not hashing on the other 2 ?i tried but i got this message **powering of hashboard**i also tried to remove the hashboard but the machine not workhere is the log [    0.000000@0] Booting Linux on physical CPU 0x0[    0.000000@0] Linux version 4.9.113 (jenkins@nomd-nomd-fwc-bj) (gcc version 6.3.1 20170109 (Linaro GCC 6.3-2017.02) ) #1 SMP PREEMPT Mon Dec 26 17:29:52 CST 2022[    0.000000@0] Boot CPU: AArch64 Processor [410fd034][    0.000000@0] earlycon: aml_uart0 at MMIO 0x00000000ff803000 (options '')[    0.000000@0] bootconsole [aml_uart0] enabled[    0.000000@0] efi: Getting EFI parameters from FDT:[    0.000000@0] efi: UEFI not found.[    0.000000@0]     07400000 - 07500000,     1024 KB, ramoops@0x07400000[    0.000000@0] __reserved_mem_alloc_size, start:0x0000000005000000, end:0x0000000005400000, len:4 MiB[    0.000000@0]     05000000 - 05400000,     4096 KB, linux,secmon[    0.000000@0] __reserved_mem_alloc_size, start:0x000000003e000000, end:0x0000000040000000, len:32 MiB[    0.000000@0] failed to allocate memory for node linux,meson-fb, size:32 MB[    0.000000@0] cma: Reserved 16 MiB at 0x000000000f000000[    0.000000@0] On node 0 totalpages: 65536[    0.000000@0]   DMA zone: 1024 pages used for memmap[    0.000000@0]   DMA zone: 0 pages reserved[    0.000000@0]   DMA zone: 65536 pages, LIFO batch:15[    0.000000@0] psci: probing for conduit method from DT.[    0.000000@0] psci: PSCIv1.0 detected in firmware.[    0.000000@0] psci: Using standard PSCI v0.2 function IDs[    0.000000@0] psci: MIGRATE_INFO_TYPE not supported.[    0.000000@0] psci: SMC Calling Convention v1.1[    0.000000@0] percpu: Embedded 25 pages/cpu @ffffffc00ef53000 s64536 r8192 d29672 u102400[    0.000000@0] pcpu-alloc: s64536 r8192 d29672 u102400 alloc=25*4096[    0.000000@0] pcpu-alloc:  0  1  2  3 [    0.000000@0] Detected VIPT I-cache on CPU0[    0.000000@0] CPU features: enabling workaround for ARM erratum 845719[    0.000000@0] Built 1 zonelists in Zone order, mobility grouping on.  Total pages: 64512[    0.000000@0] Kernel command line: init=/init console=ttyS0,115200 no_console_suspend earlycon=aml_uart,0xff803000 ramoops.pstore_en=1 ramoops.record_size=0x8000 ramoops.console_size=0x4000 logo=,loaded,androidboot.selinux=enforcing androidboot.firstboot=1 jtag=disable androidboot.hardware=amlogic androidboot.bootloader=U-Boot 2015.01 androidboot.build.expect.baseband=N/A androidboot.serialno=1234567890 rootfstype=ramfs init=/sbin/init[    0.000000@0] PID hash table entries: 1024 (order: 1, 8192 bytes)[    0.000000@0] Dentry cache hash table entries: 32768 (order: 6, 262144 bytes)[    0.000000@0] Inode-cache hash table entries: 16384 (order: 5, 131072 bytes)[    0.000000@0] Memory: 211688K/262144K available (8764K kernel code, 1194K rwdata, 2424K rodata, 3648K init, 1017K bss, 29976K reserved, 20480K cma-reserved)[    0.000000@0] Virtual kernel memory layout:[    0.000000@0]     modules : 0xffffff8000000000 - 0xffffff8008000000   (   128 MB)[    0.000000@0]     vmalloc : 0xffffff8008000000 - 0xffffffbebfff0000   (   250 GB)[    0.000000@0]       .text : 0xffffff8009080000 - 0xffffff8009910000   (  8768 KB)[    0.000000@0]     .rodata : 0xffffff8009910000 - 0xffffff8009b80000   (  2496 KB)[    0.000000@0]       .init : 0xffffff8009b80000 - 0xffffff8009f10000   (  3648 KB)[    0.000000@0]       .data : 0xffffff8009f10000 - 0xffffff800a03aa00   (  1195 KB)[    0.000000@0]        .bss : 0xffffff800a03aa00 - 0xffffff800a139034   (  1018 KB)[    0.000000@0]     fixed   : 0xffffffbefe7fb000 - 0xffffffbefec00000   (  4116 KB)[    0.000000@0]     PCI I/O : 0xffffffbefee00000 - 0xffffffbeffe00000   (    16 MB)[    0.000000@0]     vmemmap : 0xffffffbf00000000 - 0xffffffc000000000   (     4 GB maximum)[    0.000000@0]               0xffffffbf00000000 - 0xffffffbf00400000   (     4 MB actual)[    0.000000@0]     memory  : 0xffffffc000000000 - 0xffffffc010000000   (   256 MB)[    0.000000@0] SLUB: HWalign=64, Order=0-3, MinObjects=0, CPUs=4, Nodes=1[    0.000000@0] Preemptible hierarchical RCU implementation.[    0.000000@0]     Build-time adjustment of leaf fanout to 64.[    0.000000@0]     RCU restricting CPUs from NR_CPUS=8 to nr_cpu_ids=4.[    0.000000@0] RCU: Adjusting geometry for rcu_fanout_leaf=64, nr_cpu_ids=4[    0.000000@0] NR_IRQS:64 nr_irqs:64 0[    0.000000@0] irq_meson_gpio: 100 to 8 gpio interrupt mux initialized[    0.000000@0] axg_aoclkc_init: register ao clk ok![    0.000000@0] axg_amlogic_init_sdemmc: register amlogic sdemmc clk[    0.000000@0] axg_amlogic_init_sdemmc: register amlogic sdemmc clk[    0.000000@0] axg_amlogic_init_media: register meson media clk[    0.000000@0] axg_amlogic_init_misc: register amlogic axg misc clks[    0.000000@0] axg_amlogic_init_misc: register amlogic sdemmc clk[    0.000000@0] axg_clkc_init initialization complete[    0.000000@0] arm_arch_timer: Architected cp15 timer(s) running at 24.00MHz (phys).[    0.000000@0] clocksource: arch_sys_counter: mask: 0xffffffffffffff max_cycles: 0x588fe9dc0, max_idle_ns: 440795202592 ns[    0.000004@0] sched_clock: 56 bits at 24MHz, resolution 41ns, wraps every 4398046511097ns[    0.008251@0] meson_bc_timer: mclk->mux_reg =ffffff800800a190,mclk->reg =ffffff800800c194[    0.016911@0] Console: colour dummy device 80x25[    0.021107@0] Calibrating delay loop (skipped), value calculated using timer frequency.. 48.00 BogoMIPS (lpj=96000)[    0.031586@0] pid_max: default: 32768 minimum: 301[    0.036434@0] thread_stack_cache_init, vmap:ffffffc00e5af600, bitmap:ffffffc00e5a3000, cache page:e5e0[    0.045773@0] thread_stack_cache_init, allocation vm area:ffffffc00e5d94c0, addr:ffffff8020000000, size:20001000[    0.056005@0] cpu 0, vmap_stack:[ffffffc00ef5c960-ffffffc00ef60950][    0.062304@0] cpu 0, irq_stack: [ffffffc00ef53060-ffffffc00ef57050][    0.068603@0] cpu 1, vmap_stack:[ffffffc00ef75960-ffffffc00ef79950][    0.074904@0] cpu 1, irq_stack: [ffffffc00ef6c060-ffffffc00ef70050][    0.081203@0] cpu 2, vmap_stack:[ffffffc00ef8e960-ffffffc00ef92950][    0.087504@0] cpu 2, irq_stack: [ffffffc00ef85060-ffffffc00ef89050][    0.093803@0] cpu 3, vmap_stack:[ffffffc00efa7960-ffffffc00efab950][    0.100103@0] cpu 3, irq_stack: [ffffffc00ef9e060-ffffffc00efa2050][    0.106464@0] Security Framework initialized[    0.110696@0] SELinux:  Initializing.[    0.114389@0] SELinux:  Starting in permissive mode[    0.114426@0] Mount-cache hash table entries: 512 (order: 0, 4096 bytes)[    0.121106@0] Mountpoint-cache hash table entries: 512 (order: 0, 4096 bytes)[    0.128835@0] ftrace: allocating 30061 entries in 118 pages[    0.186526@0] sched-energy: CPU device node has no sched-energy-costs[    0.187339@0] CPU0: update cpu_capacity 1024[    0.191667@0] ASID allocator initialised with 32768 entries[    0.229807@0] secmon: can't fine clear_range[    0.230013@0] EFI services will not be available.[    0.233277@0] Meson chip version = RevC (25:C - 23:0)[    0.266945@1] Detected VIPT I-cache on CPU1[    0.267003@1] CPU1: update cpu_capacity 1024[    0.267005@1] CPU1: Booted secondary processor [410fd034][    0.295012@2] Detected VIPT I-cache on CPU2[    0.295065@2] CPU2: update cpu_capacity 1024[    0.295067@2] CPU2: Booted secondary processor [410fd034][    0.323078@3] Detected VIPT I-cache on CPU3[    0.323128@3] CPU3: update cpu_capacity 1024[    0.323130@3] CPU3: Booted secondary processor [410fd034][    0.323217@0] Brought up 4 CPUs[    0.362433@0] SMP: Total of 4 processors activated.[    0.367343@0] CPU features: detected feature: 32-bit EL0 Support[    0.373378@0] CPU features: detected feature: Kernel page table isolation (KPTI)[    0.383935@0] CPU: All CPU(s) started at EL2[    0.385118@0] alternatives: patching kernel code[    0.390417@1] addr:ffffff802007be10 is in kernel, size fix 4096->10, data:mode=0755[    0.397641@0] devtmpfs: initialized[    0.412643@0] DMI not present or invalid.[    0.413047@0] clocksource: jiffies: mask: 0xffffffff max_cycles: 0xffffffff, max_idle_ns: 7645041785100000 ns[    0.421010@0] futex hash table entries: 1024 (order: 4, 65536 bytes)[    0.427590@0] pinctrl core: initialized pinctrl subsystem[    0.433981@0] NET: Registered protocol family 16[    0.457542@0] cpuidle: using governor menu[    0.458032@0] vdso: 2 pages (1 code @ ffffff8009917000, 1 data @ ffffff8009f14000)[    0.463652@0] hw-breakpoint: found 6 breakpoint and 2 watchpoint registers.[    0.471058@0] DMA: preallocated 256 KiB pool for atomic allocations[    0.477186@0] clkmsr: clkmsr: driver init[    0.481249@0] aml_watch_point_probe, in, wp:2[    0.485829@0] pstore: using zlib compression[    0.490094@0] console [pstore-1] enabled[    0.493527@0] pstore: Registered ramoops as persistent store backend[    0.499936@0] ramoops: attached 0x100000@0x7400000, ecc: 0/0[    0.514286@0] aml_iomap: amlogic iomap probe done[    0.521130@0] clkmsr: msr_clk_reg0=ffffff800817e004,msr_clk_reg2=ffffff80081d100c[    0.523070@0] clkmsr ffd18004.meson_clk_msr: failed to get msr ring reg0[    0.627341@0] usbcore: registered new interface driver usbfs[    0.627506@0] usbcore: registered new interface driver hub[    0.633123@0] usbcore: registered new device driver usb[    0.638402@0] pps_core: LinuxPPS API ver. 1 registered[    0.643350@0] pps_core: Software ver. 5.3.6 - Copyright 2005-2007 Rodolfo Giometti <giometti@linux.it>[    0.652736@0] PTP clock support registered[    0.657074@0] dmi: Firmware registration failed.[    0.662080@0] secmon: reserve_mem_size:0x300000[    0.666101@0] secmon secmon: assigned reserved memory node linux,secmon[    0.673012@0] secmon: get page:ffffffbf00140000, 5000[    0.677714@0] secmon: share in base: 0xffffffc0050fe000, share out base: 0xffffffc0050ff000[    0.686101@0] secmon: phy_in_base: 0x50fe000, phy_out_base: 0x50ff000[    0.693972@0] NetLabel: Initializing[    0.696152@0] NetLabel:  domain hash size = 128[    0.700737@0] NetLabel:  protocols = UNLABELED CIPSOv4[    0.705970@0] NetLabel:  unlabeled traffic allowed by default[    0.712567@0] clocksource: Switched to clocksource arch_sys_counter[    0.839380@0] VFS: Disk quotas dquot_6.6.0[    0.839525@0] VFS: Dquot-cache hash table entries: 512 (order 0, 4096 bytes)[    0.865713@2] NET: Registered protocol family 2[    0.866766@2] TCP established hash table entries: 2048 (order: 2, 16384 bytes)[    0.871959@2] TCP bind hash table entries: 2048 (order: 3, 32768 bytes)[    0.878673@2] TCP: Hash tables configured (established 2048 bind 2048)[    0.885232@2] UDP hash table entries: 256 (order: 1, 8192 bytes)[    0.891174@2] UDP-Lite hash table entries: 256 (order: 1, 8192 bytes)[    0.897911@2] NET: Registered protocol family 1[    0.902870@2] RPC: Registered named UNIX socket transport module.[    0.908312@2] RPC: Registered udp transport module.[    0.913197@2] RPC: Registered tcp transport module.[    0.918085@2] RPC: Registered tcp NFSv4.1 backchannel transport module.[    0.927247@2] Unpacking initramfs...[    1.427373@2] Initramfs unpacking failed: junk in compressed archive[    1.434201@2] Freeing initrd memory: 6572K[    1.435097@2] hw perfevents: clusterb_enabled = 0[    1.437451@2] hw perfevents: cpumasks 0xf, 0x0[    1.441921@2] hw perfevents: cluster A irq = 7[    1.446492@2] hw perfevents: enabled with armv8_pmuv3 PMU driver, 7 counters available[    1.456624@2] audit: initializing netlink subsys (disabled)[    1.459941@2] audit: type=2000 audit(1.272:1): initialized[    1.467319@2] workingset: timestamp_bits=62 max_order=16 bucket_order=0[    1.491396@2] squashfs: version 4.0 (2009/01/31) Phillip Lougher[    1.494354@2] NFS: Registering the id_resolver key type[    1.497112@2] Key type id_resolver registered[    1.501419@2] Key type id_legacy registered[    1.506049@2] fuse init (API version 7.26)[    1.511406@2] SELinux:  Registering netfilter hooks[    1.517908@2] NET: Registered protocol family 38[    1.517969@2] Key type asymmetric registered[    1.521220@2] Asymmetric key parser 'x509' registered[    1.526689@2] Block layer SCSI generic (bsg) driver version 0.4 loaded (major 248)[    1.533912@2] io scheduler noop registered (default)[    1.538954@2] io scheduler deadline registered[    1.543689@2] io scheduler cfq registered[    1.564021@3] random: fast init done[    1.564119@3] random: crng init done[    1.564685@2] Unable to detect cache hierarchy for CPU 0[    1.601812@2] loop: module loaded[    1.607318@2] zram: Added device: zram0[    1.607712@2] mtdoops: mtd device (mtddev=name/number) must be supplied[    1.612944@2] libphy: Fixed MDIO Bus: probed[    1.618601@2] tun: Universal TUN/TAP device driver, 1.6[    1.621744@2] tun: (C) 1999-2004 Max Krasnyansky <maxk@qualcomm.com>[    1.629931@2]  ee eth reset:Addr = ffffff80081fd008[    1.637436@2] meson6-dwmac ff3f0000.ethernet: no reset control found[    1.639386@2] stmmac - user ID: 0x11, Synopsys ID: 0x37[    1.644659@2]  Ring mode enabled[    1.647867@2]  DMA HW capability register supported[    1.652619@2]  Normal descriptors[    1.655915@2]  RX Checksum Offload Engine supported[    1.660832@2]     COE Type 2[    1.663440@2]  TX Checksum insertion supported[    1.667926@2]  Wake-Up On Lan supported[    1.671859@2]  Enable RX Mitigation via HW Watchdog Timer[    1.685318@2] libphy: stmmac: probed[    1.685369@2] eth%d: PHY ID 0007c0f1 at 0 IRQ POLL (stmmac-0:00) active[    1.691787@2] PPP generic driver version 2.4.2[    1.694794@2] PPP BSD Compression module registered[    1.699314@2] PPP Deflate Compression module registered[    1.704571@2] PPP MPPE Compression module registered[    1.709519@2] NET: Registered protocol family 24[    1.715003@2] ehci_hcd: USB 2.0 'Enhanced' Host Controller (EHCI) Driver[    1.720915@2] ohci_hcd: USB 1.1 'Open' Host Controller (OHCI) Driver[    1.727971@2] usbcore: registered new interface driver cdc_acm[    1.733173@2] cdc_acm: USB Abstract Control Model driver for USB modems and ISDN adapters[    1.741607@2] usbcore: registered new interface driver usbserial[    1.748285@0] mousedev: PS/2 mouse device common for all mice[    1.753711@0] usbcore: registered new interface driver xpad[    1.759133@2] i2c /dev entries driver[    1.763882@2] cpu cpu0: bL_cpufreq_init: CPU 0 initialized[    1.768150@2] arm_big_little: bL_cpufreq_register: Registered platform driver: scpi[    1.779119@2] ff803000.serial: clock gate not found[    1.780678@2] meson_uart ff803000.serial: ==uart0 reg addr = ffffff800830d000[    1.787841@2] ff803000.serial: ttyS0 at MMIO 0xff803000 (irq = 13, base_baud = 1500000) is a meson_uart[    1.802779@2] meson_uart ff803000.serial: ttyS0 use xtal(24M) 24000000 change 0 to 115200[    1.805488@2] console [ttyS0] enabled[    1.812700@2] bootconsole [aml_uart0] disabled[    1.822388@3] ff804000.serial: clock gate not found[    1.826493@3] meson_uart ff804000.serial: ==uart3 reg addr = ffffff8008321000[    1.833607@3] ff804000.serial: ttyS3 at MMIO 0xff804000 (irq = 14, base_baud = 1500000) is a meson_uart[    1.843947@0] meson_uart ffd24000.serial: ==uart1 reg addr = ffffff8008323000[    1.850104@0] ffd24000.serial: ttyS1 at MMIO 0xffd24000 (irq = 25, base_baud = 1500000) is a meson_uart[    1.860257@2] meson_uart ffd23000.serial: ==uart2 reg addr = ffffff8008325000[    1.866567@2] ffd23000.serial: ttyS2 at MMIO 0xffd23000 (irq = 26, base_baud = 1500000) is a meson_uart[    1.877558@3] amlogic-new-usb2 ffe09000.usb2phy: USB2 phy probe:phy_mem:0xffe09000, iomap phy_base:0xffffff8008348000[    1.886815@3] amlogic-new-usb3 ffe09080.usb3phy: This phy has no usb port[    1.893326@3] amlogic-new-usb3 ffe09080.usb3phy: USB3 phy probe:phy_mem:0xffe09080, iomap phy_base:0xffffff800834c080[    1.908326@3] i2c i2c-1: of_i2c: modalias failure on /soc/aobus@ff800000/i2c@5000/mcu6350@40[    1.912142@3] i2c i2c-1: Failed to create I2C device for /soc/aobus@ff800000/i2c@5000/mcu6350@40[    1.924361@3] aml_dma ff63e000.aml_dma: Aml dma[    1.927604@3] aml_aes_dma ff63e000.aml_dma:aml_aes: Aml AES_dma[    1.932676@3] aml_sha_dma ff63e000.aml_dma:aml_sha: Aml SHA1/SHA224/SHA256 dma[    1.939038@3] efusekeynum: 4[    1.941385@3] efusekeyname:             mac    offset:     0    size:     6[    1.947764@3] efusekeyname:          mac_bt    offset:     6    size:     6[    1.954176@3] efusekeyname:        mac_wifi    offset:    12    size:     6[    1.960652@3] efusekeyname:            usid    offset:    18    size:    16[    1.967415@0] efuse efuse: probe OK![    1.972918@0] meson-mmc: mmc driver version: 3.02, 2017-05-15: New Emmc Host Controller[    1.980072@1] meson-mmc: >>>>>>>>hostbase ffffff8008358000, dmode [    1.985244@1] meson-mmc: actual_clock :400000, HHI_nand: 0x80[    1.990398@1] meson-mmc: [meson_mmc_clk_set_rate_v3] after clock: 0x1000033c[    2.036710@1] meson-mmc: meson_mmc_probe() : success![    2.036966@1] amlogic mtd driver init[    2.041018@1] prase_get_dtb_nand_parameter:128,parse dts start[    2.045783@1] bl mode descrete[    2.048663@1] fip_copies 4[    2.051327@1] fip_size 0x200000[    2.054467@1] nand_clk_ctrl 0xffe07000[    2.058191@1] prase_get_dtb_nand_parameter:234,parse dts end[    2.063858@1] nand_clk_ctrl 0xffe07000[    2.067580@1] nand register base ffffff80083df800, nand clock register ffffff80083e1000[    2.076322@1] plat->aml_nand_device ffffff800a005c10[    2.080504@1] m3_nand_probe() aml_nand_device ffffff800a005c10[    2.086563@1] NAND device id: 2c da 90 95 6 0[    2.090614@1] NAND device: Manufacturer ID: [    2.094681@1]  0x2c, Chip ID: 0x2c (Micron A revision NAND 2Gib MT29F2G08-A)[    2.101723@1] oob_fill_cnt =32 oob_size =64, bch_bytes =14[    2.107157@1] ecc mode:6 ecc_page_num=2 eep_need_oobsize=16[    2.112705@1] plane_num=1 writesize=0x800 ecc.size=0x200 bch_mode=1[    2.118950@1] mtd->oobavail: 0x8[    2.122346@1] aml_nand_init 2119: plat-name:bootloader[    2.127269@1] Creating 1 MTD partitions on \"bootloader\":[    2.132617@1] 0x000000000000-0x000000200000 : \"bootloader\"[    2.141555@0] bootloader initialized ok[    2.141817@0] plat->aml_nand_device ffffff800a005c10[    2.146800@0] m3_nand_probe() aml_nand_device ffffff800a005c10[    2.152938@0] NAND device id: 2c da 90 95 6 0[    2.156957@0] NAND device: Manufacturer ID: [    2.160984@0]  0x2c, Chip ID: 0x2c (Micron A revision NAND 2Gib MT29F2G08-A)[    2.168025@0] oob_fill_cnt =32 oob_size =64, bch_bytes =14[    2.173459@0] ecc mode:6 ecc_page_num=2 eep_need_oobsize=16[    2.179011@0] plane_num=1 writesize=0x800 ecc.size=0x200 bch_mode=1[    2.185255@0] mtd->oobavail: 0x8[    2.188666@0] aml_nand_init 2119: plat-name:nandnormal[    2.193631@0] bbt_start=20[    2.196231@0] env_start=24[    2.198948@0] key_start=32[    2.201625@0] dtb_start=40[    2.204291@0] ddr_start=44[    2.206999@0] nbbt: info size=0x800 max_scan_blk=24, start_blk=20[    2.213492@0] get_free_node 43: bitmap=0[    2.216966@0] get_free_node 55: bitmap=1[    2.221057@0] get_free_node 43: bitmap=1[    2.224764@0] get_free_node 55: bitmap=3[    2.228854@0] get_free_node 43: bitmap=3[    2.232564@0] get_free_node 55: bitmap=7[    2.236447@0] nbbt : phy_blk_addr=20, ec=0, phy_page_addr=0, timestamp=1[    2.243135@0] nbbt free list:[    2.246083@0] blockN=21, ec=-1, dirty_flag=0[    2.250329@0] blockN=22, ec=-1, dirty_flag=0[    2.254575@0] blockN=23, ec=-1, dirty_flag=0[    2.258821@0] aml_nand_scan_rsv_info 1141: page_num=1[    2.264232@0] nbbt valid addr: 280000[    2.267492@0] aml_nand_bbt_check 1306 bbt is valid, reading.[    2.273133@0] aml_nand_read_rsv_info:423,read nbbt info at 280000[    2.279385@0] nenv: info size=0x10000 max_scan_blk=32, start_blk=24[    2.285812@0] get_free_node 43: bitmap=7[    2.289331@0] get_free_node 55: bitmap=f[    2.293422@0] get_free_node 43: bitmap=f[    2.297130@0] get_free_node 55: bitmap=1f[    2.301308@0] get_free_node 43: bitmap=1f[    2.305103@0] get_free_node 55: bitmap=3f[    2.309282@0] get_free_node 43: bitmap=3f[    2.313077@0] get_free_node 55: bitmap=7f[    2.317255@0] get_free_node 43: bitmap=7f[    2.321050@0] get_free_node 55: bitmap=ff[    2.325228@0] get_free_node 43: bitmap=ff[    2.329023@0] get_free_node 55: bitmap=1ff[    2.333288@0] get_free_node 43: bitmap=1ff[    2.337170@0] get_free_node 55: bitmap=3ff[    2.341244@0] nenv : phy_blk_addr=24, ec=0, phy_page_addr=0, timestamp=1[    2.347914@0] nenv free list:[    2.350862@0] blockN=25, ec=-1, dirty_flag=0[    2.355109@0] blockN=26, ec=-1, dirty_flag=0[    2.359355@0] blockN=27, ec=-1, dirty_flag=0[    2.363602@0] blockN=28, ec=-1, dirty_flag=0[    2.367848@0] blockN=29, ec=-1, dirty_flag=0[    2.372095@0] blockN=30, ec=-1, dirty_flag=0[    2.376341@0] blockN=31, ec=-1, dirty_flag=0[    2.380589@0] aml_nand_scan_rsv_info 1141: page_num=32[    2.397852@0] nenv valid addr: 310000[    2.397886@0] nkey: info size=0x8000 max_scan_blk=40, start_blk=32[    2.402241@0] get_free_node 43: bitmap=3ff[    2.406122@0] get_free_node 55: bitmap=7ff[    2.410387@0] get_free_node 43: bitmap=7ff[    2.414269@0] get_free_node 55: bitmap=fff[    2.418534@0] get_free_node 43: bitmap=fff[    2.422415@0] get_free_node 55: bitmap=1fff[    2.426767@0] get_free_node 43: bitmap=1fff[    2.430735@0] get_free_node 55: bitmap=3fff[    2.435087@0] get_free_node 43: bitmap=3fff[    2.439056@0] get_free_node 55: bitmap=7fff[    2.443407@0] get_free_node 43: bitmap=7fff[    2.447376@0] get_free_node 55: bitmap=ffff[    2.451726@0] get_free_node 43: bitmap=ffff[    2.455693@0] get_free_node 55: bitmap=1ffff[    2.460134@0] get_free_node 43: bitmap=1ffff[    2.464189@0] get_free_node 55: bitmap=3ffff[    2.468435@0] nkey : phy_blk_addr=-1, ec=0, phy_page_addr=0, timestamp=0[    2.475106@0] nkey free list:[    2.478054@0] blockN=32, ec=-1, dirty_flag=0[    2.482300@0] blockN=33, ec=-1, dirty_flag=0[    2.486547@0] blockN=34, ec=-1, dirty_flag=0[    2.490794@0] blockN=35, ec=-1, dirty_flag=0[    2.495040@0] blockN=36, ec=-1, dirty_flag=0[    2.499287@0] blockN=37, ec=-1, dirty_flag=0[    2.503534@0] blockN=38, ec=-1, dirty_flag=0[    2.507780@0] blockN=39, ec=-1, dirty_flag=0[    2.512027@0] aml_nand_scan_rsv_info 1141: page_num=16[    2.517140@0] nkey valid addr: fffffffffffe0000[    2.521646@0] aml_nand_key_check 1251 NO key exist[    2.526415@0] ndtb: info size=0x20000 max_scan_blk=44, start_blk=40[    2.533043@0] get_free_node 43: bitmap=3ffff[    2.536903@0] get_free_node 55: bitmap=7ffff[    2.541341@0] get_free_node 43: bitmap=7ffff[    2.545396@0] get_free_node 55: bitmap=fffff[    2.549833@0] get_free_node 43: bitmap=fffff[    2.553889@0] get_free_node 55: bitmap=1fffff[    2.558222@0] ndtb : phy_blk_addr=40, ec=0, phy_page_addr=0, timestamp=1[    2.564893@0] ndtb free list:[    2.567823@0] blockN=41, ec=-1, dirty_flag=0[    2.572087@0] blockN=42, ec=-1, dirty_flag=0[    2.576334@0] blockN=43, ec=-1, dirty_flag=0[    2.580580@0] aml_nand_scan_rsv_info 1141: page_num=64[    2.597885@0] ndtb valid addr: 500000[    2.597919@0] nddr: info size=0x20000 max_scan_blk=46, start_blk=44[    2.602363@0] get_free_node 43: bitmap=1fffff[    2.606504@0] get_free_node 55: bitmap=3fffff[    2.611029@0] get_free_node 43: bitmap=3fffff[    2.615171@0] get_free_node 55: bitmap=7fffff[    2.619504@0] nddr : phy_blk_addr=-1, ec=0, phy_page_addr=0, timestamp=0[    2.626175@0] nddr free list:[    2.629122@0] blockN=44, ec=-1, dirty_flag=0[    2.633369@0] blockN=45, ec=-1, dirty_flag=0[    2.637616@0] aml_nand_scan_rsv_info 1141: page_num=64[    2.642729@0] nddr valid addr: fffffffffffe0000[    2.647236@0] aml_nand_ddr_check 1281 NO ddr exist[    2.652007@0] tpl: off 8388608, size 8388608[    2.783834@0] Creating 6 MTD partitions on \"nandnormal\":[    2.783881@0] 0x000000800000-0x000001000000 : \"tpl\"[    2.794893@2] 0x000001000000-0x000001200000 : \"misc\"[    2.798210@3] 0x000001200000-0x000002200000 : \"recovery\"[    2.810084@3] 0x000002200000-0x000004200000 : \"boot\"[    2.829226@3] 0x000004200000-0x000004700000 : \"config\"[    2.833882@3] 0x000004700000-0x000010000000 : \"nvdata\"[    2.935629@0] nandnormal initialized ok[    2.935737@0] aml_ubootenv_init: register env chardev[    2.939473@0] aml_ubootenv_init: register env chardev OK[    2.944315@0] amlnf_dtb_init: register dtb cdev[    2.949358@0] amlnf_dtb_init: register dtd cdev OK[    2.953500@0] mtd_nand_probe 267 , err = 0[    2.958615@2] aml_vrtc rtc: rtc core: registered aml_vrtc as rtc0[    2.964067@2] input: aml_vkeypad as /devices/platform/rtc/input/input0[    2.971049@0] unifykey: storage in base: 0xffffffc005000000[    2.975685@0] unifykey: storage out base: 0xffffffc005040000[    2.981270@0] unifykey: storage block base: 0xffffffc005080000[    2.987080@0] unifykey: probe done![    2.991252@0] unifykey: no efuse-version set, use default value: -1[    2.996808@0] unifykey: key unify config unifykey-num is 6[    3.002362@0] unifykey: key unify fact unifykey-num is 6[    3.007543@0] unifykey: unifykey_devno: f200000[    3.012526@2] unifykey: device unifykeys created ok[    3.017029@2] unifykey: aml_unifykeys_init done![    3.021950@2] sysled: module init[    3.025409@2] meson_wdt ffd0f0d0.watchdog: start watchdog[    3.030178@2] meson_wdt ffd0f0d0.watchdog: creat work queue for watch dog[    3.037563@3] meson_wdt ffd0f0d0.watchdog: AML Watchdog Timer probed done[    3.046251@2] dmc_monitor_probe[    3.056706@2] defendkey defendkey: Reserved memory is not enough![    3.057199@2] defendkey: probe of defendkey failed with error -22[    3.063579@2] GACT probability NOT on[    3.066926@2] Mirror/redirect action on[    3.070731@2] u32 classifier[    3.073566@2]     Actions configured[    3.077134@2] Netfilter messages via NETLINK v0.30.[    3.082386@2] nf_conntrack version 0.5.0 (2048 buckets, 8192 max)[    3.088645@2] ctnetlink v0.93: registering with nfnetlink.[    3.094443@2] xt_time: kernel timezone is -0000[    3.098206@2] ipip: IPv4 and MPLS over IPv4 tunneling driver[    3.104840@2] ip_tables: (C) 2000-2006 Netfilter Core Team[    3.109504@2] arp_tables: arp_tables: (C) 2002 David S. Miller[    3.114990@2] Initializing XFRM netlink socket[    3.120510@2] NET: Registered protocol family 10[    3.126450@2] mip6: Mobile IPv6[    3.127074@2] ip6_tables: (C) 2000-2006 Netfilter Core Team[    3.133064@2] sit: IPv6, IPv4 and MPLS over IPv4 tunneling driver[    3.141075@2] NET: Registered protocol family 17[    3.143280@2] NET: Registered protocol family 15[    3.147925@2] bridge: filtering via arp/ip/ip6tables is no longer available by default. Update your scripts to load br_netfilter if you need this.[    3.161086@2] l2tp_core: L2TP core driver, V2.0[    3.165454@2] l2tp_ppp: PPPoL2TP kernel driver, V2.0[    3.170374@2] l2tp_ip: L2TP IP encapsulation support (L2TPv3)[    3.176129@2] l2tp_netlink: L2TP netlink interface[    3.180939@2] l2tp_eth: L2TP ethernet pseudowire support (L2TPv3)[    3.186995@2] l2tp_debugfs: L2TP debugfs support[    3.191549@2] l2tp_ip6: L2TP IP encapsulation support for IPv6 (L2TPv3)[    3.198172@2] NET: Registered protocol family 35[    3.203110@2] Key type dns_resolver registered[    3.207665@2] Registered swp emulation handler[    3.211572@2] Registered cp15_barrier emulation handler[    3.216756@2] Registered setend emulation handler[    3.221505@2] disable EAS feature[    3.226129@0] registered taskstats version 1[    3.242629@3] dwc3 ff500000.dwc3: Configuration mismatch. dr_mode forced to host[    3.749080@3] xhci-hcd xhci-hcd.0.auto: xHCI Host Controller[    3.749170@3] xhci-hcd xhci-hcd.0.auto: new USB bus registered, assigned bus number 1[    3.757511@3] xhci-hcd xhci-hcd.0.auto: hcc params 0x0220f664 hci version 0x100 quirks 0x02010010[    3.765899@3] xhci-hcd xhci-hcd.0.auto: irq 22, io mem 0xff500000[    3.773424@1] hub 1-0:1.0: USB hub found[    3.775795@1] hub 1-0:1.0: 1 port detected[    3.780462@1] xhci-hcd xhci-hcd.0.auto: xHCI Host Controller[    3.785492@1] xhci-hcd xhci-hcd.0.auto: new USB bus registered, assigned bus number 2[    3.793371@1] usb usb2: We don't know the algorithms for LPM for this host, disabling LPM.[    3.802821@2] hub 2-0:1.0: USB hub found[    3.805507@2] hub 2-0:1.0: config failed, hub doesn't have any ports! (err -19)[    3.812758@2] usb usb2: Unsupported the hub[    3.817501@2] aml_vrtc rtc: setting system clock to 2015-01-01 00:00:08 UTC (1420070408)[    3.825616@2] dwc_otg ff400000.dwc2_a: dwc_otg_driver_probe(ffffffc00d197000)[    3.825693@2] dwc_otg: usb0: type: 2 speed: 0, config: 0, dma: 0, id: 0, phy: ffe09000, ctrl: 0[    3.833568@2] dwc_otg ff400000.dwc2_a: base=0xffffff8008580000[    3.833581@2] dwc_otg ff400000.dwc2_a: dwc_otg_device=0xffffffc00bbd6c00[    3.934167@2] dwc_otg: Core Release: 3.10a[    3.934220@2] dwc_otg: Setting default values for core params[    3.938416@2] dwc_otg: curmode: 0, host_only: 0[    3.942918@2] dwc_otg ff400000.dwc2_a: DMA config: BURST_DEFAULT[    3.955427@2] dwc_otg: Using Buffer DMA mode[    3.955464@2] dwc_otg: OTG VER PARAM: 1, OTG VER FLAG: 1[    3.959370@2] dwc_otg: Working on port type = SLAVE[    3.964227@2] dwc_otg: Dedicated Tx FIFOs mode[    3.971089@2] thermal thermal_zone0: binding zone soc_thermal with cdev thermal-cpufreq-0 failed:-22[    3.977943@2] cpucore_cooling_register, max_cpu_core_num:4[    3.990121@0] gxbb_pm: enter meson_pm_probe![    3.990179@0] no vddio3v3_en pin[    3.991827@0] pm-meson aml_pm: Can't get switch_clk81[    3.996936@0] gxbb_pm: meson_pm_probe done[    4.001854@0] meson_uart ff803000.serial: ttyS0 use xtal(24M) 24000000 change 115200 to 115200[    4.008189@0] Freeing unused kernel memory: 3648K[    4.023003@0] meson_uart ff803000.serial: ttyS0 use xtal(24M) 24000000 change 115200 to 115200[    4.276448@3] ubi0: attaching mtd5[    4.295005@3] ubi0: scanning is finished[    4.299841@1] ubi0: attached mtd5 (name \"config\", size 5 MiB)[    4.299971@1] ubi0: PEB size: 131072 bytes (128 KiB), LEB size: 126976 bytes[    4.307035@1] ubi0: min./max. I/O unit sizes: 2048/2048, sub-page size 2048[    4.313946@1] ubi0: VID header offset: 2048 (aligned 2048), data offset: 4096[    4.321049@1] ubi0: good PEBs: 40, bad PEBs: 0, corrupted PEBs: 0[    4.327108@1] ubi0: user volume: 1, internal volumes: 1, max. volumes count: 128[    4.334484@1] ubi0: max/mean erase counter: 11/5, WL threshold: 4096, image sequence number: 3781793523[    4.343834@1] ubi0: available PEBs: 0, total reserved PEBs: 40, PEBs reserved for bad PEB handling: 4[    4.353056@3] ubi0: background thread \"ubi_bgt0d\" started, PID 1076[    4.366128@0] UBIFS (ubi0:0): background thread \"ubifs_bgt0_0\" started, PID 1080[    4.382717@2] UBIFS (ubi0:0): recovery needed[    4.435283@3] UBIFS (ubi0:0): recovery completed[    4.435578@3] UBIFS (ubi0:0): UBIFS: mounted UBI device 0, volume 0, name \"config_data\"[    4.442307@3] UBIFS (ubi0:0): LEB size: 126976 bytes (124 KiB), min./max. I/O unit sizes: 2048 bytes/2048 bytes[    4.452329@3] UBIFS (ubi0:0): FS size: 2793472 bytes (2 MiB, 22 LEBs), journal size 1015809 bytes (0 MiB, 6 LEBs)[    4.462551@3] UBIFS (ubi0:0): reserved for root: 131942 bytes (128 KiB)[    4.469140@3] UBIFS (ubi0:0): media format: w4/r0 (latest is w4/r0), UUID 38989F77-AA0A-49AA-89BD-D3CED410D6F8, small LPT model[    4.493567@1] ubi2: attaching mtd6[    5.166854@1] ubi2: scanning is finished[    5.174218@3] ubi2: attached mtd6 (name \"nvdata\", size 185 MiB)[    5.174516@3] ubi2: PEB size: 131072 bytes (128 KiB), LEB size: 126976 bytes[    5.181630@3] ubi2: min./max. I/O unit sizes: 2048/2048, sub-page size 2048[    5.188491@3] ubi2: VID header offset: 2048 (aligned 2048), data offset: 4096[    5.195586@3] ubi2: good PEBs: 1480, bad PEBs: 0, corrupted PEBs: 0[    5.201833@3] ubi2: user volume: 1, internal volumes: 1, max. volumes count: 128[    5.209194@3] ubi2: max/mean erase counter: 6/2, WL threshold: 4096, image sequence number: 1438798243[    5.218473@3] ubi2: available PEBs: 0, total reserved PEBs: 1480, PEBs reserved for bad PEB handling: 4[    5.227850@2] ubi2: background thread \"ubi_bgt2d\" started, PID 1088[    5.240851@0] UBIFS (ubi2:0): background thread \"ubifs_bgt2_0\" started, PID 1092[    5.257484@1] UBIFS (ubi2:0): recovery needed[    5.310087@1] UBIFS (ubi2:0): recovery completed[    5.310352@1] UBIFS (ubi2:0): UBIFS: mounted UBI device 2, volume 0, name \"nvdata_data\"[    5.317097@1] UBIFS (ubi2:0): LEB size: 126976 bytes (124 KiB), min./max. I/O unit sizes: 2048 bytes/2048 bytes[    5.327136@1] UBIFS (ubi2:0): FS size: 185384960 bytes (176 MiB, 1460 LEBs), journal size 9269248 bytes (8 MiB, 73 LEBs)[    5.337962@1] UBIFS (ubi2:0): reserved for root: 4952683 bytes (4836 KiB)[    5.344724@1] UBIFS (ubi2:0): media format: w4/r0 (latest is w4/r0), UUID CB7C8712-2E09-4695-B396-F8754977D534, small LPT model[    5.564852@1] eth0: device MAC address 02:f0:11:63:83:f0[    5.649542@3] meson6-dwmac ff3f0000.ethernet eth0: fail to init PTP.[    5.650834@3] IPv6: ADDRCONF(NETDEV_UP): eth0: link is not ready[    5.897565@0] uart_trans: loading out-of-tree module taints kernel.[    5.900025@0] register uart_trans chrdev success.[    5.903646@0] meson_uart ff804000.serial: ttyS3 use xtal(24M) 24000000 change 0 to 9600[    5.911152@0] tty port open success [/dev/ttyS3]![    5.915825@0] meson_uart ff804000.serial: ttyS3 use xtal(24M) 24000000 change 9600 to 115200[    5.924104@0] init sucess for tty struct (246:3)  [/dev/ttyS3][    5.930198@0] meson_uart ffd23000.serial: ttyS2 use xtal(24M) 24000000 change 0 to 9600[    5.937927@0] tty port open success [/dev/ttyS2]![    5.942581@0] meson_uart ffd23000.serial: ttyS2 use xtal(24M) 24000000 change 9600 to 115200[    5.950979@0] init sucess for tty struct (246:2)  [/dev/ttyS2][    5.957055@0] meson_uart ffd24000.serial: ttyS1 use xtal(24M) 24000000 change 0 to 9600[    5.964713@0] tty port open success [/dev/ttyS1]![    5.969367@0] meson_uart ffd24000.serial: ttyS1 use xtal(24M) 24000000 change 9600 to 115200[    5.977848@0] init sucess for tty struct (246:1)  [/dev/ttyS1][    5.983894@3] create workqueue success![    7.704850@3] meson6-dwmac ff3f0000.ethernet eth0: Link is Up - 100Mbps/Full - flow control rx/tx[    7.708132@3] IPv6: ADDRCONF(NETDEV_CHANGE): eth0: link becomes ready===========================================Miner log===========================================2015-01-01 00:00:15 Open miner sn file /config/sn error2015-01-01 00:00:15 Miner compile time: Mon Dec 26 17:10:01 CST 2022 type: Antminer BHB42XXX sn :2015-01-01 00:00:16 This is fix-freq version2015-01-01 00:00:16 Miner compile time: Mon Dec 26 17:10:01 CST 2022 type: Antminer BHB42XXX2015-01-01 00:00:16 commit version: f2ab6bc 2022-12-26 17:08:34, build by: jenkins 2022-12-26 17:22:172015-01-01 00:00:16 opt_multi_version     = 12015-01-01 00:00:16 opt_bitmain_ab        = 12015-01-01 00:00:16 mid_auto_gen          = 12015-01-01 00:00:16 opt_bitmain_work_mode = 32015-01-01 00:00:16 port 439 already exported2015-01-01 00:00:16 port 454 already exported2015-01-01 00:00:16 port 440 already exported2015-01-01 00:00:16 port 455 already exported2015-01-01 00:00:16 port 441 already exported2015-01-01 00:00:16 port 456 already exported2015-01-01 00:00:16 port 438 already exported2015-01-01 00:00:16 port 453 already exported2015-01-01 00:00:16 port 446 already exported2015-01-01 00:00:16 port 445 already exported2015-01-01 00:00:16 Note: front fan is power on!2015-01-01 00:00:16 Note: rear fan is power on!2015-01-01 00:00:16 start the http log.2015-01-01 00:00:16 httpListenThread start ret=02015-01-01 00:00:16 start listen on 6060 ...2015-01-01 00:00:16 bad chain id = 32015-01-01 00:00:19 bad chain id = 32015-01-01 00:00:21 ==========================capability start==========================2015-01-01 00:00:21 board num = 32015-01-01 00:00:21 board id = 0, chain num = 12015-01-01 00:00:21     chain id = 02015-01-01 00:00:21 board id = 1, chain num = 12015-01-01 00:00:21     chain id = 12015-01-01 00:00:21 board id = 2, chain num = 12015-01-01 00:00:21     chain id = 22015-01-01 00:00:21 ==========================capability end============================2015-01-01 00:00:21 chain num = 32015-01-01 00:00:21 skip loading levels for now2023-03-23 02:33:00 load chain 0 eeprom data2023-03-23 02:33:03 load chain 1 eeprom data2023-03-23 02:33:06 load chain 2 eeprom data2023-03-23 02:33:06 miner type: Antminer S192023-03-23 02:33:06 multi machine mode2023-03-23 02:33:06 load machine BHB42831 conf2023-03-23 02:33:06 machine : BHB42831 2023-03-23 02:33:06 chain_num 4, chain_domain_num 44, chain_asic_num 88, domain_asic_num 22023-03-23 02:33:06 abandon mix board!2023-03-23 02:33:06 abandon mix board!2023-03-23 02:33:06 fan_eft : 0  fan_pwm : 1002023-03-23 02:33:06 create thread get_nonce_and_register_thread2023-03-23 02:33:06 fixed working voltage = 15302023-03-23 02:33:06 fixed frequency is 6452023-03-23 02:33:06 Chain  PCB Version: 0x01002023-03-23 02:33:06 Chain  BOM Version: 0x00102023-03-23 02:33:06 Chain [1] PCB Version: 0x01002023-03-23 02:33:06 Chain [1] BOM Version: 0x00102023-03-23 02:33:06 Chain [2] PCB Version: 0x01002023-03-23 02:33:06 Chain [2] BOM Version: 0x00102023-03-23 02:33:06 bad chain id = 32023-03-23 02:33:06 Fan check passed.2023-03-23 02:33:06 uart_trans addr:0xf73ab000.2023-03-23 02:33:06 max sensor num = 42023-03-23 02:33:06 STATUS_INITED: soc init done!2023-03-23 02:33:06 temperature_monitor_thread start...2023-03-23 02:33:08 start to init...2023-03-23 02:33:08 i2c_sim_init start2023-03-23 02:33:08 init gpio4772023-03-23 02:33:08 init gpio4762023-03-23 02:33:08 i2c_sim_init end2023-03-23 02:33:10 power open power_version = 0x782023-03-23 02:33:12 power is not Calibrated2023-03-23 02:33:12 warning:power is not calibration.2023-03-23 02:33:14 power type version: 0x00782023-03-23 02:33:15 disable power watchdog: 0x00002023-03-23 02:33:16 Initializing the power, please wait, this may take up to 2 minutes...2023-03-23 02:33:47 Slept 30 seconds, diff = 0.2023-03-23 02:33:51 set_voltage_by_steps to 1700.2023-03-23 02:34:01 start up min temp by 75a = 152023-03-23 02:34:04 Chain[0]: find 88 asic, times 02023-03-23 02:34:06 Chain[1]: find 88 asic, times 02023-03-23 02:34:08 Chain[2]: find 38 asic, times 02023-03-23 02:34:10 Chain[2]: find 38 asic, times 12023-03-23 02:34:12 Chain[2]: find 38 asic, times 22023-03-23 02:34:12 Chain 2 only find 38 asic, will power off hash board 22023-03-23 02:34:12 ERROR_SOC_INIT: soc init failed!2023-03-23 02:34:12 stop_mining: soc init failed!2023-03-23 02:34:12 uninit_temp_info2023-03-23 02:34:12 do not read temp anymore...2023-03-23 02:34:12 cancel thread2023-03-23 02:34:12 ****power off hashboard****2023-03-23 02:34:13 temp monitor thread exit2023-03-23 02:34:37 Version num 655362023-03-23 02:34:37 Mask num 0x1fffe0002023-03-23 02:34:37 opt_multi_version = 65536, interval timeout = 32078592023-03-23 02:34:37 freq = 482, percent = 90, hcn = 5438, timeout = 3207859is there anyway to make it work on two boards ?",
  "score": 0,
  "upvotes": 0,
  "downvotes": 0,
  "url": "https://bitcointalk.org/index.php?topic=5454773",
  "comments": [
    {
      "author": "philipma1957",
      "created_time": "June 01, 2023, 03:11:12 PM",
      "body": "Quote from: Dgnash on June 01, 2023, 02:27:30 PMhello, i have s19 86th one hashboard is finding 38 asic out of 88 the other 2 hashboards are 88 but why is the machine turns off and not hashing on the other 2 ?i tried but i got this message **powering of hashboard**i also tried to remove the hashboard but the machine not workhere is the log Code:[    0.000000@0] Booting Linux on physical CPU 0x0[    0.000000@0] Linux version 4.9.113 (jenkins@nomd-nomd-fwc-bj) (gcc version 6.3.1 20170109 (Linaro GCC 6.3-2017.02) ) #1 SMP PREEMPT Mon Dec 26 17:29:52 CST 2022[    0.000000@0] Boot CPU: AArch64 Processor [410fd034][    0.000000@0] earlycon: aml_uart0 at MMIO 0x00000000ff803000 (options '')[    0.000000@0] bootconsole [aml_uart0] enabled[    0.000000@0] efi: Getting EFI parameters from FDT:[    0.000000@0] efi: UEFI not found.[    0.000000@0]     07400000 - 07500000,     1024 KB, ramoops@0x07400000[    0.000000@0] __reserved_mem_alloc_size, start:0x0000000005000000, end:0x0000000005400000, len:4 MiB[    0.000000@0]     05000000 - 05400000,     4096 KB, linux,secmon[    0.000000@0] __reserved_mem_alloc_size, start:0x000000003e000000, end:0x0000000040000000, len:32 MiB[    0.000000@0] failed to allocate memory for node linux,meson-fb, size:32 MB[    0.000000@0] cma: Reserved 16 MiB at 0x000000000f000000[    0.000000@0] On node 0 totalpages: 65536[    0.000000@0]   DMA zone: 1024 pages used for memmap[    0.000000@0]   DMA zone: 0 pages reserved[    0.000000@0]   DMA zone: 65536 pages, LIFO batch:15[    0.000000@0] psci: probing for conduit method from DT.[    0.000000@0] psci: PSCIv1.0 detected in firmware.[    0.000000@0] psci: Using standard PSCI v0.2 function IDs[    0.000000@0] psci: MIGRATE_INFO_TYPE not supported.[    0.000000@0] psci: SMC Calling Convention v1.1[    0.000000@0] percpu: Embedded 25 pages/cpu @ffffffc00ef53000 s64536 r8192 d29672 u102400[    0.000000@0] pcpu-alloc: s64536 r8192 d29672 u102400 alloc=25*4096[    0.000000@0] pcpu-alloc: [0] 0 [0] 1 [0] 2 [0] 3 [    0.000000@0] Detected VIPT I-cache on CPU0[    0.000000@0] CPU features: enabling workaround for ARM erratum 845719[    0.000000@0] Built 1 zonelists in Zone order, mobility grouping on.  Total pages: 64512[    0.000000@0] Kernel command line: init=/init console=ttyS0,115200 no_console_suspend earlycon=aml_uart,0xff803000 ramoops.pstore_en=1 ramoops.record_size=0x8000 ramoops.console_size=0x4000 logo=,loaded,androidboot.selinux=enforcing androidboot.firstboot=1 jtag=disable androidboot.hardware=amlogic androidboot.bootloader=U-Boot 2015.01 androidboot.build.expect.baseband=N/A androidboot.serialno=1234567890 rootfstype=ramfs init=/sbin/init[    0.000000@0] PID hash table entries: 1024 (order: 1, 8192 bytes)[    0.000000@0] Dentry cache hash table entries: 32768 (order: 6, 262144 bytes)[    0.000000@0] Inode-cache hash table entries: 16384 (order: 5, 131072 bytes)[    0.000000@0] Memory: 211688K/262144K available (8764K kernel code, 1194K rwdata, 2424K rodata, 3648K init, 1017K bss, 29976K reserved, 20480K cma-reserved)[    0.000000@0] Virtual kernel memory layout:[    0.000000@0]     modules : 0xffffff8000000000 - 0xffffff8008000000   (   128 MB)[    0.000000@0]     vmalloc : 0xffffff8008000000 - 0xffffffbebfff0000   (   250 GB)[    0.000000@0]       .text : 0xffffff8009080000 - 0xffffff8009910000   (  8768 KB)[    0.000000@0]     .rodata : 0xffffff8009910000 - 0xffffff8009b80000   (  2496 KB)[    0.000000@0]       .init : 0xffffff8009b80000 - 0xffffff8009f10000   (  3648 KB)[    0.000000@0]       .data : 0xffffff8009f10000 - 0xffffff800a03aa00   (  1195 KB)[    0.000000@0]        .bss : 0xffffff800a03aa00 - 0xffffff800a139034   (  1018 KB)[    0.000000@0]     fixed   : 0xffffffbefe7fb000 - 0xffffffbefec00000   (  4116 KB)[    0.000000@0]     PCI I/O : 0xffffffbefee00000 - 0xffffffbeffe00000   (    16 MB)[    0.000000@0]     vmemmap : 0xffffffbf00000000 - 0xffffffc000000000   (     4 GB maximum)[    0.000000@0]               0xffffffbf00000000 - 0xffffffbf00400000   (     4 MB actual)[    0.000000@0]     memory  : 0xffffffc000000000 - 0xffffffc010000000   (   256 MB)[    0.000000@0] SLUB: HWalign=64, Order=0-3, MinObjects=0, CPUs=4, Nodes=1[    0.000000@0] Preemptible hierarchical RCU implementation.[    0.000000@0]     Build-time adjustment of leaf fanout to 64.[    0.000000@0]     RCU restricting CPUs from NR_CPUS=8 to nr_cpu_ids=4.[    0.000000@0] RCU: Adjusting geometry for rcu_fanout_leaf=64, nr_cpu_ids=4[    0.000000@0] NR_IRQS:64 nr_irqs:64 0[    0.000000@0] irq_meson_gpio: 100 to 8 gpio interrupt mux initialized[    0.000000@0] axg_aoclkc_init: register ao clk ok![    0.000000@0] axg_amlogic_init_sdemmc: register amlogic sdemmc clk[    0.000000@0] axg_amlogic_init_sdemmc: register amlogic sdemmc clk[    0.000000@0] axg_amlogic_init_media: register meson media clk[    0.000000@0] axg_amlogic_init_misc: register amlogic axg misc clks[    0.000000@0] axg_amlogic_init_misc: register amlogic sdemmc clk[    0.000000@0] axg_clkc_init initialization complete[    0.000000@0] arm_arch_timer: Architected cp15 timer(s) running at 24.00MHz (phys).[    0.000000@0] clocksource: arch_sys_counter: mask: 0xffffffffffffff max_cycles: 0x588fe9dc0, max_idle_ns: 440795202592 ns[    0.000004@0] sched_clock: 56 bits at 24MHz, resolution 41ns, wraps every 4398046511097ns[    0.008251@0] meson_bc_timer: mclk->mux_reg =ffffff800800a190,mclk->reg =ffffff800800c194[    0.016911@0] Console: colour dummy device 80x25[    0.021107@0] Calibrating delay loop (skipped), value calculated using timer frequency.. 48.00 BogoMIPS (lpj=96000)[    0.031586@0] pid_max: default: 32768 minimum: 301[    0.036434@0] thread_stack_cache_init, vmap:ffffffc00e5af600, bitmap:ffffffc00e5a3000, cache page:e5e0[    0.045773@0] thread_stack_cache_init, allocation vm area:ffffffc00e5d94c0, addr:ffffff8020000000, size:20001000[    0.056005@0] cpu 0, vmap_stack:[ffffffc00ef5c960-ffffffc00ef60950][    0.062304@0] cpu 0, irq_stack: [ffffffc00ef53060-ffffffc00ef57050][    0.068603@0] cpu 1, vmap_stack:[ffffffc00ef75960-ffffffc00ef79950][    0.074904@0] cpu 1, irq_stack: [ffffffc00ef6c060-ffffffc00ef70050][    0.081203@0] cpu 2, vmap_stack:[ffffffc00ef8e960-ffffffc00ef92950][    0.087504@0] cpu 2, irq_stack: [ffffffc00ef85060-ffffffc00ef89050][    0.093803@0] cpu 3, vmap_stack:[ffffffc00efa7960-ffffffc00efab950][    0.100103@0] cpu 3, irq_stack: [ffffffc00ef9e060-ffffffc00efa2050][    0.106464@0] Security Framework initialized[    0.110696@0] SELinux:  Initializing.[    0.114389@0] SELinux:  Starting in permissive mode[    0.114426@0] Mount-cache hash table entries: 512 (order: 0, 4096 bytes)[    0.121106@0] Mountpoint-cache hash table entries: 512 (order: 0, 4096 bytes)[    0.128835@0] ftrace: allocating 30061 entries in 118 pages[    0.186526@0] sched-energy: CPU device node has no sched-energy-costs[    0.187339@0] CPU0: update cpu_capacity 1024[    0.191667@0] ASID allocator initialised with 32768 entries[    0.229807@0] secmon: can't fine clear_range[    0.230013@0] EFI services will not be available.[    0.233277@0] Meson chip version = RevC (25:C - 23:0)[    0.266945@1] Detected VIPT I-cache on CPU1[    0.267003@1] CPU1: update cpu_capacity 1024[    0.267005@1] CPU1: Booted secondary processor [410fd034][    0.295012@2] Detected VIPT I-cache on CPU2[    0.295065@2] CPU2: update cpu_capacity 1024[    0.295067@2] CPU2: Booted secondary processor [410fd034][    0.323078@3] Detected VIPT I-cache on CPU3[    0.323128@3] CPU3: update cpu_capacity 1024[    0.323130@3] CPU3: Booted secondary processor [410fd034][    0.323217@0] Brought up 4 CPUs[    0.362433@0] SMP: Total of 4 processors activated.[    0.367343@0] CPU features: detected feature: 32-bit EL0 Support[    0.373378@0] CPU features: detected feature: Kernel page table isolation (KPTI)[    0.383935@0] CPU: All CPU(s) started at EL2[    0.385118@0] alternatives: patching kernel code[    0.390417@1] addr:ffffff802007be10 is in kernel, size fix 4096->10, data:mode=0755[    0.397641@0] devtmpfs: initialized[    0.412643@0] DMI not present or invalid.[    0.413047@0] clocksource: jiffies: mask: 0xffffffff max_cycles: 0xffffffff, max_idle_ns: 7645041785100000 ns[    0.421010@0] futex hash table entries: 1024 (order: 4, 65536 bytes)[    0.427590@0] pinctrl core: initialized pinctrl subsystem[    0.433981@0] NET: Registered protocol family 16[    0.457542@0] cpuidle: using governor menu[    0.458032@0] vdso: 2 pages (1 code @ ffffff8009917000, 1 data @ ffffff8009f14000)[    0.463652@0] hw-breakpoint: found 6 breakpoint and 2 watchpoint registers.[    0.471058@0] DMA: preallocated 256 KiB pool for atomic allocations[    0.477186@0] clkmsr: clkmsr: driver init[    0.481249@0] aml_watch_point_probe, in, wp:2[    0.485829@0] pstore: using zlib compression[    0.490094@0] console [pstore-1] enabled[    0.493527@0] pstore: Registered ramoops as persistent store backend[    0.499936@0] ramoops: attached 0x100000@0x7400000, ecc: 0/0[    0.514286@0] aml_iomap: amlogic iomap probe done[    0.521130@0] clkmsr: msr_clk_reg0=ffffff800817e004,msr_clk_reg2=ffffff80081d100c[    0.523070@0] clkmsr ffd18004.meson_clk_msr: failed to get msr ring reg0[    0.627341@0] usbcore: registered new interface driver usbfs[    0.627506@0] usbcore: registered new interface driver hub[    0.633123@0] usbcore: registered new device driver usb[    0.638402@0] pps_core: LinuxPPS API ver. 1 registered[    0.643350@0] pps_core: Software ver. 5.3.6 - Copyright 2005-2007 Rodolfo Giometti <giometti@linux.it>[    0.652736@0] PTP clock support registered[    0.657074@0] dmi: Firmware registration failed.[    0.662080@0] secmon: reserve_mem_size:0x300000[    0.666101@0] secmon secmon: assigned reserved memory node linux,secmon[    0.673012@0] secmon: get page:ffffffbf00140000, 5000[    0.677714@0] secmon: share in base: 0xffffffc0050fe000, share out base: 0xffffffc0050ff000[    0.686101@0] secmon: phy_in_base: 0x50fe000, phy_out_base: 0x50ff000[    0.693972@0] NetLabel: Initializing[    0.696152@0] NetLabel:  domain hash size = 128[    0.700737@0] NetLabel:  protocols = UNLABELED CIPSOv4[    0.705970@0] NetLabel:  unlabeled traffic allowed by default[    0.712567@0] clocksource: Switched to clocksource arch_sys_counter[    0.839380@0] VFS: Disk quotas dquot_6.6.0[    0.839525@0] VFS: Dquot-cache hash table entries: 512 (order 0, 4096 bytes)[    0.865713@2] NET: Registered protocol family 2[    0.866766@2] TCP established hash table entries: 2048 (order: 2, 16384 bytes)[    0.871959@2] TCP bind hash table entries: 2048 (order: 3, 32768 bytes)[    0.878673@2] TCP: Hash tables configured (established 2048 bind 2048)[    0.885232@2] UDP hash table entries: 256 (order: 1, 8192 bytes)[    0.891174@2] UDP-Lite hash table entries: 256 (order: 1, 8192 bytes)[    0.897911@2] NET: Registered protocol family 1[    0.902870@2] RPC: Registered named UNIX socket transport module.[    0.908312@2] RPC: Registered udp transport module.[    0.913197@2] RPC: Registered tcp transport module.[    0.918085@2] RPC: Registered tcp NFSv4.1 backchannel transport module.[    0.927247@2] Unpacking initramfs...[    1.427373@2] Initramfs unpacking failed: junk in compressed archive[    1.434201@2] Freeing initrd memory: 6572K[    1.435097@2] hw perfevents: clusterb_enabled = 0[    1.437451@2] hw perfevents: cpumasks 0xf, 0x0[    1.441921@2] hw perfevents: cluster A irq = 7[    1.446492@2] hw perfevents: enabled with armv8_pmuv3 PMU driver, 7 counters available[    1.456624@2] audit: initializing netlink subsys (disabled)[    1.459941@2] audit: type=2000 audit(1.272:1): initialized[    1.467319@2] workingset: timestamp_bits=62 max_order=16 bucket_order=0[    1.491396@2] squashfs: version 4.0 (2009/01/31) Phillip Lougher[    1.494354@2] NFS: Registering the id_resolver key type[    1.497112@2] Key type id_resolver registered[    1.501419@2] Key type id_legacy registered[    1.506049@2] fuse init (API version 7.26)[    1.511406@2] SELinux:  Registering netfilter hooks[    1.517908@2] NET: Registered protocol family 38[    1.517969@2] Key type asymmetric registered[    1.521220@2] Asymmetric key parser 'x509' registered[    1.526689@2] Block layer SCSI generic (bsg) driver version 0.4 loaded (major 248)[    1.533912@2] io scheduler noop registered (default)[    1.538954@2] io scheduler deadline registered[    1.543689@2] io scheduler cfq registered[    1.564021@3] random: fast init done[    1.564119@3] random: crng init done[    1.564685@2] Unable to detect cache hierarchy for CPU 0[    1.601812@2] loop: module loaded[    1.607318@2] zram: Added device: zram0[    1.607712@2] mtdoops: mtd device (mtddev=name/number) must be supplied[    1.612944@2] libphy: Fixed MDIO Bus: probed[    1.618601@2] tun: Universal TUN/TAP device driver, 1.6[    1.621744@2] tun: (C) 1999-2004 Max Krasnyansky <maxk@qualcomm.com>[    1.629931@2]  ee eth reset:Addr = ffffff80081fd008[    1.637436@2] meson6-dwmac ff3f0000.ethernet: no reset control found[    1.639386@2] stmmac - user ID: 0x11, Synopsys ID: 0x37[    1.644659@2]  Ring mode enabled[    1.647867@2]  DMA HW capability register supported[    1.652619@2]  Normal descriptors[    1.655915@2]  RX Checksum Offload Engine supported[    1.660832@2]     COE Type 2[    1.663440@2]  TX Checksum insertion supported[    1.667926@2]  Wake-Up On Lan supported[    1.671859@2]  Enable RX Mitigation via HW Watchdog Timer[    1.685318@2] libphy: stmmac: probed[    1.685369@2] eth%d: PHY ID 0007c0f1 at 0 IRQ POLL (stmmac-0:00) active[    1.691787@2] PPP generic driver version 2.4.2[    1.694794@2] PPP BSD Compression module registered[    1.699314@2] PPP Deflate Compression module registered[    1.704571@2] PPP MPPE Compression module registered[    1.709519@2] NET: Registered protocol family 24[    1.715003@2] ehci_hcd: USB 2.0 'Enhanced' Host Controller (EHCI) Driver[    1.720915@2] ohci_hcd: USB 1.1 'Open' Host Controller (OHCI) Driver[    1.727971@2] usbcore: registered new interface driver cdc_acm[    1.733173@2] cdc_acm: USB Abstract Control Model driver for USB modems and ISDN adapters[    1.741607@2] usbcore: registered new interface driver usbserial[    1.748285@0] mousedev: PS/2 mouse device common for all mice[    1.753711@0] usbcore: registered new interface driver xpad[    1.759133@2] i2c /dev entries driver[    1.763882@2] cpu cpu0: bL_cpufreq_init: CPU 0 initialized[    1.768150@2] arm_big_little: bL_cpufreq_register: Registered platform driver: scpi[    1.779119@2] ff803000.serial: clock gate not found[    1.780678@2] meson_uart ff803000.serial: ==uart0 reg addr = ffffff800830d000[    1.787841@2] ff803000.serial: ttyS0 at MMIO 0xff803000 (irq = 13, base_baud = 1500000) is a meson_uart[    1.802779@2] meson_uart ff803000.serial: ttyS0 use xtal(24M) 24000000 change 0 to 115200[    1.805488@2] console [ttyS0] enabled[    1.812700@2] bootconsole [aml_uart0] disabled[    1.822388@3] ff804000.serial: clock gate not found[    1.826493@3] meson_uart ff804000.serial: ==uart3 reg addr = ffffff8008321000[    1.833607@3] ff804000.serial: ttyS3 at MMIO 0xff804000 (irq = 14, base_baud = 1500000) is a meson_uart[    1.843947@0] meson_uart ffd24000.serial: ==uart1 reg addr = ffffff8008323000[    1.850104@0] ffd24000.serial: ttyS1 at MMIO 0xffd24000 (irq = 25, base_baud = 1500000) is a meson_uart[    1.860257@2] meson_uart ffd23000.serial: ==uart2 reg addr = ffffff8008325000[    1.866567@2] ffd23000.serial: ttyS2 at MMIO 0xffd23000 (irq = 26, base_baud = 1500000) is a meson_uart[    1.877558@3] amlogic-new-usb2 ffe09000.usb2phy: USB2 phy probe:phy_mem:0xffe09000, iomap phy_base:0xffffff8008348000[    1.886815@3] amlogic-new-usb3 ffe09080.usb3phy: This phy has no usb port[    1.893326@3] amlogic-new-usb3 ffe09080.usb3phy: USB3 phy probe:phy_mem:0xffe09080, iomap phy_base:0xffffff800834c080[    1.908326@3] i2c i2c-1: of_i2c: modalias failure on /soc/aobus@ff800000/i2c@5000/mcu6350@40[    1.912142@3] i2c i2c-1: Failed to create I2C device for /soc/aobus@ff800000/i2c@5000/mcu6350@40[    1.924361@3] aml_dma ff63e000.aml_dma: Aml dma[    1.927604@3] aml_aes_dma ff63e000.aml_dma:aml_aes: Aml AES_dma[    1.932676@3] aml_sha_dma ff63e000.aml_dma:aml_sha: Aml SHA1/SHA224/SHA256 dma[    1.939038@3] efusekeynum: 4[    1.941385@3] efusekeyname:             mac    offset:     0    size:     6[    1.947764@3] efusekeyname:          mac_bt    offset:     6    size:     6[    1.954176@3] efusekeyname:        mac_wifi    offset:    12    size:     6[    1.960652@3] efusekeyname:            usid    offset:    18    size:    16[    1.967415@0] efuse efuse: probe OK![    1.972918@0] meson-mmc: mmc driver version: 3.02, 2017-05-15: New Emmc Host Controller[    1.980072@1] meson-mmc: >>>>>>>>hostbase ffffff8008358000, dmode [    1.985244@1] meson-mmc: actual_clock :400000, HHI_nand: 0x80[    1.990398@1] meson-mmc: [meson_mmc_clk_set_rate_v3] after clock: 0x1000033c[    2.036710@1] meson-mmc: meson_mmc_probe() : success![    2.036966@1] amlogic mtd driver init[    2.041018@1] prase_get_dtb_nand_parameter:128,parse dts start[    2.045783@1] bl mode descrete[    2.048663@1] fip_copies 4[    2.051327@1] fip_size 0x200000[    2.054467@1] nand_clk_ctrl 0xffe07000[    2.058191@1] prase_get_dtb_nand_parameter:234,parse dts end[    2.063858@1] nand_clk_ctrl 0xffe07000[    2.067580@1] nand register base ffffff80083df800, nand clock register ffffff80083e1000[    2.076322@1] plat->aml_nand_device ffffff800a005c10[    2.080504@1] m3_nand_probe() aml_nand_device ffffff800a005c10[    2.086563@1] NAND device id: 2c da 90 95 6 0[    2.090614@1] NAND device: Manufacturer ID: [    2.094681@1]  0x2c, Chip ID: 0x2c (Micron A revision NAND 2Gib MT29F2G08-A)[    2.101723@1] oob_fill_cnt =32 oob_size =64, bch_bytes =14[    2.107157@1] ecc mode:6 ecc_page_num=2 eep_need_oobsize=16[    2.112705@1] plane_num=1 writesize=0x800 ecc.size=0x200 bch_mode=1[    2.118950@1] mtd->oobavail: 0x8[    2.122346@1] aml_nand_init 2119: plat-name:bootloader[    2.127269@1] Creating 1 MTD partitions on \"bootloader\":[    2.132617@1] 0x000000000000-0x000000200000 : \"bootloader\"[    2.141555@0] bootloader initialized ok[    2.141817@0] plat->aml_nand_device ffffff800a005c10[    2.146800@0] m3_nand_probe() aml_nand_device ffffff800a005c10[    2.152938@0] NAND device id: 2c da 90 95 6 0[    2.156957@0] NAND device: Manufacturer ID: [    2.160984@0]  0x2c, Chip ID: 0x2c (Micron A revision NAND 2Gib MT29F2G08-A)[    2.168025@0] oob_fill_cnt =32 oob_size =64, bch_bytes =14[    2.173459@0] ecc mode:6 ecc_page_num=2 eep_need_oobsize=16[    2.179011@0] plane_num=1 writesize=0x800 ecc.size=0x200 bch_mode=1[    2.185255@0] mtd->oobavail: 0x8[    2.188666@0] aml_nand_init 2119: plat-name:nandnormal[    2.193631@0] bbt_start=20[    2.196231@0] env_start=24[    2.198948@0] key_start=32[    2.201625@0] dtb_start=40[    2.204291@0] ddr_start=44[    2.206999@0] nbbt: info size=0x800 max_scan_blk=24, start_blk=20[    2.213492@0] get_free_node 43: bitmap=0[    2.216966@0] get_free_node 55: bitmap=1[    2.221057@0] get_free_node 43: bitmap=1[    2.224764@0] get_free_node 55: bitmap=3[    2.228854@0] get_free_node 43: bitmap=3[    2.232564@0] get_free_node 55: bitmap=7[    2.236447@0] nbbt : phy_blk_addr=20, ec=0, phy_page_addr=0, timestamp=1[    2.243135@0] nbbt free list:[    2.246083@0] blockN=21, ec=-1, dirty_flag=0[    2.250329@0] blockN=22, ec=-1, dirty_flag=0[    2.254575@0] blockN=23, ec=-1, dirty_flag=0[    2.258821@0] aml_nand_scan_rsv_info 1141: page_num=1[    2.264232@0] nbbt valid addr: 280000[    2.267492@0] aml_nand_bbt_check 1306 bbt is valid, reading.[    2.273133@0] aml_nand_read_rsv_info:423,read nbbt info at 280000[    2.279385@0] nenv: info size=0x10000 max_scan_blk=32, start_blk=24[    2.285812@0] get_free_node 43: bitmap=7[    2.289331@0] get_free_node 55: bitmap=f[    2.293422@0] get_free_node 43: bitmap=f[    2.297130@0] get_free_node 55: bitmap=1f[    2.301308@0] get_free_node 43: bitmap=1f[    2.305103@0] get_free_node 55: bitmap=3f[    2.309282@0] get_free_node 43: bitmap=3f[    2.313077@0] get_free_node 55: bitmap=7f[    2.317255@0] get_free_node 43: bitmap=7f[    2.321050@0] get_free_node 55: bitmap=ff[    2.325228@0] get_free_node 43: bitmap=ff[    2.329023@0] get_free_node 55: bitmap=1ff[    2.333288@0] get_free_node 43: bitmap=1ff[    2.337170@0] get_free_node 55: bitmap=3ff[    2.341244@0] nenv : phy_blk_addr=24, ec=0, phy_page_addr=0, timestamp=1[    2.347914@0] nenv free list:[    2.350862@0] blockN=25, ec=-1, dirty_flag=0[    2.355109@0] blockN=26, ec=-1, dirty_flag=0[    2.359355@0] blockN=27, ec=-1, dirty_flag=0[    2.363602@0] blockN=28, ec=-1, dirty_flag=0[    2.367848@0] blockN=29, ec=-1, dirty_flag=0[    2.372095@0] blockN=30, ec=-1, dirty_flag=0[    2.376341@0] blockN=31, ec=-1, dirty_flag=0[    2.380589@0] aml_nand_scan_rsv_info 1141: page_num=32[    2.397852@0] nenv valid addr: 310000[    2.397886@0] nkey: info size=0x8000 max_scan_blk=40, start_blk=32[    2.402241@0] get_free_node 43: bitmap=3ff[    2.406122@0] get_free_node 55: bitmap=7ff[    2.410387@0] get_free_node 43: bitmap=7ff[    2.414269@0] get_free_node 55: bitmap=fff[    2.418534@0] get_free_node 43: bitmap=fff[    2.422415@0] get_free_node 55: bitmap=1fff[    2.426767@0] get_free_node 43: bitmap=1fff[    2.430735@0] get_free_node 55: bitmap=3fff[    2.435087@0] get_free_node 43: bitmap=3fff[    2.439056@0] get_free_node 55: bitmap=7fff[    2.443407@0] get_free_node 43: bitmap=7fff[    2.447376@0] get_free_node 55: bitmap=ffff[    2.451726@0] get_free_node 43: bitmap=ffff[    2.455693@0] get_free_node 55: bitmap=1ffff[    2.460134@0] get_free_node 43: bitmap=1ffff[    2.464189@0] get_free_node 55: bitmap=3ffff[    2.468435@0] nkey : phy_blk_addr=-1, ec=0, phy_page_addr=0, timestamp=0[    2.475106@0] nkey free list:[    2.478054@0] blockN=32, ec=-1, dirty_flag=0[    2.482300@0] blockN=33, ec=-1, dirty_flag=0[    2.486547@0] blockN=34, ec=-1, dirty_flag=0[    2.490794@0] blockN=35, ec=-1, dirty_flag=0[    2.495040@0] blockN=36, ec=-1, dirty_flag=0[    2.499287@0] blockN=37, ec=-1, dirty_flag=0[    2.503534@0] blockN=38, ec=-1, dirty_flag=0[    2.507780@0] blockN=39, ec=-1, dirty_flag=0[    2.512027@0] aml_nand_scan_rsv_info 1141: page_num=16[    2.517140@0] nkey valid addr: fffffffffffe0000[    2.521646@0] aml_nand_key_check 1251 NO key exist[    2.526415@0] ndtb: info size=0x20000 max_scan_blk=44, start_blk=40[    2.533043@0] get_free_node 43: bitmap=3ffff[    2.536903@0] get_free_node 55: bitmap=7ffff[    2.541341@0] get_free_node 43: bitmap=7ffff[    2.545396@0] get_free_node 55: bitmap=fffff[    2.549833@0] get_free_node 43: bitmap=fffff[    2.553889@0] get_free_node 55: bitmap=1fffff[    2.558222@0] ndtb : phy_blk_addr=40, ec=0, phy_page_addr=0, timestamp=1[    2.564893@0] ndtb free list:[    2.567823@0] blockN=41, ec=-1, dirty_flag=0[    2.572087@0] blockN=42, ec=-1, dirty_flag=0[    2.576334@0] blockN=43, ec=-1, dirty_flag=0[    2.580580@0] aml_nand_scan_rsv_info 1141: page_num=64[    2.597885@0] ndtb valid addr: 500000[    2.597919@0] nddr: info size=0x20000 max_scan_blk=46, start_blk=44[    2.602363@0] get_free_node 43: bitmap=1fffff[    2.606504@0] get_free_node 55: bitmap=3fffff[    2.611029@0] get_free_node 43: bitmap=3fffff[    2.615171@0] get_free_node 55: bitmap=7fffff[    2.619504@0] nddr : phy_blk_addr=-1, ec=0, phy_page_addr=0, timestamp=0[    2.626175@0] nddr free list:[    2.629122@0] blockN=44, ec=-1, dirty_flag=0[    2.633369@0] blockN=45, ec=-1, dirty_flag=0[    2.637616@0] aml_nand_scan_rsv_info 1141: page_num=64[    2.642729@0] nddr valid addr: fffffffffffe0000[    2.647236@0] aml_nand_ddr_check 1281 NO ddr exist[    2.652007@0] tpl: off 8388608, size 8388608[    2.783834@0] Creating 6 MTD partitions on \"nandnormal\":[    2.783881@0] 0x000000800000-0x000001000000 : \"tpl\"[    2.794893@2] 0x000001000000-0x000001200000 : \"misc\"[    2.798210@3] 0x000001200000-0x000002200000 : \"recovery\"[    2.810084@3] 0x000002200000-0x000004200000 : \"boot\"[    2.829226@3] 0x000004200000-0x000004700000 : \"config\"[    2.833882@3] 0x000004700000-0x000010000000 : \"nvdata\"[    2.935629@0] nandnormal initialized ok[    2.935737@0] aml_ubootenv_init: register env chardev[    2.939473@0] aml_ubootenv_init: register env chardev OK[    2.944315@0] amlnf_dtb_init: register dtb cdev[    2.949358@0] amlnf_dtb_init: register dtd cdev OK[    2.953500@0] mtd_nand_probe 267 , err = 0[    2.958615@2] aml_vrtc rtc: rtc core: registered aml_vrtc as rtc0[    2.964067@2] input: aml_vkeypad as /devices/platform/rtc/input/input0[    2.971049@0] unifykey: storage in base: 0xffffffc005000000[    2.975685@0] unifykey: storage out base: 0xffffffc005040000[    2.981270@0] unifykey: storage block base: 0xffffffc005080000[    2.987080@0] unifykey: probe done![    2.991252@0] unifykey: no efuse-version set, use default value: -1[    2.996808@0] unifykey: key unify config unifykey-num is 6[    3.002362@0] unifykey: key unify fact unifykey-num is 6[    3.007543@0] unifykey: unifykey_devno: f200000[    3.012526@2] unifykey: device unifykeys created ok[    3.017029@2] unifykey: aml_unifykeys_init done![    3.021950@2] sysled: module init[    3.025409@2] meson_wdt ffd0f0d0.watchdog: start watchdog[    3.030178@2] meson_wdt ffd0f0d0.watchdog: creat work queue for watch dog[    3.037563@3] meson_wdt ffd0f0d0.watchdog: AML Watchdog Timer probed done[    3.046251@2] dmc_monitor_probe[    3.056706@2] defendkey defendkey: Reserved memory is not enough![    3.057199@2] defendkey: probe of defendkey failed with error -22[    3.063579@2] GACT probability NOT on[    3.066926@2] Mirror/redirect action on[    3.070731@2] u32 classifier[    3.073566@2]     Actions configured[    3.077134@2] Netfilter messages via NETLINK v0.30.[    3.082386@2] nf_conntrack version 0.5.0 (2048 buckets, 8192 max)[    3.088645@2] ctnetlink v0.93: registering with nfnetlink.[    3.094443@2] xt_time: kernel timezone is -0000[    3.098206@2] ipip: IPv4 and MPLS over IPv4 tunneling driver[    3.104840@2] ip_tables: (C) 2000-2006 Netfilter Core Team[    3.109504@2] arp_tables: arp_tables: (C) 2002 David S. Miller[    3.114990@2] Initializing XFRM netlink socket[    3.120510@2] NET: Registered protocol family 10[    3.126450@2] mip6: Mobile IPv6[    3.127074@2] ip6_tables: (C) 2000-2006 Netfilter Core Team[    3.133064@2] sit: IPv6, IPv4 and MPLS over IPv4 tunneling driver[    3.141075@2] NET: Registered protocol family 17[    3.143280@2] NET: Registered protocol family 15[    3.147925@2] bridge: filtering via arp/ip/ip6tables is no longer available by default. Update your scripts to load br_netfilter if you need this.[    3.161086@2] l2tp_core: L2TP core driver, V2.0[    3.165454@2] l2tp_ppp: PPPoL2TP kernel driver, V2.0[    3.170374@2] l2tp_ip: L2TP IP encapsulation support (L2TPv3)[    3.176129@2] l2tp_netlink: L2TP netlink interface[    3.180939@2] l2tp_eth: L2TP ethernet pseudowire support (L2TPv3)[    3.186995@2] l2tp_debugfs: L2TP debugfs support[    3.191549@2] l2tp_ip6: L2TP IP encapsulation support for IPv6 (L2TPv3)[    3.198172@2] NET: Registered protocol family 35[    3.203110@2] Key type dns_resolver registered[    3.207665@2] Registered swp emulation handler[    3.211572@2] Registered cp15_barrier emulation handler[    3.216756@2] Registered setend emulation handler[    3.221505@2] disable EAS feature[    3.226129@0] registered taskstats version 1[    3.242629@3] dwc3 ff500000.dwc3: Configuration mismatch. dr_mode forced to host[    3.749080@3] xhci-hcd xhci-hcd.0.auto: xHCI Host Controller[    3.749170@3] xhci-hcd xhci-hcd.0.auto: new USB bus registered, assigned bus number 1[    3.757511@3] xhci-hcd xhci-hcd.0.auto: hcc params 0x0220f664 hci version 0x100 quirks 0x02010010[    3.765899@3] xhci-hcd xhci-hcd.0.auto: irq 22, io mem 0xff500000[    3.773424@1] hub 1-0:1.0: USB hub found[    3.775795@1] hub 1-0:1.0: 1 port detected[    3.780462@1] xhci-hcd xhci-hcd.0.auto: xHCI Host Controller[    3.785492@1] xhci-hcd xhci-hcd.0.auto: new USB bus registered, assigned bus number 2[    3.793371@1] usb usb2: We don't know the algorithms for LPM for this host, disabling LPM.[    3.802821@2] hub 2-0:1.0: USB hub found[    3.805507@2] hub 2-0:1.0: config failed, hub doesn't have any ports! (err -19)[    3.812758@2] usb usb2: Unsupported the hub[    3.817501@2] aml_vrtc rtc: setting system clock to 2015-01-01 00:00:08 UTC (1420070408)[    3.825616@2] dwc_otg ff400000.dwc2_a: dwc_otg_driver_probe(ffffffc00d197000)[    3.825693@2] dwc_otg: usb0: type: 2 speed: 0, config: 0, dma: 0, id: 0, phy: ffe09000, ctrl: 0[    3.833568@2] dwc_otg ff400000.dwc2_a: base=0xffffff8008580000[    3.833581@2] dwc_otg ff400000.dwc2_a: dwc_otg_device=0xffffffc00bbd6c00[    3.934167@2] dwc_otg: Core Release: 3.10a[    3.934220@2] dwc_otg: Setting default values for core params[    3.938416@2] dwc_otg: curmode: 0, host_only: 0[    3.942918@2] dwc_otg ff400000.dwc2_a: DMA config: BURST_DEFAULT[    3.955427@2] dwc_otg: Using Buffer DMA mode[    3.955464@2] dwc_otg: OTG VER PARAM: 1, OTG VER FLAG: 1[    3.959370@2] dwc_otg: Working on port type = SLAVE[    3.964227@2] dwc_otg: Dedicated Tx FIFOs mode[    3.971089@2] thermal thermal_zone0: binding zone soc_thermal with cdev thermal-cpufreq-0 failed:-22[    3.977943@2] cpucore_cooling_register, max_cpu_core_num:4[    3.990121@0] gxbb_pm: enter meson_pm_probe![    3.990179@0] no vddio3v3_en pin[    3.991827@0] pm-meson aml_pm: Can't get switch_clk81[    3.996936@0] gxbb_pm: meson_pm_probe done[    4.001854@0] meson_uart ff803000.serial: ttyS0 use xtal(24M) 24000000 change 115200 to 115200[    4.008189@0] Freeing unused kernel memory: 3648K[    4.023003@0] meson_uart ff803000.serial: ttyS0 use xtal(24M) 24000000 change 115200 to 115200[    4.276448@3] ubi0: attaching mtd5[    4.295005@3] ubi0: scanning is finished[    4.299841@1] ubi0: attached mtd5 (name \"config\", size 5 MiB)[    4.299971@1] ubi0: PEB size: 131072 bytes (128 KiB), LEB size: 126976 bytes[    4.307035@1] ubi0: min./max. I/O unit sizes: 2048/2048, sub-page size 2048[    4.313946@1] ubi0: VID header offset: 2048 (aligned 2048), data offset: 4096[    4.321049@1] ubi0: good PEBs: 40, bad PEBs: 0, corrupted PEBs: 0[    4.327108@1] ubi0: user volume: 1, internal volumes: 1, max. volumes count: 128[    4.334484@1] ubi0: max/mean erase counter: 11/5, WL threshold: 4096, image sequence number: 3781793523[    4.343834@1] ubi0: available PEBs: 0, total reserved PEBs: 40, PEBs reserved for bad PEB handling: 4[    4.353056@3] ubi0: background thread \"ubi_bgt0d\" started, PID 1076[    4.366128@0] UBIFS (ubi0:0): background thread \"ubifs_bgt0_0\" started, PID 1080[    4.382717@2] UBIFS (ubi0:0): recovery needed[    4.435283@3] UBIFS (ubi0:0): recovery completed[    4.435578@3] UBIFS (ubi0:0): UBIFS: mounted UBI device 0, volume 0, name \"config_data\"[    4.442307@3] UBIFS (ubi0:0): LEB size: 126976 bytes (124 KiB), min./max. I/O unit sizes: 2048 bytes/2048 bytes[    4.452329@3] UBIFS (ubi0:0): FS size: 2793472 bytes (2 MiB, 22 LEBs), journal size 1015809 bytes (0 MiB, 6 LEBs)[    4.462551@3] UBIFS (ubi0:0): reserved for root: 131942 bytes (128 KiB)[    4.469140@3] UBIFS (ubi0:0): media format: w4/r0 (latest is w4/r0), UUID 38989F77-AA0A-49AA-89BD-D3CED410D6F8, small LPT model[    4.493567@1] ubi2: attaching mtd6[    5.166854@1] ubi2: scanning is finished[    5.174218@3] ubi2: attached mtd6 (name \"nvdata\", size 185 MiB)[    5.174516@3] ubi2: PEB size: 131072 bytes (128 KiB), LEB size: 126976 bytes[    5.181630@3] ubi2: min./max. I/O unit sizes: 2048/2048, sub-page size 2048[    5.188491@3] ubi2: VID header offset: 2048 (aligned 2048), data offset: 4096[    5.195586@3] ubi2: good PEBs: 1480, bad PEBs: 0, corrupted PEBs: 0[    5.201833@3] ubi2: user volume: 1, internal volumes: 1, max. volumes count: 128[    5.209194@3] ubi2: max/mean erase counter: 6/2, WL threshold: 4096, image sequence number: 1438798243[    5.218473@3] ubi2: available PEBs: 0, total reserved PEBs: 1480, PEBs reserved for bad PEB handling: 4[    5.227850@2] ubi2: background thread \"ubi_bgt2d\" started, PID 1088[    5.240851@0] UBIFS (ubi2:0): background thread \"ubifs_bgt2_0\" started, PID 1092[    5.257484@1] UBIFS (ubi2:0): recovery needed[    5.310087@1] UBIFS (ubi2:0): recovery completed[    5.310352@1] UBIFS (ubi2:0): UBIFS: mounted UBI device 2, volume 0, name \"nvdata_data\"[    5.317097@1] UBIFS (ubi2:0): LEB size: 126976 bytes (124 KiB), min./max. I/O unit sizes: 2048 bytes/2048 bytes[    5.327136@1] UBIFS (ubi2:0): FS size: 185384960 bytes (176 MiB, 1460 LEBs), journal size 9269248 bytes (8 MiB, 73 LEBs)[    5.337962@1] UBIFS (ubi2:0): reserved for root: 4952683 bytes (4836 KiB)[    5.344724@1] UBIFS (ubi2:0): media format: w4/r0 (latest is w4/r0), UUID CB7C8712-2E09-4695-B396-F8754977D534, small LPT model[    5.564852@1] eth0: device MAC address 02:f0:11:63:83:f0[    5.649542@3] meson6-dwmac ff3f0000.ethernet eth0: fail to init PTP.[    5.650834@3] IPv6: ADDRCONF(NETDEV_UP): eth0: link is not ready[    5.897565@0] uart_trans: loading out-of-tree module taints kernel.[    5.900025@0] register uart_trans chrdev success.[    5.903646@0] meson_uart ff804000.serial: ttyS3 use xtal(24M) 24000000 change 0 to 9600[    5.911152@0] tty port open success [/dev/ttyS3]![    5.915825@0] meson_uart ff804000.serial: ttyS3 use xtal(24M) 24000000 change 9600 to 115200[    5.924104@0] init sucess for tty struct (246:3)  [/dev/ttyS3][    5.930198@0] meson_uart ffd23000.serial: ttyS2 use xtal(24M) 24000000 change 0 to 9600[    5.937927@0] tty port open success [/dev/ttyS2]![    5.942581@0] meson_uart ffd23000.serial: ttyS2 use xtal(24M) 24000000 change 9600 to 115200[    5.950979@0] init sucess for tty struct (246:2)  [/dev/ttyS2][    5.957055@0] meson_uart ffd24000.serial: ttyS1 use xtal(24M) 24000000 change 0 to 9600[    5.964713@0] tty port open success [/dev/ttyS1]![    5.969367@0] meson_uart ffd24000.serial: ttyS1 use xtal(24M) 24000000 change 9600 to 115200[    5.977848@0] init sucess for tty struct (246:1)  [/dev/ttyS1][    5.983894@3] create workqueue success![    7.704850@3] meson6-dwmac ff3f0000.ethernet eth0: Link is Up - 100Mbps/Full - flow control rx/tx[    7.708132@3] IPv6: ADDRCONF(NETDEV_CHANGE): eth0: link becomes ready===========================================Miner log===========================================2015-01-01 00:00:15 Open miner sn file /config/sn error2015-01-01 00:00:15 Miner compile time: Mon Dec 26 17:10:01 CST 2022 type: Antminer BHB42XXX sn :2015-01-01 00:00:16 This is fix-freq version2015-01-01 00:00:16 Miner compile time: Mon Dec 26 17:10:01 CST 2022 type: Antminer BHB42XXX2015-01-01 00:00:16 commit version: f2ab6bc 2022-12-26 17:08:34, build by: jenkins 2022-12-26 17:22:172015-01-01 00:00:16 opt_multi_version     = 12015-01-01 00:00:16 opt_bitmain_ab        = 12015-01-01 00:00:16 mid_auto_gen          = 12015-01-01 00:00:16 opt_bitmain_work_mode = 32015-01-01 00:00:16 port 439 already exported2015-01-01 00:00:16 port 454 already exported2015-01-01 00:00:16 port 440 already exported2015-01-01 00:00:16 port 455 already exported2015-01-01 00:00:16 port 441 already exported2015-01-01 00:00:16 port 456 already exported2015-01-01 00:00:16 port 438 already exported2015-01-01 00:00:16 port 453 already exported2015-01-01 00:00:16 port 446 already exported2015-01-01 00:00:16 port 445 already exported2015-01-01 00:00:16 Note: front fan is power on!2015-01-01 00:00:16 Note: rear fan is power on!2015-01-01 00:00:16 start the http log.2015-01-01 00:00:16 httpListenThread start ret=02015-01-01 00:00:16 start listen on 6060 ...2015-01-01 00:00:16 bad chain id = 32015-01-01 00:00:19 bad chain id = 32015-01-01 00:00:21 ==========================capability start==========================2015-01-01 00:00:21 board num = 32015-01-01 00:00:21 board id = 0, chain num = 12015-01-01 00:00:21     chain id = 02015-01-01 00:00:21 board id = 1, chain num = 12015-01-01 00:00:21     chain id = 12015-01-01 00:00:21 board id = 2, chain num = 12015-01-01 00:00:21     chain id = 22015-01-01 00:00:21 ==========================capability end============================2015-01-01 00:00:21 chain num = 32015-01-01 00:00:21 skip loading levels for now2023-03-23 02:33:00 load chain 0 eeprom data2023-03-23 02:33:03 load chain 1 eeprom data2023-03-23 02:33:06 load chain 2 eeprom data2023-03-23 02:33:06 miner type: Antminer S192023-03-23 02:33:06 multi machine mode2023-03-23 02:33:06 load machine BHB42831 conf2023-03-23 02:33:06 machine : BHB42831 2023-03-23 02:33:06 chain_num 4, chain_domain_num 44, chain_asic_num 88, domain_asic_num 22023-03-23 02:33:06 abandon mix board!2023-03-23 02:33:06 abandon mix board!2023-03-23 02:33:06 fan_eft : 0  fan_pwm : 1002023-03-23 02:33:06 create thread get_nonce_and_register_thread2023-03-23 02:33:06 fixed working voltage = 15302023-03-23 02:33:06 fixed frequency is 6452023-03-23 02:33:06 Chain [0] PCB Version: 0x01002023-03-23 02:33:06 Chain [0] BOM Version: 0x00102023-03-23 02:33:06 Chain [1] PCB Version: 0x01002023-03-23 02:33:06 Chain [1] BOM Version: 0x00102023-03-23 02:33:06 Chain [2] PCB Version: 0x01002023-03-23 02:33:06 Chain [2] BOM Version: 0x00102023-03-23 02:33:06 bad chain id = 32023-03-23 02:33:06 Fan check passed.2023-03-23 02:33:06 uart_trans addr:0xf73ab000.2023-03-23 02:33:06 max sensor num = 42023-03-23 02:33:06 STATUS_INITED: soc init done!2023-03-23 02:33:06 temperature_monitor_thread start...2023-03-23 02:33:08 start to init...2023-03-23 02:33:08 i2c_sim_init start2023-03-23 02:33:08 init gpio4772023-03-23 02:33:08 init gpio4762023-03-23 02:33:08 i2c_sim_init end2023-03-23 02:33:10 power open power_version = 0x782023-03-23 02:33:12 power is not Calibrated2023-03-23 02:33:12 warning:power is not calibration.2023-03-23 02:33:14 power type version: 0x00782023-03-23 02:33:15 disable power watchdog: 0x00002023-03-23 02:33:16 Initializing the power, please wait, this may take up to 2 minutes...2023-03-23 02:33:47 Slept 30 seconds, diff = 0.2023-03-23 02:33:51 set_voltage_by_steps to 1700.2023-03-23 02:34:01 start up min temp by 75a = 152023-03-23 02:34:04 Chain[0]: find 88 asic, times 02023-03-23 02:34:06 Chain[1]: find 88 asic, times 02023-03-23 02:34:08 Chain[2]: find 38 asic, times 02023-03-23 02:34:10 Chain[2]: find 38 asic, times 12023-03-23 02:34:12 Chain[2]: find 38 asic, times 22023-03-23 02:34:12 Chain 2 only find 38 asic, will power off hash board 22023-03-23 02:34:12 ERROR_SOC_INIT: soc init failed!2023-03-23 02:34:12 stop_mining: soc init failed!2023-03-23 02:34:12 uninit_temp_info2023-03-23 02:34:12 do not read temp anymore...2023-03-23 02:34:12 cancel thread2023-03-23 02:34:12 ****power off hashboard****2023-03-23 02:34:13 temp monitor thread exit2023-03-23 02:34:37 Version num 655362023-03-23 02:34:37 Mask num 0x1fffe0002023-03-23 02:34:37 opt_multi_version = 65536, interval timeout = 32078592023-03-23 02:34:37 freq = 482, percent = 90, hcn = 5438, timeout = 3207859is there anyway to make it work on two boards ? please note I put the logs in code for neatness.I will review and try to help in a few minutes.okay board 0 good board 1 good board 2 deadso disconnect the left board and disconnect the right boardleave the one in the center.  I say this because the center board is certainly good.Confusing the left and right boards is easy to do. but the center is good. step 1) so run it with just the center attached and show us the logs. step 2)  will be done after step 1 is done. I will explain it to you once I see results of step 1",
      "score": 0,
      "upvotes": 0,
      "downvotes": 0
    },
    {
      "author": "BitMaxz",
      "created_time": "June 01, 2023, 10:40:05 PM",
      "body": "I think it would be better if you try to flash the unit first because sometimes this kind of issue can be fixed by flashing or updating it to the latest firmware or try SD card flashing.If it didn't work then we are sure that is a hardware issue based on your logs the 3rd hashboard only detects a few ASIC chips so if you want to continue mining you need to remove the 3rd hashboard.Or like other newbies did to fix this kind of issue without the BGA hot-air tool they put this broken hashboard into the oven for 15 minutes.",
      "score": 0,
      "upvotes": 0,
      "downvotes": 0
    }
  ]
}