{
  "id": "topic_5434377",
  "title": "chefshtef",
  "author": "chefshtef",
  "created_time": "January 12, 2023, 12:22:52 AM",
  "content": "miner shows green on all the dials temp, real time status, and hash rate but its not hashing.Miner is ice cold and wont connectCPU: PIPT / VIPT nonaliasing data cache, VIPT aliasing instruction cacheMachine model: Xilinx Zynqcma: Reserved 16 MiB at 0x0e000000Memory policy: Data cache writeallocOn node 0 totalpages: 61440free_area_init_node: node 0, pgdat c0b3c040, node_mem_map cde10000  Normal zone: 480 pages used for memmap  Normal zone: 0 pages reserved  Normal zone: 61440 pages, LIFO batch:15percpu: Embedded 12 pages/cpu @cddf0000 s19916 r8192 d21044 u49152pcpu-alloc: s19916 r8192 d21044 u49152 alloc=12*4096pcpu-alloc:  0  1 Built 1 zonelists in Zone order, mobility grouping on.  Total pages: 60960Kernel command line: mem=240M console=ttyPS0,115200 ramdisk_size=33554432 root=/dev/ram rw earlyprintkPID hash table entries: 1024 (order: 0, 4096 bytes)Dentry cache hash table entries: 32768 (order: 5, 131072 bytes)Inode-cache hash table entries: 16384 (order: 4, 65536 bytes)Memory: 209652K/245760K available (6317K kernel code, 243K rwdata, 1932K rodata, 1024K init, 232K bss, 19724K reserved, 16384K cma-reserved, 0K highmem)Virtual kernel memory layout:    vector  : 0xffff0000 - 0xffff1000   (   4 kB)    fixmap  : 0xffc00000 - 0xfff00000   (3072 kB)    vmalloc : 0xcf800000 - 0xff800000   ( 768 MB)    lowmem  : 0xc0000000 - 0xcf000000   ( 240 MB)    pkmap   : 0xbfe00000 - 0xc0000000   (   2 MB)    modules : 0xbf000000 - 0xbfe00000   (  14 MB)      .text : 0xc0008000 - 0xc090e410   (9242 kB)      .init : 0xc0a00000 - 0xc0b00000   (1024 kB)      .data : 0xc0b00000 - 0xc0b3cda0   ( 244 kB)       .bss : 0xc0b3cda0 - 0xc0b77024   ( 233 kB)Preemptible hierarchical RCU implementation.   Build-time adjustment of leaf fanout to 32.   RCU restricting CPUs from NR_CPUS=4 to nr_cpu_ids=2.RCU: Adjusting geometry for rcu_fanout_leaf=32, nr_cpu_ids=2NR_IRQS:16 nr_irqs:16 16efuse mapped to cf800000ps7-slcr mapped to cf802000L2C: platform modifies aux control register: 0x72360000 -> 0x72760000L2C: DT/platform modifies aux control register: 0x72360000 -> 0x72760000L2C-310 erratum 769419 enabledL2C-310 enabling early BRESP for Cortex-A9L2C-310 full line of zeros enabled for Cortex-A9L2C-310 ID prefetch enabled, offset 1 linesL2C-310 dynamic clock gating enabled, standby mode enabledL2C-310 cache controller enabled, 8 ways, 512 kBL2C-310: CACHE_ID 0x410000c8, AUX_CTRL 0x76760001zynq_clock_init: clkc starts at cf802100Zynq clock initsched_clock: 64 bits at 333MHz, resolution 3ns, wraps every 4398046511103nsclocksource: arm_global_timer: mask: 0xffffffffffffffff max_cycles: 0x4ce07af025, max_idle_ns: 440795209040 nsSwitching to timer-based delay loop, resolution 3nsclocksource: ttc_clocksource: mask: 0xffff max_cycles: 0xffff, max_idle_ns: 537538477 nsps7-ttc #0 at cf80a000, irq=18Console: colour dummy device 80x30Calibrating delay loop (skipped), value calculated using timer frequency.. 666.66 BogoMIPS (lpj=3333333)pid_max: default: 32768 minimum: 301Mount-cache hash table entries: 1024 (order: 0, 4096 bytes)Mountpoint-cache hash table entries: 1024 (order: 0, 4096 bytes)CPU: Testing write buffer coherency: okCPU0: thread -1, cpu 0, socket 0, mpidr 80000000Setting up static identity map for 0x100000 - 0x100058CPU1: failed to boot: -1Brought up 1 CPUsSMP: Total of 1 processors activated (666.66 BogoMIPS).CPU: All CPU(s) started in SVC mode.devtmpfs: initializedVFP support v0.3: implementor 41 architecture 3 part 30 variant 9 rev 4clocksource: jiffies: mask: 0xffffffff max_cycles: 0xffffffff, max_idle_ns: 19112604462750000 nspinctrl core: initialized pinctrl subsystemNET: Registered protocol family 16DMA: preallocated 256 KiB pool for atomic coherent allocationscpuidle: using governor menuhw-breakpoint: found 5 (+1 reserved) breakpoint and 1 watchpoint registers.hw-breakpoint: maximum watchpoint size is 4 bytes.zynq-ocm f800c000.ps7-ocmc: ZYNQ OCM pool: 256 KiB @ 0xcf880000vgaarb: loadedSCSI subsystem initializedusbcore: registered new interface driver usbfsusbcore: registered new interface driver hubusbcore: registered new device driver usbmedia: Linux media interface: v0.10Linux video capture interface: v2.00pps_core: LinuxPPS API ver. 1 registeredpps_core: Software ver. 5.3.6 - Copyright 2005-2007 Rodolfo Giometti <giometti@linux.it>PTP clock support registeredEDAC MC: Ver: 3.0.0Advanced Linux Sound Architecture Driver Initialized.clocksource: Switched to clocksource arm_global_timerNET: Registered protocol family 2TCP established hash table entries: 2048 (order: 1, 8192 bytes)TCP bind hash table entries: 2048 (order: 2, 16384 bytes)TCP: Hash tables configured (established 2048 bind 2048)UDP hash table entries: 256 (order: 1, 8192 bytes)UDP-Lite hash table entries: 256 (order: 1, 8192 bytes)NET: Registered protocol family 1RPC: Registered named UNIX socket transport module.RPC: Registered udp transport module.RPC: Registered tcp transport module.RPC: Registered tcp NFSv4.1 backchannel transport module.PCI: CLS 0 bytes, default 64Trying to unpack rootfs image as initramfs...rootfs image is not initramfs (no cpio magic); looks like an initrdFreeing initrd memory: 6652K (cd47b000 - cdafa000)hw perfevents: enabled with armv7_cortex_a9 PMU driver, 7 counters availablefutex hash table entries: 512 (order: 3, 32768 bytes)workingset: timestamp_bits=28 max_order=16 bucket_order=0jffs2: version 2.2. (NAND) (SUMMARY)  © 2001-2006 Red Hat, Inc.io scheduler noop registeredio scheduler deadline registeredio scheduler cfq registered (default)dma-pl330 f8003000.ps7-dma: Loaded driver for PL330 DMAC-241330dma-pl330 f8003000.ps7-dma:    DBUFF-128x8bytes Num_Chans-8 Num_Peri-4 Num_Events-16e0000000.serial: ttyPS0 at MMIO 0xe0000000 (irq = 159, base_baud = 6249999) is a xuartpsconsole [ttyPS0] enabledxdevcfg f8007000.ps7-dev-cfg: ioremap 0xf8007000 to cf86e000[drm] Initialized drm 1.1.0 20060810brd: module loadedloop: module loadedCAN device driver interfacegpiod_set_value: invalid GPIOlibphy: MACB_mii_bus: probedmacb e000b000.ethernet eth0: Cadence GEM rev 0x00020118 at 0xe000b000 irq 31 (00:0a:35:00:00:00)Generic PHY e000b000.etherne:00: attached PHY driver [Generic PHY] (mii_bus:phy_addr=e000b000.etherne:00, irq=-1)e1000e: Intel(R) PRO/1000 Network Driver - 3.2.6-ke1000e: Copyright(c) 1999 - 2015 Intel Corporation.ehci_hcd: USB 2.0 'Enhanced' Host Controller (EHCI) Driverehci-pci: EHCI PCI platform driverusbcore: registered new interface driver usb-storagemousedev: PS/2 mouse device common for all micei2c /dev entries drivercdns-i2c e0005000.ps7_i2c: 100 kHz mmio e0005000 irq 154Xilinx Zynq CpuIdle Driver startedsdhci: Secure Digital Host Controller Interface driversdhci: Copyright(c) Pierre Ossmansdhci-pltfm: SDHCI platform and OF driver helpermmc0: SDHCI controller on e0100000.ps7-sdio [e0100000.ps7-sdio] using ADMAledtrig-cpu: registered to indicate activity on CPUsusbcore: registered new interface driver usbhidusbhid: USB HID core drivernand: disable subpage writenand: device found, Manufacturer ID: 0x2c, Chip ID: 0xdanand: Micron MT29F2G08ABAEAWPnand: 256 MiB, SLC, erase size: 128 KiB, page size: 2048, OOB size: 64nand: NAND_ECC_HWnand: NAND_ECC_HW_SYNDROMEmtd->writesize = 2048ecc->strength = 1ecc->size = 2048mtd->writesize = 2048chip->ecc_strength_ds = 4chip->ecc_step_ds = 512nand: WARNING: pl35x-nand: the ECC used on your system is too weak compared to the one required by the NAND chipBad block table found at page 131008, version 0x01Bad block table found at page 130944, version 0x018 ofpart partitions found on MTD device pl35x-nandCreating 8 MTD partitions on \"pl35x-nand\":0x000000000000-0x000002800000 : \"BOOT.bin-dts-marker-kernel\"0x000002800000-0x000004800000 : \"ramfs\"0x000004800000-0x000005000000 : \"configs\"0x000005000000-0x000005200000 : \"sig\"0x000005200000-0x000006000000 : \"reserve1\"0x000006000000-0x000007000000 : \"upgrade-ramfs\"0x000007000000-0x00000a800000 : \"upgrade-file\"0x00000a800000-0x000010000000 : \"reserve2\"nf_conntrack version 0.5.0 (3635 buckets, 14540 max)ip_tables: (C) 2000-2006 Netfilter Core TeamNET: Registered protocol family 10ip6_tables: (C) 2000-2006 Netfilter Core Teamsit: IPv6 over IPv4 tunneling driverNET: Registered protocol family 17can: controller area network core (rev 20120528 abi 9)NET: Registered protocol family 29can: raw protocol (rev 20120528)can: broadcast manager protocol (rev 20120528 t)can: netlink gateway (rev 20130117) max_hops=1zynq_pm_ioremap: no compatible node found for 'xlnx,zynq-ddrc-a05'zynq_pm_late_init: Unable to map DDRC IO memory.Registering SWP/SWPB emulation handlerhctosys: unable to open rtc device (rtc0)ALSA device list:  No soundcards found.RAMDISK: gzip image found at block 0EXT4-fs (ram0): couldn't mount as ext3 due to feature incompatibilitiesEXT4-fs warning (device ram0): ext4_update_dynamic_rev:746: updating to rev 1 because of new feature flag, running e2fsck is recommendedEXT4-fs (ram0): mounted filesystem without journal. Opts: (null)VFS: Mounted root (ext4 filesystem) on device 1:0.devtmpfs: mountedFreeing unused kernel memory: 1024K (c0a00000 - c0b00000)EXT4-fs (ram0): re-mounted. Opts: block_validity,delalloc,barrier,user_xattr,errors=remount-rodevpts: called with bogus optionsubi0: attaching mtd2ubi0: scanning is finishedubi0: attached mtd2 (name \"configs\", size 8 MiB)ubi0: PEB size: 131072 bytes (128 KiB), LEB size: 126976 bytesubi0: min./max. I/O unit sizes: 2048/2048, sub-page size 2048ubi0: VID header offset: 2048 (aligned 2048), data offset: 4096ubi0: good PEBs: 64, bad PEBs: 0, corrupted PEBs: 0ubi0: user volume: 1, internal volumes: 1, max. volumes count: 128ubi0: max/mean erase counter: 11/4, WL threshold: 4096, image sequence number: 1653680286ubi0: available PEBs: 0, total reserved PEBs: 64, PEBs reserved for bad PEB handling: 4ubi0: background thread \"ubi_bgt0d\" started, PID 729UBIFS (ubi0:0): background thread \"ubifs_bgt0_0\" started, PID 733UBIFS (ubi0:0): UBIFS: mounted UBI device 0, volume 0, name \"config_data\"UBIFS (ubi0:0): LEB size: 126976 bytes (124 KiB), min./max. I/O unit sizes: 2048 bytes/2048 bytesUBIFS (ubi0:0): FS size: 5840896 bytes (5 MiB, 46 LEBs), journal size 1015809 bytes (0 MiB, 6 LEBs)UBIFS (ubi0:0): reserved for root: 275879 bytes (269 KiB)UBIFS (ubi0:0): media format: w4/r0 (latest is w4/r0), UUID EF8465A3-F1D5-4DB1-A69A-CF13070DE6B3, small LPT modelubi2: attaching mtd4ubi2: scanning is finishedubi2: attached mtd4 (name \"reserve1\", size 14 MiB)ubi2: PEB size: 131072 bytes (128 KiB), LEB size: 126976 bytesubi2: min./max. I/O unit sizes: 2048/2048, sub-page size 2048ubi2: VID header offset: 2048 (aligned 2048), data offset: 4096ubi2: good PEBs: 112, bad PEBs: 0, corrupted PEBs: 0ubi2: user volume: 1, internal volumes: 1, max. volumes count: 128ubi2: max/mean erase counter: 10/5, WL threshold: 4096, image sequence number: 1663572477ubi2: available PEBs: 0, total reserved PEBs: 112, PEBs reserved for bad PEB handling: 4ubi2: background thread \"ubi_bgt2d\" started, PID 740UBIFS (ubi2:0): background thread \"ubifs_bgt2_0\" started, PID 744UBIFS (ubi2:0): UBIFS: mounted UBI device 2, volume 0, name \"misc\"UBIFS (ubi2:0): LEB size: 126976 bytes (124 KiB), min./max. I/O unit sizes: 2048 bytes/2048 bytesUBIFS (ubi2:0): FS size: 11935744 bytes (11 MiB, 94 LEBs), journal size 1015809 bytes (0 MiB, 6 LEBs)UBIFS (ubi2:0): reserved for root: 563754 bytes (550 KiB)UBIFS (ubi2:0): media format: w4/r0 (latest is w4/r0), UUID 7079EC08-A283-4BD5-87D0-5FAD15216312, small LPT modelIPv6: ADDRCONF(NETDEV_UP): eth0: link is not readyIPv6: ADDRCONF(NETDEV_UP): eth0: link is not readyrandom: avahi-daemon urandom read with 2 bits of entropy availablemacb e000b000.ethernet eth0: unable to generate target frequency: 25000000 Hzmacb e000b000.ethernet eth0: link up (100/Full)IPv6: ADDRCONF(NETDEV_CHANGE): eth0: link becomes readyIn axi fpga driver!request_mem_region OK!AXI fpga dev virtual address is 0xcfbc8000*base_vir_addr = 0xb031In fpga mem driver!request_mem_region OK!fpga mem virtual address is 0xd2000000random: nonblocking pool is initialized===========================================Miner log===========================================1970-01-01 00:00:09 Miner compile time: Tue Nov 16 20:55:57 CST 2021 type: Antminer T191970-01-01 00:00:10 This is fix-freq version1970-01-01 00:00:10 Miner compile time: Tue Nov 16 20:55:57 CST 2021 type: Antminer T191970-01-01 00:00:10 commit version: 386747fa 2021-10-21 19:58:45, build by: jenkins 2021-11-16 21:12:241970-01-01 00:00:10 opt_multi_version     = 11970-01-01 00:00:10 opt_bitmain_ab        = 11970-01-01 00:00:10 mid_auto_gen          = 01970-01-01 00:00:10 opt_bitmain_work_mode = 01970-01-01 00:00:10 mmap fpga_mem_addr_hal = 0xb58000001970-01-01 00:00:10 HASH_ON_PLUG V9 = 0x71970-01-01 00:00:10 Note: front fan is power on!1970-01-01 00:00:10 Note: rear fan is power on!1970-01-01 00:00:10 start the http log.1970-01-01 00:00:10 httpListenThread start ret=01970-01-01 00:00:10 start listen on 6060 ...1970-01-01 00:00:10 load machine NBT1903 conf1970-01-01 00:00:10 machine : NBT1903 1970-01-01 00:00:10 chain_num 4, chain_domain_num 38, chain_asic_num 76, domain_asic_num 22023-01-12 00:11:15 miner ID : 8138f486751048142023-01-12 00:11:15 FPGA Version = 0xB0312023-01-12 00:11:15 HASH_ON_PLUG V9 = 0x72023-01-12 00:11:15 ==========================capability start==========================2023-01-12 00:11:15 board num = 32023-01-12 00:11:15 board id = 0, chain num = 12023-01-12 00:11:15    chain id = 02023-01-12 00:11:15 board id = 1, chain num = 12023-01-12 00:11:15    chain id = 12023-01-12 00:11:15 board id = 2, chain num = 12023-01-12 00:11:15    chain id = 22023-01-12 00:11:15 ==========================capability end============================2023-01-12 00:11:15 chain num = 32023-01-12 00:11:16 [chain 0]2023-01-12 00:11:16 0x0000 11 4A 8B 81 7A 50 4F 53   E3 55 A3 90 9B AF 2F 99 2023-01-12 00:11:16 0x0010 4D 0A 66 E9 75 8C D0 0A   56 31 56 7F 84 29 C6 C3 2023-01-12 00:11:16 0x0020 68 B7 E1 B0 C0 95 44 B0   CB 30 75 6E A5 3E 97 20 2023-01-12 00:11:16 0x0030 9E 5D 31 50 5B 8F 29 9D   6F 64 B3 60 EB 06 60 AD 2023-01-12 00:11:16 0x0040 83 4F 0F E4 F8 05 98 74   2E C3 FF FF FF FF FF FF 2023-01-12 00:11:16 0x0050 FF FF FF FF FF FF FF FF   FF FF FF FF FF FF FF FF 2023-01-12 00:11:16 0x0060 FF FF FF FF FF FF FF FF   FF FF FF FF FF FF FF FF 2023-01-12 00:11:16 0x0070 FF FF FF FF FF FF FF FF   FF FF FF FF FF FF FF FF 2023-01-12 00:11:16 0x0080 FF FF FF FF FF FF FF FF   FF FF FF FF FF FF FF FF 2023-01-12 00:11:16 0x0090 FF FF FF FF FF FF FF FF   FF FF FF FF FF FF FF FF 2023-01-12 00:11:16 0x00A0 FF FF FF FF FF FF FF FF   FF FF FF FF FF FF FF FF 2023-01-12 00:11:16 0x00B0 FF FF FF FF FF FF FF FF   FF FF FF FF FF FF FF FF 2023-01-12 00:11:16 0x00C0 FF FF FF FF FF FF FF FF   FF FF FF FF FF FF FF FF 2023-01-12 00:11:16 0x00D0 FF FF FF FF FF FF FF FF   FF FF FF FF FF FF FF FF 2023-01-12 00:11:16 0x00E0 FF FF FF FF FF FF FF FF   FF FF FF FF FF FF FF FF 2023-01-12 00:11:16 0x00F0 FF FF FF FF FF FF FF FF   FF FF FF FF FF FF FF 5A 2023-01-12 00:11:16 2023-01-12 00:11:18 [chain 1]2023-01-12 00:11:18 0x0000 11 4A 6A 04 3D B6 AB E8   2E E5 81 BB 84 81 E0 B4 2023-01-12 00:11:18 0x0010 89 E9 28 74 97 E4 29 0D   A2 0E E0 B6 93 24 B4 DF 2023-01-12 00:11:18 0x0020 EA E7 8C 25 F5 24 91 4F   45 7E FC A2 69 BE 8A 77 2023-01-12 00:11:18 0x0030 42 6C A6 15 0C 07 E1 88   CB 65 3F 39 AC D5 40 77 2023-01-12 00:11:18 0x0040 CB E8 B7 82 80 13 60 03   AF BD FF FF FF FF FF FF 2023-01-12 00:11:18 0x0050 FF FF FF FF FF FF FF FF   FF FF FF FF FF FF FF FF 2023-01-12 00:11:18 0x0060 FF FF FF FF FF FF FF FF   FF FF FF FF FF FF FF FF 2023-01-12 00:11:18 0x0070 FF FF FF FF FF FF FF FF   FF FF FF FF FF FF FF FF 2023-01-12 00:11:18 0x0080 FF FF FF FF FF FF FF FF   FF FF FF FF FF FF FF FF 2023-01-12 00:11:18 0x0090 FF FF FF FF FF FF FF FF   FF FF FF FF FF FF FF FF 2023-01-12 00:11:18 0x00A0 FF FF FF FF FF FF FF FF   FF FF FF FF FF FF FF FF 2023-01-12 00:11:18 0x00B0 FF FF FF FF FF FF FF FF   FF FF FF FF FF FF FF FF 2023-01-12 00:11:18 0x00C0 FF FF FF FF FF FF FF FF   FF FF FF FF FF FF FF FF 2023-01-12 00:11:18 0x00D0 FF FF FF FF FF FF FF FF   FF FF FF FF FF FF FF FF 2023-01-12 00:11:18 0x00E0 FF FF FF FF FF FF FF FF   FF FF FF FF FF FF FF FF 2023-01-12 00:11:18 0x00F0 FF FF FF FF FF FF FF FF   FF FF FF FF FF FF FF 5A 2023-01-12 00:11:18 2023-01-12 00:11:20 [chain 2]2023-01-12 00:11:20 0x0000 5A 5A 5A 5A 5A 5A 5A 5A   5A 5A 5A 5A 5A 5A 5A 5A 2023-01-12 00:11:20 0x0010 5A 5A 5A 5A 5A 5A 5A 5A   5A 5A 5A 5A 5A 5A 5A 5A 2023-01-12 00:11:20 0x0020 5A 5A 5A 5A 5A 5A 5A 5A   5A 5A 5A 5A 5A 5A 5A 5A 2023-01-12 00:11:20 0x0030 5A 5A 5A 5A 5A 5A 5A 5A   5A 5A 5A 5A 5A 5A 5A 5A 2023-01-12 00:11:20 0x0040 5A 5A 5A 5A 5A 5A 5A 5A   5A 5A 5A 5A 5A 5A 5A 5A 2023-01-12 00:11:20 0x0050 5A 5A 5A 5A 5A 5A 5A 5A   5A 5A 5A 5A 5A 5A 5A 5A 2023-01-12 00:11:20 0x0060 5A 5A 5A 5A 5A 5A 5A 5A   5A 5A 5A 5A 5A 5A 5A 5A 2023-01-12 00:11:20 0x0070 5A 5A 5A 5A 5A 5A 5A 5A   5A 5A 5A 5A 5A 5A 5A 5A 2023-01-12 00:11:20 0x0080 5A 5A 5A 5A 5A 5A 5A 5A   5A 5A 5A 5A 5A 5A 5A 5A 2023-01-12 00:11:20 0x0090 5A 5A 5A 5A 5A 5A 5A 5A   5A 5A 5A 5A 5A 5A 5A 5A 2023-01-12 00:11:20 0x00A0 5A 5A 5A 5A 5A 5A 5A 5A   5A 5A 5A 5A 5A 5A 5A 5A 2023-01-12 00:11:20 0x00B0 5A 5A 5A 5A 5A 5A 5A 5A   5A 5A 5A 5A 5A 5A 5A 5A 2023-01-12 00:11:20 0x00C0 5A 5A 5A 5A 5A 5A 5A 5A   5A 5A 5A 5A 5A 5A 5A 5A 2023-01-12 00:11:20 0x00D0 5A 5A 5A 5A 5A 5A 5A 5A   5A 5A 5A 5A 5A 5A 5A 5A 2023-01-12 00:11:20 0x00E0 5A 5A 5A 5A 5A 5A 5A 5A   5A 5A 5A 5A 5A 5A 5A 5A 2023-01-12 00:11:20 0x00F0 5A 5A 5A 5A 5A 5A 5A 5A   5A 5A 5A 5A 5A 5A 5A 5A 2023-01-12 00:11:20 2023-01-12 00:11:20 EEPROM info error!, -22023-01-12 00:11:20 Data decode fail for chain 2.2023-01-12 00:11:22 [chain 2]2023-01-12 00:11:22 0x0000 5A 5A 5A 5A 5A 5A 5A 5A   5A 5A 5A 5A 5A 5A 5A 5A 2023-01-12 00:11:22 0x0010 5A 5A 5A 5A 5A 5A 5A 5A   5A 5A 5A 5A 5A 5A 5A 5A 2023-01-12 00:11:22 0x0020 5A 5A 5A 5A 5A 5A 5A 5A   5A 5A 5A 5A 5A 5A 5A 5A 2023-01-12 00:11:22 0x0030 5A 5A 5A 5A 5A 5A 5A 5A   5A 5A 5A 5A 5A 5A 5A 5A 2023-01-12 00:11:22 0x0040 5A 5A 5A 5A 5A 5A 5A 5A   5A 5A 5A 5A 5A 5A 5A 5A 2023-01-12 00:11:22 0x0050 5A 5A 5A 5A 5A 5A 5A 5A   5A 5A 5A 5A 5A 5A 5A 5A 2023-01-12 00:11:22 0x0060 5A 5A 5A 5A 5A 5A 5A 5A   5A 5A 5A 5A 5A 5A 5A 5A 2023-01-12 00:11:22 0x0070 5A 5A 5A 5A 5A 5A 5A 5A   5A 5A 5A 5A 5A 5A 5A 5A 2023-01-12 00:11:22 0x0080 5A 5A 5A 5A 5A 5A 5A 5A   5A 5A 5A 5A 5A 5A 5A 5A 2023-01-12 00:11:22 0x0090 5A 5A 5A 5A 5A 5A 5A 5A   5A 5A 5A 5A 5A 5A 5A 5A 2023-01-12 00:11:22 0x00A0 5A 5A 5A 5A 5A 5A 5A 5A   5A 5A 5A 5A 5A 5A 5A 5A 2023-01-12 00:11:22 0x00B0 5A 5A 5A 5A 5A 5A 5A 5A   5A 5A 5A 5A 5A 5A 5A 5A 2023-01-12 00:11:22 0x00C0 5A 5A 5A 5A 5A 5A 5A 5A   5A 5A 5A 5A 5A 5A 5A 5A 2023-01-12 00:11:22 0x00D0 5A 5A 5A 5A 5A 5A 5A 5A   5A 5A 5A 5A 5A 5A 5A 5A 2023-01-12 00:11:22 0x00E0 5A 5A 5A 5A 5A 5A 5A 5A   5A 5A 5A 5A 5A 5A 5A 5A 2023-01-12 00:11:22 0x00F0 5A 5A 5A 5A 5A 5A 5A 5A   5A 5A 5A 5A 5A 5A 5A 5A 2023-01-12 00:11:22 2023-01-12 00:11:22 EEPROM info error!, -22023-01-12 00:11:22 Data decode fail for chain 2.2023-01-12 00:11:25 [chain 2]2023-01-12 00:11:25 0x0000 5A 5A 5A 5A 5A 5A 5A 5A   5A 5A 5A 5A 5A 5A 5A 5A 2023-01-12 00:11:25 0x0010 5A 5A 5A 5A 5A 5A 5A 5A   5A 5A 5A 5A 5A 5A 5A 5A 2023-01-12 00:11:25 0x0020 5A 5A 5A 5A 5A 5A 5A 5A   5A 5A 5A 5A 5A 5A 5A 5A 2023-01-12 00:11:25 0x0030 5A 5A 5A 5A 5A 5A 5A 5A   5A 5A 5A 5A 5A 5A 5A 5A 2023-01-12 00:11:25 0x0040 5A 5A 5A 5A 5A 5A 5A 5A   5A 5A 5A 5A 5A 5A 5A 5A 2023-01-12 00:11:25 0x0050 5A 5A 5A 5A 5A 5A 5A 5A   5A 5A 5A 5A 5A 5A 5A 5A 2023-01-12 00:11:25 0x0060 5A 5A 5A 5A 5A 5A 5A 5A   5A 5A 5A 5A 5A 5A 5A 5A 2023-01-12 00:11:25 0x0070 5A 5A 5A 5A 5A 5A 5A 5A   5A 5A 5A 5A 5A 5A 5A 5A 2023-01-12 00:11:25 0x0080 5A 5A 5A 5A 5A 5A 5A 5A   5A 5A 5A 5A 5A 5A 5A 5A 2023-01-12 00:11:25 0x0090 5A 5A 5A 5A 5A 5A 5A 5A   5A 5A 5A 5A 5A 5A 5A 5A 2023-01-12 00:11:25 0x00A0 5A 5A 5A 5A 5A 5A 5A 5A   5A 5A 5A 5A 5A 5A 5A 5A 2023-01-12 00:11:25 0x00B0 5A 5A 5A 5A 5A 5A 5A 5A   5A 5A 5A 5A 5A 5A 5A 5A 2023-01-12 00:11:25 0x00C0 5A 5A 5A 5A 5A 5A 5A 5A   5A 5A 5A 5A 5A 5A 5A 5A 2023-01-12 00:11:25 0x00D0 5A 5A 5A 5A 5A 5A 5A 5A   5A 5A 5A 5A 5A 5A 5A 5A 2023-01-12 00:11:25 0x00E0 5A 5A 5A 5A 5A 5A 5A 5A   5A 5A 5A 5A 5A 5A 5A 5A 2023-01-12 00:11:25 0x00F0 5A 5A 5A 5A 5A 5A 5A 5A   5A 5A 5A 5A 5A 5A 5A 5A 2023-01-12 00:11:25 2023-01-12 00:11:25 EEPROM info error!, -22023-01-12 00:11:25 Data decode fail for chain 2.2023-01-12 00:11:25 Data load fail for chain 2.2023-01-12 00:11:25 Sweep error string = J255:4.2023-01-12 00:11:25 Fixture data load failed, exit.2023-01-12 00:11:25 fan_eft : 1  fan_pwm : 952023-01-12 00:11:25 create thread2023-01-12 00:11:25 fixed working voltage = -12023-01-12 00:11:25 No pcb version, chain = 0.2023-01-12 00:11:25 Chain  PCB Version: 0xffff2023-01-12 00:11:25 No bom version, chain = 0.2023-01-12 00:11:25 Chain  BOM Version: 0xffff2023-01-12 00:11:25 No pcb version, chain = 1.2023-01-12 00:11:25 Chain [1] PCB Version: 0xffff2023-01-12 00:11:25 No bom version, chain = 1.2023-01-12 00:11:25 Chain [1] BOM Version: 0xffff2023-01-12 00:11:25 No pcb version, chain = 2.2023-01-12 00:11:25 Chain [2] PCB Version: 0xffff2023-01-12 00:11:25 No bom version, chain = 2.2023-01-12 00:11:25 Chain [2] BOM Version: 0xffff2023-01-12 00:11:26 No hash board sn, chain = 0.2023-01-12 00:11:26 No chip bin, chain = 02023-01-12 00:11:26 No ft ver, chain = 02023-01-12 00:11:26 No test standard, chain = 0.2023-01-12 00:11:26 No hash board sn, chain = 1.2023-01-12 00:11:26 No chip bin, chain = 12023-01-12 00:11:26 No ft ver, chain = 12023-01-12 00:11:26 No test standard, chain = 1.2023-01-12 00:11:26 No hash board sn, chain = 2.2023-01-12 00:11:26 No chip bin, chain = 22023-01-12 00:11:26 No ft ver, chain = 22023-01-12 00:11:26 No test standard, chain = 2.2023-01-12 00:11:27 No hash board sn, chain = 0.2023-01-12 00:11:27 No chip bin, chain = 02023-01-12 00:11:27 No ft ver, chain = 02023-01-12 00:11:27 No test standard, chain = 0.2023-01-12 00:11:27 No hash board sn, chain = 1.2023-01-12 00:11:27 No chip bin, chain = 12023-01-12 00:11:27 No ft ver, chain = 12023-01-12 00:11:27 No test standard, chain = 1.2023-01-12 00:11:27 No hash board sn, chain = 2.2023-01-12 00:11:27 No chip bin, chain = 22023-01-12 00:11:27 No ft ver, chain = 22023-01-12 00:11:27 No test standard, chain = 2.2023-01-12 00:11:27 Fan check passed.2023-01-12 00:11:28 No hash board sn, chain = 0.2023-01-12 00:11:28 No chip bin, chain = 02023-01-12 00:11:28 No ft ver, chain = 02023-01-12 00:11:28 No test standard, chain = 0.2023-01-12 00:11:28 No hash board sn, chain = 1.2023-01-12 00:11:28 No chip bin, chain = 12023-01-12 00:11:28 No ft ver, chain = 12023-01-12 00:11:28 No test standard, chain = 1.2023-01-12 00:11:28 No hash board sn, chain = 2.2023-01-12 00:11:28 No chip bin, chain = 22023-01-12 00:11:28 No ft ver, chain = 22023-01-12 00:11:28 No test standard, chain = 2.2023-01-12 00:11:28 chain[0] PIC jump to app2023-01-12 00:11:29 No hash board sn, chain = 0.2023-01-12 00:11:29 No chip bin, chain = 02023-01-12 00:11:29 No ft ver, chain = 02023-01-12 00:11:29 No test standard, chain = 0.2023-01-12 00:11:29 No hash board sn, chain = 1.2023-01-12 00:11:29 No chip bin, chain = 12023-01-12 00:11:29 No ft ver, chain = 12023-01-12 00:11:29 No test standard, chain = 1.2023-01-12 00:11:29 No hash board sn, chain = 2.2023-01-12 00:11:29 No chip bin, chain = 22023-01-12 00:11:29 No ft ver, chain = 22023-01-12 00:11:29 No test standard, chain = 2.2023-01-12 00:11:29 Check chain[0] PIC fw version=0x892023-01-12 00:11:30 No hash board sn, chain = 0.2023-01-12 00:11:30 No chip bin, chain = 02023-01-12 00:11:30 No ft ver, chain = 02023-01-12 00:11:30 No test standard, chain = 0.2023-01-12 00:11:30 No hash board sn, chain = 1.2023-01-12 00:11:30 No chip bin, chain = 12023-01-12 00:11:30 No ft ver, chain = 12023-01-12 00:11:30 No test standard, chain = 1.2023-01-12 00:11:30 No hash board sn, chain = 2.2023-01-12 00:11:30 No chip bin, chain = 22023-01-12 00:11:30 No ft ver, chain = 22023-01-12 00:11:30 No test standard, chain = 2.2023-01-12 00:11:31 chain[1] PIC jump to app2023-01-12 00:11:31 No hash board sn, chain = 0.2023-01-12 00:11:31 No chip bin, chain = 02023-01-12 00:11:31 No ft ver, chain = 02023-01-12 00:11:31 No test standard, chain = 0.2023-01-12 00:11:31 No hash board sn, chain = 1.2023-01-12 00:11:31 No chip bin, chain = 12023-01-12 00:11:31 No ft ver, chain = 12023-01-12 00:11:31 No test standard, chain = 1.2023-01-12 00:11:31 No hash board sn, chain = 2.2023-01-12 00:11:31 No chip bin, chain = 22023-01-12 00:11:31 No ft ver, chain = 22023-01-12 00:11:31 No test standard, chain = 2.2023-01-12 00:11:32 No hash board sn, chain = 0.2023-01-12 00:11:32 No chip bin, chain = 02023-01-12 00:11:32 No ft ver, chain = 02023-01-12 00:11:32 No test standard, chain = 0.2023-01-12 00:11:32 No hash board sn, chain = 1.2023-01-12 00:11:32 No chip bin, chain = 12023-01-12 00:11:32 No ft ver, chain = 12023-01-12 00:11:32 No test standard, chain = 1.2023-01-12 00:11:32 No hash board sn, chain = 2.2023-01-12 00:11:32 No chip bin, chain = 22023-01-12 00:11:32 No ft ver, chain = 22023-01-12 00:11:32 No test standard, chain = 2.2023-01-12 00:11:32 Check chain[1] PIC fw version=0x892023-01-12 00:11:33 No hash board sn, chain = 0.2023-01-12 00:11:33 No chip bin, chain = 02023-01-12 00:11:33 No ft ver, chain = 02023-01-12 00:11:33 No test standard, chain = 0.2023-01-12 00:11:33 No hash board sn, chain = 1.2023-01-12 00:11:33 No chip bin, chain = 12023-01-12 00:11:33 No ft ver, chain = 12023-01-12 00:11:33 No test standard, chain = 1.2023-01-12 00:11:33 No hash board sn, chain = 2.2023-01-12 00:11:33 No chip bin, chain = 22023-01-12 00:11:33 No ft ver, chain = 22023-01-12 00:11:33 No test standard, chain = 2.2023-01-12 00:11:33 _bitmain_pic_reset_common failed! read_back_data[0] = 0x01, read_back_data[1] = 0x012023-01-12 00:11:33 chain[2] PIC jump to app2023-01-12 00:11:34 No hash board sn, chain = 0.2023-01-12 00:11:34 No chip bin, chain = 02023-01-12 00:11:34 No ft ver, chain = 02023-01-12 00:11:34 No test standard, chain = 0.2023-01-12 00:11:34 No hash board sn, chain = 1.2023-01-12 00:11:34 No chip bin, chain = 12023-01-12 00:11:34 No ft ver, chain = 12023-01-12 00:11:34 No test standard, chain = 1.2023-01-12 00:11:34 No hash board sn, chain = 2.2023-01-12 00:11:34 No chip bin, chain = 22023-01-12 00:11:34 No ft ver, chain = 22023-01-12 00:11:34 No test standard, chain = 2.2023-01-12 00:11:34 _bitmain_pic_start_app_common failed! read_back_data[0] = 0x01, read_back_data[1] = 0x012023-01-12 00:11:35 No hash board sn, chain = 0.2023-01-12 00:11:35 No chip bin, chain = 02023-01-12 00:11:35 No ft ver, chain = 02023-01-12 00:11:35 No test standard, chain = 0.2023-01-12 00:11:35 No hash board sn, chain = 1.2023-01-12 00:11:35 No chip bin, chain = 12023-01-12 00:11:35 No ft ver, chain = 12023-01-12 00:11:35 No test standard, chain = 1.2023-01-12 00:11:35 No hash board sn, chain = 2.2023-01-12 00:11:35 No chip bin, chain = 22023-01-12 00:11:35 No ft ver, chain = 22023-01-12 00:11:35 No test standard, chain = 2.2023-01-12 00:11:35 _bitmain_pic_get_sw_ver_common failed!2023-01-12 00:11:35 Dumping 5 read return data bytes from 0xbef400f8:2023-01-12 00:11:35 01 2023-01-12 00:11:35 01 2023-01-12 00:11:35 01 2023-01-12 00:11:35 01 2023-01-12 00:11:35 01 2023-01-12 00:11:35    2023-01-12 00:11:35    2023-01-12 00:11:35    2023-01-12 00:11:35    2023-01-12 00:11:35    2023-01-12 00:11:35    2023-01-12 00:11:35    2023-01-12 00:11:35    2023-01-12 00:11:35    2023-01-12 00:11:35    2023-01-12 00:11:35    2023-01-12 00:11:35 .2023-01-12 00:11:35 .2023-01-12 00:11:35 .2023-01-12 00:11:35 .2023-01-12 00:11:35 .2023-01-12 00:11:35  2023-01-12 00:11:35  2023-01-12 00:11:35  2023-01-12 00:11:35  2023-01-12 00:11:35  2023-01-12 00:11:35  2023-01-12 00:11:35  2023-01-12 00:11:35  2023-01-12 00:11:35  2023-01-12 00:11:35  2023-01-12 00:11:35  2023-01-12 00:11:35 2023-01-12 00:11:35 Check chain[2] PIC fw version=0x800002002023-01-12 00:11:35 _bitmain_pic_disable_dc_dc_common failed! read_back_data[0] = 0x01, read_back_data[1] = 0x012023-01-12 00:11:35 create thread2023-01-12 00:11:35 max sensor num = 42023-01-12 00:11:35 temperature_monitor_thread start...2023-01-12 00:11:36 No hash board sn, chain = 0.2023-01-12 00:11:36 No chip bin, chain = 02023-01-12 00:11:36 No ft ver, chain = 02023-01-12 00:11:36 No test standard, chain = 0.2023-01-12 00:11:36 No hash board sn, chain = 1.2023-01-12 00:11:36 No chip bin, chain = 12023-01-12 00:11:36 No ft ver, chain = 12023-01-12 00:11:36 No test standard, chain = 1.2023-01-12 00:11:36 No hash board sn, chain = 2.2023-01-12 00:11:36 No chip bin, chain = 22023-01-12 00:11:36 No ft ver, chain = 22023-01-12 00:11:36 No test standard, chain = 2.2023-01-12 00:11:37 No hash board sn, chain = 0.2023-01-12 00:11:37 No chip bin, chain = 02023-01-12 00:11:37 No ft ver, chain = 02023-01-12 00:11:37 No test standard, chain = 0.2023-01-12 00:11:37 No hash board sn, chain = 1.2023-01-12 00:11:37 No chip bin, chain = 12023-01-12 00:11:37 No ft ver, chain = 12023-01-12 00:11:37 No test standard, chain = 1.2023-01-12 00:11:37 No hash board sn, chain = 2.2023-01-12 00:11:37 No chip bin, chain = 22023-01-12 00:11:37 No ft ver, chain = 22023-01-12 00:11:37 No test standard, chain = 2.2023-01-12 00:11:38 No hash board sn, chain = 0.2023-01-12 00:11:38 No chip bin, chain = 02023-01-12 00:11:38 No ft ver, chain = 02023-01-12 00:11:38 No test standard, chain = 0.2023-01-12 00:11:38 No hash board sn, chain = 1.2023-01-12 00:11:38 No chip bin, chain = 12023-01-12 00:11:38 No ft ver, chain = 12023-01-12 00:11:38 No test standard, chain = 1.2023-01-12 00:11:38 No hash board sn, chain = 2.2023-01-12 00:11:38 No chip bin, chain = 22023-01-12 00:11:38 No ft ver, chain = 22023-01-12 00:11:38 No test standard, chain = 2.2023-01-12 00:11:39 No hash board sn, chain = 0.2023-01-12 00:11:39 No chip bin, chain = 02023-01-12 00:11:39 No ft ver, chain = 02023-01-12 00:11:39 No test standard, chain = 0.2023-01-12 00:11:39 No hash board sn, chain = 1.2023-01-12 00:11:39 No chip bin, chain = 12023-01-12 00:11:39 No ft ver, chain = 12023-01-12 00:11:39 No test standard, chain = 1.2023-01-12 00:11:39 No hash board sn, chain = 2.2023-01-12 00:11:39 No chip bin, chain = 22023-01-12 00:11:39 No ft ver, chain = 22023-01-12 00:11:39 No test standard, chain = 2.2023-01-12 00:11:39 power type version: 0x00712023-01-12 00:11:39 Enter sleep to make sure power release finish.2023-01-12 00:11:40 No hash board sn, chain = 0.2023-01-12 00:11:40 No chip bin, chain = 02023-01-12 00:11:40 No ft ver, chain = 02023-01-12 00:11:40 No test standard, chain = 0.2023-01-12 00:11:40 No hash board sn, chain = 1.2023-01-12 00:11:40 No chip bin, chain = 12023-01-12 00:11:40 No ft ver, chain = 12023-01-12 00:11:40 No test standard, chain = 1.2023-01-12 00:11:40 No hash board sn, chain = 2.2023-01-12 00:11:40 No chip bin, chain = 22023-01-12 00:11:40 No ft ver, chain = 22023-01-12 00:11:40 No test standard, chain = 2.2023-01-12 00:11:41 _bitmain_pic_heart_beat_common failed!2023-01-12 00:11:41 Dumping 6 read return data bytes from 0xb49fddf8:2023-01-12 00:11:41 01 2023-01-12 00:11:41 01 2023-01-12 00:11:41 01 2023-01-12 00:11:41 01 2023-01-12 00:11:41 01 2023-01-12 00:11:41 01 2023-01-12 00:11:41    2023-01-12 00:11:41    2023-01-12 00:11:41    2023-01-12 00:11:41    2023-01-12 00:11:41    2023-01-12 00:11:41    2023-01-12 00:11:41    2023-01-12 00:11:41    2023-01-12 00:11:41    2023-01-12 00:11:41    2023-01-12 00:11:41 .2023-01-12 00:11:41 .2023-01-12 00:11:41 .2023-01-12 00:11:41 .2023-01-12 00:11:41 .2023-01-12 00:11:41 .2023-01-12 00:11:41  2023-01-12 00:11:41  2023-01-12 00:11:41  2023-01-12 00:11:41  2023-01-12 00:11:41  2023-01-12 00:11:41  2023-01-12 00:11:41 No hash board sn, chain = 0.2023-01-12 00:11:41 No chip bin, chain = 02023-01-12 00:11:41 No ft ver, chain = 02023-01-12 00:11:41 No test standard, chain = 0.2023-01-12 00:11:41 No hash board sn, chain = 1.2023-01-12 00:11:41 No chip bin, chain = 12023-01-12 00:11:41 No ft ver, chain = 12023-01-12 00:11:41 No test standard, chain = 1.2023-01-12 00:11:41 No hash board sn, chain = 2.2023-01-12 00:11:41 No chip bin, chain = 22023-01-12 00:11:41 No ft ver, chain = 22023-01-12 00:11:41 No test standard, chain = 2.2023-01-12 00:11:41  2023-01-12 00:11:41  2023-01-12 00:11:41  2023-01-12 00:11:41  2023-01-12 00:11:41 2023-01-12 00:11:41 _read_an6_voltage failed! read_back_data[0] = 0x01, read_back_data[1] = 0x01, read_back_data[2] = 0x012023-01-12 00:11:42 _pic_write_iic failed! read_back_data[0] = 0x55, read_back_data[1] = 0x552023-01-12 00:11:42 pic_read_iic: select slave: 0x48, reg/command: 0x00 is failed2023-01-12 00:11:42 fail to read pic temp for chain 22023-01-12 00:11:42 _pic_write_iic failed! read_back_data[0] = 0x55, read_back_data[1] = 0x552023-01-12 00:11:42 pic_read_iic: select slave: 0x49, reg/command: 0x00 is failed2023-01-12 00:11:42 fail to read pic temp for chain 22023-01-12 00:11:42 No hash board sn, chain = 0.2023-01-12 00:11:42 No chip bin, chain = 02023-01-12 00:11:42 No ft ver, chain = 02023-01-12 00:11:42 No test standard, chain = 0.2023-01-12 00:11:42 No hash board sn, chain = 1.2023-01-12 00:11:42 No chip bin, chain = 12023-01-12 00:11:42 No ft ver, chain = 12023-01-12 00:11:42 No test standard, chain = 1.2023-01-12 00:11:42 No hash board sn, chain = 2.2023-01-12 00:11:42 No chip bin, chain = 22023-01-12 00:11:42 No ft ver, chain = 22023-01-12 00:11:42 No test standard, chain = 2.2023-01-12 00:11:42 _pic_write_iic failed! read_back_data[0] = 0x55, read_back_data[1] = 0x552023-01-12 00:11:42 pic_read_iic: select slave: 0x4a, reg/command: 0x00 is failed2023-01-12 00:11:42 fail to read pic temp for chain 22023-01-12 00:11:42 _pic_write_iic failed! read_back_data[0] = 0x55, read_back_data[1] = 0x552023-01-12 00:11:42 pic_read_iic: select slave: 0x4b, reg/command: 0x00 is failed2023-01-12 00:11:42 fail to read pic temp for chain 22023-01-12 00:11:43 No hash board sn, chain = 0.2023-01-12 00:11:43 No chip bin, chain = 02023-01-12 00:11:43 No ft ver, chain = 02023-01-12 00:11:43 No test standard, chain = 0.2023-01-12 00:11:43 No hash board sn, chain = 1.2023-01-12 00:11:43 No chip bin, chain = 12023-01-12 00:11:43 No ft ver, chain = 12023-01-12 00:11:43 No test standard, chain = 1.2023-01-12 00:11:43 No hash board sn, chain = 2.2023-01-12 00:11:43 No chip bin, chain = 22023-01-12 00:11:43 No ft ver, chain = 22023-01-12 00:11:43 No test standard, chain = 2.2023-01-12 00:11:43 _pic_write_iic failed! read_back_data[0] = 0x55, read_back_data[1] = 0x552023-01-12 00:11:43 pic_read_iic: select slave: 0x48, reg/command: 0x00 is failed2023-01-12 00:11:43 fail to read pic temp for chain 22023-01-12 00:11:43 _pic_write_iic failed! read_back_data[0] = 0x55, read_back_data[1] = 0x552023-01-12 00:11:43 pic_read_iic: select slave: 0x49, reg/command: 0x00 is failed2023-01-12 00:11:43 fail to read pic temp for chain 22023-01-12 00:11:43 _pic_write_iic failed! read_back_data[0] = 0x55, read_back_data[1] = 0x552023-01-12 00:11:43 pic_read_iic: select slave: 0x4a, reg/command: 0x00 is failed2023-01-12 00:11:43 fail to read pic temp for chain 22023-01-12 00:11:43 _pic_write_iic failed! read_back_data[0] = 0x55, read_back_data[1] = 0x552023-01-12 00:11:43 pic_read_iic: select slave: 0x4b, reg/command: 0x00 is failed2023-01-12 00:11:43 fail to read pic temp for chain 22023-01-12 00:11:44 No hash board sn, chain = 0.2023-01-12 00:11:44 No chip bin, chain = 02023-01-12 00:11:44 No ft ver, chain = 02023-01-12 00:11:44 No test standard, chain = 0.2023-01-12 00:11:44 No hash board sn, chain = 1.2023-01-12 00:11:44 No chip bin, chain = 12023-01-12 00:11:44 No ft ver, chain = 12023-01-12 00:11:44 No test standard, chain = 1.2023-01-12 00:11:44 No hash board sn, chain = 2.2023-01-12 00:11:44 No chip bin, chain = 22023-01-12 00:11:44 No ft ver, chain = 22023-01-12 00:11:44 No test standard, chain = 2.2023-01-12 00:11:44 _pic_write_iic failed! read_back_data[0] = 0x55, read_back_data[1] = 0x552023-01-12 00:11:44 pic_read_iic: select slave: 0x48, reg/command: 0x00 is failed2023-01-12 00:11:44 fail to read pic temp for chain 22023-01-12 00:11:44 _pic_write_iic failed! read_back_data[0] = 0x55, read_back_data[1] = 0x552023-01-12 00:11:44 pic_read_iic: select slave: 0x49, reg/command: 0x00 is failed2023-01-12 00:11:44 fail to read pic temp for chain 22023-01-12 00:11:45 _pic_write_iic failed! read_back_data[0] = 0x55, read_back_data[1] = 0x552023-01-12 00:11:45 pic_read_iic: select slave: 0x4a, reg/command: 0x00 is failed2023-01-12 00:11:45 fail to read pic temp for chain 22023-01-12 00:11:45 _pic_write_iic failed! read_back_data[0] = 0x55, read_back_data[1] = 0x552023-01-12 00:11:45 pic_read_iic: select slave: 0x4b, reg/command: 0x00 is failed2023-01-12 00:11:45 fail to read pic temp for chain 22023-01-12 00:11:45 over max temp, pcb temp 17 (max 80), chip temp 32(max 95) pcb temp rise 0 chip temp rise 0, total_exit_failure 62023-01-12 00:11:45 ERROR_TEMP_TOO_HIGH: over max temp2023-01-12 00:11:45 stop_mining: over max temp2023-01-12 00:11:45 uninit_temp_info2023-01-12 00:11:45 do not read temp anymore...2023-01-12 00:11:45 cancel thread2023-01-12 00:11:45 cancel thread2023-01-12 00:11:45 ****power off hashboard****2023-01-12 00:11:45 No hash board sn, chain = 0.2023-01-12 00:11:45 No chip bin, chain = 02023-01-12 00:11:45 No ft ver, chain = 02023-01-12 00:11:45 No test standard, chain = 0.2023-01-12 00:11:45 No hash board sn, chain = 1.2023-01-12 00:11:45 No chip bin, chain = 12023-01-12 00:11:45 No ft ver, chain = 12023-01-12 00:11:45 No test standard, chain = 1.2023-01-12 00:11:45 No hash board sn, chain = 2.2023-01-12 00:11:45 No chip bin, chain = 22023-01-12 00:11:45 No ft ver, chain = 22023-01-12 00:11:45 No test standard, chain = 2.2023-01-12 00:11:46 _bitmain_pic_disable_dc_dc_common failed! read_back_data[0] = 0x01, read_back_data[1] = 0x012023-01-12 00:11:47 fan_etf: Set fixed fan speed=952023-01-12 00:11:47 start to init...2023-01-12 00:11:47 Version num 82023-01-12 00:11:47 Mask num 0xe0002023-01-12 00:11:47 Note: addrInterval or corenum is not initialized.2023-01-12 00:11:47 temp monitor thread exit2023-01-12 00:13:43 No hash board sn, chain = 0.2023-01-12 00:13:43 No chip bin, chain = 02023-01-12 00:13:43 No ft ver, chain = 02023-01-12 00:13:43 No test standard, chain = 0.2023-01-12 00:13:43 No hash board sn, chain = 1.2023-01-12 00:13:43 No chip bin, chain = 12023-01-12 00:13:43 No ft ver, chain = 12023-01-12 00:13:43 No test standard, chain = 1.2023-01-12 00:13:43 No hash board sn, chain = 2.2023-01-12 00:13:43 No chip bin, chain = 22023-01-12 00:13:43 No ft ver, chain = 22023-01-12 00:13:43 No test standard, chain = 2.2023-01-12 00:13:43 No hash board sn, chain = 0.2023-01-12 00:13:43 No chip bin, chain = 02023-01-12 00:13:43 No ft ver, chain = 02023-01-12 00:13:43 No test standard, chain = 0.2023-01-12 00:13:43 No hash board sn, chain = 1.2023-01-12 00:13:43 No chip bin, chain = 12023-01-12 00:13:43 No ft ver, chain = 12023-01-12 00:13:43 No test standard, chain = 1.2023-01-12 00:13:43 No hash board sn, chain = 2.2023-01-12 00:13:43 No chip bin, chain = 22023-01-12 00:13:43 No ft ver, chain = 22023-01-12 00:13:43 No test standard, chain = 2.2023-01-12 00:13:43 No hash board sn, chain = 0.2023-01-12 00:13:43 No chip bin, chain = 02023-01-12 00:13:43 No ft ver, chain = 02023-01-12 00:13:43 No test standard, chain = 0.2023-01-12 00:13:43 No hash board sn, chain = 1.2023-01-12 00:13:43 No chip bin, chain = 12023-01-12 00:13:43 No ft ver, chain = 12023-01-12 00:13:43 No test standard, chain = 1.2023-01-12 00:13:43 No hash board sn, chain = 2.2023-01-12 00:13:43 No chip bin, chain = 22023-01-12 00:13:43 No ft ver, chain = 22023-01-12 00:13:43 No test standard, chain = 2.2023-01-12 00:14:40 Slept 180 seconds, diff = 17.2023-01-12 00:14:40 set_voltage_by_steps to 1500.2023-01-12 00:14:45 _read_an6_voltage failed! read_back_data[0] = 0xb6, read_back_data[1] = 0xb6, read_back_data[2] = 0xb62023-01-12 00:14:45 start up min temp by 75a = 02023-01-12 00:14:45 set UART baud to 1152002023-01-12 00:14:53 Chain[0]: find 0 asic, times 02023-01-12 00:15:01 Chain[0]: find 0 asic, times 12023-01-12 00:15:08 Chain[0]: find 0 asic, times 22023-01-12 00:15:09 Chain 0 only find 0 asic, will power off hash board 02023-01-12 00:15:16 Chain[1]: find 0 asic, times 02023-01-12 00:15:24 Chain[1]: find 0 asic, times 12023-01-12 00:15:32 Chain[1]: find 0 asic, times 22023-01-12 00:15:32 Chain 1 only find 0 asic, will power off hash board 12023-01-12 00:15:36 _bitmain_pic_enable_dc_dc_common failed! read_back_data[0] = 0x01, read_back_data[1] = 0x012023-01-12 00:15:40 Chain[2]: find 0 asic, times 02023-01-12 00:15:40 _bitmain_pic_disable_dc_dc_common failed! read_back_data[0] = 0x01, read_back_data[1] = 0x012023-01-12 00:15:43 _bitmain_pic_enable_dc_dc_common failed! read_back_data[0] = 0x01, read_back_data[1] = 0x012023-01-12 00:15:47 Chain[2]: find 0 asic, times 12023-01-12 00:15:48 _bitmain_pic_disable_dc_dc_common failed! read_back_data[0] = 0x01, read_back_data[1] = 0x012023-01-12 00:15:51 _bitmain_pic_enable_dc_dc_common failed! read_back_data[0] = 0x01, read_back_data[1] = 0x012023-01-12 00:15:55 Chain[2]: find 0 asic, times 22023-01-12 00:15:55 _bitmain_pic_disable_dc_dc_common failed! read_back_data[0] = 0x01, read_back_data[1] = 0x012023-01-12 00:15:55 Chain 2 only find 0 asic, will power off hash board 22023-01-12 00:15:56 _bitmain_pic_disable_dc_dc_common failed! read_back_data[0] = 0x01, read_back_data[1] = 0x012023-01-12 00:15:56 ERROR_SOC_INIT: soc init failed!2023-01-12 00:15:56 stop_mining: soc init failed!2023-01-12 00:15:56 ****power off hashboard****2023-01-12 00:15:57 STATUS_OKAY2023-01-12 00:15:57 set_start_time_point total_tv_start_sys=300 total_tv_end_sys=301Please Help",
  "score": 0,
  "upvotes": 0,
  "downvotes": 0,
  "url": "https://bitcointalk.org/index.php?topic=5434377",
  "comments": [
    {
      "author": "mikeywith",
      "created_time": "January 12, 2023, 12:58:53 AM",
      "body": "Please use the code tag to post the kernel log.The kernel log clearly states the following:Code:023-01-12 00:15:01 Chain[0]: find 0 asic, times 02023-01-12 00:15:16 Chain[1]: find 0 asic, times 02023-01-12 00:15:40 Chain[2]: find 0 asic, times 0It simply means, all 3 hash boards are DEAD, but that alone isn't conclusive.Tell us more about the miner's history, was it running before and just stopped out of a sudden? did you just buy it? are you sure the pool is correct? did you try to flash new firmware?If you just received a miner, chances are, the kernel log is accurate and you got a dead miner.If it was running fine 2 days ago and then suddenly stopped, it's very unlikely that all 3 hash boards died at the same time, which means it's most likely a bad PSU, there is also something funny in the Kernel log which is thisCode:2023-01-12 00:11:45 over max temp, pcb temp 17 (max 80), chip temp 32(max 95) pcb temp rise 0 chip temp rise 0, total_exit_failure 617 is < 80, as well as 32 < 95, so this error can't be accurate, which could be the result of a bad control board, so ya, tell us more about it, also do you have another similar miner which you can borrow a PSU/CB from?",
      "score": 0,
      "upvotes": 0,
      "downvotes": 0
    },
    {
      "author": "BitMaxz",
      "created_time": "January 13, 2023, 11:50:46 AM",
      "body": "It is more likely a connection problem because it didn't show any info on each hash board.Would you mind to try flashing the unit with the latest stock firmware it might be just a corrupted program flashing it should fix the issue?Also, try to replug all cables and power connections and try to clean terminals with thinner or isopropyl alcohol then run it again. Then update here.",
      "score": 0,
      "upvotes": 0,
      "downvotes": 0
    },
    {
      "author": "thierry4wd",
      "created_time": "January 14, 2023, 10:12:16 AM",
      "body": "hi, i see the miner see this 3 hashboard, so :Total chaine look : \"2023-01-12 00:11:15 chain num = 3Chaine 0 and chaine 1 its ok for readingCode:2023-01-12 00:11:16 [chain 0]2023-01-12 00:11:16 0x0000 11 4A 8B 81 7A 50 4F 53   E3 55 A3 90 9B AF 2F 992023-01-12 00:11:16 0x0010 4D 0A 66 E9 75 8C D0 0A   56 31 56 7F 84 29 C6 C32023-01-12 00:11:16 0x0020 68 B7 E1 B0 C0 95 44 B0   CB 30 75 6E A5 3E 97 202023-01-12 00:11:16 0x0030 9E 5D 31 50 5B 8F 29 9D   6F 64 B3 60 EB 06 60 AD2023-01-12 00:11:16 0x0040 83 4F 0F E4 F8 05 98 74   2E C3 FF FF FF FF FF FF2023-01-12 00:11:16 0x0050 FF FF FF FF FF FF FF FF   FF FF FF FF FF FF FF FF2023-01-12 00:11:16 0x0060 FF FF FF FF FF FF FF FF   FF FF FF FF FF FF FF FF2023-01-12 00:11:16 0x0070 FF FF FF FF FF FF FF FF   FF FF FF FF FF FF FF FF2023-01-12 00:11:16 0x0080 FF FF FF FF FF FF FF FF   FF FF FF FF FF FF FF FF2023-01-12 00:11:16 0x0090 FF FF FF FF FF FF FF FF   FF FF FF FF FF FF FF FF2023-01-12 00:11:16 0x00A0 FF FF FF FF FF FF FF FF   FF FF FF FF FF FF FF FF2023-01-12 00:11:16 0x00B0 FF FF FF FF FF FF FF FF   FF FF FF FF FF FF FF FF2023-01-12 00:11:16 0x00C0 FF FF FF FF FF FF FF FF   FF FF FF FF FF FF FF FF2023-01-12 00:11:16 0x00D0 FF FF FF FF FF FF FF FF   FF FF FF FF FF FF FF FF2023-01-12 00:11:16 0x00E0 FF FF FF FF FF FF FF FF   FF FF FF FF FF FF FF FF2023-01-12 00:11:16 0x00F0 FF FF FF FF FF FF FF FF   FF FF FF FF FF FF FF 5A2023-01-12 00:11:162023-01-12 00:11:18 [chain 1]2023-01-12 00:11:18 0x0000 11 4A 6A 04 3D B6 AB E8   2E E5 81 BB 84 81 E0 B42023-01-12 00:11:18 0x0010 89 E9 28 74 97 E4 29 0D   A2 0E E0 B6 93 24 B4 DF2023-01-12 00:11:18 0x0020 EA E7 8C 25 F5 24 91 4F   45 7E FC A2 69 BE 8A 772023-01-12 00:11:18 0x0030 42 6C A6 15 0C 07 E1 88   CB 65 3F 39 AC D5 40 772023-01-12 00:11:18 0x0040 CB E8 B7 82 80 13 60 03   AF BD FF FF FF FF FF FF2023-01-12 00:11:18 0x0050 FF FF FF FF FF FF FF FF   FF FF FF FF FF FF FF FF2023-01-12 00:11:18 0x0060 FF FF FF FF FF FF FF FF   FF FF FF FF FF FF FF FF2023-01-12 00:11:18 0x0070 FF FF FF FF FF FF FF FF   FF FF FF FF FF FF FF FF2023-01-12 00:11:18 0x0080 FF FF FF FF FF FF FF FF   FF FF FF FF FF FF FF FF2023-01-12 00:11:18 0x0090 FF FF FF FF FF FF FF FF   FF FF FF FF FF FF FF FF2023-01-12 00:11:18 0x00A0 FF FF FF FF FF FF FF FF   FF FF FF FF FF FF FF FF2023-01-12 00:11:18 0x00B0 FF FF FF FF FF FF FF FF   FF FF FF FF FF FF FF FF2023-01-12 00:11:18 0x00C0 FF FF FF FF FF FF FF FF   FF FF FF FF FF FF FF FF2023-01-12 00:11:18 0x00D0 FF FF FF FF FF FF FF FF   FF FF FF FF FF FF FF FF2023-01-12 00:11:18 0x00E0 FF FF FF FF FF FF FF FF   FF FF FF FF FF FF FF FF2023-01-12 00:11:18 0x00F0 FF FF FF FF FF FF FF FF   FF FF FF FF FF FF FF 5ABut chaine 2 have eeprom corupted... \"5A\" is empty eeprom or impossible to readCode:2023-01-12 00:11:20 [chain 2]2023-01-12 00:11:20 0x0000 5A 5A 5A 5A 5A 5A 5A 5A   5A 5A 5A 5A 5A 5A 5A 5A2023-01-12 00:11:20 0x0010 5A 5A 5A 5A 5A 5A 5A 5A   5A 5A 5A 5A 5A 5A 5A 5A2023-01-12 00:11:20 0x0020 5A 5A 5A 5A 5A 5A 5A 5A   5A 5A 5A 5A 5A 5A 5A 5A2023-01-12 00:11:20 0x0030 5A 5A 5A 5A 5A 5A 5A 5A   5A 5A 5A 5A 5A 5A 5A 5A2023-01-12 00:11:20 0x0040 5A 5A 5A 5A 5A 5A 5A 5A   5A 5A 5A 5A 5A 5A 5A 5A2023-01-12 00:11:20 0x0050 5A 5A 5A 5A 5A 5A 5A 5A   5A 5A 5A 5A 5A 5A 5A 5A2023-01-12 00:11:20 0x0060 5A 5A 5A 5A 5A 5A 5A 5A   5A 5A 5A 5A 5A 5A 5A 5A2023-01-12 00:11:20 0x0070 5A 5A 5A 5A 5A 5A 5A 5A   5A 5A 5A 5A 5A 5A 5A 5A2023-01-12 00:11:20 0x0080 5A 5A 5A 5A 5A 5A 5A 5A   5A 5A 5A 5A 5A 5A 5A 5A2023-01-12 00:11:20 0x0090 5A 5A 5A 5A 5A 5A 5A 5A   5A 5A 5A 5A 5A 5A 5A 5A2023-01-12 00:11:20 0x00A0 5A 5A 5A 5A 5A 5A 5A 5A   5A 5A 5A 5A 5A 5A 5A 5A2023-01-12 00:11:20 0x00B0 5A 5A 5A 5A 5A 5A 5A 5A   5A 5A 5A 5A 5A 5A 5A 5A2023-01-12 00:11:20 0x00C0 5A 5A 5A 5A 5A 5A 5A 5A   5A 5A 5A 5A 5A 5A 5A 5A2023-01-12 00:11:20 0x00D0 5A 5A 5A 5A 5A 5A 5A 5A   5A 5A 5A 5A 5A 5A 5A 5A2023-01-12 00:11:20 0x00E0 5A 5A 5A 5A 5A 5A 5A 5A   5A 5A 5A 5A 5A 5A 5A 5A2023-01-12 00:11:20 0x00F0 5A 5A 5A 5A 5A 5A 5A 5A   5A 5A 5A 5A 5A 5A 5A 5AAnd the miner just enter in error mode and stop Code:2023-01-12 00:11:25 EEPROM info error!, -22023-01-12 00:11:25 Data decode fail for chain 2.2023-01-12 00:11:25 Data load fail for chain 2.2023-01-12 00:11:25 Sweep error string = J255:4.2023-01-12 00:11:25 Fixture data load failed, exit.For try FIRST ! unplug oncy the chaine 2 (only data wire) ... and see ... if the miner start correctly, is your chaine 2 is dead (or just need eeprom reprograming)If its ok without chaine 2 , its good idea make the solution from BitMaxz only on chaine 2 : \"Also, try to replug all cables and power connections and try to clean terminals with thinner or isopropyl alcohol then run it again. Then update here.\"",
      "score": 0,
      "upvotes": 0,
      "downvotes": 0
    },
    {
      "author": "Artemis3",
      "created_time": "February 27, 2023, 06:31:49 PM",
      "body": "Try unplugging power for half hour after you have flashed factory firmware.",
      "score": 0,
      "upvotes": 0,
      "downvotes": 0
    }
  ]
}