{
  "id": "topic_5401454",
  "title": "danieleither",
  "author": "danieleither",
  "created_time": "June 05, 2022, 11:20:01 AM",
  "content": "I recently sold 2 x Antminer S17e units to a buyer on Ebay. Before selling I used these constantly for around 1.5 years with no issues or faults whatsoever, however the buyer is now having problems where the miners hash for around 2 hours before stopping. I asked him to send me the kernel logs, however I'm not familiar with the errors listed. I do note however that both error logs are very similar (which may suggest an external issue common to both miners, such as overheating or a problem with the mains supply).Can anyone shed some light? I've had to drastically cut down the kernel log as the forum appears to have a 64000 character limit Code:2022-06-04 20:38:23:driver-btm-api.c:2571:bitmain_soc_init: Init done!2022-06-04 20:38:28:driver-btm-api.c:247:set_miner_status: STATUS_OKAY2022-06-04 20:38:29:frequency.c:107:get_ideal_hash_rate_GH: ideal_hash_rate = 617232022-06-04 20:38:29:frequency.c:128:get_sale_hash_rate_GH: sale_hash_rate = 600002022-06-04 20:38:33:driver-btm-api.c:1610:dhash_chip_send_job: Version num 82022-06-04 20:38:33:driver-btm-api.c:1754:dhash_chip_send_job: stime.tv_sec 1654375113, block_ntime 16543751122022-06-04 20:40:53:thread.c:384:dec_freq_for_temp: start adjust freq, dec_freq = 202022-06-04 21:01:10:thread.c:384:dec_freq_for_temp: start adjust freq, dec_freq = 02022-06-04 21:04:03:thread.c:384:dec_freq_for_temp: start adjust freq, dec_freq = 202022-06-04 21:10:03:thread.c:384:dec_freq_for_temp: start adjust freq, dec_freq = 02022-06-04 21:11:22:thread.c:384:dec_freq_for_temp: start adjust freq, dec_freq = 202022-06-04 21:22:18:thread.c:1136:asic_status_monitor_thread: ERROR: chain 0 get hashrate_reg_counter 0, require 135, failed times 12022-06-04 21:22:18:thread.c:1136:asic_status_monitor_thread: ERROR: chain 1 get hashrate_reg_counter 0, require 135, failed times 12022-06-04 21:22:18:thread.c:1136:asic_status_monitor_thread: ERROR: chain 2 get hashrate_reg_counter 0, require 135, failed times 12022-06-04 21:22:20:thread.c:1172:asic_status_monitor_thread: chain 0 can't get enough hashrate reg val for 0 times.2022-06-04 21:22:20:thread.c:1172:asic_status_monitor_thread: chain 1 can't get enough hashrate reg val for 0 times.2022-06-04 21:22:20:thread.c:1172:asic_status_monitor_thread: chain 2 can't get enough hashrate reg val for 0 times.2022-06-04 21:22:21:thread.c:1136:asic_status_monitor_thread: ERROR: chain 0 get hashrate_reg_counter 0, require 135, failed times 12022-06-04 21:22:21:thread.c:1136:asic_status_monitor_thread: ERROR: chain 1 get hashrate_reg_counter 0, require 135, failed times 12022-06-04 21:22:21:thread.c:1136:asic_status_monitor_thread: ERROR: chain 2 get hashrate_reg_counter 0, require 135, failed times 12022-06-04 21:22:21:temperature.c:737:get_temp_info: read temp sensor failed: chain = 0, sensor = 0, chip = 27, reg = 02022-06-04 21:22:21:temperature.c:737:get_temp_info: read temp sensor failed: chain = 0, sensor = 0, chip = 27, reg = 12022-06-04 21:22:21:temperature.c:737:get_temp_info: read temp sensor failed: chain = 0, sensor = 1, chip = 35, reg = 02022-06-04 21:22:21:temperature.c:737:get_temp_info: read temp sensor failed: chain = 0, sensor = 1, chip = 35, reg = 12022-06-04 21:22:21:temperature.c:737:get_temp_info: read temp sensor failed: chain = 0, sensor = 2, chip = 99, reg = 02022-06-04 21:22:21:temperature.c:737:get_temp_info: read temp sensor failed: chain = 0, sensor = 2, chip = 99, reg = 12022-06-04 21:22:21:temperature.c:737:get_temp_info: read temp sensor failed: chain = 0, sensor = 3, chip = 107, reg = 02022-06-04 21:22:21:temperature.c:737:get_temp_info: read temp sensor failed: chain = 0, sensor = 3, chip = 107, reg = 12022-06-04 21:22:21:temperature.c:737:get_temp_info: read temp sensor failed: chain = 1, sensor = 0, chip = 27, reg = 02022-06-04 21:22:21:temperature.c:737:get_temp_info: read temp sensor failed: chain = 1, sensor = 0, chip = 27, reg = 12022-06-04 21:22:21:temperature.c:737:get_temp_info: read temp sensor failed: chain = 1, sensor = 1, chip = 35, reg = 02022-06-04 21:22:21:temperature.c:737:get_temp_info: read temp sensor failed: chain = 1, sensor = 1, chip = 35, reg = 12022-06-04 21:22:21:temperature.c:737:get_temp_info: read temp sensor failed: chain = 1, sensor = 2, chip = 99, reg = 02022-06-04 21:22:21:temperature.c:737:get_temp_info: read temp sensor failed: chain = 1, sensor = 2, chip = 99, reg = 12022-06-04 21:22:21:temperature.c:737:get_temp_info: read temp sensor failed: chain = 1, sensor = 3, chip = 107, reg = 02022-06-04 21:22:21:temperature.c:737:get_temp_info: read temp sensor failed: chain = 1, sensor = 3, chip = 107, reg = 12022-06-04 21:22:21:temperature.c:737:get_temp_info: read temp sensor failed: chain = 2, sensor = 0, chip = 27, reg = 02022-06-04 21:22:21:temperature.c:737:get_temp_info: read temp sensor failed: chain = 2, sensor = 0, chip = 27, reg = 12022-06-04 21:22:21:temperature.c:737:get_temp_info: read temp sensor failed: chain = 2, sensor = 1, chip = 35, reg = 02022-06-04 21:22:21:temperature.c:737:get_temp_info: read temp sensor failed: chain = 2, sensor = 1, chip = 35, reg = 12022-06-04 21:22:21:temperature.c:737:get_temp_info: read temp sensor failed: chain = 2, sensor = 2, chip = 99, reg = 02022-06-04 21:22:21:temperature.c:737:get_temp_info: read temp sensor failed: chain = 2, sensor = 2, chip = 99, reg = 12022-06-04 21:22:21:temperature.c:737:get_temp_info: read temp sensor failed: chain = 2, sensor = 3, chip = 107, reg = 02022-06-04 21:22:21:temperature.c:737:get_temp_info: read temp sensor failed: chain = 2, sensor = 3, chip = 107, reg = 12022-06-04 21:22:21:temperature.c:754:get_temp_info: ERROR: chain 0 can get NONE temp info or temp value abnormal, power it off2022-06-04 21:22:22:driver-hash-chip.c:591:recalc_invalid_volt: chain 0 domain 00 column 00 single core_domain: no useful core domain volt: 0.00 0.00 0.00 0.00.2022-06-04 21:22:22:driver-hash-chip.c:591:recalc_invalid_volt: chain 0 domain 00 column 01 single core_domain: no useful core domain volt: 0.00 0.00 0.00 0.00.2022-06-04 21:22:22:driver-hash-chip.c:591:recalc_invalid_volt: chain 0 domain 00 column 02 single core_domain: no useful core domain volt: 0.00 0.00 0.00 0.00.2022-06-04 21:22:22:driver-hash-chip.c:591:recalc_invalid_volt: chain 0 domain 00 column 03 single core_domain: no useful core domain volt: 0.00 0.00 0.00 0.00.2022-06-04 21:22:22:driver-hash-chip.c:591:recalc_invalid_volt: chain 0 domain 00 column 04 single core_domain: no useful core domain volt: 0.00 0.00 0.00 0.00.2022-06-04 21:22:22:driver-hash-chip.c:591:recalc_invalid_volt: chain 0 domain 00 column 05 single core_domain: no useful core domain volt: 0.00 0.00 0.00 0.00.2022-06-04 21:22:22:driver-hash-chip.c:591:recalc_invalid_volt: chain 0 domain 00 column 06 single core_domain: no useful core domain volt: 0.00 0.00 0.00 0.00.2022-06-04 21:22:22:driver-hash-chip.c:591:recalc_invalid_volt: chain 0 domain 00 column 07 single core_domain: no useful core domain volt: 0.00 0.00 0.00 0.00.2022-06-04 21:22:22:driver-hash-chip.c:591:recalc_invalid_volt: chain 0 domain 00 column 08 single core_domain: no useful core domain volt: 0.00 0.00 0.00 0.00.2022-06-04 21:22:22:driver-hash-chip.c:591:recalc_invalid_volt: chain 0 domain 01 column 00 single core_domain: no useful core domain volt: 0.00 0.00 0.00 0.00.2022-06-04 21:22:22:driver-hash-chip.c:591:recalc_invalid_volt: chain 0 domain 01 column 01 single core_domain: no useful core domain volt: 0.00 0.00 0.00 0.00.*** Repetative text removed ***2022-06-04 21:22:22:driver-hash-chip.c:707:dump_adc_voltage_v2: chain 0 domain 00 core_domain 0: all asic timeout or overrange.2022-06-04 21:22:22:driver-hash-chip.c:707:dump_adc_voltage_v2: chain 0 domain 00 core_domain 1: all asic timeout or overrange.2022-06-04 21:22:22:driver-hash-chip.c:707:dump_adc_voltage_v2: chain 0 domain 00 core_domain 2: all asic timeout or overrange.2022-06-04 21:22:22:driver-hash-chip.c:707:dump_adc_voltage_v2: chain 0 domain 00 core_domain 3: all asic timeout or overrange.2022-06-04 21:22:22:driver-hash-chip.c:707:dump_adc_voltage_v2: chain 0 domain 01 core_domain 0: all asic timeout or overrange.*** Repetative text removed ***2022-06-04 21:22:22:driver-hash-chip.c:737:dump_adc_voltage_v2: get ADC_DATAOUT from chain 0 with 540 regs timeout.chain 0 domain  0: x d0 0.000, x d1 0.000, x d2 0.000, x d3 0.000, x sum = 0.000000chain 0 domain  1: x d0 0.000, x d1 0.000, x d2 0.000, x d3 0.000, x sum = 0.000000chain 0 domain  2: x d0 0.000, x d1 0.000, x d2 0.000, x d3 0.000, x sum = 0.000000chain 0 domain  3: x d0 0.000, x d1 0.000, x d2 0.000, x d3 0.000, x sum = 0.000000chain 0 domain  4: x d0 0.000, x d1 0.000, x d2 0.000, x d3 0.000, x sum = 0.000000chain 0 domain  5: x d0 0.000, x d1 0.000, x d2 0.000, x d3 0.000, x sum = 0.000000chain 0 domain  6: x d0 0.000, x d1 0.000, x d2 0.000, x d3 0.000, x sum = 0.000000chain 0 domain  7: x d0 0.000, x d1 0.000, x d2 0.000, x d3 0.000, x sum = 0.000000chain 0 domain  8: x d0 0.000, x d1 0.000, x d2 0.000, x d3 0.000, x sum = 0.000000chain 0 domain  9: x d0 0.000, x d1 0.000, x d2 0.000, x d3 0.000, x sum = 0.000000chain 0 domain 10: x d0 0.000, x d1 0.000, x d2 0.000, x d3 0.000, x sum = 0.000000chain 0 domain 11: x d0 0.000, x d1 0.000, x d2 0.000, x d3 0.000, x sum = 0.000000chain 0 domain 12: x d0 0.000, x d1 0.000, x d2 0.000, x d3 0.000, x sum = 0.000000chain 0 domain 13: x d0 0.000, x d1 0.000, x d2 0.000, x d3 0.000, x sum = 0.000000chain 0 domain 14: x d0 0.000, x d1 0.000, x d2 0.000, x d3 0.000, x sum = 0.000000*** Above repeats thru chains 1 and 2 ***2022-06-04 21:22:24:driver-hash-chip.c:486:check_adc_voltage: FAIL domain volt check: chain 0 domain 00 volt 0.000 less then request 0.800 (index 0)2022-06-04 21:22:24:driver-hash-chip.c:486:check_adc_voltage: FAIL domain volt check: chain 0 domain 01 volt 0.000 less then request 0.800 (index 0)2022-06-04 21:22:24:driver-hash-chip.c:486:check_adc_voltage: FAIL domain volt check: chain 0 domain 02 volt 0.000 less then request 0.800 (index 0)2022-06-04 21:22:24:driver-hash-chip.c:486:check_adc_voltage: FAIL domain volt check: chain 0 domain 03 volt 0.000 less then request 0.800 (index 0)2022-06-04 21:22:24:driver-hash-chip.c:486:check_adc_voltage: FAIL domain volt check: chain 0 domain 04 volt 0.000 less then request 0.800 (index 0)2022-06-04 21:22:24:driver-hash-chip.c:486:check_adc_voltage: FAIL domain volt check: chain 0 domain 05 volt 0.000 less then request 0.800 (index 0)2022-06-04 21:22:24:driver-hash-chip.c:486:check_adc_voltage: FAIL domain volt check: chain 0 domain 06 volt 0.000 less then request 0.800 (index 0)2022-06-04 21:22:24:driver-hash-chip.c:486:check_adc_voltage: FAIL domain volt check: chain 0 domain 07 volt 0.000 less then request 0.800 (index 0)2022-06-04 21:22:24:driver-hash-chip.c:486:check_adc_voltage: FAIL domain volt check: chain 0 domain 08 volt 0.000 less then request 0.800 (index 0)2022-06-04 21:22:24:driver-hash-chip.c:486:check_adc_voltage: FAIL domain volt check: chain 0 domain 09 volt 0.000 less then request 0.800 (index 0)2022-06-04 21:22:24:driver-hash-chip.c:486:check_adc_voltage: FAIL domain volt check: chain 0 domain 10 volt 0.000 less then request 0.800 (index 0)2022-06-04 21:22:24:driver-hash-chip.c:486:check_adc_voltage: FAIL domain volt check: chain 0 domain 11 volt 0.000 less then request 0.800 (index 0)2022-06-04 21:22:24:driver-hash-chip.c:486:check_adc_voltage: FAIL domain volt check: chain 0 domain 12 volt 0.000 less then request 0.800 (index 0)2022-06-04 21:22:24:driver-hash-chip.c:486:check_adc_voltage: FAIL domain volt check: chain 0 domain 13 volt 0.000 less then request 0.800 (index 0)2022-06-04 21:22:24:driver-hash-chip.c:486:check_adc_voltage: FAIL domain volt check: chain 0 domain 14 volt 0.000 less then request 0.800 (index 0)2022-06-04 21:22:24:driver-hash-chip.c:486:check_adc_voltage: FAIL domain volt check: chain 1 domain 00 volt 0.000 less then request 0.800 (index 0)2022-06-04 21:22:24:driver-hash-chip.c:486:check_adc_voltage: FAIL domain volt check: chain 1 domain 01 volt 0.000 less then request 0.800 (index 0)2022-06-04 21:22:24:driver-hash-chip.c:486:check_adc_voltage: FAIL domain volt check: chain 1 domain 02 volt 0.000 less then request 0.800 (index 0)2022-06-04 21:22:24:driver-hash-chip.c:486:check_adc_voltage: FAIL domain volt check: chain 1 domain 03 volt 0.000 less then request 0.800 (index 0)2022-06-04 21:22:24:driver-hash-chip.c:486:check_adc_voltage: FAIL domain volt check: chain 1 domain 04 volt 0.000 less then request 0.800 (index 0)2022-06-04 21:22:24:driver-hash-chip.c:486:check_adc_voltage: FAIL domain volt check: chain 1 domain 05 volt 0.000 less then request 0.800 (index 0)2022-06-04 21:22:24:driver-hash-chip.c:486:check_adc_voltage: FAIL domain volt check: chain 1 domain 06 volt 0.000 less then request 0.800 (index 0)2022-06-04 21:22:24:driver-hash-chip.c:486:check_adc_voltage: FAIL domain volt check: chain 1 domain 07 volt 0.000 less then request 0.800 (index 0)2022-06-04 21:22:24:driver-hash-chip.c:486:check_adc_voltage: FAIL domain volt check: chain 1 domain 08 volt 0.000 less then request 0.800 (index 0)2022-06-04 21:22:24:driver-hash-chip.c:486:check_adc_voltage: FAIL domain volt check: chain 1 domain 09 volt 0.000 less then request 0.800 (index 0)2022-06-04 21:22:24:driver-hash-chip.c:486:check_adc_voltage: FAIL domain volt check: chain 1 domain 10 volt 0.000 less then request 0.800 (index 0)2022-06-04 21:22:24:driver-hash-chip.c:486:check_adc_voltage: FAIL domain volt check: chain 1 domain 11 volt 0.000 less then request 0.800 (index 0)2022-06-04 21:22:24:driver-hash-chip.c:486:check_adc_voltage: FAIL domain volt check: chain 1 domain 12 volt 0.000 less then request 0.800 (index 0)2022-06-04 21:22:24:driver-hash-chip.c:486:check_adc_voltage: FAIL domain volt check: chain 1 domain 13 volt 0.000 less then request 0.800 (index 0)2022-06-04 21:22:24:driver-hash-chip.c:486:check_adc_voltage: FAIL domain volt check: chain 1 domain 14 volt 0.000 less then request 0.800 (index 0)2022-06-04 21:22:24:driver-hash-chip.c:486:check_adc_voltage: FAIL domain volt check: chain 2 domain 00 volt 0.000 less then request 0.800 (index 0)2022-06-04 21:22:24:driver-hash-chip.c:486:check_adc_voltage: FAIL domain volt check: chain 2 domain 01 volt 0.000 less then request 0.800 (index 0)2022-06-04 21:22:24:driver-hash-chip.c:486:check_adc_voltage: FAIL domain volt check: chain 2 domain 02 volt 0.000 less then request 0.800 (index 0)2022-06-04 21:22:24:driver-hash-chip.c:486:check_adc_voltage: FAIL domain volt check: chain 2 domain 03 volt 0.000 less then request 0.800 (index 0)2022-06-04 21:22:24:driver-hash-chip.c:486:check_adc_voltage: FAIL domain volt check: chain 2 domain 04 volt 0.000 less then request 0.800 (index 0)2022-06-04 21:22:24:driver-hash-chip.c:486:check_adc_voltage: FAIL domain volt check: chain 2 domain 05 volt 0.000 less then request 0.800 (index 0)2022-06-04 21:22:24:driver-hash-chip.c:486:check_adc_voltage: FAIL domain volt check: chain 2 domain 06 volt 0.000 less then request 0.800 (index 0)2022-06-04 21:22:24:driver-hash-chip.c:486:check_adc_voltage: FAIL domain volt check: chain 2 domain 07 volt 0.000 less then request 0.800 (index 0)2022-06-04 21:22:24:driver-hash-chip.c:486:check_adc_voltage: FAIL domain volt check: chain 2 domain 08 volt 0.000 less then request 0.800 (index 0)2022-06-04 21:22:24:driver-hash-chip.c:486:check_adc_voltage: FAIL domain volt check: chain 2 domain 09 volt 0.000 less then request 0.800 (index 0)2022-06-04 21:22:24:driver-hash-chip.c:486:check_adc_voltage: FAIL domain volt check: chain 2 domain 10 volt 0.000 less then request 0.800 (index 0)2022-06-04 21:22:24:driver-hash-chip.c:486:check_adc_voltage: FAIL domain volt check: chain 2 domain 11 volt 0.000 less then request 0.800 (index 0)2022-06-04 21:22:24:driver-hash-chip.c:486:check_adc_voltage: FAIL domain volt check: chain 2 domain 12 volt 0.000 less then request 0.800 (index 0)2022-06-04 21:22:24:driver-hash-chip.c:486:check_adc_voltage: FAIL domain volt check: chain 2 domain 13 volt 0.000 less then request 0.800 (index 0)2022-06-04 21:22:24:driver-hash-chip.c:486:check_adc_voltage: FAIL domain volt check: chain 2 domain 14 volt 0.000 less then request 0.800 (index 0)2022-06-04 21:22:25:temperature.c:754:get_temp_info: ERROR: chain 1 can get NONE temp info or temp value abnormal, power it off2022-06-04 21:22:25:thread.c:1172:asic_status_monitor_thread: chain 1 can't get enough hashrate reg val for 2 times.2022-06-04 21:22:25:thread.c:1172:asic_status_monitor_thread: chain 2 can't get enough hashrate reg val for 2 times.2022-06-04 21:22:25:driver-hash-chip.c:591:recalc_invalid_volt: chain 1 domain 00 column 00 single core_domain: no useful core domain volt: 0.00 0.00 0.00 0.00.2022-06-04 21:22:25:driver-hash-chip.c:591:recalc_invalid_volt: chain 1 domain 00 column 01 single core_domain: no useful core domain volt: 0.00 0.00 0.00 0.00.2022-06-04 21:22:25:driver-hash-chip.c:591:recalc_invalid_volt: chain 1 domain 00 column 02 single core_domain: no useful core domain volt: 0.00 0.00 0.00 0.00.2022-06-04 21:22:25:driver-hash-chip.c:591:recalc_invalid_volt: chain 1 domain 00 column 03 single core_domain: no useful core domain volt: 0.00 0.00 0.00 0.00.2022-06-04 21:22:25:driver-hash-chip.c:591:recalc_invalid_volt: chain 1 domain 00 column 04 single core_domain: no useful core domain volt: 0.00 0.00 0.00 0.00.2022-06-04 21:22:25:driver-hash-chip.c:591:recalc_invalid_volt: chain 1 domain 00 column 05 single core_domain: no useful core domain volt: 0.00 0.00 0.00 0.00.*** Repetative text removed ***2022-06-04 21:22:26:driver-hash-chip.c:707:dump_adc_voltage_v2: chain 1 domain 00 core_domain 0: all asic timeout or overrange.2022-06-04 21:22:26:driver-hash-chip.c:707:dump_adc_voltage_v2: chain 1 domain 00 core_domain 1: all asic timeout or overrange.2022-06-04 21:22:26:driver-hash-chip.c:707:dump_adc_voltage_v2: chain 1 domain 00 core_domain 2: all asic timeout or overrange.2022-06-04 21:22:26:driver-hash-chip.c:707:dump_adc_voltage_v2: chain 1 domain 00 core_domain 3: all asic timeout or overrange.2022-06-04 21:22:26:driver-hash-chip.c:707:dump_adc_voltage_v2: chain 1 domain 01 core_domain 0: all asic timeout or overrange.2022-06-04 21:22:26:driver-hash-chip.c:707:dump_adc_voltage_v2: chain 1 domain 01 core_domain 1: all asic timeout or overrange.*** Repetative text removed ***2022-06-04 21:22:26:driver-hash-chip.c:737:dump_adc_voltage_v2: get ADC_DATAOUT from chain 1 with 540 regs timeout.chain 1 domain  0: x d0 0.000, x d1 0.000, x d2 0.000, x d3 0.000, x sum = 0.000000chain 1 domain  1: x d0 0.000, x d1 0.000, x d2 0.000, x d3 0.000, x sum = 0.000000chain 1 domain  2: x d0 0.000, x d1 0.000, x d2 0.000, x d3 0.000, x sum = 0.000000chain 1 domain  3: x d0 0.000, x d1 0.000, x d2 0.000, x d3 0.000, x sum = 0.000000chain 1 domain  4: x d0 0.000, x d1 0.000, x d2 0.000, x d3 0.000, x sum = 0.000000chain 1 domain  5: x d0 0.000, x d1 0.000, x d2 0.000, x d3 0.000, x sum = 0.000000chain 1 domain  6: x d0 0.000, x d1 0.000, x d2 0.000, x d3 0.000, x sum = 0.000000chain 1 domain  7: x d0 0.000, x d1 0.000, x d2 0.000, x d3 0.000, x sum = 0.000000chain 1 domain  8: x d0 0.000, x d1 0.000, x d2 0.000, x d3 0.000, x sum = 0.000000chain 1 domain  9: x d0 0.000, x d1 0.000, x d2 0.000, x d3 0.000, x sum = 0.000000chain 1 domain 10: x d0 0.000, x d1 0.000, x d2 0.000, x d3 0.000, x sum = 0.000000chain 1 domain 11: x d0 0.000, x d1 0.000, x d2 0.000, x d3 0.000, x sum = 0.000000chain 1 domain 12: x d0 0.000, x d1 0.000, x d2 0.000, x d3 0.000, x sum = 0.000000chain 1 domain 13: x d0 0.000, x d1 0.000, x d2 0.000, x d3 0.000, x sum = 0.000000chain 1 domain 14: x d0 0.000, x d1 0.000, x d2 0.000, x d3 0.000, x sum = 0.0000002022-06-04 21:22:26:frequency.c:107:get_ideal_hash_rate_GH: ideal_hash_rate = 407092022-06-04 21:22:26:frequency.c:128:get_sale_hash_rate_GH: sale_hash_rate = 400002022-06-04 21:22:26:thread.c:1136:asic_status_monitor_thread: ERROR: chain 1 get hashrate_reg_counter 0, require 135, failed times 12022-06-04 21:22:26:thread.c:1136:asic_status_monitor_thread: ERROR: chain 2 get hashrate_reg_counter 0, require 135, failed times 12022-06-04 21:22:26:driver-hash-chip.c:591:recalc_invalid_volt: chain 2 domain 00 column 00 single core_domain: no useful core domain volt: 0.00 0.00 0.00 0.00.2022-06-04 21:22:26:driver-hash-chip.c:591:recalc_invalid_volt: chain 2 domain 00 column 01 single core_domain: no useful core domain volt: 0.00 0.00 0.00 0.00.2022-06-04 21:22:26:driver-hash-chip.c:591:recalc_invalid_volt: chain 2 domain 00 column 02 single core_domain: no useful core domain volt: 0.00 0.00 0.00 0.00.2022-06-04 21:22:26:driver-hash-chip.c:591:recalc_invalid_volt: chain 2 domain 00 column 03 single core_domain: no useful core domain volt: 0.00 0.00 0.00 0.00.2022-06-04 21:22:26:driver-hash-chip.c:591:recalc_invalid_volt: chain 2 domain 00 column 04 single core_domain: no useful core domain volt: 0.00 0.00 0.00 0.00.2022-06-04 21:22:26:driver-hash-chip.c:591:recalc_invalid_volt: chain 2 domain 00 column 05 single core_domain: no useful core domain volt: 0.00 0.00 0.00 0.00.2022-06-04 21:22:26:driver-hash-chip.c:591:recalc_invalid_volt: chain 2 domain 00 column 06 single core_domain: no useful core domain volt: 0.00 0.00 0.00 0.00.2022-06-04 21:22:26:driver-hash-chip.c:591:recalc_invalid_volt: chain 2 domain 00 column 07 single core_domain: no useful core domain volt: 0.00 0.00 0.00 0.00.2022-06-04 21:22:26:driver-hash-chip.c:591:recalc_invalid_volt: chain 2 domain 00 column 08 single core_domain: no useful core domain volt: 0.00 0.00 0.00 0.00.2022-06-04 21:22:26:driver-hash-chip.c:591:recalc_invalid_volt: chain 2 domain 01 column 00 single core_domain: no useful core domain volt: 0.00 0.00 0.00 0.00.2022-06-04 21:22:26:driver-hash-chip.c:591:recalc_invalid_volt: chain 2 domain 01 column 01 single core_domain: no useful core domain volt: 0.00 0.00 0.00 0.00.*** Repetative text removed ***2022-06-04 21:22:26:driver-hash-chip.c:707:dump_adc_voltage_v2: chain 2 domain 00 core_domain 0: all asic timeout or overrange.2022-06-04 21:22:26:driver-hash-chip.c:707:dump_adc_voltage_v2: chain 2 domain 00 core_domain 1: all asic timeout or overrange.2022-06-04 21:22:26:driver-hash-chip.c:707:dump_adc_voltage_v2: chain 2 domain 00 core_domain 2: all asic timeout or overrange.2022-06-04 21:22:26:driver-hash-chip.c:707:dump_adc_voltage_v2: chain 2 domain 00 core_domain 3: all asic timeout or overrange.2022-06-04 21:22:26:driver-hash-chip.c:707:dump_adc_voltage_v2: chain 2 domain 01 core_domain 0: all asic timeout or overrange.2022-06-04 21:22:26:driver-hash-chip.c:707:dump_adc_voltage_v2: chain 2 domain 01 core_domain 1: all asic timeout or overrange.2022-06-04 21:22:26:driver-hash-chip.c:707:dump_adc_voltage_v2: chain 2 domain 01 core_domain 2: all asic timeout or overrange.2022-06-04 21:22:26:driver-hash-chip.c:707:dump_adc_voltage_v2: chain 2 domain 01 core_domain 3: all asic timeout or overrange.2022-06-04 21:22:26:driver-hash-chip.c:707:dump_adc_voltage_v2: chain 2 domain 02 core_domain 0: all asic timeout or overrange.2022-06-04 21:22:26:driver-hash-chip.c:707:dump_adc_voltage_v2: chain 2 domain 02 core_domain 1: all asic timeout or overrange.2022-06-04 21:22:26:driver-hash-chip.c:707:dump_adc_voltage_v2: chain 2 domain 02 core_domain 2: all asic timeout or overrange.2022-06-04 21:22:26:driver-hash-chip.c:707:dump_adc_voltage_v2: chain 2 domain 02 core_domain 3: all asic timeout or overrange.2022-06-04 21:22:26:driver-hash-chip.c:707:dump_adc_voltage_v2: chain 2 domain 03 core_domain 0: all asic timeout or overrange.2022-06-04 21:22:26:driver-hash-chip.c:707:dump_adc_voltage_v2: chain 2 domain 03 core_domain 1: all asic timeout or overrange.2022-06-04 21:22:26:driver-hash-chip.c:707:dump_adc_voltage_v2: chain 2 domain 03 core_domain 2: all asic timeout or overrange.2022-06-04 21:22:26:driver-hash-chip.c:707:dump_adc_voltage_v2: chain 2 domain 03 core_domain 3: all asic timeout or overrange.2022-06-04 21:22:26:driver-hash-chip.c:707:dump_adc_voltage_v2: chain 2 domain 04 core_domain 0: all asic timeout or overrange.2022-06-04 21:22:26:driver-hash-chip.c:707:dump_adc_voltage_v2: chain 2 domain 04 core_domain 1: all asic timeout or overrange.2022-06-04 21:22:26:driver-hash-chip.c:707:dump_adc_voltage_v2: chain 2 domain 04 core_domain 2: all asic timeout or overrange.2022-06-04 21:22:26:driver-hash-chip.c:707:dump_adc_voltage_v2: chain 2 domain 04 core_domain 3: all asic timeout or overrange.2022-06-04 21:22:26:driver-hash-chip.c:707:dump_adc_voltage_v2: chain 2 domain 05 core_domain 0: all asic timeout or overrange.2022-06-04 21:22:26:driver-hash-chip.c:707:dump_adc_voltage_v2: chain 2 domain 05 core_domain 1: all asic timeout or overrange.2022-06-04 21:22:26:driver-hash-chip.c:707:dump_adc_voltage_v2: chain 2 domain 05 core_domain 2: all asic timeout or overrange.2022-06-04 21:22:26:driver-hash-chip.c:707:dump_adc_voltage_v2: chain 2 domain 05 core_domain 3: all asic timeout or overrange.2022-06-04 21:22:26:driver-hash-chip.c:707:dump_adc_voltage_v2: chain 2 domain 06 core_domain 0: all asic timeout or overrange.2022-06-04 21:22:26:driver-hash-chip.c:707:dump_adc_voltage_v2: chain 2 domain 06 core_domain 1: all asic timeout or overrange.2022-06-04 21:22:26:driver-hash-chip.c:707:dump_adc_voltage_v2: chain 2 domain 06 core_domain 2: all asic timeout or overrange.2022-06-04 21:22:26:driver-hash-chip.c:707:dump_adc_voltage_v2: chain 2 domain 06 core_domain 3: all asic timeout or overrange.2022-06-04 21:22:27:driver-hash-chip.c:707:dump_adc_voltage_v2: chain 2 domain 07 core_domain 0: all asic timeout or overrange.2022-06-04 21:22:27:driver-hash-chip.c:707:dump_adc_voltage_v2: chain 2 domain 07 core_domain 1: all asic timeout or overrange.2022-06-04 21:22:27:driver-hash-chip.c:707:dump_adc_voltage_v2: chain 2 domain 07 core_domain 2: all asic timeout or overrange.2022-06-04 21:22:27:driver-hash-chip.c:707:dump_adc_voltage_v2: chain 2 domain 07 core_domain 3: all asic timeout or overrange.2022-06-04 21:22:27:driver-hash-chip.c:707:dump_adc_voltage_v2: chain 2 domain 08 core_domain 0: all asic timeout or overrange.2022-06-04 21:22:27:driver-hash-chip.c:707:dump_adc_voltage_v2: chain 2 domain 08 core_domain 1: all asic timeout or overrange.2022-06-04 21:22:27:driver-hash-chip.c:707:dump_adc_voltage_v2: chain 2 domain 08 core_domain 2: all asic timeout or overrange.2022-06-04 21:22:27:driver-hash-chip.c:707:dump_adc_voltage_v2: chain 2 domain 08 core_domain 3: all asic timeout or overrange.2022-06-04 21:22:27:driver-hash-chip.c:707:dump_adc_voltage_v2: chain 2 domain 09 core_domain 0: all asic timeout or overrange.2022-06-04 21:22:27:driver-hash-chip.c:707:dump_adc_voltage_v2: chain 2 domain 09 core_domain 1: all asic timeout or overrange.2022-06-04 21:22:27:driver-hash-chip.c:707:dump_adc_voltage_v2: chain 2 domain 09 core_domain 2: all asic timeout or overrange.2022-06-04 21:22:27:driver-hash-chip.c:707:dump_adc_voltage_v2: chain 2 domain 09 core_domain 3: all asic timeout or overrange.2022-06-04 21:22:27:driver-hash-chip.c:707:dump_adc_voltage_v2: chain 2 domain 10 core_domain 0: all asic timeout or overrange.2022-06-04 21:22:27:driver-hash-chip.c:707:dump_adc_voltage_v2: chain 2 domain 10 core_domain 1: all asic timeout or overrange.2022-06-04 21:22:27:driver-hash-chip.c:707:dump_adc_voltage_v2: chain 2 domain 10 core_domain 2: all asic timeout or overrange.2022-06-04 21:22:27:driver-hash-chip.c:707:dump_adc_voltage_v2: chain 2 domain 10 core_domain 3: all asic timeout or overrange.2022-06-04 21:22:27:driver-hash-chip.c:707:dump_adc_voltage_v2: chain 2 domain 11 core_domain 0: all asic timeout or overrange.2022-06-04 21:22:27:driver-hash-chip.c:707:dump_adc_voltage_v2: chain 2 domain 11 core_domain 1: all asic timeout or overrange.2022-06-04 21:22:27:driver-hash-chip.c:707:dump_adc_voltage_v2: chain 2 domain 11 core_domain 2: all asic timeout or overrange.2022-06-04 21:22:27:driver-hash-chip.c:707:dump_adc_voltage_v2: chain 2 domain 11 core_domain 3: all asic timeout or overrange.2022-06-04 21:22:27:driver-hash-chip.c:707:dump_adc_voltage_v2: chain 2 domain 12 core_domain 0: all asic timeout or overrange.2022-06-04 21:22:27:driver-hash-chip.c:707:dump_adc_voltage_v2: chain 2 domain 12 core_domain 1: all asic timeout or overrange.2022-06-04 21:22:27:driver-hash-chip.c:707:dump_adc_voltage_v2: chain 2 domain 12 core_domain 2: all asic timeout or overrange.2022-06-04 21:22:27:driver-hash-chip.c:707:dump_adc_voltage_v2: chain 2 domain 12 core_domain 3: all asic timeout or overrange.2022-06-04 21:22:27:driver-hash-chip.c:707:dump_adc_voltage_v2: chain 2 domain 13 core_domain 0: all asic timeout or overrange.2022-06-04 21:22:27:driver-hash-chip.c:707:dump_adc_voltage_v2: chain 2 domain 13 core_domain 1: all asic timeout or overrange.2022-06-04 21:22:27:driver-hash-chip.c:707:dump_adc_voltage_v2: chain 2 domain 13 core_domain 2: all asic timeout or overrange.2022-06-04 21:22:27:driver-hash-chip.c:707:dump_adc_voltage_v2: chain 2 domain 13 core_domain 3: all asic timeout or overrange.2022-06-04 21:22:27:driver-hash-chip.c:707:dump_adc_voltage_v2: chain 2 domain 14 core_domain 0: all asic timeout or overrange.2022-06-04 21:22:27:driver-hash-chip.c:707:dump_adc_voltage_v2: chain 2 domain 14 core_domain 1: all asic timeout or overrange.2022-06-04 21:22:27:driver-hash-chip.c:707:dump_adc_voltage_v2: chain 2 domain 14 core_domain 2: all asic timeout or overrange.2022-06-04 21:22:27:driver-hash-chip.c:707:dump_adc_voltage_v2: chain 2 domain 14 core_domain 3: all asic timeout or overrange.2022-06-04 21:22:27:driver-hash-chip.c:737:dump_adc_voltage_v2: get ADC_DATAOUT from chain 2 with 540 regs timeout.chain 2 domain  0: x d0 0.000, x d1 0.000, x d2 0.000, x d3 0.000, x sum = 0.000000chain 2 domain  1: x d0 0.000, x d1 0.000, x d2 0.000, x d3 0.000, x sum = 0.000000chain 2 domain  2: x d0 0.000, x d1 0.000, x d2 0.000, x d3 0.000, x sum = 0.000000chain 2 domain  3: x d0 0.000, x d1 0.000, x d2 0.000, x d3 0.000, x sum = 0.000000chain 2 domain  4: x d0 0.000, x d1 0.000, x d2 0.000, x d3 0.000, x sum = 0.000000chain 2 domain  5: x d0 0.000, x d1 0.000, x d2 0.000, x d3 0.000, x sum = 0.000000chain 2 domain  6: x d0 0.000, x d1 0.000, x d2 0.000, x d3 0.000, x sum = 0.000000chain 2 domain  7: x d0 0.000, x d1 0.000, x d2 0.000, x d3 0.000, x sum = 0.000000chain 2 domain  8: x d0 0.000, x d1 0.000, x d2 0.000, x d3 0.000, x sum = 0.000000chain 2 domain  9: x d0 0.000, x d1 0.000, x d2 0.000, x d3 0.000, x sum = 0.000000chain 2 domain 10: x d0 0.000, x d1 0.000, x d2 0.000, x d3 0.000, x sum = 0.000000chain 2 domain 11: x d0 0.000, x d1 0.000, x d2 0.000, x d3 0.000, x sum = 0.000000chain 2 domain 12: x d0 0.000, x d1 0.000, x d2 0.000, x d3 0.000, x sum = 0.000000chain 2 domain 13: x d0 0.000, x d1 0.000, x d2 0.000, x d3 0.000, x sum = 0.000000chain 2 domain 14: x d0 0.000, x d1 0.000, x d2 0.000, x d3 0.000, x sum = 0.0000002022-06-04 21:22:27:driver-hash-chip.c:486:check_adc_voltage: FAIL domain volt check: chain 1 domain 00 volt 0.000 less then request 0.800 (index 0)2022-06-04 21:22:27:driver-hash-chip.c:486:check_adc_voltage: FAIL domain volt check: chain 1 domain 01 volt 0.000 less then request 0.800 (index 0)2022-06-04 21:22:27:driver-hash-chip.c:486:check_adc_voltage: FAIL domain volt check: chain 1 domain 02 volt 0.000 less then request 0.800 (index 0)2022-06-04 21:22:27:driver-hash-chip.c:486:check_adc_voltage: FAIL domain volt check: chain 1 domain 03 volt 0.000 less then request 0.800 (index 0)2022-06-04 21:22:27:driver-hash-chip.c:486:check_adc_voltage: FAIL domain volt check: chain 1 domain 04 volt 0.000 less then request 0.800 (index 0)2022-06-04 21:22:27:driver-hash-chip.c:486:check_adc_voltage: FAIL domain volt check: chain 1 domain 05 volt 0.000 less then request 0.800 (index 0)*** Repetative text removed ***2022-06-04 21:22:28:thread.c:1172:asic_status_monitor_thread: chain 1 can't get enough hashrate reg val for 3 times.2022-06-04 21:22:28:thread.c:1172:asic_status_monitor_thread: chain 2 can't get enough hashrate reg val for 3 times.2022-06-04 21:22:29:thread.c:1136:asic_status_monitor_thread: ERROR: chain 1 get hashrate_reg_counter 0, require 135, failed times 12022-06-04 21:22:29:thread.c:1136:asic_status_monitor_thread: ERROR: chain 2 get hashrate_reg_counter 0, require 135, failed times 12022-06-04 21:22:29:temperature.c:754:get_temp_info: ERROR: chain 2 can get NONE temp info or temp value abnormal, power it off2022-06-04 21:22:29:frequency.c:107:get_ideal_hash_rate_GH: ideal_hash_rate = 200162022-06-04 21:22:29:frequency.c:128:get_sale_hash_rate_GH: sale_hash_rate = 200002022-06-04 21:22:29:driver-hash-chip.c:591:recalc_invalid_volt: chain 2 domain 00 column 00 single core_domain: no useful core domain volt: 0.00 0.00 0.00 0.00.2022-06-04 21:22:29:driver-hash-chip.c:591:recalc_invalid_volt: chain 2 domain 00 column 01 single core_domain: no useful core domain volt: 0.00 0.00 0.00 0.00.2022-06-04 21:22:29:driver-hash-chip.c:591:recalc_invalid_volt: chain 2 domain 00 column 02 single core_domain: no useful core domain volt: 0.00 0.00 0.00 0.00.2022-06-04 21:22:29:driver-hash-chip.c:591:recalc_invalid_volt: chain 2 domain 00 column 03 single core_domain: no useful core domain volt: 0.00 0.00 0.00 0.00.2022-06-04 21:22:29:driver-hash-chip.c:591:recalc_invalid_volt: chain 2 domain 00 column 04 single core_domain: no useful core domain volt: 0.00 0.00 0.00 0.00.*** Repetative text removed ***2022-06-04 21:22:29:driver-hash-chip.c:707:dump_adc_voltage_v2: chain 2 domain 00 core_domain 0: all asic timeout or overrange.2022-06-04 21:22:29:driver-hash-chip.c:707:dump_adc_voltage_v2: chain 2 domain 00 core_domain 1: all asic timeout or overrange.2022-06-04 21:22:29:driver-hash-chip.c:707:dump_adc_voltage_v2: chain 2 domain 00 core_domain 2: all asic timeout or overrange.2022-06-04 21:22:29:driver-hash-chip.c:707:dump_adc_voltage_v2: chain 2 domain 00 core_domain 3: all asic timeout or overrange.2022-06-04 21:22:29:driver-hash-chip.c:707:dump_adc_voltage_v2: chain 2 domain 01 core_domain 0: all asic timeout or overrange.2022-06-04 21:22:29:driver-hash-chip.c:707:dump_adc_voltage_v2: chain 2 domain 01 core_domain 1: all asic timeout or overrange.*** Repetative text removed ***2022-06-04 21:22:30:driver-hash-chip.c:737:dump_adc_voltage_v2: get ADC_DATAOUT from chain 2 with 540 regs timeout.chain 2 domain  0: x d0 0.000, x d1 0.000, x d2 0.000, x d3 0.000, x sum = 0.000000chain 2 domain  1: x d0 0.000, x d1 0.000, x d2 0.000, x d3 0.000, x sum = 0.000000chain 2 domain  2: x d0 0.000, x d1 0.000, x d2 0.000, x d3 0.000, x sum = 0.000000chain 2 domain  3: x d0 0.000, x d1 0.000, x d2 0.000, x d3 0.000, x sum = 0.000000chain 2 domain  4: x d0 0.000, x d1 0.000, x d2 0.000, x d3 0.000, x sum = 0.000000chain 2 domain  5: x d0 0.000, x d1 0.000, x d2 0.000, x d3 0.000, x sum = 0.000000chain 2 domain  6: x d0 0.000, x d1 0.000, x d2 0.000, x d3 0.000, x sum = 0.000000chain 2 domain  7: x d0 0.000, x d1 0.000, x d2 0.000, x d3 0.000, x sum = 0.000000chain 2 domain  8: x d0 0.000, x d1 0.000, x d2 0.000, x d3 0.000, x sum = 0.000000chain 2 domain  9: x d0 0.000, x d1 0.000, x d2 0.000, x d3 0.000, x sum = 0.000000chain 2 domain 10: x d0 0.000, x d1 0.000, x d2 0.000, x d3 0.000, x sum = 0.000000chain 2 domain 11: x d0 0.000, x d1 0.000, x d2 0.000, x d3 0.000, x sum = 0.000000chain 2 domain 12: x d0 0.000, x d1 0.000, x d2 0.000, x d3 0.000, x sum = 0.000000chain 2 domain 13: x d0 0.000, x d1 0.000, x d2 0.000, x d3 0.000, x sum = 0.000000chain 2 domain 14: x d0 0.000, x d1 0.000, x d2 0.000, x d3 0.000, x sum = 0.0000002022-06-04 21:22:30:driver-hash-chip.c:486:check_adc_voltage: FAIL domain volt check: chain 2 domain 00 volt 0.000 less then request 0.800 (index 0)2022-06-04 21:22:30:driver-hash-chip.c:486:check_adc_voltage: FAIL domain volt check: chain 2 domain 01 volt 0.000 less then request 0.800 (index 0)2022-06-04 21:22:30:driver-hash-chip.c:486:check_adc_voltage: FAIL domain volt check: chain 2 domain 02 volt 0.000 less then request 0.800 (index 0)2022-06-04 21:22:30:driver-hash-chip.c:486:check_adc_voltage: FAIL domain volt check: chain 2 domain 03 volt 0.000 less then request 0.800 (index 0)2022-06-04 21:22:30:driver-hash-chip.c:486:check_adc_voltage: FAIL domain volt check: chain 2 domain 04 volt 0.000 less then request 0.800 (index 0)2022-06-04 21:22:30:driver-hash-chip.c:486:check_adc_voltage: FAIL domain volt check: chain 2 domain 05 volt 0.000 less then request 0.800 (index 0)2022-06-04 21:22:30:driver-hash-chip.c:486:check_adc_voltage: FAIL domain volt check: chain 2 domain 06 volt 0.000 less then request 0.800 (index 0)2022-06-04 21:22:30:driver-hash-chip.c:486:check_adc_voltage: FAIL domain volt check: chain 2 domain 07 volt 0.000 less then request 0.800 (index 0)2022-06-04 21:22:30:driver-hash-chip.c:486:check_adc_voltage: FAIL domain volt check: chain 2 domain 08 volt 0.000 less then request 0.800 (index 0)2022-06-04 21:22:30:driver-hash-chip.c:486:check_adc_voltage: FAIL domain volt check: chain 2 domain 09 volt 0.000 less then request 0.800 (index 0)2022-06-04 21:22:30:driver-hash-chip.c:486:check_adc_voltage: FAIL domain volt check: chain 2 domain 10 volt 0.000 less then request 0.800 (index 0)2022-06-04 21:22:30:driver-hash-chip.c:486:check_adc_voltage: FAIL domain volt check: chain 2 domain 11 volt 0.000 less then request 0.800 (index 0)2022-06-04 21:22:30:driver-hash-chip.c:486:check_adc_voltage: FAIL domain volt check: chain 2 domain 12 volt 0.000 less then request 0.800 (index 0)2022-06-04 21:22:30:driver-hash-chip.c:486:check_adc_voltage: FAIL domain volt check: chain 2 domain 13 volt 0.000 less then request 0.800 (index 0)2022-06-04 21:22:30:driver-hash-chip.c:486:check_adc_voltage: FAIL domain volt check: chain 2 domain 14 volt 0.000 less then request 0.800 (index 0)2022-06-04 21:22:30:thread.c:1172:asic_status_monitor_thread: chain 2 can't get enough hashrate reg val for 4 times.2022-06-04 21:22:31:driver-btm-api.c:247:set_miner_status: ERROR_TEMP_LOST2022-06-04 21:22:31:driver-btm-api.c:176:stop_mining: stop mining: no chain exists, maybe caused by sensor lost2022-06-04 21:22:31:thread.c:1588:cancel_check_miner_status_thread: cancel thread2022-06-04 21:22:31:thread.c:1583:cancel_check_system_status_thread: cancel thread2022-06-04 21:22:31:thread.c:1572:cancel_read_nonce_reg_thread: cancel thread2022-06-04 21:22:31:thread.c:1593:cancel_asic_status_monitor_thread: cancel thread2022-06-04 21:22:31:driver-btm-api.c:147:killall_hashboard: ****power off hashboard****2022-06-04 21:22:31:frequency.c:107:get_ideal_hash_rate_GH: ideal_hash_rate = 02022-06-04 21:22:31:frequency.c:128:get_sale_hash_rate_GH: sale_hash_rate = 0",
  "score": 0,
  "upvotes": 0,
  "downvotes": 0,
  "url": "https://bitcointalk.org/index.php?topic=5401454",
  "comments": [
    {
      "author": "philipma1957",
      "created_time": "June 05, 2022, 12:38:21 PM",
      "body": "Looks like they shipped badly.You may have a total loss.I don’t know anyone that repairs the s17e.Your best case is the psu failed.Your worst case is the psu and the temp sensors failed .you need to very likely  take a return on them.",
      "score": 0,
      "upvotes": 0,
      "downvotes": 0
    },
    {
      "author": "BitMaxz",
      "created_time": "June 05, 2022, 04:40:57 PM",
      "body": "Try to ask the buyer if the power source is 110v? Or if he has 220v? You can only run this unit on 220v lower than that the miner will not run properly.If not try to ask him to replug cables and the metal parts of PSU. There might be some shorted parts due to a loose heatsink. Thermal adhesive is the solution for loose heatsinks.",
      "score": 0,
      "upvotes": 0,
      "downvotes": 0
    },
    {
      "author": "mikeywith",
      "created_time": "June 07, 2022, 05:34:10 AM",
      "body": "Quote from: danieleither on June 05, 2022, 11:20:01 AMCan anyone shed some light? I've had to drastically cut down the kernel log as the forum appears to have a 64000 character limit Post two different posts, cut the kernel in half, third or even quarter as needed, you didn't post the first half of the kernel log which is very important, but judging by the other half you posted, it seems that the miner might have a bad PSU, it could be dead, or the buyer's voltage is just way too low, you need to ask him for a proof that his voltage his 220v or even better, just ask him what voltage he runs them on.",
      "score": 0,
      "upvotes": 0,
      "downvotes": 0
    },
    {
      "author": "danieleither",
      "created_time": "June 07, 2022, 11:19:43 AM",
      "body": "Quote from: philipma1957 on June 05, 2022, 12:38:21 PMLooks like they shipped badly.You may have a total loss.I don’t know anyone that repairs the s17e.Your best case is the psu failed.Your worst case is the psu and the temp sensors failed .you need to very likely  take a return on them.The buyer collected in person (2 months ago), and he had 4 units in total so I think we can rule out bad shipping. I've sold around 30 units so far, they are all sold on a collection-only basis (due to known issues shipping 17-series miners). As for temp sensors failing, I'd have to argue that it's not realistic that temp sensors on all 3 hashboards would fail simultaneously?As these were sold 2 months ago, I won't be accepting returns however I will do everything in my power to help the buyer. I do have some PSU's on order from Bitmain and I've agreed to send him one to try when they arrive. If it turns out to be two burned out PSU's I'll replace them FOC. In the meantime I'll ask the buyer if he is able to check his mains voltage. We are in UK where it's 240V mains, it's highly unlikely to be below 220v but I'll check this out",
      "score": 0,
      "upvotes": 0,
      "downvotes": 0
    },
    {
      "author": "danieleither",
      "created_time": "June 07, 2022, 12:21:59 PM",
      "body": "Code:Booting Linux on physical CPU 0x0Linux version 4.6.0-xilinx-gff8137b-dirty (lzq@armdev2) (gcc version 4.8.3 20140320 (prerelease) (Sourcery CodeBench Lite 2014.05-23) ) #25 SMP PREEMPT Fri
Nov 23 15:30:52 CST 2018CPU: ARMv7 Processor [413fc090] revision 0 (ARMv7), cr=18c5387dCPU: PIPT / VIPT nonaliasing data cache, VIPT aliasing instruction cacheMachine model: Xilinx Zynqcma: Reserved 16 MiB at 0x0e000000Memory policy: Data cache writeallocOn node 0 totalpages: 61440free_area_init_node: node 0, pgdat c0b39280, node_mem_map cde10000  Normal zone: 480 pages used for memmap  Normal zone: 0 pages reserved  Normal zone: 61440 pages, LIFO batch:15percpu: Embedded 12 pages/cpu @cddf1000 s19776 r8192 d21184 u49152pcpu-alloc: s19776 r8192 d21184 u49152 alloc=12*4096pcpu-alloc: [0] 0 [0] 1Built 1 zonelists in Zone order, mobility grouping on.  Total pages: 60960Kernel command line: mem=240M console=ttyPS0,115200 ramdisk_size=33554432 root=/dev/ram rw earlyprintkPID hash table entries: 1024 (order: 0, 4096 bytes)Dentry cache hash table entries: 32768 (order: 5, 131072 bytes)Inode-cache hash table entries: 16384 (order: 4, 65536 bytes)Memory: 195960K/245760K available (6345K kernel code, 231K rwdata, 1896K rodata, 1024K init, 223K bss, 33416K reserved, 16384K cma-reserved, 0K highmem)Virtual kernel memory layout:    vector  : 0xffff0000 - 0xffff1000   (   4 kB)    fixmap  : 0xffc00000 - 0xfff00000   (3072 kB)    vmalloc : 0xcf800000 - 0xff800000   ( 768 MB)    lowmem  : 0xc0000000 - 0xcf000000   ( 240 MB)    pkmap   : 0xbfe00000 - 0xc0000000   (   2 MB)    modules : 0xbf000000 - 0xbfe00000   (  14 MB)      .text : 0xc0008000 - 0xc090c424   (9234 kB)      .init : 0xc0a00000 - 0xc0b00000   (1024 kB)      .data : 0xc0b00000 - 0xc0b39fe0   ( 232 kB)       .bss : 0xc0b39fe0 - 0xc0b71c28   ( 224 kB)Preemptible hierarchical RCU implementation.Build-time adjustment of leaf fanout to 32.RCU restricting CPUs from NR_CPUS=4 to nr_cpu_ids=2.RCU: Adjusting geometry for rcu_fanout_leaf=32, nr_cpu_ids=2NR_IRQS:16 nr_irqs:16 16efuse mapped to cf800000ps7-slcr mapped to cf802000L2C: platform modifies aux control register: 0x72360000 -> 0x72760000L2C: DT/platform modifies aux control register: 0x72360000 -> 0x72760000L2C-310 erratum 769419 enabledL2C-310 enabling early BRESP for Cortex-A9L2C-310 full line of zeros enabled for Cortex-A9L2C-310 ID prefetch enabled, offset 1 linesL2C-310 dynamic clock gating enabled, standby mode enabledL2C-310 cache controller enabled, 8 ways, 512 kBL2C-310: CACHE_ID 0x410000c8, AUX_CTRL 0x76760001zynq_clock_init: clkc starts at cf802100Zynq clock initsched_clock: 64 bits at 333MHz, resolution 3ns, wraps every 4398046511103nsclocksource: arm_global_timer: mask: 0xffffffffffffffff max_cycles: 0x4ce07af025, max_idle_ns: 440795209040 nsSwitching to timer-based delay loop, resolution 3nsclocksource: ttc_clocksource: mask: 0xffff max_cycles: 0xffff, max_idle_ns: 537538477 nsps7-ttc #0 at cf80a000, irq=18Console: colour dummy device 80x30Calibrating delay loop (skipped), value calculated using timer frequency.. 666.66 BogoMIPS (lpj=3333333)pid_max: default: 32768 minimum: 301Mount-cache hash table entries: 1024 (order: 0, 4096 bytes)Mountpoint-cache hash table entries: 1024 (order: 0, 4096 bytes)CPU: Testing write buffer coherency: okCPU0: thread -1, cpu 0, socket 0, mpidr 80000000Setting up static identity map for 0x100000 - 0x100058CPU1: failed to boot: -1Brought up 1 CPUsSMP: Total of 1 processors activated (666.66 BogoMIPS).CPU: All CPU(s) started in SVC mode.devtmpfs: initializedVFP support v0.3: implementor 41 architecture 3 part 30 variant 9 rev 4clocksource: jiffies: mask: 0xffffffff max_cycles: 0xffffffff, max_idle_ns: 19112604462750000 nspinctrl core: initialized pinctrl subsystemNET: Registered protocol family 16DMA: preallocated 256 KiB pool for atomic coherent allocationscpuidle: using governor menuhw-breakpoint: found 5 (+1 reserved) breakpoint and 1 watchpoint registers.hw-breakpoint: maximum watchpoint size is 4 bytes.zynq-ocm f800c000.ps7-ocmc: ZYNQ OCM pool: 256 KiB @ 0xcf880000vgaarb: loadedSCSI subsystem initializedusbcore: registered new interface driver usbfsusbcore: registered new interface driver hubusbcore: registered new device driver usbmedia: Linux media interface: v0.10Linux video capture interface: v2.00pps_core: LinuxPPS API ver. 1 registeredpps_core: Software ver. 5.3.6 - Copyright 2005-2007 Rodolfo Giometti <giometti@linux.it>PTP clock support registeredEDAC MC: Ver: 3.0.0Advanced Linux Sound Architecture Driver Initialized.clocksource: Switched to clocksource arm_global_timerNET: Registered protocol family 2TCP established hash table entries: 2048 (order: 1, 8192 bytes)TCP bind hash table entries: 2048 (order: 2, 16384 bytes)TCP: Hash tables configured (established 2048 bind 2048)UDP hash table entries: 256 (order: 1, 8192 bytes)UDP-Lite hash table entries: 256 (order: 1, 8192 bytes)NET: Registered protocol family 1RPC: Registered named UNIX socket transport module.RPC: Registered udp transport module.RPC: Registered tcp transport module.RPC: Registered tcp NFSv4.1 backchannel transport module.PCI: CLS 0 bytes, default 64Trying to unpack rootfs image as initramfs...rootfs image is not initramfs (no cpio magic); looks like an initrdFreeing initrd memory: 20376K (cc71a000 - cdb00000)hw perfevents: enabled with armv7_cortex_a9 PMU driver, 7 counters availablefutex hash table entries: 512 (order: 3, 32768 bytes)workingset: timestamp_bits=28 max_order=16 bucket_order=0jffs2: version 2.2. (NAND) (SUMMARY)  © 2001-2006 Red Hat, Inc.io scheduler noop registeredio scheduler deadline registeredio scheduler cfq registered (default)dma-pl330 f8003000.ps7-dma: Loaded driver for PL330 DMAC-241330dma-pl330 f8003000.ps7-dma: DBUFF-128x8bytes Num_Chans-8 Num_Peri-4 Num_Events-16e0000000.serial: ttyPS0 at MMIO 0xe0000000 (irq = 158, base_baud = 6249999) is a xuartpsconsole [ttyPS0] enabledxdevcfg f8007000.ps7-dev-cfg: ioremap 0xf8007000 to cf86e000[drm] Initialized drm 1.1.0 20060810brd: module loadedloop: module loadedCAN device driver interfacegpiod_set_value: invalid GPIOlibphy: MACB_mii_bus: probedmacb e000b000.ethernet eth0: Cadence GEM rev 0x00020118 at 0xe000b000 irq 31 (00:0a:35:00:00:00)Generic PHY e000b000.etherne:00: attached PHY driver [Generic PHY] (mii_bus:phy_addr=e000b000.etherne:00, irq=-1)e1000e: Intel(R) PRO/1000 Network Driver - 3.2.6-ke1000e: Copyright(c) 1999 - 2015 Intel Corporation.ehci_hcd: USB 2.0 'Enhanced' Host Controller (EHCI) Driverehci-pci: EHCI PCI platform driverusbcore: registered new interface driver usb-storagemousedev: PS/2 mouse device common for all micei2c /dev entries driverXilinx Zynq CpuIdle Driver startedsdhci: Secure Digital Host Controller Interface driversdhci: Copyright(c) Pierre Ossmansdhci-pltfm: SDHCI platform and OF driver helpermmc0: SDHCI controller on e0100000.ps7-sdio [e0100000.ps7-sdio] using ADMAledtrig-cpu: registered to indicate activity on CPUsusbcore: registered new interface driver usbhidusbhid: USB HID core drivernand: device found, Manufacturer ID: 0x2c, Chip ID: 0xdanand: Micron MT29F2G08ABAEAWPnand: 256 MiB, SLC, erase size: 128 KiB, page size: 2048, OOB size: 64nand: WARNING: pl35x-nand: the ECC used on your system is too weak compared to the one required by the NAND chipBad block table found at page 131008, version 0x01Bad block table found at page 130944, version 0x016 ofpart partitions found on MTD device pl35x-nandCreating 6 MTD partitions on \"pl35x-nand\":0x000000000000-0x000002800000 : \"BOOT.bin-env-dts-kernel\"0x000002800000-0x000004800000 : \"ramfs\"0x000004800000-0x000005000000 : \"configs\"0x000005000000-0x000006000000 : \"reserve\"0x000006000000-0x000008000000 : \"ramfs-bak\"0x000008000000-0x000010000000 : \"reserve1\"NET: Registered protocol family 10sit: IPv6 over IPv4 tunneling driverNET: Registered protocol family 17can: controller area network core (rev 20120528 abi 9)NET: Registered protocol family 29can: raw protocol (rev 20120528)can: broadcast manager protocol (rev 20120528 t)can: netlink gateway (rev 20130117) max_hops=1zynq_pm_ioremap: no compatible node found for 'xlnx,zynq-ddrc-a05'zynq_pm_late_init: Unable to map DDRC IO memory.Registering SWP/SWPB emulation handlerhctosys: unable to open rtc device (rtc0)ALSA device list:  No soundcards found.RAMDISK: gzip image found at block 0EXT4-fs (ram0): couldn't mount as ext3 due to feature incompatibilitiesEXT4-fs (ram0): mounted filesystem without journal. Opts: (null)VFS: Mounted root (ext4 filesystem) on device 1:0.devtmpfs: mountedFreeing unused kernel memory: 1024K (c0a00000 - c0b00000)EXT4-fs (ram0): re-mounted. Opts: block_validity,delalloc,barrier,user_xattrrandom: dd urandom read with 0 bits of entropy availableubi0: attaching mtd2ubi0: scanning is finishedubi0: attached mtd2 (name \"configs\", size 8 MiB)ubi0: PEB size: 131072 bytes (128 KiB), LEB size: 126976 bytesubi0: min./max. I/O unit sizes: 2048/2048, sub-page size 2048ubi0: VID header offset: 2048 (aligned 2048), data offset: 4096ubi0: good PEBs: 64, bad PEBs: 0, corrupted PEBs: 0ubi0: user volume: 1, internal volumes: 1, max. volumes count: 128ubi0: max/mean erase counter: 8/3, WL threshold: 4096, image sequence number: 2522452244ubi0: available PEBs: 0, total reserved PEBs: 64, PEBs reserved for bad PEB handling: 40ubi0: background thread \"ubi_bgt0d\" started, PID 708UBIFS (ubi0:0): background thread \"ubifs_bgt0_0\" started, PID 711UBIFS (ubi0:0): UBIFS: mounted UBI device 0, volume 0, name \"configs\"UBIFS (ubi0:0): LEB size: 126976 bytes (124 KiB), min./max. I/O unit sizes: 2048 bytes/2048 bytesUBIFS (ubi0:0): FS size: 1396736 bytes (1 MiB, 11 LEBs), journal size 888833 bytes (0 MiB, 5 LEBs)UBIFS (ubi0:0): reserved for root: 65970 bytes (64 KiB)UBIFS (ubi0:0): media format: w4/r0 (latest is w4/r0), UUID 1FE7A868-3AE9-4809-9889-D92F59058CF3, small LPT modelubi1: attaching mtd5ubi1: scanning is finishedubi1: attached mtd5 (name \"reserve1\", size 128 MiB)ubi1: PEB size: 131072 bytes (128 KiB), LEB size: 126976 bytesubi1: min./max. I/O unit sizes: 2048/2048, sub-page size 2048ubi1: VID header offset: 2048 (aligned 2048), data offset: 4096ubi1: good PEBs: 1020, bad PEBs: 4, corrupted PEBs: 0ubi1: user volume: 1, internal volumes: 1, max. volumes count: 128ubi1: max/mean erase counter: 29339/27372, WL threshold: 4096, image sequence number: 623662276ubi1: available PEBs: 0, total reserved PEBs: 1020, PEBs reserved for bad PEB handling: 36ubi1: background thread \"ubi_bgt1d\" started, PID 720UBIFS (ubi1:0): background thread \"ubifs_bgt1_0\" started, PID 723UBIFS (ubi1:0): UBIFS: mounted UBI device 1, volume 0, name \"reserve1\"UBIFS (ubi1:0): LEB size: 126976 bytes (124 KiB), min./max. I/O unit sizes: 2048 bytes/2048 bytesUBIFS (ubi1:0): FS size: 123039744 bytes (117 MiB, 969 LEBs), journal size 6221824 bytes (5 MiB, 49 LEBs)UBIFS (ubi1:0): reserved for root: 4952683 bytes (4836 KiB)UBIFS (ubi1:0): media format: w4/r0 (latest is w4/r0), UUID 8B83BE31-C9AE-4ED1-8729-90ECB6BFB22C, small LPT modelIPv6: ADDRCONF(NETDEV_UP): eth0: link is not readyIPv6: ADDRCONF(NETDEV_UP): eth0: link is not readymacb e000b000.ethernet eth0: unable to generate target frequency: 25000000 Hzmacb e000b000.ethernet eth0: link up (100/Full)IPv6: ADDRCONF(NETDEV_CHANGE): eth0: link becomes readyIn axi fpga driver!request_mem_region OK!AXI fpga dev virtual address is 0xcfb54000*base_vir_addr = 0xb023In fpga mem driver!request_mem_region OK!fpga mem virtual address is 0xd2000000random: nonblocking pool is initialized2022-06-04 17:33:07:thread.c:1537:create_bitmain_soc_init_thread: create thread2022-06-04 17:33:07:driver-btm-api.c:658:init_freq_mode: This is scan-user version2022-06-04 17:33:07:driver-btm-api.c:2495:bitmain_soc_init: Miner compile time: Sun Jun 14 19:53:07 CST 2020 type: Antminer S17e2022-06-04 17:33:07:driver-btm-api.c:2496:bitmain_soc_init: commit version: db60be7 2020-06-13 16:27:51, build by: lol 2020-06-14 20:01:492022-06-04 17:33:07:driver-btm-api.c:2497:bitmain_soc_init: opt_multi_version     = 12022-06-04 17:33:07:driver-btm-api.c:2498:bitmain_soc_init: opt_bitmain_ab        = 12022-06-04 17:33:07:driver-btm-api.c:2499:bitmain_soc_init: mid_auto_gen          = 02022-06-04 17:33:07:driver-btm-api.c:2500:bitmain_soc_init: work_mode             = 02022-06-04 17:33:07:driver-btm-api.c:2501:bitmain_soc_init: power_feedback_en     = true2022-06-04 17:33:07:driver-btm-api.c:2043:show_sn: no SN got, please write SN to /config/sn2022-06-04 17:33:07:driver-btm-api.c:1360:miner_device_init: Detect 256MB control board of XILINX2022-06-04 17:33:07:driver-btm-api.c:1301:init_fan_parameter: fan_eft : 0  fan_pwm : 02022-06-04 17:33:13:driver-btm-api.c:1285:init_miner_version: miner ID : 8142e4c67510481c2022-06-04 17:33:13:driver-btm-api.c:1291:init_miner_version: FPGA Version = 0xB0232022-06-04 17:33:19:auto_adapt.c:100:_get_board_info: chain[0] board bin: 1, chip bin: 3, chip ft: A192V1, chip version: AB2022-06-04 17:33:19:auto_adapt.c:100:_get_board_info: chain[1] board bin: 1, chip bin: 3, chip ft: A192V1, chip version: AB2022-06-04 17:33:19:auto_adapt.c:100:_get_board_info: chain[2] board bin: 1, chip bin: 3, chip ft: A192V1, chip version: AB2022-06-04 17:33:19:auto_adapt.c:273:is_sweep_failed_before: open sweep tag failedvoltage_ref = 02100  2100  2100  2100  2100  2000  1980  1980  1950  1950  1980  1950  1950  1920  1920  1950  1950  1920  1900  1900  1950  1920  1900  1880  1880  2022-06-04 17:33:19:thread.c:1505:create_read_nonce_reg_thread: create thread2022-06-04 17:33:19:driver-btm-api.c:674:dump_pcb_bom_version: Chain [0] PCB Version: 0x01282022-06-04 17:33:19:driver-btm-api.c:675:dump_pcb_bom_version: Chain [0] BOM Version: 0x01002022-06-04 17:33:19:driver-btm-api.c:674:dump_pcb_bom_version: Chain [1] PCB Version: 0x01282022-06-04 17:33:19:driver-btm-api.c:675:dump_pcb_bom_version: Chain [1] BOM Version: 0x01002022-06-04 17:33:19:driver-btm-api.c:674:dump_pcb_bom_version: Chain [2] PCB Version: 0x01282022-06-04 17:33:19:driver-btm-api.c:675:dump_pcb_bom_version: Chain [2] BOM Version: 0x01002022-06-04 17:33:21:driver-btm-api.c:2318:bitmain_board_init: Fan check passed.2022-06-04 17:33:22:board.c:81:jump_and_app_check_restore_pic: chain[0] PIC jump to app2022-06-04 17:33:24:board.c:94:jump_and_app_check_restore_pic: Check chain[0] PIC fw version=0xb92022-06-04 17:33:25:board.c:81:jump_and_app_check_restore_pic: chain[1] PIC jump to app2022-06-04 17:33:27:board.c:94:jump_and_app_check_restore_pic: Check chain[1] PIC fw version=0xb92022-06-04 17:33:28:board.c:81:jump_and_app_check_restore_pic: chain[2] PIC jump to app2022-06-04 17:33:30:board.c:94:jump_and_app_check_restore_pic: Check chain[2] PIC fw version=0xb92022-06-04 17:33:30:thread.c:1500:create_pic_heart_beat_thread: create thread2022-06-04 17:33:32:power_api.c:241:power_init: power type version: 0x00422022-06-04 17:33:33:power_api.c:259:power_init: Power init:2022-06-04 17:33:33:power_api.c:260:power_init: current_voltage_raw     = 18512022-06-04 17:33:33:power_api.c:261:power_init: highest_voltage_raw     = 20002022-06-04 17:33:33:power_api.c:262:power_init: working_voltage_raw     = 18002022-06-04 17:33:33:power_api.c:263:power_init: higher_voltage_raw      = 18502022-06-04 17:33:33:power_api.c:264:power_init: check_asic_voltage_raw  = 18002022-06-04 17:33:33:driver-btm-api.c:2328:bitmain_board_init: Enter 60s sleep to make sure power release finish.2022-06-04 17:34:35:driver-btm-api.c:1099:check_asic_number_until_volt_balance: THIS is No.1 time boost asic:2022-06-04 17:34:35:power_api.c:334:modify_check_asic_voltage: check_asic_voltage_raw  = 18002022-06-04 17:34:38:power_api.c:298:set_to_check_asic_voltage_by_steps: Set to voltage raw 1800, step by step.2022-06-04 17:34:56:uart.c:69:set_baud: set UART baud to 115200chain 0, IO_DRIVE_STRENGTH_CONFIGURATION reg = 0x 77777772022-06-04 17:35:00:driver-btm-api.c:1011:check_asic_number_with_power_on: Chain[0]: find 135 asic, times 0chain 1, IO_DRIVE_STRENGTH_CONFIGURATION reg = 0x 77777772022-06-04 17:35:05:driver-btm-api.c:1011:check_asic_number_with_power_on: Chain[1]: find 135 asic, times 0chain 2, IO_DRIVE_STRENGTH_CONFIGURATION reg = 0x 77777772022-06-04 17:35:09:driver-btm-api.c:1011:check_asic_number_with_power_on: Chain[2]: find 135 asic, times 02022-06-04 17:35:09:driver-btm-api.c:1139:check_asic_number_until_volt_balance: PASS: volt balance at No.1 time boost asic.2022-06-04 17:35:09:power_api.c:364:set_to_highest_voltage_by_steps: Set to voltage raw 2000, step by step.2022-06-04 17:35:57:driver-hash-chip.c:876:set_uart_relay: set uart relay to 0x3900032022-06-04 17:35:57:driver-hash-chip.c:1264:set_ldo_ctrl: Set LDO to 0x20002032022-06-04 17:35:58:driver-hash-chip.c:737:dump_adc_voltage_v2: get ADC_DATAOUT from chain 0 with 0 regs timeout.chain 0 domain  0:   d0 0.323,   d1 0.330,   d2 0.324,   d3 0.317,   sum = 1.295125chain 0 domain  1:   d0 0.319,   d1 0.323,   d2 0.321,   d3 0.320,   sum = 1.283203chain 0 domain  2:   d0 0.330,   d1 0.336,   d2 0.333,   d3 0.332,   sum = 1.331217chain 0 domain  3:   d0 0.339,   d1 0.342,   d2 0.337,   d3 0.340,   sum = 1.357829chain 0 domain  4:   d0 0.336,   d1 0.342,   d2 0.338,   d3 0.340,   sum = 1.356527chain 0 domain  5:   d0 0.340,   d1 0.342,   d2 0.336,   d3 0.333,   sum = 1.351359chain 0 domain  6:   d0 0.324,   d1 0.328,   d2 0.324,   d3 0.321,   sum = 1.296468chain 0 domain  7:   d0 0.335,   d1 0.336,   d2 0.332,   d3 0.333,   sum = 1.335531chain 0 domain  8:   d0 0.327,   d1 0.330,   d2 0.327,   d3 0.323,   sum = 1.307373chain 0 domain  9:   d0 0.333,   d1 0.335,   d2 0.326,   d3 0.328,   sum = 1.321737chain 0 domain 10:   d0 0.324,   d1 0.330,   d2 0.328,   d3 0.326,   sum = 1.308716chain 0 domain 11:   d0 0.324,   d1 0.324,   d2 0.322,   d3 0.323,   sum = 1.293823chain 0 domain 12:   d0 0.331,   d1 0.335,   d2 0.330,   d3 0.328,   sum = 1.323690chain 0 domain 13:   d0 0.331,   d1 0.330,   d2 0.330,   d3 0.329,   sum = 1.320597chain 0 domain 14:   d0 0.320,   d1 0.326,   d2 0.325,   d3 0.320,   sum = 1.2912602022-06-04 17:35:58:driver-hash-chip.c:737:dump_adc_voltage_v2: get ADC_DATAOUT from chain 1 with 0 regs timeout.chain 1 domain  0:   d0 0.327,   d1 0.334,   d2 0.330,   d3 0.330,   sum = 1.321859chain 1 domain  1:   d0 0.346,   d1 0.344,   d2 0.340,   d3 0.340,   sum = 1.369954chain 1 domain  2:   d0 0.341,   d1 0.345,   d2 0.335,   d3 0.338,   sum = 1.359375chain 1 domain  3:   d0 0.335,   d1 0.335,   d2 0.328,   d3 0.331,   sum = 1.327962chain 1 domain  4:   d0 0.332,   d1 0.336,   d2 0.330,   d3 0.327,   sum = 1.324544chain 1 domain  5:   d0 0.327,   d1 0.328,   d2 0.326,   d3 0.326,   sum = 1.305990chain 1 domain  6:   d0 0.339,   d1 0.341,   d2 0.336,   d3 0.336,   sum = 1.351766chain 1 domain  7:   d0 0.351,   d1 0.350,   d2 0.343,   d3 0.347,   sum = 1.391357chain 1 domain  8:   d0 0.335,   d1 0.337,   d2 0.331,   d3 0.334,   sum = 1.337850chain 1 domain  9:   d0 0.334,   d1 0.333,   d2 0.330,   d3 0.335,   sum = 1.331787chain 1 domain 10:   d0 0.322,   d1 0.326,   d2 0.324,   d3 0.321,   sum = 1.292847chain 1 domain 11:   d0 0.313,   d1 0.311,   d2 0.307,   d3 0.303,   sum = 1.233195chain 1 domain 12:   d0 0.320,   d1 0.320,   d2 0.318,   d3 0.318,   sum = 1.276082chain 1 domain 13:   d0 0.319,   d1 0.315,   d2 0.310,   d3 0.312,   sum = 1.255941chain 1 domain 14:   d0 0.310,   d1 0.314,   d2 0.312,   d3 0.311,   sum = 1.2479252022-06-04 17:35:59:driver-hash-chip.c:737:dump_adc_voltage_v2: get ADC_DATAOUT from chain 2 with 0 regs timeout.chain 2 domain  0:   d0 0.335,   d1 0.342,   d2 0.335,   d3 0.333,   sum = 1.344198chain 2 domain  1:   d0 0.341,   d1 0.340,   d2 0.335,   d3 0.332,   sum = 1.348063chain 2 domain  2:   d0 0.345,   d1 0.352,   d2 0.348,   d3 0.344,   sum = 1.388306chain 2 domain  3:   d0 0.341,   d1 0.345,   d2 0.339,   d3 0.338,   sum = 1.361898chain 2 domain  4:   d0 0.322,   d1 0.331,   d2 0.325,   d3 0.319,   sum = 1.296875chain 2 domain  5:   d0 0.332,   d1 0.338,   d2 0.335,   d3 0.330,   sum = 1.335286chain 2 domain  6:   d0 0.352,   d1 0.355,   d2 0.350,   d3 0.348,   sum = 1.405640chain 2 domain  7:   d0 0.338,   d1 0.340,   d2 0.334,   d3 0.333,   sum = 1.345581chain 2 domain  8:   d0 0.329,   d1 0.334,   d2 0.330,   d3 0.327,   sum = 1.320638chain 2 domain  9:   d0 0.324,   d1 0.325,   d2 0.322,   d3 0.318,   sum = 1.289347chain 2 domain 10:   d0 0.316,   d1 0.322,   d2 0.318,   d3 0.316,   sum = 1.272461chain 2 domain 11:   d0 0.311,   d1 0.315,   d2 0.315,   d3 0.312,   sum = 1.252035chain 2 domain 12:   d0 0.303,   d1 0.308,   d2 0.304,   d3 0.306,   sum = 1.222168chain 2 domain 13:   d0 0.314,   d1 0.315,   d2 0.312,   d3 0.313,   sum = 1.253947chain 2 domain 14:   d0 0.318,   d1 0.321,   d2 0.315,   d3 0.315,   sum = 1.2683512022-06-04 17:35:59:driver-hash-chip.c:493:check_adc_voltage: PASS domainn volt check: request 0.800 (index 0, open_core)2022-06-04 17:36:00:temperature.c:272:calibrate_temp_sensor_one_chain: chain 0 temp sensor NCT2182022-06-04 17:36:02:temperature.c:272:calibrate_temp_sensor_one_chain: chain 1 temp sensor NCT2182022-06-04 17:36:03:temperature.c:272:calibrate_temp_sensor_one_chain: chain 2 temp sensor NCT2182022-06-04 17:36:09:driver-btm-api.c:311:check_bringup_temp: Bring up temperature is 402022-06-04 17:36:09:uart.c:69:set_baud: set UART baud to 60000002022-06-04 17:36:09 voltage[0] = 18502022-06-04 17:36:09 voltage[1] = 18502022-06-04 17:36:09 voltage[2] = 18502022-06-04 17:36:09:power_api.c:272:set_working_voltage_raw: working_voltage_raw = 18502022-06-04 17:36:09:thread.c:1520:create_check_miner_status_thread: create thread2022-06-04 17:36:09:thread.c:1510:create_show_miner_status_thread: create thread2022-06-04 17:36:09:thread.c:1485:create_temperature_monitor_thread: create thread2022-06-04 17:36:09:thread.c:1490:create_asic_status_monitor_thread: create thread2022-06-04 17:36:09:frequency.c:578:inc_freq_with_fixed_vco: chain = 255, freq = 360, is_higher_voltage = true2022-06-04 17:36:15:frequency.c:623:inc_freq_with_fixed_vco: get pcb 40 ~ 44, chip_temp 44 ~ 51, now 6.0s, target 51.02022-06-04 17:36:16:frequency.c:623:inc_freq_with_fixed_vco: get pcb 41 ~ 44, chip_temp 45 ~ 51, now 7.0s, target 51.22022-06-04 17:36:17:frequency.c:623:inc_freq_with_fixed_vco: get pcb 40 ~ 44, chip_temp 45 ~ 51, now 8.0s, target 51.32022-06-04 17:36:18:frequency.c:623:inc_freq_with_fixed_vco: get pcb 41 ~ 44, chip_temp 45 ~ 51, now 9.0s, target 51.52022-06-04 17:36:19:frequency.c:623:inc_freq_with_fixed_vco: get pcb 41 ~ 45, chip_temp 45 ~ 51, now 10.0s, target 51.72022-06-04 17:36:20:frequency.c:623:inc_freq_with_fixed_vco: get pcb 42 ~ 44, chip_temp 45 ~ 52, now 11.0s, target 51.82022-06-04 17:36:20:frequency.c:644:inc_freq_with_fixed_vco: heat speed too fast! current_temp 52 > 51.8 target_temp.2022-06-04 17:36:26:frequency.c:623:inc_freq_with_fixed_vco: get pcb 42 ~ 46, chip_temp 45 ~ 53, now 17.0s, target 52.82022-06-04 17:36:26:frequency.c:644:inc_freq_with_fixed_vco: heat speed too fast! current_temp 53 > 52.8 target_temp.2022-06-04 17:36:32:frequency.c:623:inc_freq_with_fixed_vco: get pcb 43 ~ 47, chip_temp 46 ~ 55, now 23.0s, target 53.82022-06-04 17:36:32:frequency.c:644:inc_freq_with_fixed_vco: heat speed too fast! current_temp 55 > 53.8 target_temp.2022-06-04 17:36:38:frequency.c:623:inc_freq_with_fixed_vco: get pcb 44 ~ 49, chip_temp 46 ~ 59, now 29.0s, target 54.82022-06-04 17:36:38:frequency.c:644:inc_freq_with_fixed_vco: heat speed too fast! current_temp 59 > 54.8 target_temp.2022-06-04 17:36:44:frequency.c:623:inc_freq_with_fixed_vco: get pcb 44 ~ 51, chip_temp 47 ~ 60, now 35.0s, target 55.82022-06-04 17:36:44:frequency.c:644:inc_freq_with_fixed_vco: heat speed too fast! current_temp 60 > 55.8 target_temp.2022-06-04 17:36:50:frequency.c:623:inc_freq_with_fixed_vco: get pcb 45 ~ 52, chip_temp 47 ~ 62, now 41.0s, target 56.82022-06-04 17:36:50:frequency.c:644:inc_freq_with_fixed_vco: heat speed too fast! current_temp 62 > 56.8 target_temp.2022-06-04 17:36:56:frequency.c:623:inc_freq_with_fixed_vco: get pcb 46 ~ 53, chip_temp 48 ~ 65, now 47.0s, target 57.82022-06-04 17:36:56:frequency.c:644:inc_freq_with_fixed_vco: heat speed too fast! current_temp 65 > 57.8 target_temp.2022-06-04 17:37:02:frequency.c:623:inc_freq_with_fixed_vco: get pcb 47 ~ 55, chip_temp 49 ~ 66, now 53.0s, target 58.82022-06-04 17:37:02:frequency.c:644:inc_freq_with_fixed_vco: heat speed too fast! current_temp 66 > 58.8 target_temp.2022-06-04 17:37:08:frequency.c:623:inc_freq_with_fixed_vco: get pcb 48 ~ 58, chip_temp 50 ~ 69, now 59.0s, target 59.82022-06-04 17:37:08:frequency.c:644:inc_freq_with_fixed_vco: heat speed too fast! current_temp 69 > 59.8 target_temp.2022-06-04 17:37:14:frequency.c:623:inc_freq_with_fixed_vco: get pcb 49 ~ 58, chip_temp 51 ~ 69, now 65.0s, target 60.82022-06-04 17:37:14:frequency.c:644:inc_freq_with_fixed_vco: heat speed too fast! current_temp 69 > 60.8 target_temp.2022-06-04 17:37:20:frequency.c:623:inc_freq_with_fixed_vco: get pcb 51 ~ 59, chip_temp 52 ~ 70, now 71.0s, target 61.82022-06-04 17:37:20:frequency.c:644:inc_freq_with_fixed_vco: heat speed too fast! current_temp 70 > 61.8 target_temp.2022-06-04 17:37:26:frequency.c:623:inc_freq_with_fixed_vco: get pcb 51 ~ 59, chip_temp 52 ~ 70, now 77.0s, target 62.82022-06-04 17:37:26:frequency.c:644:inc_freq_with_fixed_vco: heat speed too fast! current_temp 70 > 62.8 target_temp.2022-06-04 17:37:32:frequency.c:623:inc_freq_with_fixed_vco: get pcb 52 ~ 60, chip_temp 53 ~ 70, now 83.0s, target 63.82022-06-04 17:37:32:frequency.c:644:inc_freq_with_fixed_vco: heat speed too fast! current_temp 70 > 63.8 target_temp.2022-06-04 17:37:38:frequency.c:623:inc_freq_with_fixed_vco: get pcb 51 ~ 60, chip_temp 54 ~ 70, now 89.0s, target 64.82022-06-04 17:37:38:frequency.c:644:inc_freq_with_fixed_vco: heat speed too fast! current_temp 70 > 64.8 target_temp.2022-06-04 17:37:44:frequency.c:623:inc_freq_with_fixed_vco: get pcb 51 ~ 60, chip_temp 55 ~ 70, now 95.0s, target 65.82022-06-04 17:37:44:frequency.c:644:inc_freq_with_fixed_vco: heat speed too fast! current_temp 70 > 65.8 target_temp.2022-06-04 17:37:50:frequency.c:623:inc_freq_with_fixed_vco: get pcb 50 ~ 61, chip_temp 56 ~ 70, now 101.1s, target 66.82022-06-04 17:37:50:frequency.c:644:inc_freq_with_fixed_vco: heat speed too fast! current_temp 70 > 66.8 target_temp.2022-06-04 17:37:56:frequency.c:623:inc_freq_with_fixed_vco: get pcb 50 ~ 60, chip_temp 56 ~ 70, now 107.1s, target 67.82022-06-04 17:37:56:frequency.c:644:inc_freq_with_fixed_vco: heat speed too fast! current_temp 70 > 67.8 target_temp.2022-06-04 17:38:02:frequency.c:623:inc_freq_with_fixed_vco: get pcb 50 ~ 60, chip_temp 56 ~ 70, now 113.1s, target 68.82022-06-04 17:38:02:frequency.c:644:inc_freq_with_fixed_vco: heat speed too fast! current_temp 70 > 68.8 target_temp.2022-06-04 17:38:08:frequency.c:623:inc_freq_with_fixed_vco: get pcb 49 ~ 61, chip_temp 55 ~ 70, now 119.1s, target 69.82022-06-04 17:38:08:frequency.c:644:inc_freq_with_fixed_vco: heat speed too fast! current_temp 70 > 69.8 target_temp.2022-06-04 17:38:14:frequency.c:623:inc_freq_with_fixed_vco: get pcb 49 ~ 62, chip_temp 55 ~ 70, now 125.1s, target 70.82022-06-04 17:38:15:frequency.c:623:inc_freq_with_fixed_vco: get pcb 49 ~ 62, chip_temp 55 ~ 70, now 126.1s, target 71.02022-06-04 17:38:16:frequency.c:623:inc_freq_with_fixed_vco: get pcb 49 ~ 62, chip_temp 55 ~ 70, now 127.1s, target 71.22022-06-04 17:38:17:frequency.c:623:inc_freq_with_fixed_vco: get pcb 49 ~ 62, chip_temp 55 ~ 71, now 128.1s, target 71.32022-06-04 17:38:18:frequency.c:623:inc_freq_with_fixed_vco: get pcb 49 ~ 63, chip_temp 55 ~ 70, now 129.1s, target 71.52022-06-04 17:38:19:frequency.c:623:inc_freq_with_fixed_vco: get pcb 49 ~ 63, chip_temp 54 ~ 70, now 130.1s, target 71.72022-06-04 17:38:20:frequency.c:623:inc_freq_with_fixed_vco: get pcb 49 ~ 63, chip_temp 54 ~ 70, now 131.1s, target 71.82022-06-04 17:38:21:frequency.c:623:inc_freq_with_fixed_vco: get pcb 49 ~ 63, chip_temp 55 ~ 70, now 132.1s, target 72.02022-06-04 17:38:21:frequency.c:657:inc_freq_with_fixed_vco: [0] _POSTDIV1 = 7, _POSTDIV2 = 7, USER_DIV = 1, freq = 442022-06-04 17:38:27:frequency.c:623:inc_freq_with_fixed_vco: get pcb 49 ~ 63, chip_temp 54 ~ 70, now 138.1s, target 73.02022-06-04 17:38:27:frequency.c:657:inc_freq_with_fixed_vco: [1] _POSTDIV1 = 7, _POSTDIV2 = 6, USER_DIV = 1, freq = 512022-06-04 17:38:27:frequency.c:665:inc_freq_with_fixed_vco: set to 51M, get pcb 49 ~ 63, chip_temp 54 ~ 702022-06-04 17:38:27:power_api.c:376:set_to_voltage_by_steps: Set to voltage raw 2100, step by step.2022-06-04 17:38:47:frequency.c:671:inc_freq_with_fixed_vco: freq_mode 1=1 FREQ_MODE_USER, Conf.Check_Clock_Cnt=02022-06-04 17:38:47:driver-btm-api.c:1911:check_clock_counter_domain_last_core: freq 51 clock_counter_limit 5, freq < 150, skip.2022-06-04 17:38:55:frequency.c:623:inc_freq_with_fixed_vco: get pcb 47 ~ 67, chip_temp 52 ~ 71, now 166.4s, target 77.72022-06-04 17:38:55:frequency.c:657:inc_freq_with_fixed_vco: [2] _POSTDIV1 = 6, _POSTDIV2 = 6, USER_DIV = 1, freq = 602022-06-04 17:38:55:frequency.c:665:inc_freq_with_fixed_vco: set to 60M, get pcb 47 ~ 67, chip_temp 52 ~ 712022-06-04 17:38:55:frequency.c:671:inc_freq_with_fixed_vco: freq_mode 1=1 FREQ_MODE_USER, Conf.Check_Clock_Cnt=02022-06-04 17:38:55:driver-btm-api.c:1911:check_clock_counter_domain_last_core: freq 60 clock_counter_limit 6, freq < 150, skip.2022-06-04 17:39:03:frequency.c:623:inc_freq_with_fixed_vco: get pcb 47 ~ 68, chip_temp 52 ~ 71, now 174.4s, target 75.12022-06-04 17:39:03:frequency.c:657:inc_freq_with_fixed_vco: [3] _POSTDIV1 = 7, _POSTDIV2 = 5, USER_DIV = 1, freq = 612022-06-04 17:39:03:frequency.c:665:inc_freq_with_fixed_vco: set to 61M, get pcb 47 ~ 68, chip_temp 52 ~ 712022-06-04 17:39:03:frequency.c:671:inc_freq_with_fixed_vco: freq_mode 1=1 FREQ_MODE_USER, Conf.Check_Clock_Cnt=02022-06-04 17:39:03:driver-btm-api.c:1911:check_clock_counter_domain_last_core: freq 61 clock_counter_limit 6, freq < 150, skip.2022-06-04 17:39:11:frequency.c:623:inc_freq_with_fixed_vco: get pcb 46 ~ 68, chip_temp 51 ~ 72, now 182.4s, target 76.42022-06-04 17:39:11:frequency.c:657:inc_freq_with_fixed_vco: [4] _POSTDIV1 = 6, _POSTDIV2 = 5, USER_DIV = 1, freq = 722022-06-04 17:39:11:frequency.c:665:inc_freq_with_fixed_vco: set to 72M, get pcb 46 ~ 68, chip_temp 51 ~ 722022-06-04 17:39:11:frequency.c:671:inc_freq_with_fixed_vco: freq_mode 1=1 FREQ_MODE_USER, Conf.Check_Clock_Cnt=02022-06-04 17:39:11:driver-btm-api.c:1911:check_clock_counter_domain_last_core: freq 72 clock_counter_limit 8, freq < 150, skip.2022-06-04 17:39:19:frequency.c:623:inc_freq_with_fixed_vco: get pcb 46 ~ 68, chip_temp 50 ~ 71, now 190.4s, target 77.72022-06-04 17:39:19:frequency.c:657:inc_freq_with_fixed_vco: [5] _POSTDIV1 = 7, _POSTDIV2 = 4, USER_DIV = 1, freq = 772022-06-04 17:39:19:frequency.c:665:inc_freq_with_fixed_vco: set to 77M, get pcb 46 ~ 68, chip_temp 50 ~ 712022-06-04 17:39:19:frequency.c:671:inc_freq_with_fixed_vco: freq_mode 1=1 FREQ_MODE_USER, Conf.Check_Clock_Cnt=02022-06-04 17:39:19:driver-btm-api.c:1911:check_clock_counter_domain_last_core: freq 77 clock_counter_limit 9, freq < 150, skip.2022-06-04 17:39:27:frequency.c:623:inc_freq_with_fixed_vco: get pcb 45 ~ 67, chip_temp 50 ~ 70, now 198.4s, target 75.12022-06-04 17:39:27:frequency.c:657:inc_freq_with_fixed_vco: [6] _POSTDIV1 = 6, _POSTDIV2 = 4, USER_DIV = 1, freq = 902022-06-04 17:39:27:frequency.c:665:inc_freq_with_fixed_vco: set to 90M, get pcb 45 ~ 67, chip_temp 50 ~ 702022-06-04 17:39:27:frequency.c:671:inc_freq_with_fixed_vco: freq_mode 1=1 FREQ_MODE_USER, Conf.Check_Clock_Cnt=02022-06-04 17:39:27:driver-btm-api.c:1911:check_clock_counter_domain_last_core: freq 90 clock_counter_limit 11, freq < 150, skip.2022-06-04 17:39:35:frequency.c:623:inc_freq_with_fixed_vco: get pcb 44 ~ 67, chip_temp 50 ~ 70, now 206.5s, target 73.42022-06-04 17:39:35:frequency.c:657:inc_freq_with_fixed_vco: [7] _POSTDIV1 = 7, _POSTDIV2 = 3, USER_DIV = 1, freq = 1022022-06-04 17:39:35:frequency.c:665:inc_freq_with_fixed_vco: set to 102M, get pcb 44 ~ 67, chip_temp 50 ~ 702022-06-04 17:39:35:frequency.c:671:inc_freq_with_fixed_vco: freq_mode 1=1 FREQ_MODE_USER, Conf.Check_Clock_Cnt=02022-06-04 17:39:35:driver-btm-api.c:1911:check_clock_counter_domain_last_core: freq 102 clock_counter_limit 13, freq < 150, skip.2022-06-04 17:39:43:frequency.c:623:inc_freq_with_fixed_vco: get pcb 44 ~ 67, chip_temp 52 ~ 69, now 214.5s, target 74.72022-06-04 17:39:43:frequency.c:657:inc_freq_with_fixed_vco: [8] _POSTDIV1 = 6, _POSTDIV2 = 3, USER_DIV = 1, freq = 1202022-06-04 17:39:43:frequency.c:665:inc_freq_with_fixed_vco: set to 120M, get pcb 44 ~ 67, chip_temp 52 ~ 692022-06-04 17:39:43:frequency.c:671:inc_freq_with_fixed_vco: freq_mode 1=1 FREQ_MODE_USER, Conf.Check_Clock_Cnt=02022-06-04 17:39:43:driver-btm-api.c:1911:check_clock_counter_domain_last_core: freq 120 clock_counter_limit 16, freq < 150, skip.2022-06-04 17:39:51:frequency.c:623:inc_freq_with_fixed_vco: get pcb 45 ~ 67, chip_temp 52 ~ 70, now 222.5s, target 73.12022-06-04 17:39:51:frequency.c:657:inc_freq_with_fixed_vco: [9] _POSTDIV1 = 7, _POSTDIV2 = 2, USER_DIV = 1, freq = 1542022-06-04 17:39:51:frequency.c:665:inc_freq_with_fixed_vco: set to 154M, get pcb 45 ~ 67, chip_temp 52 ~ 702022-06-04 17:39:51:frequency.c:671:inc_freq_with_fixed_vco: freq_mode 1=1 FREQ_MODE_USER, Conf.Check_Clock_Cnt=02022-06-04 17:39:51:driver-btm-api.c:1922:check_clock_counter_domain_last_core: freq 154 clock_counter_limit 212022-06-04 17:40:03:frequency.c:623:inc_freq_with_fixed_vco: get pcb 45 ~ 67, chip_temp 55 ~ 70, now 234.2s, target 75.02022-06-04 17:40:03:frequency.c:657:inc_freq_with_fixed_vco: [10] _POSTDIV1 = 6, _POSTDIV2 = 2, USER_DIV = 1, freq = 1802022-06-04 17:40:03:frequency.c:665:inc_freq_with_fixed_vco: set to 180M, get pcb 45 ~ 67, chip_temp 55 ~ 702022-06-04 17:40:03:frequency.c:671:inc_freq_with_fixed_vco: freq_mode 1=1 FREQ_MODE_USER, Conf.Check_Clock_Cnt=02022-06-04 17:40:03:driver-btm-api.c:1922:check_clock_counter_domain_last_core: freq 180 clock_counter_limit 252022-06-04 17:40:14:frequency.c:623:inc_freq_with_fixed_vco: get pcb 46 ~ 67, chip_temp 58 ~ 72, now 245.8s, target 74.02022-06-04 17:40:15:frequency.c:623:inc_freq_with_fixed_vco: get pcb 46 ~ 67, chip_temp 57 ~ 72, now 246.8s, target 74.12022-06-04 17:40:15:frequency.c:657:inc_freq_with_fixed_vco: [11] _POSTDIV1 = 7, _POSTDIV2 = 1, USER_DIV = 1, freq = 3082022-06-04 17:40:15:frequency.c:665:inc_freq_with_fixed_vco: set to 308M, get pcb 46 ~ 67, chip_temp 57 ~ 722022-06-04 17:40:15:power_api.c:376:set_to_voltage_by_steps: Set to voltage raw 1920, step by step.2022-06-04 17:40:37:driver-hash-chip.c:737:dump_adc_voltage_v2: get ADC_DATAOUT from chain 0 with 0 regs timeout.chain 0 domain  0:   d0 0.313,   d1 0.313,   d2 0.311,   d3 0.309,   sum = 1.247640chain 0 domain  1:   d0 0.311,   d1 0.308,   d2 0.308,   d3 0.309,   sum = 1.235677chain 0 domain  2:   d0 0.317,   d1 0.317,   d2 0.317,   d3 0.316,   sum = 1.266764chain 0 domain  3:   d0 0.323,   d1 0.319,   d2 0.318,   d3 0.319,   sum = 1.278687chain 0 domain  4:   d0 0.319,   d1 0.318,   d2 0.318,   d3 0.319,   sum = 1.273275chain 0 domain  5:   d0 0.321,   d1 0.318,   d2 0.317,   d3 0.315,   sum = 1.271037chain 0 domain  6:   d0 0.311,   d1 0.308,   d2 0.308,   d3 0.307,   sum = 1.234416chain 0 domain  7:   d0 0.318,   d1 0.314,   d2 0.314,   d3 0.314,   sum = 1.260295chain 0 domain  8:   d0 0.311,   d1 0.310,   d2 0.309,   d3 0.307,   sum = 1.236654chain 0 domain  9:   d0 0.317,   d1 0.313,   d2 0.311,   d3 0.312,   sum = 1.252970chain 0 domain 10:   d0 0.309,   d1 0.309,   d2 0.308,   d3 0.309,   sum = 1.234985chain 0 domain 11:   d0 0.313,   d1 0.308,   d2 0.308,   d3 0.309,   sum = 1.238281chain 0 domain 12:   d0 0.316,   d1 0.315,   d2 0.313,   d3 0.313,   sum = 1.256429chain 0 domain 13:   d0 0.322,   d1 0.317,   d2 0.318,   d3 0.318,   sum = 1.275553chain 0 domain 14:   d0 0.323,   d1 0.323,   d2 0.324,   d3 0.322,   sum = 1.2921962022-06-04 17:40:37:driver-hash-chip.c:737:dump_adc_voltage_v2: get ADC_DATAOUT from chain 1 with 0 regs timeout.chain 1 domain  0:   d0 0.320,   d1 0.319,   d2 0.320,   d3 0.318,   sum = 1.276530chain 1 domain  1:   d0 0.329,   d1 0.322,   d2 0.321,   d3 0.323,   sum = 1.295410chain 1 domain  2:   d0 0.322,   d1 0.321,   d2 0.316,   d3 0.317,   sum = 1.275960chain 1 domain  3:   d0 0.312,   d1 0.307,   d2 0.304,   d3 0.308,   sum = 1.230387chain 1 domain  4:   d0 0.309,   d1 0.307,   d2 0.305,   d3 0.304,   sum = 1.225830chain 1 domain  5:   d0 0.313,   d1 0.308,   d2 0.308,   d3 0.309,   sum = 1.237834chain 1 domain  6:   d0 0.325,   d1 0.323,   d2 0.321,   d3 0.322,   sum = 1.291260chain 1 domain  7:   d0 0.340,   d1 0.335,   d2 0.330,   d3 0.335,   sum = 1.339925chain 1 domain  8:   d0 0.324,   d1 0.321,   d2 0.319,   d3 0.323,   sum = 1.288005chain 1 domain  9:   d0 0.318,   d1 0.312,   d2 0.312,   d3 0.314,   sum = 1.256185chain 1 domain 10:   d0 0.306,   d1 0.306,   d2 0.304,   d3 0.304,   sum = 1.219645chain 1 domain 11:   d0 0.300,   d1 0.295,   d2 0.294,   d3 0.291,   sum = 1.180135chain 1 domain 12:   d0 0.306,   d1 0.303,   d2 0.302,   d3 0.304,   sum = 1.213989chain 1 domain 13:   d0 0.310,   d1 0.303,   d2 0.300,   d3 0.302,   sum = 1.214274chain 1 domain 14:   d0 0.314,   d1 0.312,   d2 0.312,   d3 0.312,   sum = 1.2489012022-06-04 17:40:38:driver-hash-chip.c:737:dump_adc_voltage_v2: get ADC_DATAOUT from chain 2 with 0 regs timeout.chain 2 domain  0:   d0 0.322,   d1 0.322,   d2 0.320,   d3 0.318,   sum = 1.282715chain 2 domain  1:   d0 0.322,   d1 0.317,   d2 0.314,   d3 0.314,   sum = 1.267212chain 2 domain  2:   d0 0.322,   d1 0.322,   d2 0.321,   d3 0.320,   sum = 1.284505chain 2 domain  3:   d0 0.321,   d1 0.317,   d2 0.316,   d3 0.317,   sum = 1.270711chain 2 domain  4:   d0 0.304,   d1 0.305,   d2 0.302,   d3 0.299,   sum = 1.209839chain 2 domain  5:   d0 0.318,   d1 0.316,   d2 0.316,   d3 0.313,   sum = 1.262777chain 2 domain  6:   d0 0.332,   d1 0.330,   d2 0.326,   d3 0.328,   sum = 1.316813chain 2 domain  7:   d0 0.322,   d1 0.318,   d2 0.316,   d3 0.316,   sum = 1.271851chain 2 domain  8:   d0 0.316,   d1 0.314,   d2 0.313,   d3 0.314,   sum = 1.256836chain 2 domain  9:   d0 0.310,   d1 0.306,   d2 0.304,   d3 0.303,   sum = 1.223389chain 2 domain 10:   d0 0.306,   d1 0.306,   d2 0.302,   d3 0.304,   sum = 1.218669chain 2 domain 11:   d0 0.303,   d1 0.301,   d2 0.301,   d3 0.300,   sum = 1.206421chain 2 domain 12:   d0 0.301,   d1 0.301,   d2 0.299,   d3 0.299,   sum = 1.199951chain 2 domain 13:   d0 0.311,   d1 0.308,   d2 0.306,   d3 0.308,   sum = 1.232788chain 2 domain 14:   d0 0.318,   d1 0.317,   d2 0.314,   d3 0.316,   sum = 1.265218",
      "score": 0,
      "upvotes": 0,
      "downvotes": 0
    },
    {
      "author": "danieleither",
      "created_time": "June 07, 2022, 12:22:32 PM",
