{
  "id": "topic_5400163",
  "title": "BazeJass",
  "author": "BazeJass",
  "created_time": "May 25, 2022, 02:50:11 PMLast edit: May 26, 2022, 05:27:20 AM by BazeJass",
  "content": "I recently changed my control board as the older one smoked, however, no matter what I try (Flashing & upgrading) I am unable to see any hashing from my S9.Adding logs -Code:[    0.000000] Booting Linux on physical CPU 0x0[    0.000000] Linux version 3.14.0-xilinx-g16220c3 (lzq@armdev2) (gcc version 4.8.3 20140320 (prerelease) (Sourcery CodeBench Lite 2014.05-23) ) #83 SMP PREEMPT Thu Jul 12 11:42:53 CST 2018[    0.000000] CPU: ARMv7 Processor [413fc090] revision 0 (ARMv7), cr=18c5387d[    0.000000] CPU: PIPT / VIPT nonaliasing data cache, VIPT aliasing instruction cache[    0.000000] Machine model: Xilinx Zynq[    0.000000] cma: CMA: reserved 128 MiB at 16800000[    0.000000] Memory policy: Data cache writealloc[    0.000000] On node 0 totalpages: 126976[    0.000000] free_area_init_node: node 0, pgdat c074ac00, node_mem_map debd8000[    0.000000]   Normal zone: 992 pages used for memmap[    0.000000]   Normal zone: 0 pages reserved[    0.000000]   Normal zone: 126976 pages, LIFO batch:31[    0.000000] PERCPU: Embedded 8 pages/cpu @debc1000 s9088 r8192 d15488 u32768[    0.000000] pcpu-alloc: s9088 r8192 d15488 u32768 alloc=8*4096[    0.000000] pcpu-alloc: [0] 0 [0] 1 [    0.000000] Built 1 zonelists in Zone order, mobility grouping on.  Total pages: 125984[    0.000000] Kernel command line: noinitrd mem=496M console=ttyPS0,115200 root=ubi0:rootfs ubi.mtd=1 rootfstype=ubifs rw rootwait[    0.000000] PID hash table entries: 2048 (order: 1, 8192 bytes)[    0.000000] Dentry cache hash table entries: 65536 (order: 6, 262144 bytes)[    0.000000] Inode-cache hash table entries: 32768 (order: 5, 131072 bytes)[    0.000000] Memory: 364316K/507904K available (5057K kernel code, 284K rwdata, 1928K rodata, 204K init, 258K bss, 143588K reserved, 0K highmem)[    0.000000] Virtual kernel memory layout:[    0.000000]     vector  : 0xffff0000 - 0xffff1000   (   4 kB)[    0.000000]     fixmap  : 0xfff00000 - 0xfffe0000   ( 896 kB)[    0.000000]     vmalloc : 0xdf800000 - 0xff000000   ( 504 MB)[    0.000000]     lowmem  : 0xc0000000 - 0xdf000000   ( 496 MB)[    0.000000]     pkmap   : 0xbfe00000 - 0xc0000000   (   2 MB)[    0.000000]     modules : 0xbf000000 - 0xbfe00000   (  14 MB)[    0.000000]       .text : 0xc0008000 - 0xc06da8ac   (6987 kB)[    0.000000]       .init : 0xc06db000 - 0xc070e380   ( 205 kB)[    0.000000]       .data : 0xc0710000 - 0xc0757138   ( 285 kB)[    0.000000]        .bss : 0xc0757144 - 0xc0797bfc   ( 259 kB)[    0.000000] Preemptible hierarchical RCU implementation.[    0.000000]  Dump stacks of tasks blocking RCU-preempt GP.[    0.000000]  RCU restricting CPUs from NR_CPUS=4 to nr_cpu_ids=2.[    0.000000] RCU: Adjusting geometry for rcu_fanout_leaf=16, nr_cpu_ids=2[    0.000000] NR_IRQS:16 nr_irqs:16 16[    0.000000] ps7-slcr mapped to df802000[    0.000000] zynq_clock_init: clkc starts at df802100[    0.000000] Zynq clock init[    0.000015] sched_clock: 64 bits at 333MHz, resolution 3ns, wraps every 3298534883328ns[    0.000292] ps7-ttc #0 at df804000, irq=43[    0.000595] Console: colour dummy device 80x30[    0.000623] Calibrating delay loop... 1325.46 BogoMIPS (lpj=6627328)[    0.040197] pid_max: default: 32768 minimum: 301[    0.040404] Mount-cache hash table entries: 1024 (order: 0, 4096 bytes)[    0.040423] Mountpoint-cache hash table entries: 1024 (order: 0, 4096 bytes)[    0.042576] CPU: Testing write buffer coherency: ok[    0.042884] CPU0: thread -1, cpu 0, socket 0, mpidr 80000000[    0.042939] Setting up static identity map for 0x4cb118 - 0x4cb170[    0.043158] L310 cache controller enabled[    0.043178] l2x0: 8 ways, CACHE_ID 0x410000c8, AUX_CTRL 0x72760000, Cache size: 512 kB[    0.120984] CPU1: Booted secondary processor[    0.210218] CPU1: thread -1, cpu 1, socket 0, mpidr 80000001[    0.210349] Brought up 2 CPUs[    0.210368] SMP: Total of 2 processors activated.[    0.210377] CPU: All CPU(s) started in SVC mode.[    0.211047] devtmpfs: initialized[    0.213474] VFP support v0.3: implementor 41 architecture 3 part 30 variant 9 rev 4[    0.214659] regulator-dummy: no parameters[    0.221988] NET: Registered protocol family 16[    0.224253] DMA: preallocated 256 KiB pool for atomic coherent allocations[    0.226514] cpuidle: using governor ladder[    0.226527] cpuidle: using governor menu[    0.233880] syscon f8000000.ps7-slcr: regmap [mem 0xf8000000-0xf8000fff] registered[    0.235390] hw-breakpoint: found 5 (+1 reserved) breakpoint and 1 watchpoint registers.[    0.235404] hw-breakpoint: maximum watchpoint size is 4 bytes.[    0.235515] zynq-ocm f800c000.ps7-ocmc: ZYNQ OCM pool: 256 KiB @ 0xdf880000[    0.256978] bio: create slab <bio-0> at 0[    0.258343] vgaarb: loaded[    0.259026] SCSI subsystem initialized[    0.259898] usbcore: registered new interface driver usbfs[    0.260075] usbcore: registered new interface driver hub[    0.260586] usbcore: registered new device driver usb[    0.261904] media: Linux media interface: v0.10[    0.262096] Linux video capture interface: v2.00[    0.262350] pps_core: LinuxPPS API ver. 1 registered[    0.262362] pps_core: Software ver. 5.3.6 - Copyright 2005-2007 Rodolfo Giometti <giometti@linux.it>[    0.262483] PTP clock support registered[    0.262832] EDAC MC: Ver: 3.0.0[    0.264039] Advanced Linux Sound Architecture Driver Initialized.[    0.266769] DMA-API: preallocated 4096 debug entries[    0.266783] DMA-API: debugging enabled by kernel config[    0.266849] Switched to clocksource arm_global_timer[    0.286687] NET: Registered protocol family 2[    0.287389] TCP established hash table entries: 4096 (order: 2, 16384 bytes)[    0.287446] TCP bind hash table entries: 4096 (order: 3, 32768 bytes)[    0.287531] TCP: Hash tables configured (established 4096 bind 4096)[    0.287577] TCP: reno registered[    0.287593] UDP hash table entries: 256 (order: 1, 8192 bytes)[    0.287623] UDP-Lite hash table entries: 256 (order: 1, 8192 bytes)[    0.287847] NET: Registered protocol family 1[    0.288181] RPC: Registered named UNIX socket transport module.[    0.288193] RPC: Registered udp transport module.[    0.288202] RPC: Registered tcp transport module.[    0.288210] RPC: Registered tcp NFSv4.1 backchannel transport module.[    0.288222] PCI: CLS 0 bytes, default 64[    0.288646] hw perfevents: enabled with ARMv7 Cortex-A9 PMU driver, 7 counters available[    0.290630] futex hash table entries: 512 (order: 3, 32768 bytes)[    0.292683] jffs2: version 2.2. (NAND) © 2001-2006 Red Hat, Inc.[    0.292867] msgmni has been set to 967[    0.293621] io scheduler noop registered[    0.293634] io scheduler deadline registered[    0.293675] io scheduler cfq registered (default)[    0.307909] dma-pl330 f8003000.ps7-dma: Loaded driver for PL330 DMAC-2364208[    0.307929] dma-pl330 f8003000.ps7-dma:  DBUFF-128x8bytes Num_Chans-8 Num_Peri-4 Num_Events-16[    0.431147] e0001000.serial: ttyPS0 at MMIO 0xe0001000 (irq = 82, base_baud = 3124999) is a xuartps[    0.998279] console [ttyPS0] enabled[    1.002529] xdevcfg f8007000.ps7-dev-cfg: ioremap 0xf8007000 to df866000[    1.010155] [drm] Initialized drm 1.1.0 20060810[    1.027238] brd: module loaded[    1.036591] loop: module loaded[    1.045981] e1000e: Intel(R) PRO/1000 Network Driver - 2.3.2-k[    1.051960] e1000e: Copyright(c) 1999 - 2013 Intel Corporation.[    1.059826] libphy: XEMACPS mii bus: probed[    1.064196] ------------- phy_id = 0x3625e62[    1.069138] xemacps e000b000.ps7-ethernet: pdev->id -1, baseaddr 0xe000b000, irq 54[    1.077754] ehci_hcd: USB 2.0 'Enhanced' Host Controller (EHCI) Driver[    1.084368] ehci-pci: EHCI PCI platform driver[    1.091607] zynq-dr e0002000.ps7-usb: Unable to init USB phy, missing?[    1.098426] usbcore: registered new interface driver usb-storage[    1.105259] mousedev: PS/2 mouse device common for all mice[    1.111385] i2c /dev entries driver[    1.118309] zynq-edac f8006000.ps7-ddrc: ecc not enabled[    1.123782] cpufreq_cpu0: failed to get cpu0 regulator: -19[    1.129700] Xilinx Zynq CpuIdle Driver started[    1.134553] sdhci: Secure Digital Host Controller Interface driver[    1.140733] sdhci: Copyright(c) Pierre Ossman[    1.145007] sdhci-pltfm: SDHCI platform and OF driver helper[    1.151826] mmc0: no vqmmc regulator found[    1.155842] mmc0: no vmmc regulator found[    1.196869] mmc0: SDHCI controller on e0100000.ps7-sdio [e0100000.ps7-sdio] using ADMA[    1.205571] usbcore: registered new interface driver usbhid[    1.211085] usbhid: USB HID core driver[    1.215779] nand: device found, Manufacturer ID: 0x2c, Chip ID: 0xda[    1.222080] nand: Micron MT29F2G08ABAEAWP[    1.226046] nand: 256MiB, SLC, page size: 2048, OOB size: 64[    1.231983] Bad block table found at page 131008, version 0x01[    1.238205] Bad block table found at page 130944, version 0x01[    1.244253] 3 ofpart partitions found on MTD device pl353-nand[    1.250037] Creating 3 MTD partitions on \"pl353-nand\":[    1.255128] 0x000000000000-0x000002000000 : \"BOOT.bin-env-dts-kernel\"[    1.263192] 0x000002000000-0x00000b000000 : \"angstram-rootfs\"[    1.270481] 0x00000b000000-0x000010000000 : \"upgrade-rootfs\"[    1.281235] TCP: cubic registered[    1.284471] NET: Registered protocol family 17[    1.289175] Registering SWP/SWPB emulation handler[    1.295041] regulator-dummy: disabling[    1.299350] UBI: attaching mtd1 to ubi0[    1.824199] UBI: scanning is finished[    1.835809] UBI: attached mtd1 (name \"angstram-rootfs\", size 144 MiB) to ubi0[    1.842891] UBI: PEB size: 131072 bytes (128 KiB), LEB size: 126976 bytes[    1.849653] UBI: min./max. I/O unit sizes: 2048/2048, sub-page size 2048[    1.856317] UBI: VID header offset: 2048 (aligned 2048), data offset: 4096[    1.863195] UBI: good PEBs: 1152, bad PEBs: 0, corrupted PEBs: 0[    1.869176] UBI: user volume: 1, internal volumes: 1, max. volumes count: 128[    1.876283] UBI: max/mean erase counter: 2/0, WL threshold: 4096, image sequence number: 1113221046[    1.885326] UBI: available PEBs: 0, total reserved PEBs: 1152, PEBs reserved for bad PEB handling: 40[    1.894541] UBI: background thread \"ubi_bgt0d\" started, PID 1084[    1.894547] drivers/rtc/hctosys.c: unable to open rtc device (rtc0)[    1.898497] ALSA device list:[    1.898501]   No soundcards found.[    1.914831] UBIFS: background thread \"ubifs_bgt0_0\" started, PID 1086[    1.944066] UBIFS: recovery needed[    2.041463] UBIFS: recovery completed[    2.045133] UBIFS: mounted UBI device 0, volume 0, name \"rootfs\"[    2.051078] UBIFS: LEB size: 126976 bytes (124 KiB), min./max. I/O unit sizes: 2048 bytes/2048 bytes[    2.060184] UBIFS: FS size: 128626688 bytes (122 MiB, 1013 LEBs), journal size 9023488 bytes (8 MiB, 72 LEBs)[    2.070073] UBIFS: reserved for root: 0 bytes (0 KiB)[    2.075103] UBIFS: media format: w4/r0 (latest is w4/r0), UUID E8A4479F-B15D-4C7A-964D-0F246E2BB6ED, small LPT model[    2.086139] VFS: Mounted root (ubifs filesystem) on device 0:11.[    2.093336] devtmpfs: mounted[    2.096444] Freeing unused kernel memory: 204K (c06db000 - c070e000)[    2.928981] random: dd urandom read with 1 bits of entropy available[    3.306901] [    3.306901] bcm54xx_config_init[    4.366866] [    4.366866] bcm54xx_config_init[    8.367734] xemacps e000b000.ps7-ethernet: Set clk to 24999999 Hz[    8.373822] xemacps e000b000.ps7-ethernet: link up (100/FULL)[   26.117747] In axi fpga driver![   26.120819] request_mem_region OK![   26.124208] AXI fpga dev virtual address is 0xdf9fe000[   26.129347] *base_vir_addr = 0xc51e[   26.144008] In fpga mem driver![   26.147390] request_mem_region OK![   26.150899] fpga mem virtual address is 0xe2000000[   26.936886] [   26.936886] bcm54xx_config_init[   28.036877] [   28.036877] bcm54xx_config_init[   32.037728] xemacps e000b000.ps7-ethernet: Set clk to 24999999 Hz[   32.043751] xemacps e000b000.ps7-ethernet: link up (100/FULL)[  343.842808] random: nonblocking pool is initializedmain.c:13992: log_level = 4main.c:14019: This is XILINX board. Totalram:       507486208main.c:14031: Detect 512MB control board of XILINXdriver-bitmain.c:1776: mmap axi_fpga_addr = 0xb6f79000driver-bitmain.c:1781: axi_fpga_addr data = 0xc51edriver-bitmain.c:1797: mmap fpga_mem_addr = 0xb5d72000driver-bitmain.c:994: forceFreq=-1 forceFlag=0driver-bitmain.c:1696: min work minertest[0]:912main.c:8570: DETECT HW version=0000c51emain.c:14064: miner ID : 80026c8a7910481cmain.c:14089: Miner Type = S9main.c:14101: AsicType = 1387main.c:14104: real AsicNum = 63main.c:14197: use critical mode to search freq...driver-bitmain.c:1876: get PLUG ON=0x000000a0driver-bitmain.c:1946: Find hashboard on Chain[5]driver-bitmain.c:1946: Find hashboard on Chain[7]main.c:2282: Check chain[5] PIC fw version=0xffmain.c:2282: Check chain[7] PIC fw version=0xffmain.c:8940: read pic freq and badcore num...driver-bitmain.c:5051: Error of set PIC FLASH addr: addr_H=f(ff) addr_L=a0(ff) on Chain[5]driver-bitmain.c:5051: Error of set PIC FLASH addr: addr_H=f(ff) addr_L=a0(ff) on Chain[5]driver-bitmain.c:5051: Error of set PIC FLASH addr: addr_H=f(ff) addr_L=a0(ff) on Chain[5]driver-bitmain.c:5051: Error of set PIC FLASH addr: addr_H=f(ff) addr_L=a0(ff) on Chain[5]driver-bitmain.c:5051: Error of set PIC FLASH addr: addr_H=f(ff) addr_L=80(ff) on Chain[5]driver-bitmain.c:5051: Error of set PIC FLASH addr: addr_H=f(ff) addr_L=80(ff) on Chain[5]driver-bitmain.c:5051: Error of set PIC FLASH addr: addr_H=f(ff) addr_L=80(ff) on Chain[5]driver-bitmain.c:5051: Error of set PIC FLASH addr: addr_H=f(ff) addr_L=80(ff) on Chain[5]driver-bitmain.c:5051: Error of set PIC FLASH addr: addr_H=f(ff) addr_L=e8(ff) on Chain[5]driver-bitmain.c:5051: Error of set PIC FLASH addr: addr_H=f(ff) addr_L=e8(ff) on Chain[5]driver-bitmain.c:5051: Error of set PIC FLASH addr: addr_H=f(ff) addr_L=e8(ff) on Chain[5]driver-bitmain.c:5051: Error of set PIC FLASH addr: addr_H=f(ff) addr_L=e8(ff) on Chain[5]main.c:8961: chain[5]: [255:255] [255:255] [255:255] [255:255] [255:255] [255:255] [255:255] [255:255]main.c:9148: chain[5] has no freq in PIC! Will use default freq=500 and jump over...main.c:2282: Check chain[5] PIC fw version=0xffmain.c:8940: read pic freq and badcore num...driver-bitmain.c:5051: Error of set PIC FLASH addr: addr_H=f(ff) addr_L=a0(ff) on Chain[7]driver-bitmain.c:5051: Error of set PIC FLASH addr: addr_H=f(ff) addr_L=a0(ff) on Chain[7]driver-bitmain.c:5051: Error of set PIC FLASH addr: addr_H=f(ff) addr_L=a0(ff) on Chain[7]driver-bitmain.c:5051: Error of set PIC FLASH addr: addr_H=f(ff) addr_L=a0(ff) on Chain[7]driver-bitmain.c:5051: Error of set PIC FLASH addr: addr_H=f(ff) addr_L=80(ff) on Chain[7]driver-bitmain.c:5051: Error of set PIC FLASH addr: addr_H=f(ff) addr_L=80(ff) on Chain[7]driver-bitmain.c:5051: Error of set PIC FLASH addr: addr_H=f(ff) addr_L=80(ff) on Chain[7]driver-bitmain.c:5051: Error of set PIC FLASH addr: addr_H=f(ff) addr_L=80(ff) on Chain[7]driver-bitmain.c:5051: Error of set PIC FLASH addr: addr_H=f(ff) addr_L=e8(ff) on Chain[7]driver-bitmain.c:5051: Error of set PIC FLASH addr: addr_H=f(ff) addr_L=e8(ff) on Chain[7]driver-bitmain.c:5051: Error of set PIC FLASH addr: addr_H=f(ff) addr_L=e8(ff) on Chain[7]driver-bitmain.c:5051: Error of set PIC FLASH addr: addr_H=f(ff) addr_L=e8(ff) on Chain[7]main.c:8961: chain[7]: [255:255] [255:255] [255:255] [255:255] [255:255] [255:255] [255:255] [255:255]main.c:9148: chain[7] has no freq in PIC! Will use default freq=500 and jump over...main.c:2282: Check chain[7] PIC fw version=0xffmain.c:9183: get PIC voltage=255 on chain[5], value=790main.c:9183: get PIC voltage=255 on chain[7], value=790main.c:9349: chain[5] temp offset record: -1,-1,-1,-1,-1,-1,-1,-1main.c:9366: chain[5] temp chip I2C addr=0x98main.c:9349: chain[7] temp offset record: -1,-1,-1,-1,-1,-1,-1,-1main.c:9366: chain[7] temp chip I2C addr=0x98main.c:13956: total_exist_chain_num = 2main.c:9562: CRC error counter=0main.c:9577: set command mode to VILmain.c:9649: --- check asic numbermain.c:9745: After Get ASIC NUM CRC error counter=0main.c:9768: set_baud=0main.c:10693: The min freq=700main.c:10695: set real timeout 52, need sleep=379392main.c:12825: After TEST CRC error counter=0main.c:14236: search freq for 1 times, completed chain = 2, total chain num = 2 board_frq_tuning.c:628: single_board_frq_tuning enterboard_frq_tuning.c:629: min_rate, des_rate, fix_volt:13800, 14000, 880board_frq_tuning.c:254: force_freq not set, don't need tuningmain.c:14645: restart Miner chance num=2main.c:14685: waiting for receive_func to exit!main.c:14699: waiting for pic heart to exit!main.c:13927: bmminer not found= 1891 root       0:00 grep bmminermain.c:14758: bmminer not found, restart bmminer ...driver-btm-c5.c:12243:bitmain_c5_init: This is user mode for miningdriver-btm-c5.c:12292:bitmain_c5_init: Detect 512MB control board of XILINXdriver-btm-c5.c:12313:bitmain_c5_init: Miner Type = S9driver-btm-c5.c:12324:bitmain_c5_init: Miner compile time: Wed Jul 31 16:18:27 CST 2019 type: Antminer S9driver-btm-c5.c:12414:bitmain_c5_init: miner ID : 80026c8a7910481cdriver-btm-c5.c:12571:bitmain_c5_init: Checking fans...driver-btm-c5.c:3006:check_fan_beforeInit: get fan[4] speed=6000driver-btm-c5.c:3006:check_fan_beforeInit: get fan[4] speed=6000driver-btm-c5.c:3006:check_fan_beforeInit: get fan[5] speed=5880driver-btm-c5.c:3006:check_fan_beforeInit: get fan[4] speed=6000driver-btm-c5.c:3006:check_fan_beforeInit: get fan[5] speed=5880driver-btm-c5.c:3006:check_fan_beforeInit: get fan[4] speed=6000driver-btm-c5.c:3006:check_fan_beforeInit: get fan[5] speed=5880driver-btm-c5.c:1326:set_pic_iic_flash_addr_pointer: Error of set PIC FLASH addr: addr_H=f(ff) addr_L=e8(ff) on Chain[5]driver-btm-c5.c:1326:set_pic_iic_flash_addr_pointer: Error of set PIC FLASH addr: addr_H=f(ff) addr_L=e8(ff) on Chain[5]driver-btm-c5.c:1326:set_pic_iic_flash_addr_pointer: Error of set PIC FLASH addr: addr_H=f(ff) addr_L=e8(ff) on Chain[5]driver-btm-c5.c:1326:set_pic_iic_flash_addr_pointer: Error of set PIC FLASH addr: addr_H=f(ff) addr_L=e8(ff) on Chain[5]driver-btm-c5.c:13108:bitmain_c5_init: chain[5]: [255:255] [255:255] [255:255] [255:255] [255:255] [255:255] [255:255] [255:255]driver-btm-c5.c:1326:set_pic_iic_flash_addr_pointer: Error of set PIC FLASH addr: addr_H=f(ff) addr_L=a0(ff) on Chain[5]driver-btm-c5.c:1326:set_pic_iic_flash_addr_pointer: Error of set PIC FLASH addr: addr_H=f(ff) addr_L=a0(ff) on Chain[5]driver-btm-c5.c:1326:set_pic_iic_flash_addr_pointer: Error of set PIC FLASH addr: addr_H=f(ff) addr_L=a0(ff) on Chain[5]driver-btm-c5.c:1326:set_pic_iic_flash_addr_pointer: Error of set PIC FLASH addr: addr_H=f(ff) addr_L=a0(ff) on Chain[5]driver-btm-c5.c:13122:bitmain_c5_init: last_freq: 0xff 0xff 0xff 0xff 0xff 0xff 0xff 0xff 0xff 0xff 0xff 0xff 0xff 0xff 0xff 0xff 0xff 0xff 0xff 0xff 0xff 0xff 0xff 0xff 0xff 0xff 0xff 0xff 0xff 0xff 0xff 0xff 0xff 0xff 0xff 0xff 0xff 0xff 0xff 0xff 0xff 0xff 0xff 0xff 0xff 0xff 0xff 0xff 0xff 0xff 0xff 0xff 0xff 0xff 0xff 0xff 0xff 0xff 0xff 0xff 0xff 0xff 0xff 0xff 0xff 0xff 0xff 0xff 0xff 0xff 0xff 0xff 0xff 0xff 0xff 0xff 0xff 0xff 0xff 0xff 0xff 0xff 0xff 0xff 0xff 0xff 0xff 0xff 0xff 0xff 0xff 0xff 0xff 0xff 0xff 0xff 0xff 0xff 0xff 0xff 0xff 0xff 0xff 0xff 0xff 0xff 0xff 0xff 0xff 0xff 0xff 0xff 0xff 0xff 0xff 0xff 0xff 0xff 0xff 0xff 0xff 0xff 0xff 0xff 0xff 0xff 0xff 0xff driver-btm-c5.c:1326:set_pic_iic_flash_addr_pointer: Error of set PIC FLASH addr: addr_H=f(ff) addr_L=80(ff) on Chain[5]driver-btm-c5.c:1326:set_pic_iic_flash_addr_pointer: Error of set PIC FLASH addr: addr_H=f(ff) addr_L=80(ff) on Chain[5]driver-btm-c5.c:1326:set_pic_iic_flash_addr_pointer: Error of set PIC FLASH addr: addr_H=f(ff) addr_L=80(ff) on Chain[5]driver-btm-c5.c:1326:set_pic_iic_flash_addr_pointer: Error of set PIC FLASH addr: addr_H=f(ff) addr_L=80(ff) on Chain[5]driver-btm-c5.c:13193:bitmain_c5_init: scan based on domaindriver-btm-c5.c:1899:jump_to_app_CheckAndRestorePIC: Check chain[5] PIC fw version=0xffdriver-btm-c5.c:1326:set_pic_iic_flash_addr_pointer: Error of set PIC FLASH addr: addr_H=f(ff) addr_L=e8(ff) on Chain[7]driver-btm-c5.c:1326:set_pic_iic_flash_addr_pointer: Error of set PIC FLASH addr: addr_H=f(ff) addr_L=e8(ff) on Chain[7]driver-btm-c5.c:1326:set_pic_iic_flash_addr_pointer: Error of set PIC FLASH addr: addr_H=f(ff) addr_L=e8(ff) on Chain[7]driver-btm-c5.c:1326:set_pic_iic_flash_addr_pointer: Error of set PIC FLASH addr: addr_H=f(ff) addr_L=e8(ff) on Chain[7]driver-btm-c5.c:13108:bitmain_c5_init: chain[7]: [255:255] [255:255] [255:255] [255:255] [255:255] [255:255] [255:255] [255:255]driver-btm-c5.c:1326:set_pic_iic_flash_addr_pointer: Error of set PIC FLASH addr: addr_H=f(ff) addr_L=a0(ff) on Chain[7]driver-btm-c5.c:1326:set_pic_iic_flash_addr_pointer: Error of set PIC FLASH addr: addr_H=f(ff) addr_L=a0(ff) on Chain[7]driver-btm-c5.c:1326:set_pic_iic_flash_addr_pointer: Error of set PIC FLASH addr: addr_H=f(ff) addr_L=a0(ff) on Chain[7]driver-btm-c5.c:1326:set_pic_iic_flash_addr_pointer: Error of set PIC FLASH addr: addr_H=f(ff) addr_L=a0(ff) on Chain[7]driver-btm-c5.c:13122:bitmain_c5_init: last_freq: 0xff 0xff 0xff 0xff 0xff 0xff 0xff 0xff 0xff 0xff 0xff 0xff 0xff 0xff 0xff 0xff 0xff 0xff 0xff 0xff 0xff 0xff 0xff 0xff 0xff 0xff 0xff 0xff 0xff 0xff 0xff 0xff 0xff 0xff 0xff 0xff 0xff 0xff 0xff 0xff 0xff 0xff 0xff 0xff 0xff 0xff 0xff 0xff 0xff 0xff 0xff 0xff 0xff 0xff 0xff 0xff 0xff 0xff 0xff 0xff 0xff 0xff 0xff 0xff 0xff 0xff 0xff 0xff 0xff 0xff 0xff 0xff 0xff 0xff 0xff 0xff 0xff 0xff 0xff 0xff 0xff 0xff 0xff 0xff 0xff 0xff 0xff 0xff 0xff 0xff 0xff 0xff 0xff 0xff 0xff 0xff 0xff 0xff 0xff 0xff 0xff 0xff 0xff 0xff 0xff 0xff 0xff 0xff 0xff 0xff 0xff 0xff 0xff 0xff 0xff 0xff 0xff 0xff 0xff 0xff 0xff 0xff 0xff 0xff 0xff 0xff 0xff 0xff driver-btm-c5.c:1326:set_pic_iic_flash_addr_pointer: Error of set PIC FLASH addr: addr_H=f(ff) addr_L=80(ff) on Chain[7]driver-btm-c5.c:1326:set_pic_iic_flash_addr_pointer: Error of set PIC FLASH addr: addr_H=f(ff) addr_L=80(ff) on Chain[7]driver-btm-c5.c:1326:set_pic_iic_flash_addr_pointer: Error of set PIC FLASH addr: addr_H=f(ff) addr_L=80(ff) on Chain[7]driver-btm-c5.c:1326:set_pic_iic_flash_addr_pointer: Error of set PIC FLASH addr: addr_H=f(ff) addr_L=80(ff) on Chain[7]driver-btm-c5.c:13193:bitmain_c5_init: scan based on domaindriver-btm-c5.c:1899:jump_to_app_CheckAndRestorePIC: Check chain[7] PIC fw version=0xffdriver-btm-c5.c:12195:init_exist_chain_table: total_exist_chain_num = 2driver-btm-c5.c:13303:bitmain_c5_init: Chain[J6] orignal chain_voltage_pic=255 value=790driver-btm-c5.c:13303:bitmain_c5_init: Chain[J8] orignal chain_voltage_pic=255 value=790driver-btm-c5.c:13421:bitmain_c5_init: Chain[J6] has 0 asicdriver-btm-c5.c:13449:bitmain_c5_init: retry Chain[J6] has 0 asicdriver-btm-c5.c:13449:bitmain_c5_init: retry Chain[J6] has 0 asicdriver-btm-c5.c:13449:bitmain_c5_init: retry Chain[J6] has 0 asicdriver-btm-c5.c:13449:bitmain_c5_init: retry Chain[J6] has 0 asicdriver-btm-c5.c:13449:bitmain_c5_init: retry Chain[J6] has 0 asicdriver-btm-c5.c:13449:bitmain_c5_init: retry Chain[J6] has 0 asicdriver-btm-c5.c:13421:bitmain_c5_init: Chain[J8] has 0 asicdriver-btm-c5.c:13449:bitmain_c5_init: retry Chain[J8] has 0 asicdriver-btm-c5.c:13449:bitmain_c5_init: retry Chain[J8] has 0 asicdriver-btm-c5.c:13449:bitmain_c5_init: retry Chain[J8] has 0 asicdriver-btm-c5.c:13449:bitmain_c5_init: retry Chain[J8] has 0 asicdriver-btm-c5.c:13449:bitmain_c5_init: retry Chain[J8] has 0 asicdriver-btm-c5.c:13449:bitmain_c5_init: retry Chain[J8] has 0 asicdriver-btm-c5.c:4571:set_frequency: miner total rate=0GH/s ideal_total_hash_rate = 0GH/sdriver-btm-c5.c:4819:set_frequency: Miner fix freq ...driver-btm-c5.c:5119:set_frequency: max freq = 100driver-btm-c5.c:4162:ProcessFixFreq: totalRate = 0, fixed_totalRate = 0driver-btm-c5.c:9604:init_uart_baud: set baud=1driver-btm-c5.c:12103:set_working_voltage: setting to working voltage...driver-btm-c5.c:13954:bitmain_c5_init: start thread for read tempsetStartTimePoint total_tv_start_sys=410 total_tv_end_sys=411driver-btm-c5.c:10320:check_system_work: restartNum = 2 , auto-reinit enabled...driver-btm-c5.c:8727:read_temp_func: bring_up_pcb_temp = -100do read_temp_func once...Done check_asic_regMax pcb temp : -100set FAN speed according to: temp_highest=-100 temp_top1[PWM_T]=-100 temp_top1[TEMP_POS_LOCAL]=-100 temp_change=0 fix_fan_steps=0FAN PWM: 0read_temp_func Done!CRC error counter=0",
  "score": 0,
  "upvotes": 0,
  "downvotes": 0,
  "url": "https://bitcointalk.org/index.php?topic=5400163",
  "comments": [
    {
      "author": "philipma1957",
      "created_time": "May 25, 2022, 03:04:32 PM",
      "body": "Quote from: BazeJass on May 25, 2022, 02:50:11 PMI recently changed my control board as the older one smoked, however, no matter what I try (Flashing & upgrading) I am unable to see any hashing from my S9.Adding logs -Code:[    0.000000] Booting Linux on physical CPU 0x0[    0.000000] Linux version 3.14.0-xilinx-g16220c3 (lzq@armdev2) (gcc version 4.8.3 20140320 (prerelease) (Sourcery CodeBench Lite 2014.05-23) ) #83 SMP PREEMPT Thu Jul 12 11:42:53 CST 2018[    0.000000] CPU: ARMv7 Processor [413fc090] revision 0 (ARMv7), cr=18c5387d[    0.000000] CPU: PIPT / VIPT nonaliasing data cache, VIPT aliasing instruction cache[    0.000000] Machine model: Xilinx Zynq[    0.000000] cma: CMA: reserved 128 MiB at 16800000[    0.000000] Memory policy: Data cache writealloc[    0.000000] On node 0 totalpages: 126976[    0.000000] free_area_init_node: node 0, pgdat c074ac00, node_mem_map debd8000[    0.000000]   Normal zone: 992 pages used for memmap[    0.000000]   Normal zone: 0 pages reserved[    0.000000]   Normal zone: 126976 pages, LIFO batch:31[    0.000000] PERCPU: Embedded 8 pages/cpu @debc1000 s9088 r8192 d15488 u32768[    0.000000] pcpu-alloc: s9088 r8192 d15488 u32768 alloc=8*4096[    0.000000] pcpu-alloc: [0] 0 [0] 1 [    0.000000] Built 1 zonelists in Zone order, mobility grouping on.  Total pages: 125984[    0.000000] Kernel command line: noinitrd mem=496M console=ttyPS0,115200 root=ubi0:rootfs ubi.mtd=1 rootfstype=ubifs rw rootwait[    0.000000] PID hash table entries: 2048 (order: 1, 8192 bytes)[    0.000000] Dentry cache hash table entries: 65536 (order: 6, 262144 bytes)[    0.000000] Inode-cache hash table entries: 32768 (order: 5, 131072 bytes)[    0.000000] Memory: 364316K/507904K available (5057K kernel code, 284K rwdata, 1928K rodata, 204K init, 258K bss, 143588K reserved, 0K highmem)[    0.000000] Virtual kernel memory layout:[    0.000000]     vector  : 0xffff0000 - 0xffff1000   (   4 kB)[    0.000000]     fixmap  : 0xfff00000 - 0xfffe0000   ( 896 kB)[    0.000000]     vmalloc : 0xdf800000 - 0xff000000   ( 504 MB)[    0.000000]     lowmem  : 0xc0000000 - 0xdf000000   ( 496 MB)[    0.000000]     pkmap   : 0xbfe00000 - 0xc0000000   (   2 MB)[    0.000000]     modules : 0xbf000000 - 0xbfe00000   (  14 MB)[    0.000000]       .text : 0xc0008000 - 0xc06da8ac   (6987 kB)[    0.000000]       .init : 0xc06db000 - 0xc070e380   ( 205 kB)[    0.000000]       .data : 0xc0710000 - 0xc0757138   ( 285 kB)[    0.000000]        .bss : 0xc0757144 - 0xc0797bfc   ( 259 kB)[    0.000000] Preemptible hierarchical RCU implementation.[    0.000000]  Dump stacks of tasks blocking RCU-preempt GP.[    0.000000]  RCU restricting CPUs from NR_CPUS=4 to nr_cpu_ids=2.[    0.000000] RCU: Adjusting geometry for rcu_fanout_leaf=16, nr_cpu_ids=2[    0.000000] NR_IRQS:16 nr_irqs:16 16[    0.000000] ps7-slcr mapped to df802000[    0.000000] zynq_clock_init: clkc starts at df802100[    0.000000] Zynq clock init[    0.000015] sched_clock: 64 bits at 333MHz, resolution 3ns, wraps every 3298534883328ns[    0.000292] ps7-ttc #0 at df804000, irq=43[    0.000595] Console: colour dummy device 80x30[    0.000623] Calibrating delay loop... 1325.46 BogoMIPS (lpj=6627328)[    0.040197] pid_max: default: 32768 minimum: 301[    0.040404] Mount-cache hash table entries: 1024 (order: 0, 4096 bytes)[    0.040423] Mountpoint-cache hash table entries: 1024 (order: 0, 4096 bytes)[    0.042576] CPU: Testing write buffer coherency: ok[    0.042884] CPU0: thread -1, cpu 0, socket 0, mpidr 80000000[    0.042939] Setting up static identity map for 0x4cb118 - 0x4cb170[    0.043158] L310 cache controller enabled[    0.043178] l2x0: 8 ways, CACHE_ID 0x410000c8, AUX_CTRL 0x72760000, Cache size: 512 kB[    0.120984] CPU1: Booted secondary processor[    0.210218] CPU1: thread -1, cpu 1, socket 0, mpidr 80000001[    0.210349] Brought up 2 CPUs[    0.210368] SMP: Total of 2 processors activated.[    0.210377] CPU: All CPU(s) started in SVC mode.[    0.211047] devtmpfs: initialized[    0.213474] VFP support v0.3: implementor 41 architecture 3 part 30 variant 9 rev 4[    0.214659] regulator-dummy: no parameters[    0.221988] NET: Registered protocol family 16[    0.224253] DMA: preallocated 256 KiB pool for atomic coherent allocations[    0.226514] cpuidle: using governor ladder[    0.226527] cpuidle: using governor menu[    0.233880] syscon f8000000.ps7-slcr: regmap [mem 0xf8000000-0xf8000fff] registered[    0.235390] hw-breakpoint: found 5 (+1 reserved) breakpoint and 1 watchpoint registers.[    0.235404] hw-breakpoint: maximum watchpoint size is 4 bytes.[    0.235515] zynq-ocm f800c000.ps7-ocmc: ZYNQ OCM pool: 256 KiB @ 0xdf880000[    0.256978] bio: create slab <bio-0> at 0[    0.258343] vgaarb: loaded[    0.259026] SCSI subsystem initialized[    0.259898] usbcore: registered new interface driver usbfs[    0.260075] usbcore: registered new interface driver hub[    0.260586] usbcore: registered new device driver usb[    0.261904] media: Linux media interface: v0.10[    0.262096] Linux video capture interface: v2.00[    0.262350] pps_core: LinuxPPS API ver. 1 registered[    0.262362] pps_core: Software ver. 5.3.6 - Copyright 2005-2007 Rodolfo Giometti <giometti@linux.it>[    0.262483] PTP clock support registered[    0.262832] EDAC MC: Ver: 3.0.0[    0.264039] Advanced Linux Sound Architecture Driver Initialized.[    0.266769] DMA-API: preallocated 4096 debug entries[    0.266783] DMA-API: debugging enabled by kernel config[    0.266849] Switched to clocksource arm_global_timer[    0.286687] NET: Registered protocol family 2[    0.287389] TCP established hash table entries: 4096 (order: 2, 16384 bytes)[    0.287446] TCP bind hash table entries: 4096 (order: 3, 32768 bytes)[    0.287531] TCP: Hash tables configured (established 4096 bind 4096)[    0.287577] TCP: reno registered[    0.287593] UDP hash table entries: 256 (order: 1, 8192 bytes)[    0.287623] UDP-Lite hash table entries: 256 (order: 1, 8192 bytes)[    0.287847] NET: Registered protocol family 1[    0.288181] RPC: Registered named UNIX socket transport module.[    0.288193] RPC: Registered udp transport module.[    0.288202] RPC: Registered tcp transport module.[    0.288210] RPC: Registered tcp NFSv4.1 backchannel transport module.[    0.288222] PCI: CLS 0 bytes, default 64[    0.288646] hw perfevents: enabled with ARMv7 Cortex-A9 PMU driver, 7 counters available[    0.290630] futex hash table entries: 512 (order: 3, 32768 bytes)[    0.292683] jffs2: version 2.2. (NAND) © 2001-2006 Red Hat, Inc.[    0.292867] msgmni has been set to 967[    0.293621] io scheduler noop registered[    0.293634] io scheduler deadline registered[    0.293675] io scheduler cfq registered (default)[    0.307909] dma-pl330 f8003000.ps7-dma: Loaded driver for PL330 DMAC-2364208[    0.307929] dma-pl330 f8003000.ps7-dma:  DBUFF-128x8bytes Num_Chans-8 Num_Peri-4 Num_Events-16[    0.431147] e0001000.serial: ttyPS0 at MMIO 0xe0001000 (irq = 82, base_baud = 3124999) is a xuartps[    0.998279] console [ttyPS0] enabled[    1.002529] xdevcfg f8007000.ps7-dev-cfg: ioremap 0xf8007000 to df866000[    1.010155] [drm] Initialized drm 1.1.0 20060810[    1.027238] brd: module loaded[    1.036591] loop: module loaded[    1.045981] e1000e: Intel(R) PRO/1000 Network Driver - 2.3.2-k[    1.051960] e1000e: Copyright(c) 1999 - 2013 Intel Corporation.[    1.059826] libphy: XEMACPS mii bus: probed[    1.064196] ------------- phy_id = 0x3625e62[    1.069138] xemacps e000b000.ps7-ethernet: pdev->id -1, baseaddr 0xe000b000, irq 54[    1.077754] ehci_hcd: USB 2.0 'Enhanced' Host Controller (EHCI) Driver[    1.084368] ehci-pci: EHCI PCI platform driver[    1.091607] zynq-dr e0002000.ps7-usb: Unable to init USB phy, missing?[    1.098426] usbcore: registered new interface driver usb-storage[    1.105259] mousedev: PS/2 mouse device common for all mice[    1.111385] i2c /dev entries driver[    1.118309] zynq-edac f8006000.ps7-ddrc: ecc not enabled[    1.123782] cpufreq_cpu0: failed to get cpu0 regulator: -19[    1.129700] Xilinx Zynq CpuIdle Driver started[    1.134553] sdhci: Secure Digital Host Controller Interface driver[    1.140733] sdhci: Copyright(c) Pierre Ossman[    1.145007] sdhci-pltfm: SDHCI platform and OF driver helper[    1.151826] mmc0: no vqmmc regulator found[    1.155842] mmc0: no vmmc regulator found[    1.196869] mmc0: SDHCI controller on e0100000.ps7-sdio [e0100000.ps7-sdio] using ADMA[    1.205571] usbcore: registered new interface driver usbhid[    1.211085] usbhid: USB HID core driver[    1.215779] nand: device found, Manufacturer ID: 0x2c, Chip ID: 0xda[    1.222080] nand: Micron MT29F2G08ABAEAWP[    1.226046] nand: 256MiB, SLC, page size: 2048, OOB size: 64[    1.231983] Bad block table found at page 131008, version 0x01[    1.238205] Bad block table found at page 130944, version 0x01[    1.244253] 3 ofpart partitions found on MTD device pl353-nand[    1.250037] Creating 3 MTD partitions on \"pl353-nand\":[    1.255128] 0x000000000000-0x000002000000 : \"BOOT.bin-env-dts-kernel\"[    1.263192] 0x000002000000-0x00000b000000 : \"angstram-rootfs\"[    1.270481] 0x00000b000000-0x000010000000 : \"upgrade-rootfs\"[    1.281235] TCP: cubic registered[    1.284471] NET: Registered protocol family 17[    1.289175] Registering SWP/SWPB emulation handler[    1.295041] regulator-dummy: disabling[    1.299350] UBI: attaching mtd1 to ubi0[    1.824199] UBI: scanning is finished[    1.835809] UBI: attached mtd1 (name \"angstram-rootfs\", size 144 MiB) to ubi0[    1.842891] UBI: PEB size: 131072 bytes (128 KiB), LEB size: 126976 bytes[    1.849653] UBI: min./max. I/O unit sizes: 2048/2048, sub-page size 2048[    1.856317] UBI: VID header offset: 2048 (aligned 2048), data offset: 4096[    1.863195] UBI: good PEBs: 1152, bad PEBs: 0, corrupted PEBs: 0[    1.869176] UBI: user volume: 1, internal volumes: 1, max. volumes count: 128[    1.876283] UBI: max/mean erase counter: 2/0, WL threshold: 4096, image sequence number: 1113221046[    1.885326] UBI: available PEBs: 0, total reserved PEBs: 1152, PEBs reserved for bad PEB handling: 40[    1.894541] UBI: background thread \"ubi_bgt0d\" started, PID 1084[    1.894547] drivers/rtc/hctosys.c: unable to open rtc device (rtc0)[    1.898497] ALSA device list:[    1.898501]   No soundcards found.[    1.914831] UBIFS: background thread \"ubifs_bgt0_0\" started, PID 1086[    1.944066] UBIFS: recovery needed[    2.041463] UBIFS: recovery completed[    2.045133] UBIFS: mounted UBI device 0, volume 0, name \"rootfs\"[    2.051078] UBIFS: LEB size: 126976 bytes (124 KiB), min./max. I/O unit sizes: 2048 bytes/2048 bytes[    2.060184] UBIFS: FS size: 128626688 bytes (122 MiB, 1013 LEBs), journal size 9023488 bytes (8 MiB, 72 LEBs)[    2.070073] UBIFS: reserved for root: 0 bytes (0 KiB)[    2.075103] UBIFS: media format: w4/r0 (latest is w4/r0), UUID E8A4479F-B15D-4C7A-964D-0F246E2BB6ED, small LPT model[    2.086139] VFS: Mounted root (ubifs filesystem) on device 0:11.[    2.093336] devtmpfs: mounted[    2.096444] Freeing unused kernel memory: 204K (c06db000 - c070e000)[    2.928981] random: dd urandom read with 1 bits of entropy available[    3.306901] [    3.306901] bcm54xx_config_init[    4.366866] [    4.366866] bcm54xx_config_init[    8.367734] xemacps e000b000.ps7-ethernet: Set clk to 24999999 Hz[    8.373822] xemacps e000b000.ps7-ethernet: link up (100/FULL)[   26.117747] In axi fpga driver![   26.120819] request_mem_region OK![   26.124208] AXI fpga dev virtual address is 0xdf9fe000[   26.129347] *base_vir_addr = 0xc51e[   26.144008] In fpga mem driver![   26.147390] request_mem_region OK![   26.150899] fpga mem virtual address is 0xe2000000[   26.936886] [   26.936886] bcm54xx_config_init[   28.036877] [   28.036877] bcm54xx_config_init[   32.037728] xemacps e000b000.ps7-ethernet: Set clk to 24999999 Hz[   32.043751] xemacps e000b000.ps7-ethernet: link up (100/FULL)[  343.842808] random: nonblocking pool is initializedmain.c:13992: log_level = 4main.c:14019: This is XILINX board. Totalram:       507486208main.c:14031: Detect 512MB control board of XILINXdriver-bitmain.c:1776: mmap axi_fpga_addr = 0xb6f79000driver-bitmain.c:1781: axi_fpga_addr data = 0xc51edriver-bitmain.c:1797: mmap fpga_mem_addr = 0xb5d72000driver-bitmain.c:994: forceFreq=-1 forceFlag=0driver-bitmain.c:1696: min work minertest[0]:912main.c:8570: DETECT HW version=0000c51emain.c:14064: miner ID : 80026c8a7910481cmain.c:14089: Miner Type = S9main.c:14101: AsicType = 1387main.c:14104: real AsicNum = 63main.c:14197: use critical mode to search freq...driver-bitmain.c:1876: get PLUG ON=0x000000a0driver-bitmain.c:1946: Find hashboard on Chain[5]driver-bitmain.c:1946: Find hashboard on Chain[7]main.c:2282: Check chain[5] PIC fw version=0xffmain.c:2282: Check chain[7] PIC fw version=0xffmain.c:8940: read pic freq and badcore num...driver-bitmain.c:5051: Error of set PIC FLASH addr: addr_H=f(ff) addr_L=a0(ff) on Chain[5]driver-bitmain.c:5051: Error of set PIC FLASH addr: addr_H=f(ff) addr_L=a0(ff) on Chain[5]driver-bitmain.c:5051: Error of set PIC FLASH addr: addr_H=f(ff) addr_L=a0(ff) on Chain[5]driver-bitmain.c:5051: Error of set PIC FLASH addr: addr_H=f(ff) addr_L=a0(ff) on Chain[5]driver-bitmain.c:5051: Error of set PIC FLASH addr: addr_H=f(ff) addr_L=80(ff) on Chain[5]driver-bitmain.c:5051: Error of set PIC FLASH addr: addr_H=f(ff) addr_L=80(ff) on Chain[5]driver-bitmain.c:5051: Error of set PIC FLASH addr: addr_H=f(ff) addr_L=80(ff) on Chain[5]driver-bitmain.c:5051: Error of set PIC FLASH addr: addr_H=f(ff) addr_L=80(ff) on Chain[5]driver-bitmain.c:5051: Error of set PIC FLASH addr: addr_H=f(ff) addr_L=e8(ff) on Chain[5]driver-bitmain.c:5051: Error of set PIC FLASH addr: addr_H=f(ff) addr_L=e8(ff) on Chain[5]driver-bitmain.c:5051: Error of set PIC FLASH addr: addr_H=f(ff) addr_L=e8(ff) on Chain[5]driver-bitmain.c:5051: Error of set PIC FLASH addr: addr_H=f(ff) addr_L=e8(ff) on Chain[5]main.c:8961: chain[5]: [255:255] [255:255] [255:255] [255:255] [255:255] [255:255] [255:255] [255:255]main.c:9148: chain[5] has no freq in PIC! Will use default freq=500 and jump over...main.c:2282: Check chain[5] PIC fw version=0xffmain.c:8940: read pic freq and badcore num...driver-bitmain.c:5051: Error of set PIC FLASH addr: addr_H=f(ff) addr_L=a0(ff) on Chain[7]driver-bitmain.c:5051: Error of set PIC FLASH addr: addr_H=f(ff) addr_L=a0(ff) on Chain[7]driver-bitmain.c:5051: Error of set PIC FLASH addr: addr_H=f(ff) addr_L=a0(ff) on Chain[7]driver-bitmain.c:5051: Error of set PIC FLASH addr: addr_H=f(ff) addr_L=a0(ff) on Chain[7]driver-bitmain.c:5051: Error of set PIC FLASH addr: addr_H=f(ff) addr_L=80(ff) on Chain[7]driver-bitmain.c:5051: Error of set PIC FLASH addr: addr_H=f(ff) addr_L=80(ff) on Chain[7]driver-bitmain.c:5051: Error of set PIC FLASH addr: addr_H=f(ff) addr_L=80(ff) on Chain[7]driver-bitmain.c:5051: Error of set PIC FLASH addr: addr_H=f(ff) addr_L=80(ff) on Chain[7]driver-bitmain.c:5051: Error of set PIC FLASH addr: addr_H=f(ff) addr_L=e8(ff) on Chain[7]driver-bitmain.c:5051: Error of set PIC FLASH addr: addr_H=f(ff) addr_L=e8(ff) on Chain[7]driver-bitmain.c:5051: Error of set PIC FLASH addr: addr_H=f(ff) addr_L=e8(ff) on Chain[7]driver-bitmain.c:5051: Error of set PIC FLASH addr: addr_H=f(ff) addr_L=e8(ff) on Chain[7]main.c:8961: chain[7]: [255:255] [255:255] [255:255] [255:255] [255:255] [255:255] [255:255] [255:255]main.c:9148: chain[7] has no freq in PIC! Will use default freq=500 and jump over...main.c:2282: Check chain[7] PIC fw version=0xffmain.c:9183: get PIC voltage=255 on chain[5], value=790main.c:9183: get PIC voltage=255 on chain[7], value=790main.c:9349: chain[5] temp offset record: -1,-1,-1,-1,-1,-1,-1,-1main.c:9366: chain[5] temp chip I2C addr=0x98main.c:9349: chain[7] temp offset record: -1,-1,-1,-1,-1,-1,-1,-1main.c:9366: chain[7] temp chip I2C addr=0x98main.c:13956: total_exist_chain_num = 2main.c:9562: CRC error counter=0main.c:9577: set command mode to VILmain.c:9649: --- check asic numbermain.c:9745: After Get ASIC NUM CRC error counter=0main.c:9768: set_baud=0main.c:10693: The min freq=700main.c:10695: set real timeout 52, need sleep=379392main.c:12825: After TEST CRC error counter=0main.c:14236: search freq for 1 times, completed chain = 2, total chain num = 2 board_frq_tuning.c:628: single_board_frq_tuning enterboard_frq_tuning.c:629: min_rate, des_rate, fix_volt:13800, 14000, 880board_frq_tuning.c:254: force_freq not set, don't need tuningmain.c:14645: restart Miner chance num=2main.c:14685: waiting for receive_func to exit!main.c:14699: waiting for pic heart to exit!main.c:13927: bmminer not found= 1891 root       0:00 grep bmminermain.c:14758: bmminer not found, restart bmminer ...driver-btm-c5.c:12243:bitmain_c5_init: This is user mode for miningdriver-btm-c5.c:12292:bitmain_c5_init: Detect 512MB control board of XILINXdriver-btm-c5.c:12313:bitmain_c5_init: Miner Type = S9driver-btm-c5.c:12324:bitmain_c5_init: Miner compile time: Wed Jul 31 16:18:27 CST 2019 type: Antminer S9driver-btm-c5.c:12414:bitmain_c5_init: miner ID : 80026c8a7910481cdriver-btm-c5.c:12571:bitmain_c5_init: Checking fans...driver-btm-c5.c:3006:check_fan_beforeInit: get fan[4] speed=6000driver-btm-c5.c:3006:check_fan_beforeInit: get fan[4] speed=6000driver-btm-c5.c:3006:check_fan_beforeInit: get fan[5] speed=5880driver-btm-c5.c:3006:check_fan_beforeInit: get fan[4] speed=6000driver-btm-c5.c:3006:check_fan_beforeInit: get fan[5] speed=5880driver-btm-c5.c:3006:check_fan_beforeInit: get fan[4] speed=6000driver-btm-c5.c:3006:check_fan_beforeInit: get fan[5] speed=5880driver-btm-c5.c:1326:set_pic_iic_flash_addr_pointer: Error of set PIC FLASH addr: addr_H=f(ff) addr_L=e8(ff) on Chain[5]driver-btm-c5.c:1326:set_pic_iic_flash_addr_pointer: Error of set PIC FLASH addr: addr_H=f(ff) addr_L=e8(ff) on Chain[5]driver-btm-c5.c:1326:set_pic_iic_flash_addr_pointer: Error of set PIC FLASH addr: addr_H=f(ff) addr_L=e8(ff) on Chain[5]driver-btm-c5.c:1326:set_pic_iic_flash_addr_pointer: Error of set PIC FLASH addr: addr_H=f(ff) addr_L=e8(ff) on Chain[5]driver-btm-c5.c:13108:bitmain_c5_init: chain[5]: [255:255] [255:255] [255:255] [255:255] [255:255] [255:255] [255:255] [255:255]driver-btm-c5.c:1326:set_pic_iic_flash_addr_pointer: Error of set PIC FLASH addr: addr_H=f(ff) addr_L=a0(ff) on Chain[5]driver-btm-c5.c:1326:set_pic_iic_flash_addr_pointer: Error of set PIC FLASH addr: addr_H=f(ff) addr_L=a0(ff) on Chain[5]driver-btm-c5.c:1326:set_pic_iic_flash_addr_pointer: Error of set PIC FLASH addr: addr_H=f(ff) addr_L=a0(ff) on Chain[5]driver-btm-c5.c:1326:set_pic_iic_flash_addr_pointer: Error of set PIC FLASH addr: addr_H=f(ff) addr_L=a0(ff) on Chain[5]driver-btm-c5.c:13122:bitmain_c5_init: last_freq: 0xff 0xff 0xff 0xff 0xff 0xff 0xff 0xff 0xff 0xff 0xff 0xff 0xff 0xff 0xff 0xff 0xff 0xff 0xff 0xff 0xff 0xff 0xff 0xff 0xff 0xff 0xff 0xff 0xff 0xff 0xff 0xff 0xff 0xff 0xff 0xff 0xff 0xff 0xff 0xff 0xff 0xff 0xff 0xff 0xff 0xff 0xff 0xff 0xff 0xff 0xff 0xff 0xff 0xff 0xff 0xff 0xff 0xff 0xff 0xff 0xff 0xff 0xff 0xff 0xff 0xff 0xff 0xff 0xff 0xff 0xff 0xff 0xff 0xff 0xff 0xff 0xff 0xff 0xff 0xff 0xff 0xff 0xff 0xff 0xff 0xff 0xff 0xff 0xff 0xff 0xff 0xff 0xff 0xff 0xff 0xff 0xff 0xff 0xff 0xff 0xff 0xff 0xff 0xff 0xff 0xff 0xff 0xff 0xff 0xff 0xff 0xff 0xff 0xff 0xff 0xff 0xff 0xff 0xff 0xff 0xff 0xff 0xff 0xff 0xff 0xff 0xff 0xff driver-btm-c5.c:1326:set_pic_iic_flash_addr_pointer: Error of set PIC FLASH addr: addr_H=f(ff) addr_L=80(ff) on Chain[5]driver-btm-c5.c:1326:set_pic_iic_flash_addr_pointer: Error of set PIC FLASH addr: addr_H=f(ff) addr_L=80(ff) on Chain[5]driver-btm-c5.c:1326:set_pic_iic_flash_addr_pointer: Error of set PIC FLASH addr: addr_H=f(ff) addr_L=80(ff) on Chain[5]driver-btm-c5.c:1326:set_pic_iic_flash_addr_pointer: Error of set PIC FLASH addr: addr_H=f(ff) addr_L=80(ff) on Chain[5]driver-btm-c5.c:13193:bitmain_c5_init: scan based on domaindriver-btm-c5.c:1899:jump_to_app_CheckAndRestorePIC: Check chain[5] PIC fw version=0xffdriver-btm-c5.c:1326:set_pic_iic_flash_addr_pointer: Error of set PIC FLASH addr: addr_H=f(ff) addr_L=e8(ff) on Chain[7]driver-btm-c5.c:1326:set_pic_iic_flash_addr_pointer: Error of set PIC FLASH addr: addr_H=f(ff) addr_L=e8(ff) on Chain[7]driver-btm-c5.c:1326:set_pic_iic_flash_addr_pointer: Error of set PIC FLASH addr: addr_H=f(ff) addr_L=e8(ff) on Chain[7]driver-btm-c5.c:1326:set_pic_iic_flash_addr_pointer: Error of set PIC FLASH addr: addr_H=f(ff) addr_L=e8(ff) on Chain[7]driver-btm-c5.c:13108:bitmain_c5_init: chain[7]: [255:255] [255:255] [255:255] [255:255] [255:255] [255:255] [255:255] [255:255]driver-btm-c5.c:1326:set_pic_iic_flash_addr_pointer: Error of set PIC FLASH addr: addr_H=f(ff) addr_L=a0(ff) on Chain[7]driver-btm-c5.c:1326:set_pic_iic_flash_addr_pointer: Error of set PIC FLASH addr: addr_H=f(ff) addr_L=a0(ff) on Chain[7]driver-btm-c5.c:1326:set_pic_iic_flash_addr_pointer: Error of set PIC FLASH addr: addr_H=f(ff) addr_L=a0(ff) on Chain[7]driver-btm-c5.c:1326:set_pic_iic_flash_addr_pointer: Error of set PIC FLASH addr: addr_H=f(ff) addr_L=a0(ff) on Chain[7]driver-btm-c5.c:13122:bitmain_c5_init: last_freq: 0xff 0xff 0xff 0xff 0xff 0xff 0xff 0xff 0xff 0xff 0xff 0xff 0xff 0xff 0xff 0xff 0xff 0xff 0xff 0xff 0xff 0xff 0xff 0xff 0xff 0xff 0xff 0xff 0xff 0xff 0xff 0xff 0xff 0xff 0xff 0xff 0xff 0xff 0xff 0xff 0xff 0xff 0xff 0xff 0xff 0xff 0xff 0xff 0xff 0xff 0xff 0xff 0xff 0xff 0xff 0xff 0xff 0xff 0xff 0xff 0xff 0xff 0xff 0xff 0xff 0xff 0xff 0xff 0xff 0xff 0xff 0xff 0xff 0xff 0xff 0xff 0xff 0xff 0xff 0xff 0xff 0xff 0xff 0xff 0xff 0xff 0xff 0xff 0xff 0xff 0xff 0xff 0xff 0xff 0xff 0xff 0xff 0xff 0xff 0xff 0xff 0xff 0xff 0xff 0xff 0xff 0xff 0xff 0xff 0xff 0xff 0xff 0xff 0xff 0xff 0xff 0xff 0xff 0xff 0xff 0xff 0xff 0xff 0xff 0xff 0xff 0xff 0xff driver-btm-c5.c:1326:set_pic_iic_flash_addr_pointer: Error of set PIC FLASH addr: addr_H=f(ff) addr_L=80(ff) on Chain[7]driver-btm-c5.c:1326:set_pic_iic_flash_addr_pointer: Error of set PIC FLASH addr: addr_H=f(ff) addr_L=80(ff) on Chain[7]driver-btm-c5.c:1326:set_pic_iic_flash_addr_pointer: Error of set PIC FLASH addr: addr_H=f(ff) addr_L=80(ff) on Chain[7]driver-btm-c5.c:1326:set_pic_iic_flash_addr_pointer: Error of set PIC FLASH addr: addr_H=f(ff) addr_L=80(ff) on Chain[7]driver-btm-c5.c:13193:bitmain_c5_init: scan based on domaindriver-btm-c5.c:1899:jump_to_app_CheckAndRestorePIC: Check chain[7] PIC fw version=0xffdriver-btm-c5.c:12195:init_exist_chain_table: total_exist_chain_num = 2driver-btm-c5.c:13303:bitmain_c5_init: Chain[J6] orignal chain_voltage_pic=255 value=790driver-btm-c5.c:13303:bitmain_c5_init: Chain[J8] orignal chain_voltage_pic=255 value=790driver-btm-c5.c:13421:bitmain_c5_init: Chain[J6] has 0 asicdriver-btm-c5.c:13449:bitmain_c5_init: retry Chain[J6] has 0 asicdriver-btm-c5.c:13449:bitmain_c5_init: retry Chain[J6] has 0 asicdriver-btm-c5.c:13449:bitmain_c5_init: retry Chain[J6] has 0 asicdriver-btm-c5.c:13449:bitmain_c5_init: retry Chain[J6] has 0 asicdriver-btm-c5.c:13449:bitmain_c5_init: retry Chain[J6] has 0 asicdriver-btm-c5.c:13449:bitmain_c5_init: retry Chain[J6] has 0 asicdriver-btm-c5.c:13421:bitmain_c5_init: Chain[J8] has 0 asicdriver-btm-c5.c:13449:bitmain_c5_init: retry Chain[J8] has 0 asicdriver-btm-c5.c:13449:bitmain_c5_init: retry Chain[J8] has 0 asicdriver-btm-c5.c:13449:bitmain_c5_init: retry Chain[J8] has 0 asicdriver-btm-c5.c:13449:bitmain_c5_init: retry Chain[J8] has 0 asicdriver-btm-c5.c:13449:bitmain_c5_init: retry Chain[J8] has 0 asicdriver-btm-c5.c:13449:bitmain_c5_init: retry Chain[J8] has 0 asicdriver-btm-c5.c:4571:set_frequency: miner total rate=0GH/s ideal_total_hash_rate = 0GH/sdriver-btm-c5.c:4819:set_frequency: Miner fix freq ...driver-btm-c5.c:5119:set_frequency: max freq = 100driver-btm-c5.c:4162:ProcessFixFreq: totalRate = 0, fixed_totalRate = 0driver-btm-c5.c:9604:init_uart_baud: set baud=1driver-btm-c5.c:12103:set_working_voltage: setting to working voltage...driver-btm-c5.c:13954:bitmain_c5_init: start thread for read tempsetStartTimePoint total_tv_start_sys=410 total_tv_end_sys=411driver-btm-c5.c:10320:check_system_work: restartNum = 2 , auto-reinit enabled...driver-btm-c5.c:8727:read_temp_func: bring_up_pcb_temp = -100do read_temp_func once...Done check_asic_regMax pcb temp : -100set FAN speed according to: temp_highest=-100 temp_top1[PWM_T]=-100 temp_top1[TEMP_POS_LOCAL]=-100 temp_change=0 fix_fan_steps=0FAN PWM: 0read_temp_func Done!CRC error counter=0first put the log in code format see what i did.second try flashing the controller with bitmain firmware for s9 use link on bit main website to do itthan post the log",
      "score": 0,
      "upvotes": 0,
      "downvotes": 0
    },
    {
      "author": "BazeJass",
      "created_time": "May 25, 2022, 03:10:11 PM",
      "body": "Noted, apologies, I am new and still learning stuffs.Also, I tried flashing, then upgraded to the latest firmware of 2019 (final one on Bitmain website), still the same, no clue on what to do next.",
      "score": 0,
      "upvotes": 0,
      "downvotes": 0
    },
    {
      "author": "BitMaxz",
      "created_time": "May 25, 2022, 10:32:30 PM",
      "body": "Based on your logs it could be a PIC flash corrupted or fried PIC chip. What I would like you to try is to run hashboard one by one you can follow this guide \"Antminer test one by one\"Check the logs again and update here for changes.The other thing that I noticed from your logs is that PCB temp has an abnormal status so there is a big possibility that your hashboard is overheating it could be short capacitors or dead sensor.",
      "score": 0,
      "upvotes": 0,
      "downvotes": 0
    },
    {
      "author": "BazeJass",
      "created_time": "May 26, 2022, 05:25:08 AM",
      "body": "Quote from: BitMaxz on May 25, 2022, 10:32:30 PMBased on your logs it could be a PIC flash corrupted or fried PIC chip. What I would like you to try is to run hashboard one by one you can follow this guide \"Antminer test one by one\"Check the logs again and update here for changes.The other thing that I noticed from your logs is that PCB temp has an abnormal status so there is a big possibility that your hashboard is overheating it could be short capacitors or dead sensor.I have tested all 3 dashboard one by one as suggested, please find the details below-1) Hashboard 1 observationCode:[    0.000000] Booting Linux on physical CPU 0x0[    0.000000] Linux version 3.14.0-xilinx-g16220c3 (lzq@armdev2) (gcc version 4.8.3 20140320 (prerelease) (Sourcery CodeBench Lite 2014.05-23) ) #83 SMP PREEMPT Thu Jul 12 11:42:53 CST 2018[    0.000000] CPU: ARMv7 Processor [413fc090] revision 0 (ARMv7), cr=18c5387d[    0.000000] CPU: PIPT / VIPT nonaliasing data cache, VIPT aliasing instruction cache[    0.000000] Machine model: Xilinx Zynq[    0.000000] cma: CMA: reserved 128 MiB at 16800000[    0.000000] Memory policy: Data cache writealloc[    0.000000] On node 0 totalpages: 126976[    0.000000] free_area_init_node: node 0, pgdat c074ac00, node_mem_map debd8000[    0.000000]   Normal zone: 992 pages used for memmap[    0.000000]   Normal zone: 0 pages reserved[    0.000000]   Normal zone: 126976 pages, LIFO batch:31[    0.000000] PERCPU: Embedded 8 pages/cpu @debc1000 s9088 r8192 d15488 u32768[    0.000000] pcpu-alloc: s9088 r8192 d15488 u32768 alloc=8*4096[    0.000000] pcpu-alloc: [0] 0 [0] 1 [    0.000000] Built 1 zonelists in Zone order, mobility grouping on.  Total pages: 125984[    0.000000] Kernel command line: noinitrd mem=496M console=ttyPS0,115200 root=ubi0:rootfs ubi.mtd=1 rootfstype=ubifs rw rootwait[    0.000000] PID hash table entries: 2048 (order: 1, 8192 bytes)[    0.000000] Dentry cache hash table entries: 65536 (order: 6, 262144 bytes)[    0.000000] Inode-cache hash table entries: 32768 (order: 5, 131072 bytes)[    0.000000] Memory: 364316K/507904K available (5057K kernel code, 284K rwdata, 1928K rodata, 204K init, 258K bss, 143588K reserved, 0K highmem)[    0.000000] Virtual kernel memory layout:[    0.000000]     vector  : 0xffff0000 - 0xffff1000   (   4 kB)[    0.000000]     fixmap  : 0xfff00000 - 0xfffe0000   ( 896 kB)[    0.000000]     vmalloc : 0xdf800000 - 0xff000000   ( 504 MB)[    0.000000]     lowmem  : 0xc0000000 - 0xdf000000   ( 496 MB)[    0.000000]     pkmap   : 0xbfe00000 - 0xc0000000   (   2 MB)[    0.000000]     modules : 0xbf000000 - 0xbfe00000   (  14 MB)[    0.000000]       .text : 0xc0008000 - 0xc06da8ac   (6987 kB)[    0.000000]       .init : 0xc06db000 - 0xc070e380   ( 205 kB)[    0.000000]       .data : 0xc0710000 - 0xc0757138   ( 285 kB)[    0.000000]        .bss : 0xc0757144 - 0xc0797bfc   ( 259 kB)[    0.000000] Preemptible hierarchical RCU implementation.[    0.000000]  Dump stacks of tasks blocking RCU-preempt GP.[    0.000000]  RCU restricting CPUs from NR_CPUS=4 to nr_cpu_ids=2.[    0.000000] RCU: Adjusting geometry for rcu_fanout_leaf=16, nr_cpu_ids=2[    0.000000] NR_IRQS:16 nr_irqs:16 16[    0.000000] ps7-slcr mapped to df802000[    0.000000] zynq_clock_init: clkc starts at df802100[    0.000000] Zynq clock init[    0.000014] sched_clock: 64 bits at 333MHz, resolution 3ns, wraps every 3298534883328ns[    0.000288] ps7-ttc #0 at df804000, irq=43[    0.000590] Console: colour dummy device 80x30[    0.000619] Calibrating delay loop... 1332.01 BogoMIPS (lpj=6660096)[    0.100238] pid_max: default: 32768 minimum: 301[    0.100450] Mount-cache hash table entries: 1024 (order: 0, 4096 bytes)[    0.100469] Mountpoint-cache hash table entries: 1024 (order: 0, 4096 bytes)[    0.102625] CPU: Testing write buffer coherency: ok[    0.102937] CPU0: thread -1, cpu 0, socket 0, mpidr 80000000[    0.102994] Setting up static identity map for 0x4cb118 - 0x4cb170[    0.103215] L310 cache controller enabled[    0.103235] l2x0: 8 ways, CACHE_ID 0x410000c8, AUX_CTRL 0x72760000, Cache size: 512 kB[    0.180984] CPU1: Booted secondary processor[    0.270216] CPU1: thread -1, cpu 1, socket 0, mpidr 80000001[    0.270345] Brought up 2 CPUs[    0.270363] SMP: Total of 2 processors activated.[    0.270371] CPU: All CPU(s) started in SVC mode.[    0.271029] devtmpfs: initialized[    0.273450] VFP support v0.3: implementor 41 architecture 3 part 30 variant 9 rev 4[    0.274638] regulator-dummy: no parameters[    0.281984] NET: Registered protocol family 16[    0.284193] DMA: preallocated 256 KiB pool for atomic coherent allocations[    0.286456] cpuidle: using governor ladder[    0.286469] cpuidle: using governor menu[    0.293809] syscon f8000000.ps7-slcr: regmap [mem 0xf8000000-0xf8000fff] registered[    0.295325] hw-breakpoint: found 5 (+1 reserved) breakpoint and 1 watchpoint registers.[    0.295338] hw-breakpoint: maximum watchpoint size is 4 bytes.[    0.295449] zynq-ocm f800c000.ps7-ocmc: ZYNQ OCM pool: 256 KiB @ 0xdf880000[    0.317252] bio: create slab <bio-0> at 0[    0.318624] vgaarb: loaded[    0.319322] SCSI subsystem initialized[    0.320238] usbcore: registered new interface driver usbfs[    0.320891] usbcore: registered new interface driver hub[    0.321176] usbcore: registered new device driver usb[    0.321694] media: Linux media interface: v0.10[    0.321856] Linux video capture interface: v2.00[    0.322095] pps_core: LinuxPPS API ver. 1 registered[    0.322107] pps_core: Software ver. 5.3.6 - Copyright 2005-2007 Rodolfo Giometti <giometti@linux.it>[    0.322227] PTP clock support registered[    0.322587] EDAC MC: Ver: 3.0.0[    0.323777] Advanced Linux Sound Architecture Driver Initialized.[    0.326502] DMA-API: preallocated 4096 debug entries[    0.326516] DMA-API: debugging enabled by kernel config[    0.326583] Switched to clocksource arm_global_timer[    0.346534] NET: Registered protocol family 2[    0.347481] TCP established hash table entries: 4096 (order: 2, 16384 bytes)[    0.347538] TCP bind hash table entries: 4096 (order: 3, 32768 bytes)[    0.347622] TCP: Hash tables configured (established 4096 bind 4096)[    0.347666] TCP: reno registered[    0.347682] UDP hash table entries: 256 (order: 1, 8192 bytes)[    0.347712] UDP-Lite hash table entries: 256 (order: 1, 8192 bytes)[    0.347951] NET: Registered protocol family 1[    0.348299] RPC: Registered named UNIX socket transport module.[    0.348312] RPC: Registered udp transport module.[    0.348320] RPC: Registered tcp transport module.[    0.348329] RPC: Registered tcp NFSv4.1 backchannel transport module.[    0.348341] PCI: CLS 0 bytes, default 64[    0.348763] hw perfevents: enabled with ARMv7 Cortex-A9 PMU driver, 7 counters available[    0.350751] futex hash table entries: 512 (order: 3, 32768 bytes)[    0.352792] jffs2: version 2.2. (NAND) © 2001-2006 Red Hat, Inc.[    0.352981] msgmni has been set to 967[    0.353740] io scheduler noop registered[    0.353753] io scheduler deadline registered[    0.353794] io scheduler cfq registered (default)[    0.365083] dma-pl330 f8003000.ps7-dma: Loaded driver for PL330 DMAC-2364208[    0.365103] dma-pl330 f8003000.ps7-dma:  DBUFF-128x8bytes Num_Chans-8 Num_Peri-4 Num_Events-16[    0.488516] e0001000.serial: ttyPS0 at MMIO 0xe0001000 (irq = 82, base_baud = 3124999) is a xuartps[    1.055248] console [ttyPS0] enabled[    1.059480] xdevcfg f8007000.ps7-dev-cfg: ioremap 0xf8007000 to df866000[    1.067110] [drm] Initialized drm 1.1.0 20060810[    1.083994] brd: module loaded[    1.093395] loop: module loaded[    1.102834] e1000e: Intel(R) PRO/1000 Network Driver - 2.3.2-k[    1.108785] e1000e: Copyright(c) 1999 - 2013 Intel Corporation.[    1.116521] libphy: XEMACPS mii bus: probed[    1.121106] ------------- phy_id = 0x3625e62[    1.125815] xemacps e000b000.ps7-ethernet: pdev->id -1, baseaddr 0xe000b000, irq 54[    1.134428] ehci_hcd: USB 2.0 'Enhanced' Host Controller (EHCI) Driver[    1.141091] ehci-pci: EHCI PCI platform driver[    1.148350] zynq-dr e0002000.ps7-usb: Unable to init USB phy, missing?[    1.155140] usbcore: registered new interface driver usb-storage[    1.162003] mousedev: PS/2 mouse device common for all mice[    1.168152] i2c /dev entries driver[    1.175012] zynq-edac f8006000.ps7-ddrc: ecc not enabled[    1.180528] cpufreq_cpu0: failed to get cpu0 regulator: -19[    1.186398] Xilinx Zynq CpuIdle Driver started[    1.191289] sdhci: Secure Digital Host Controller Interface driver[    1.197410] sdhci: Copyright(c) Pierre Ossman[    1.201725] sdhci-pltfm: SDHCI platform and OF driver helper[    1.208612] mmc0: no vqmmc regulator found[    1.212622] mmc0: no vmmc regulator found[    1.256624] mmc0: SDHCI controller on e0100000.ps7-sdio [e0100000.ps7-sdio] using ADMA[    1.265307] usbcore: registered new interface driver usbhid[    1.270817] usbhid: USB HID core driver[    1.275505] nand: device found, Manufacturer ID: 0x2c, Chip ID: 0xda[    1.281798] nand: Micron MT29F2G08ABAEAWP[    1.285767] nand: 256MiB, SLC, page size: 2048, OOB size: 64[    1.291706] Bad block table found at page 131008, version 0x01[    1.297932] Bad block table found at page 130944, version 0x01[    1.303989] 3 ofpart partitions found on MTD device pl353-nand[    1.309763] Creating 3 MTD partitions on \"pl353-nand\":[    1.314866] 0x000000000000-0x000002000000 : \"BOOT.bin-env-dts-kernel\"[    1.322902] 0x000002000000-0x00000b000000 : \"angstram-rootfs\"[    1.330210] 0x00000b000000-0x000010000000 : \"upgrade-rootfs\"[    1.340910] TCP: cubic registered[    1.344150] NET: Registered protocol family 17[    1.348876] Registering SWP/SWPB emulation handler[    1.354758] regulator-dummy: disabling[    1.359085] UBI: attaching mtd1 to ubi0[    1.883881] UBI: scanning is finished[    1.895536] UBI: attached mtd1 (name \"angstram-rootfs\", size 144 MiB) to ubi0[    1.902611] UBI: PEB size: 131072 bytes (128 KiB), LEB size: 126976 bytes[    1.909374] UBI: min./max. I/O unit sizes: 2048/2048, sub-page size 2048[    1.916039] UBI: VID header offset: 2048 (aligned 2048), data offset: 4096[    1.922916] UBI: good PEBs: 1152, bad PEBs: 0, corrupted PEBs: 0[    1.928897] UBI: user volume: 1, internal volumes: 1, max. volumes count: 128[    1.936004] UBI: max/mean erase counter: 2/0, WL threshold: 4096, image sequence number: 1113221046[    1.945047] UBI: available PEBs: 0, total reserved PEBs: 1152, PEBs reserved for bad PEB handling: 40[    1.954263] UBI: background thread \"ubi_bgt0d\" started, PID 1084[    1.954268] drivers/rtc/hctosys.c: unable to open rtc device (rtc0)[    1.958218] ALSA device list:[    1.958221]   No soundcards found.[    1.974551] UBIFS: background thread \"ubifs_bgt0_0\" started, PID 1086[    2.003492] UBIFS: recovery needed[    2.114884] UBIFS: recovery completed[    2.118568] UBIFS: mounted UBI device 0, volume 0, name \"rootfs\"[    2.124488] UBIFS: LEB size: 126976 bytes (124 KiB), min./max. I/O unit sizes: 2048 bytes/2048 bytes[    2.133620] UBIFS: FS size: 128626688 bytes (122 MiB, 1013 LEBs), journal size 9023488 bytes (8 MiB, 72 LEBs)[    2.143506] UBIFS: reserved for root: 0 bytes (0 KiB)[    2.148552] UBIFS: media format: w4/r0 (latest is w4/r0), UUID E8A4479F-B15D-4C7A-964D-0F246E2BB6ED, small LPT model[    2.159813] VFS: Mounted root (ubifs filesystem) on device 0:11.[    2.167012] devtmpfs: mounted[    2.170120] Freeing unused kernel memory: 204K (c06db000 - c070e000)[    3.013142] random: dd urandom read with 1 bits of entropy available[    3.396628] [    3.396628] bcm54xx_config_init[    4.466636] [    4.466636] bcm54xx_config_init[    8.467466] xemacps e000b000.ps7-ethernet: Set clk to 24999999 Hz[    8.473559] xemacps e000b000.ps7-ethernet: link up (100/FULL)[   26.186100] In axi fpga driver![   26.189199] request_mem_region OK![   26.192559] AXI fpga dev virtual address is 0xdf9fe000[   26.197696] *base_vir_addr = 0xc51e[   26.212166] In fpga mem driver![   26.215497] request_mem_region OK![   26.219128] fpga mem virtual address is 0xe2000000[   27.006616] [   27.006616] bcm54xx_config_init[   28.116605] [   28.116605] bcm54xx_config_init[   32.117556] xemacps e000b000.ps7-ethernet: Set clk to 24999999 Hz[   32.123577] xemacps e000b000.ps7-ethernet: link up (100/FULL)[  339.929697] random: nonblocking pool is initializedmain.c:13992: log_level = 4main.c:14019: This is XILINX board. Totalram:       507486208main.c:14031: Detect 512MB control board of XILINXdriver-bitmain.c:1776: mmap axi_fpga_addr = 0xb6f25000driver-bitmain.c:1781: axi_fpga_addr data = 0xc51edriver-bitmain.c:1797: mmap fpga_mem_addr = 0xb5d1e000driver-bitmain.c:994: forceFreq=-1 forceFlag=0driver-bitmain.c:1696: min work minertest[0]:912main.c:8570: DETECT HW version=0000c51emain.c:14064: miner ID : 80026c8a7910481cmain.c:14089: Miner Type = S9main.c:14101: AsicType = 1387main.c:14104: real AsicNum = 63main.c:14197: use critical mode to search freq...driver-bitmain.c:1876: get PLUG ON=0x00000020driver-bitmain.c:1946: Find hashboard on Chain[5]main.c:2282: Check chain[5] PIC fw version=0xffmain.c:8940: read pic freq and badcore num...driver-bitmain.c:5051: Error of set PIC FLASH addr: addr_H=f(ff) addr_L=a0(ff) on Chain[5]driver-bitmain.c:5051: Error of set PIC FLASH addr: addr_H=f(ff) addr_L=a0(ff) on Chain[5]driver-bitmain.c:5051: Error of set PIC FLASH addr: addr_H=f(ff) addr_L=a0(ff) on Chain[5]driver-bitmain.c:5051: Error of set PIC FLASH addr: addr_H=f(ff) addr_L=a0(ff) on Chain[5]driver-bitmain.c:5051: Error of set PIC FLASH addr: addr_H=f(ff) addr_L=80(ff) on Chain[5]driver-bitmain.c:5051: Error of set PIC FLASH addr: addr_H=f(ff) addr_L=80(ff) on Chain[5]driver-bitmain.c:5051: Error of set PIC FLASH addr: addr_H=f(ff) addr_L=80(ff) on Chain[5]driver-bitmain.c:5051: Error of set PIC FLASH addr: addr_H=f(ff) addr_L=80(ff) on Chain[5]driver-bitmain.c:5051: Error of set PIC FLASH addr: addr_H=f(ff) addr_L=e8(ff) on Chain[5]driver-bitmain.c:5051: Error of set PIC FLASH addr: addr_H=f(ff) addr_L=e8(ff) on Chain[5]driver-bitmain.c:5051: Error of set PIC FLASH addr: addr_H=f(ff) addr_L=e8(ff) on Chain[5]driver-bitmain.c:5051: Error of set PIC FLASH addr: addr_H=f(ff) addr_L=e8(ff) on Chain[5]main.c:8961: chain[5]: [255:255] [255:255] [255:255] [255:255] [255:255] [255:255] [255:255] [255:255]main.c:9148: chain[5] has no freq in PIC! Will use default freq=500 and jump over...main.c:2282: Check chain[5] PIC fw version=0xffmain.c:9183: get PIC voltage=255 on chain[5], value=790main.c:9349: chain[5] temp offset record: -1,-1,-1,-1,-1,-1,-1,-1main.c:9366: chain[5] temp chip I2C addr=0x98main.c:13956: total_exist_chain_num = 1main.c:9562: CRC error counter=0main.c:9577: set command mode to VILmain.c:9649: --- check asic numbermain.c:9745: After Get ASIC NUM CRC error counter=0main.c:9768: set_baud=0main.c:10693: The min freq=700main.c:10695: set real timeout 52, need sleep=379392main.c:12825: After TEST CRC error counter=0main.c:14236: search freq for 1 times, completed chain = 1, total chain num = 1 board_frq_tuning.c:628: single_board_frq_tuning enterboard_frq_tuning.c:629: min_rate, des_rate, fix_volt:13800, 14000, 880board_frq_tuning.c:254: force_freq not set, don't need tuningmain.c:14645: restart Miner chance num=2main.c:14685: waiting for receive_func to exit!main.c:14699: waiting for pic heart to exit!main.c:14741:  calling the get rate, writing rate:3500main.c:13927: bmminer not found= 1846 root       0:00 grep bmminermain.c:14758: bmminer not found, restart bmminer ...driver-btm-c5.c:12243:bitmain_c5_init: This is user mode for miningdriver-btm-c5.c:12292:bitmain_c5_init: Detect 512MB control board of XILINXdriver-btm-c5.c:12313:bitmain_c5_init: Miner Type = S9driver-btm-c5.c:12324:bitmain_c5_init: Miner compile time: Wed Jul 31 16:18:27 CST 2019 type: Antminer S9driver-btm-c5.c:12414:bitmain_c5_init: miner ID : 80026c8a7910481cdriver-btm-c5.c:12571:bitmain_c5_init: Checking fans...driver-btm-c5.c:3006:check_fan_beforeInit: get fan[4] speed=5880driver-btm-c5.c:3006:check_fan_beforeInit: get fan[5] speed=5880driver-btm-c5.c:3006:check_fan_beforeInit: get fan[4] speed=5880driver-btm-c5.c:3006:check_fan_beforeInit: get fan[5] speed=5880driver-btm-c5.c:3006:check_fan_beforeInit: get fan[4] speed=5880driver-btm-c5.c:3006:check_fan_beforeInit: get fan[5] speed=5880driver-btm-c5.c:1326:set_pic_iic_flash_addr_pointer: Error of set PIC FLASH addr: addr_H=f(ff) addr_L=e8(ff) on Chain[5]driver-btm-c5.c:1326:set_pic_iic_flash_addr_pointer: Error of set PIC FLASH addr: addr_H=f(ff) addr_L=e8(ff) on Chain[5]driver-btm-c5.c:1326:set_pic_iic_flash_addr_pointer: Error of set PIC FLASH addr: addr_H=f(ff) addr_L=e8(ff) on Chain[5]driver-btm-c5.c:1326:set_pic_iic_flash_addr_pointer: Error of set PIC FLASH addr: addr_H=f(ff) addr_L=e8(ff) on Chain[5]driver-btm-c5.c:13108:bitmain_c5_init: chain[5]: [255:255] [255:255] [255:255] [255:255] [255:255] [255:255] [255:255] [255:255]driver-btm-c5.c:1326:set_pic_iic_flash_addr_pointer: Error of set PIC FLASH addr: addr_H=f(ff) addr_L=a0(ff) on Chain[5]driver-btm-c5.c:1326:set_pic_iic_flash_addr_pointer: Error of set PIC FLASH addr: addr_H=f(ff) addr_L=a0(ff) on Chain[5]driver-btm-c5.c:1326:set_pic_iic_flash_addr_pointer: Error of set PIC FLASH addr: addr_H=f(ff) addr_L=a0(ff) on Chain[5]driver-btm-c5.c:1326:set_pic_iic_flash_addr_pointer: Error of set PIC FLASH addr: addr_H=f(ff) addr_L=a0(ff) on Chain[5]driver-btm-c5.c:13122:bitmain_c5_init: last_freq: 0xff 0xff 0xff 0xff 0xff 0xff 0xff 0xff 0xff 0xff 0xff 0xff 0xff 0xff 0xff 0xff 0xff 0xff 0xff 0xff 0xff 0xff 0xff 0xff 0xff 0xff 0xff 0xff 0xff 0xff 0xff 0xff 0xff 0xff 0xff 0xff 0xff 0xff 0xff 0xff 0xff 0xff 0xff 0xff 0xff 0xff 0xff 0xff 0xff 0xff 0xff 0xff 0xff 0xff 0xff 0xff 0xff 0xff 0xff 0xff 0xff 0xff 0xff 0xff 0xff 0xff 0xff 0xff 0xff 0xff 0xff 0xff 0xff 0xff 0xff 0xff 0xff 0xff 0xff 0xff 0xff 0xff 0xff 0xff 0xff 0xff 0xff 0xff 0xff 0xff 0xff 0xff 0xff 0xff 0xff 0xff 0xff 0xff 0xff 0xff 0xff 0xff 0xff 0xff 0xff 0xff 0xff 0xff 0xff 0xff 0xff 0xff 0xff 0xff 0xff 0xff 0xff 0xff 0xff 0xff 0xff 0xff 0xff 0xff 0xff 0xff 0xff 0xff driver-btm-c5.c:1326:set_pic_iic_flash_addr_pointer: Error of set PIC FLASH addr: addr_H=f(ff) addr_L=80(ff) on Chain[5]driver-btm-c5.c:1326:set_pic_iic_flash_addr_pointer: Error of set PIC FLASH addr: addr_H=f(ff) addr_L=80(ff) on Chain[5]driver-btm-c5.c:1326:set_pic_iic_flash_addr_pointer: Error of set PIC FLASH addr: addr_H=f(ff) addr_L=80(ff) on Chain[5]driver-btm-c5.c:1326:set_pic_iic_flash_addr_pointer: Error of set PIC FLASH addr: addr_H=f(ff) addr_L=80(ff) on Chain[5]driver-btm-c5.c:13193:bitmain_c5_init: scan based on domaindriver-btm-c5.c:1899:jump_to_app_CheckAndRestorePIC: Check chain[5] PIC fw version=0xffdriver-btm-c5.c:12195:init_exist_chain_table: total_exist_chain_num = 1driver-btm-c5.c:13303:bitmain_c5_init: Chain[J6] orignal chain_voltage_pic=255 value=790driver-btm-c5.c:13421:bitmain_c5_init: Chain[J6] has 0 asicdriver-btm-c5.c:13449:bitmain_c5_init: retry Chain[J6] has 0 asicdriver-btm-c5.c:13449:bitmain_c5_init: retry Chain[J6] has 0 asicdriver-btm-c5.c:13449:bitmain_c5_init: retry Chain[J6] has 0 asicdriver-btm-c5.c:13449:bitmain_c5_init: retry Chain[J6] has 0 asicdriver-btm-c5.c:13449:bitmain_c5_init: retry Chain[J6] has 0 asicdriver-btm-c5.c:13449:bitmain_c5_init: retry Chain[J6] has 0 asicdriver-btm-c5.c:4571:set_frequency: miner total rate=0GH/s ideal_total_hash_rate = 0GH/sdriver-btm-c5.c:4819:set_frequency: Miner fix freq ...driver-btm-c5.c:5119:set_frequency: max freq = 100driver-btm-c5.c:4162:ProcessFixFreq: totalRate = 0, fixed_totalRate = 0driver-btm-c5.c:9604:init_uart_baud: set baud=1driver-btm-c5.c:12103:set_working_voltage: setting to working voltage...driver-btm-c5.c:13954:bitmain_c5_init: start thread for read tempsetStartTimePoint total_tv_start_sys=238 total_tv_end_sys=239driver-btm-c5.c:10320:check_system_work: restartNum = 2 , auto-reinit enabled...driver-btm-c5.c:8727:read_temp_func: bring_up_pcb_temp = -100driver-btm-c5.c:9887:if_avg_hash_ok: avg hash rate = 0.000000, ideal hash rate = 0driver-btm-c5.c:10387:check_system_work: hash rate is low...driver-btm-c5.c:15630:re_open_core: re_open_core enterdriver-btm-c5.c:15791:re_open_core: Chain[J6] has 0 asicdriver-btm-c5.c:15795:re_open_core: i = 5, retry_count = 0, dev->chain_asic_num[i] = 0driver-btm-c5.c:15818:re_open_core: retry Chain[J6] has 0 asicdriver-btm-c5.c:15795:re_open_core: i = 5, retry_count = 1, dev->chain_asic_num[i] = 0driver-btm-c5.c:15818:re_open_core: retry Chain[J6] has 0 asicdriver-btm-c5.c:15795:re_open_core: i = 5, retry_count = 2, dev->chain_asic_num[i] = 0driver-btm-c5.c:15818:re_open_core: retry Chain[J6] has 0 asicdriver-btm-c5.c:15795:re_open_core: i = 5, retry_count = 3, dev->chain_asic_num[i] = 0driver-btm-c5.c:15818:re_open_core: retry Chain[J6] has 0 asicdriver-btm-c5.c:15795:re_open_core: i = 5, retry_count = 4, dev->chain_asic_num[i] = 0driver-btm-c5.c:15818:re_open_core: retry Chain[J6] has 0 asicdriver-btm-c5.c:15795:re_open_core: i = 5, retry_count = 5, dev->chain_asic_num[i] = 0driver-btm-c5.c:15818:re_open_core: retry Chain[J6] has 0 asicdriver-btm-c5.c:15795:re_open_core: i = 5, retry_count = 6, dev->chain_asic_num[i] = 0driver-btm-c5.c:15818:re_open_core: retry Chain[J6] has 0 asicdriver-btm-c5.c:15795:re_open_core: i = 5, retry_count = 7, dev->chain_asic_num[i] = 0driver-btm-c5.c:15818:re_open_core: retry Chain[J6] has 0 asicdriver-btm-c5.c:15795:re_open_core: i = 5, retry_count = 8, dev->chain_asic_num[i] = 0driver-btm-c5.c:15818:re_open_core: retry Chain[J6] has 0 asicdriver-btm-c5.c:15795:re_open_core: i = 5, retry_count = 9, dev->chain_asic_num[i] = 0do read_temp_func once...Done check_asic_regMax pcb temp : -100set FAN speed according to: temp_highest=-100 temp_top1[PWM_T]=-100 temp_top1[TEMP_POS_LOCAL]=-100 temp_change=0 fix_fan_steps=0FAN PWM: 0read_temp_func Done!CRC error counter=0FAN RMP FALLS DOWN THEN AFTER SOMETIME PICKS UP - THE LOGS ABOVE ARE AFTER THE FAN RPM GOES BACK UP AGAIN.THE FAN RPM CYCLE GOES ON.MINER STATUS SHOWS NO HASHING AT ALL, POOL IS ALIVE, FAN5 AT 3000 AND FAN6 AT 1680Posting remaining logs in the post below.",
      "score": 0,
      "upvotes": 0,
      "downvotes": 0
    },
    {
      "author": "BazeJass",
      "created_time": "May 26, 2022, 10:19:36 AM",
