{
  "id": "topic_5433005",
  "title": "dugmaster",
  "author": "dugmaster",
  "created_time": "January 04, 2023, 02:46:53 PMLast edit: January 04, 2023, 06:48:10 PM by dugmaster",
  "content": "Hi, ich habe ein Problem mit einem Bitmain Antminer S19 Pro 110 TH/s. Kann mir hier jemand weiterhelfen oder erkennt jemand im clog oder hlog wo das Problem bei meinem S19 Pro liegt? Das Control Board habe ich schon getauscht.",
  "score": 0,
  "upvotes": 0,
  "downvotes": 0,
  "url": "https://bitcointalk.org/index.php?topic=5433005",
  "comments": [
    {
      "author": "willi9974",
      "created_time": "January 04, 2023, 05:29:52 PM",
      "body": "Editiere mal dein erstes posting und kopiere da den Text vom zweiten Beitrag rein. Dann lösche dein zweites posting, siehe Foren RegelUnd hilfreich wäre wenn du dein Problem schilderst dann bekommst du auch Hilfe…",
      "score": 0,
      "upvotes": 0,
      "downvotes": 0
    },
    {
      "author": "sam00",
      "created_time": "January 04, 2023, 07:26:22 PM",
      "body": "hey dugmaster,wie @willi9974 schon geschrieben hat, solltest du eine so ausführliche Beschreibung des Problems liefern, wie es dir irgendwie möglich ist Vielleicht stolpert jemand über den Thread und könnte helfen, hat aber einfach keine Lust, alles erst aus dir rauskitzeln zu müssen...Viel Glück bei deinem Problem!",
      "score": 0,
      "upvotes": 0,
      "downvotes": 0
    },
    {
      "author": "dugmaster",
      "created_time": "January 04, 2023, 09:36:18 PM",
      "body": "Okay verstehe. Ich dachte das man an hand des clog das Problem schneller und einfacher finden kann. Also Problem ist, der Miner hat von heute auf morgen aufgehört zu minen, komplett. Keine Hashrate mehr, keins von den 3 Boards arbeitet mehr. Er geht an, ich komm auch auf die Web Oberfläche aber er mintet nicht mehr.",
      "score": 0,
      "upvotes": 0,
      "downvotes": 0
    },
    {
      "author": "willi9974",
      "created_time": "January 04, 2023, 10:38:52 PM",
      "body": "Dann ist möglicherweise einer der Lüfter defekt.Sobald der Controller merkt das der Lüfter nicht dreht dann, stoppt er die hashboards.Passen die Lüfter und liefern sie ein Speed / Drehzahlsignal?PS: wenn Logdaten hast, kannst du diese ja gerne posten.",
      "score": 0,
      "upvotes": 0,
      "downvotes": 0
    },
    {
      "author": "dugmaster",
      "created_time": "January 04, 2023, 10:47:21 PM",
      "body": "Quote from: willi9974 on January 04, 2023, 10:38:52 PMDann ist möglicherweise einer der Lüfter defekt.Sobald der Controller merkt das der Lüfter nicht dreht dann, stoppt er die hashboards.Passen die Lüfter und liefern sie ein Speed / Drehzahlsignal?PS: wenn Logdaten hast, kannst du diese ja gerne posten.Das sind die Daten von clog. Reicht das oder brauchst du die von hlog?free_area_init_node: node 0, pgdat c0b3c040, node_mem_map cde10000  Normal zone: 480 pages used for memmap  Normal zone: 0 pages reserved  Normal zone: 61440 pages, LIFO batch:15percpu: Embedded 12 pages/cpu @cddf0000 s19916 r8192 d21044 u49152pcpu-alloc: s19916 r8192 d21044 u49152 alloc=12*4096pcpu-alloc:  0  1 Built 1 zonelists in Zone order, mobility grouping on.  Total pages: 60960Kernel command line: mem=240M console=ttyPS0,115200 ramdisk_size=33554432 root=/dev/ram rw earlyprintkPID hash table entries: 1024 (order: 0, 4096 bytes)Dentry cache hash table entries: 32768 (order: 5, 131072 bytes)Inode-cache hash table entries: 16384 (order: 4, 65536 bytes)Memory: 209652K/245760K available (6317K kernel code, 243K rwdata, 1932K rodata, 1024K init, 232K bss, 19724K reserved, 16384K cma-reserved, 0K highmem)Virtual kernel memory layout:    vector  : 0xffff0000 - 0xffff1000   (   4 kB)    fixmap  : 0xffc00000 - 0xfff00000   (3072 kB)    vmalloc : 0xcf800000 - 0xff800000   ( 768 MB)    lowmem  : 0xc0000000 - 0xcf000000   ( 240 MB)    pkmap   : 0xbfe00000 - 0xc0000000   (   2 MB)    modules : 0xbf000000 - 0xbfe00000   (  14 MB)      .text : 0xc0008000 - 0xc090e410   (9242 kB)      .init : 0xc0a00000 - 0xc0b00000   (1024 kB)      .data : 0xc0b00000 - 0xc0b3cda0   ( 244 kB)       .bss : 0xc0b3cda0 - 0xc0b77024   ( 233 kB)Preemptible hierarchical RCU implementation.   Build-time adjustment of leaf fanout to 32.   RCU restricting CPUs from NR_CPUS=4 to nr_cpu_ids=2.RCU: Adjusting geometry for rcu_fanout_leaf=32, nr_cpu_ids=2NR_IRQS:16 nr_irqs:16 16efuse mapped to cf800000ps7-slcr mapped to cf802000L2C: platform modifies aux control register: 0x72360000 -> 0x72760000L2C: DT/platform modifies aux control register: 0x72360000 -> 0x72760000L2C-310 erratum 769419 enabledL2C-310 enabling early BRESP for Cortex-A9L2C-310 full line of zeros enabled for Cortex-A9L2C-310 ID prefetch enabled, offset 1 linesL2C-310 dynamic clock gating enabled, standby mode enabledL2C-310 cache controller enabled, 8 ways, 512 kBL2C-310: CACHE_ID 0x410000c8, AUX_CTRL 0x76760001zynq_clock_init: clkc starts at cf802100Zynq clock initsched_clock: 64 bits at 333MHz, resolution 3ns, wraps every 4398046511103nsclocksource: arm_global_timer: mask: 0xffffffffffffffff max_cycles: 0x4ce07af025, max_idle_ns: 440795209040 nsSwitching to timer-based delay loop, resolution 3nsclocksource: ttc_clocksource: mask: 0xffff max_cycles: 0xffff, max_idle_ns: 537538477 nsps7-ttc #0 at cf80a000, irq=18Console: colour dummy device 80x30Calibrating delay loop (skipped), value calculated using timer frequency.. 666.66 BogoMIPS (lpj=3333333)pid_max: default: 32768 minimum: 301Mount-cache hash table entries: 1024 (order: 0, 4096 bytes)Mountpoint-cache hash table entries: 1024 (order: 0, 4096 bytes)CPU: Testing write buffer coherency: okCPU0: thread -1, cpu 0, socket 0, mpidr 80000000Setting up static identity map for 0x100000 - 0x100058CPU1: failed to boot: -1Brought up 1 CPUsSMP: Total of 1 processors activated (666.66 BogoMIPS).CPU: All CPU(s) started in SVC mode.devtmpfs: initializedVFP support v0.3: implementor 41 architecture 3 part 30 variant 9 rev 4clocksource: jiffies: mask: 0xffffffff max_cycles: 0xffffffff, max_idle_ns: 19112604462750000 nspinctrl core: initialized pinctrl subsystemNET: Registered protocol family 16DMA: preallocated 256 KiB pool for atomic coherent allocationscpuidle: using governor menuhw-breakpoint: found 5 (+1 reserved) breakpoint and 1 watchpoint registers.hw-breakpoint: maximum watchpoint size is 4 bytes.zynq-ocm f800c000.ps7-ocmc: ZYNQ OCM pool: 256 KiB @ 0xcf880000vgaarb: loadedSCSI subsystem initializedusbcore: registered new interface driver usbfsusbcore: registered new interface driver hubusbcore: registered new device driver usbmedia: Linux media interface: v0.10Linux video capture interface: v2.00pps_core: LinuxPPS API ver. 1 registeredpps_core: Software ver. 5.3.6 - Copyright 2005-2007 Rodolfo Giometti <giometti@linux.it>PTP clock support registeredEDAC MC: Ver: 3.0.0Advanced Linux Sound Architecture Driver Initialized.clocksource: Switched to clocksource arm_global_timerNET: Registered protocol family 2TCP established hash table entries: 2048 (order: 1, 8192 bytes)TCP bind hash table entries: 2048 (order: 2, 16384 bytes)TCP: Hash tables configured (established 2048 bind 2048)UDP hash table entries: 256 (order: 1, 8192 bytes)UDP-Lite hash table entries: 256 (order: 1, 8192 bytes)NET: Registered protocol family 1RPC: Registered named UNIX socket transport module.RPC: Registered udp transport module.RPC: Registered tcp transport module.RPC: Registered tcp NFSv4.1 backchannel transport module.PCI: CLS 0 bytes, default 64Trying to unpack rootfs image as initramfs...rootfs image is not initramfs (no cpio magic); looks like an initrdFreeing initrd memory: 6652K (cd47b000 - cdafa000)hw perfevents: enabled with armv7_cortex_a9 PMU driver, 7 counters availablefutex hash table entries: 512 (order: 3, 32768 bytes)workingset: timestamp_bits=28 max_order=16 bucket_order=0jffs2: version 2.2. (NAND) (SUMMARY)  © 2001-2006 Red Hat, Inc.io scheduler noop registeredio scheduler deadline registeredio scheduler cfq registered (default)dma-pl330 f8003000.ps7-dma: Loaded driver for PL330 DMAC-241330dma-pl330 f8003000.ps7-dma:    DBUFF-128x8bytes Num_Chans-8 Num_Peri-4 Num_Events-16e0000000.serial: ttyPS0 at MMIO 0xe0000000 (irq = 159, base_baud = 6249999) is a xuartpsconsole [ttyPS0] enabledxdevcfg f8007000.ps7-dev-cfg: ioremap 0xf8007000 to cf86e000[drm] Initialized drm 1.1.0 20060810brd: module loadedloop: module loadedCAN device driver interfacegpiod_set_value: invalid GPIOlibphy: MACB_mii_bus: probedmacb e000b000.ethernet eth0: Cadence GEM rev 0x00020118 at 0xe000b000 irq 31 (00:0a:35:00:00:00)Generic PHY e000b000.etherne:00: attached PHY driver [Generic PHY] (mii_bus:phy_addr=e000b000.etherne:00, irq=-1)e1000e: Intel(R) PRO/1000 Network Driver - 3.2.6-ke1000e: Copyright(c) 1999 - 2015 Intel Corporation.ehci_hcd: USB 2.0 'Enhanced' Host Controller (EHCI) Driverehci-pci: EHCI PCI platform driverusbcore: registered new interface driver usb-storagemousedev: PS/2 mouse device common for all micei2c /dev entries drivercdns-i2c e0005000.ps7_i2c: 100 kHz mmio e0005000 irq 154Xilinx Zynq CpuIdle Driver startedsdhci: Secure Digital Host Controller Interface driversdhci: Copyright(c) Pierre Ossmansdhci-pltfm: SDHCI platform and OF driver helpermmc0: SDHCI controller on e0100000.ps7-sdio [e0100000.ps7-sdio] using ADMAledtrig-cpu: registered to indicate activity on CPUsusbcore: registered new interface driver usbhidusbhid: USB HID core drivernand: disable subpage writenand: device found, Manufacturer ID: 0x2c, Chip ID: 0xdanand: Micron MT29F2G08ABAEAWPnand: 256 MiB, SLC, erase size: 128 KiB, page size: 2048, OOB size: 64nand: NAND_ECC_HWnand: NAND_ECC_HW_SYNDROMEmtd->writesize = 2048ecc->strength = 1ecc->size = 2048mtd->writesize = 2048chip->ecc_strength_ds = 4chip->ecc_step_ds = 512nand: WARNING: pl35x-nand: the ECC used on your system is too weak compared to the one required by the NAND chipBad block table found at page 131008, version 0x01Bad block table found at page 130944, version 0x018 ofpart partitions found on MTD device pl35x-nandCreating 8 MTD partitions on \"pl35x-nand\":0x000000000000-0x000002800000 : \"BOOT.bin-dts-marker-kernel\"0x000002800000-0x000004800000 : \"ramfs\"0x000004800000-0x000005000000 : \"configs\"0x000005000000-0x000005200000 : \"sig\"0x000005200000-0x000006000000 : \"reserve1\"0x000006000000-0x000007000000 : \"upgrade-ramfs\"0x000007000000-0x00000a800000 : \"upgrade-file\"0x00000a800000-0x000010000000 : \"reserve2\"nf_conntrack version 0.5.0 (3635 buckets, 14540 max)ip_tables: (C) 2000-2006 Netfilter Core TeamNET: Registered protocol family 10ip6_tables: (C) 2000-2006 Netfilter Core Teamsit: IPv6 over IPv4 tunneling driverNET: Registered protocol family 17can: controller area network core (rev 20120528 abi 9)NET: Registered protocol family 29can: raw protocol (rev 20120528)can: broadcast manager protocol (rev 20120528 t)can: netlink gateway (rev 20130117) max_hops=1zynq_pm_ioremap: no compatible node found for 'xlnx,zynq-ddrc-a05'zynq_pm_late_init: Unable to map DDRC IO memory.Registering SWP/SWPB emulation handlerhctosys: unable to open rtc device (rtc0)ALSA device list:  No soundcards found.RAMDISK: gzip image found at block 0EXT4-fs (ram0): couldn't mount as ext3 due to feature incompatibilitiesEXT4-fs warning (device ram0): ext4_update_dynamic_rev:746: updating to rev 1 because of new feature flag, running e2fsck is recommendedEXT4-fs (ram0): mounted filesystem without journal. Opts: (null)VFS: Mounted root (ext4 filesystem) on device 1:0.devtmpfs: mountedFreeing unused kernel memory: 1024K (c0a00000 - c0b00000)EXT4-fs (ram0): re-mounted. Opts: block_validity,delalloc,barrier,user_xattr,errors=remount-rodevpts: called with bogus optionsubi0: attaching mtd2ubi0: scanning is finishedubi0: attached mtd2 (name \"configs\", size 8 MiB)ubi0: PEB size: 131072 bytes (128 KiB), LEB size: 126976 bytesubi0: min./max. I/O unit sizes: 2048/2048, sub-page size 2048ubi0: VID header offset: 2048 (aligned 2048), data offset: 4096ubi0: good PEBs: 64, bad PEBs: 0, corrupted PEBs: 0ubi0: user volume: 1, internal volumes: 1, max. volumes count: 128ubi0: max/mean erase counter: 11/4, WL threshold: 4096, image sequence number: 131514795ubi0: available PEBs: 0, total reserved PEBs: 64, PEBs reserved for bad PEB handling: 4ubi0: background thread \"ubi_bgt0d\" started, PID 729UBIFS (ubi0:0): background thread \"ubifs_bgt0_0\" started, PID 733UBIFS (ubi0:0): recovery neededUBIFS (ubi0:0): recovery completedUBIFS (ubi0:0): UBIFS: mounted UBI device 0, volume 0, name \"config_data\"UBIFS (ubi0:0): LEB size: 126976 bytes (124 KiB), min./max. I/O unit sizes: 2048 bytes/2048 bytesUBIFS (ubi0:0): FS size: 5840896 bytes (5 MiB, 46 LEBs), journal size 1015809 bytes (0 MiB, 6 LEBs)UBIFS (ubi0:0): reserved for root: 275879 bytes (269 KiB)UBIFS (ubi0:0): media format: w4/r0 (latest is w4/r0), UUID B5C85366-BAE6-4DD8-9F1D-6BF3A8B1E0CB, small LPT modelubi2: attaching mtd4ubi2: scanning is finishedubi2: attached mtd4 (name \"reserve1\", size 14 MiB)ubi2: PEB size: 131072 bytes (128 KiB), LEB size: 126976 bytesubi2: min./max. I/O unit sizes: 2048/2048, sub-page size 2048ubi2: VID header offset: 2048 (aligned 2048), data offset: 4096ubi2: good PEBs: 112, bad PEBs: 0, corrupted PEBs: 0ubi2: user volume: 1, internal volumes: 1, max. volumes count: 128ubi2: max/mean erase counter: 12/5, WL threshold: 4096, image sequence number: 2302883225ubi2: available PEBs: 0, total reserved PEBs: 112, PEBs reserved for bad PEB handling: 4ubi2: background thread \"ubi_bgt2d\" started, PID 740UBIFS (ubi2:0): background thread \"ubifs_bgt2_0\" started, PID 744UBIFS (ubi2:0): recovery neededUBIFS (ubi2:0): recovery completedUBIFS (ubi2:0): UBIFS: mounted UBI device 2, volume 0, name \"misc\"UBIFS (ubi2:0): LEB size: 126976 bytes (124 KiB), min./max. I/O unit sizes: 2048 bytes/2048 bytesUBIFS (ubi2:0): FS size: 11935744 bytes (11 MiB, 94 LEBs), journal size 1015809 bytes (0 MiB, 6 LEBs)UBIFS (ubi2:0): reserved for root: 563754 bytes (550 KiB)UBIFS (ubi2:0): media format: w4/r0 (latest is w4/r0), UUID F1DF3326-00B8-4DC6-8F8E-3A8DA49FDE09, small LPT modelIPv6: ADDRCONF(NETDEV_UP): eth0: link is not readyIPv6: ADDRCONF(NETDEV_UP): eth0: link is not readyrandom: avahi-daemon urandom read with 2 bits of entropy availablemacb e000b000.ethernet eth0: unable to generate target frequency: 25000000 Hzmacb e000b000.ethernet eth0: link up (100/Full)IPv6: ADDRCONF(NETDEV_CHANGE): eth0: link becomes readyIn axi fpga driver!request_mem_region OK!AXI fpga dev virtual address is 0xcfbc8000*base_vir_addr = 0xb031In fpga mem driver!request_mem_region OK!fpga mem virtual address is 0xd2000000random: nonblocking pool is initialized===========================================Miner log===========================================1970-01-01 00:00:09 Miner compile time: Tue Nov 16 19:20:40 CST 2021 type: Antminer S19 Pro1970-01-01 00:00:10 This is fix-freq version1970-01-01 00:00:10 Miner compile time: Tue Nov 16 19:20:40 CST 2021 type: Antminer S19 Pro1970-01-01 00:00:10 commit version: 386747fa 2021-10-21 19:58:45, build by: jenkins 2021-11-16 19:37:571970-01-01 00:00:10 opt_multi_version     = 11970-01-01 00:00:10 opt_bitmain_ab        = 11970-01-01 00:00:10 mid_auto_gen          = 01970-01-01 00:00:10 opt_bitmain_work_mode = 11970-01-01 00:00:10 mmap fpga_mem_addr_hal = 0xb58000001970-01-01 00:00:10 HASH_ON_PLUG V9 = 0x71970-01-01 00:00:10 Note: front fan is power on!1970-01-01 00:00:10 Note: rear fan is power on!1970-01-01 00:00:10 start the http log.1970-01-01 00:00:10 httpListenThread start ret=01970-01-01 00:00:10 start listen on 6060 ...1970-01-01 00:00:10 load machine NBP1901 conf1970-01-01 00:00:10 machine : NBP1901 1970-01-01 00:00:10 chain_num 4, chain_domain_num 38, chain_asic_num 114, domain_asic_num 31970-01-01 00:00:16 miner ID : 8052958c1706a8541970-01-01 00:00:16 FPGA Version = 0xB0311970-01-01 00:00:16 HASH_ON_PLUG V9 = 0x71970-01-01 00:00:16 ==========================capability start==========================1970-01-01 00:00:16 board num = 31970-01-01 00:00:17 board id = 0, chain num = 11970-01-01 00:00:17    chain id = 01970-01-01 00:00:17 board id = 1, chain num = 11970-01-01 00:00:17    chain id = 11970-01-01 00:00:17 board id = 2, chain num = 11970-01-01 00:00:17    chain id = 21970-01-01 00:00:17 ==========================capability end============================1970-01-01 00:00:17 chain num = 32023-01-04 22:25:26 [chain 0]2023-01-04 22:25:26 0x0000 11 4A 67 C4 7D CD 3E 3E   A1 FB F5 A4 15 45 FC D1 2023-01-04 22:25:26 0x0010 EA 32 1D 67 7A 60 C1 A1   64 39 E1 9C E5 0B 12 20 2023-01-04 22:25:26 0x0020 0A 75 E7 CD E6 44 A4 62   BA 99 DB ED 8F 44 74 45 2023-01-04 22:25:26 0x0030 37 B1 61 85 FE 41 52 02   B9 CB AB 6E 9A 29 43 8A 2023-01-04 22:25:26 0x0040 FB 23 00 8C E0 4A 4A 1B   19 CD FF FF FF FF FF FF 2023-01-04 22:25:26 0x0050 FF FF FF FF FF FF FF FF   FF FF FF FF FF FF FF FF 2023-01-04 22:25:26 0x0060 FF FF FF FF FF FF FF FF   FF FF FF FF FF FF FF FF 2023-01-04 22:25:26 0x0070 FF FF FF FF FF FF FF FF   FF FF FF FF FF FF FF FF 2023-01-04 22:25:26 0x0080 FF FF FF FF FF FF FF FF   FF FF FF FF FF FF FF FF 2023-01-04 22:25:26 0x0090 FF FF FF FF FF FF FF FF   FF FF FF FF FF FF FF FF 2023-01-04 22:25:26 0x00A0 FF FF FF FF FF FF FF FF   FF FF FF FF FF FF FF FF 2023-01-04 22:25:26 0x00B0 FF FF FF FF FF FF FF FF   FF FF FF FF FF FF FF FF 2023-01-04 22:25:26 0x00C0 FF FF FF FF FF FF FF FF   FF FF FF FF FF FF FF FF 2023-01-04 22:25:26 0x00D0 FF FF FF FF FF FF FF FF   FF FF FF FF FF FF FF FF 2023-01-04 22:25:26 0x00E0 FF FF FF FF FF FF FF FF   FF FF FF FF FF FF FF FF 2023-01-04 22:25:26 0x00F0 FF FF FF FF FF FF FF FF   FF FF FF FF FF FF FF 5A 2023-01-04 22:25:26 2023-01-04 22:25:28 [chain 1]2023-01-04 22:25:28 0x0000 11 4A 09 1A 9F 4B 1B B1   CC 1C 08 88 A2 46 B8 9E 2023-01-04 22:25:28 0x0010 4F D8 37 86 6C 59 A7 A8   5A F4 B5 50 A2 F9 A2 EE 2023-01-04 22:25:28 0x0020 79 37 2E DE A8 B1 D0 AD   D2 04 9F EA 03 77 1E 9A 2023-01-04 22:25:28 0x0030 57 B9 8B B0 51 42 9D 8F   EF BD C6 5F 4E 79 69 4C 2023-01-04 22:25:28 0x0040 CF B0 1A F8 52 4C AE 2A   AE 54 FF FF FF FF FF FF 2023-01-04 22:25:28 0x0050 FF FF FF FF FF FF FF FF   FF FF FF FF FF FF FF FF 2023-01-04 22:25:28 0x0060 FF FF FF FF FF FF FF FF   FF FF FF FF FF FF FF FF 2023-01-04 22:25:28 0x0070 FF FF FF FF FF FF FF FF   FF FF FF FF FF FF FF FF 2023-01-04 22:25:28 0x0080 FF FF FF FF FF FF FF FF   FF FF FF FF FF FF FF FF 2023-01-04 22:25:28 0x0090 FF FF FF FF FF FF FF FF   FF FF FF FF FF FF FF FF 2023-01-04 22:25:28 0x00A0 FF FF FF FF FF FF FF FF   FF FF FF FF FF FF FF FF 2023-01-04 22:25:28 0x00B0 FF FF FF FF FF FF FF FF   FF FF FF FF FF FF FF FF 2023-01-04 22:25:28 0x00C0 FF FF FF FF FF FF FF FF   FF FF FF FF FF FF FF FF 2023-01-04 22:25:28 0x00D0 FF FF FF FF FF FF FF FF   FF FF FF FF FF FF FF FF 2023-01-04 22:25:28 0x00E0 FF FF FF FF FF FF FF FF   FF FF FF FF FF FF FF FF 2023-01-04 22:25:28 0x00F0 FF FF FF FF FF FF FF FF   FF FF FF FF FF FF FF 5A 2023-01-04 22:25:28 2023-01-04 22:25:30 [chain 2]2023-01-04 22:25:30 0x0000 11 4A 73 A0 BF C0 0E F6   F7 FB 8E 66 C8 15 9E FD 2023-01-04 22:25:30 0x0010 85 86 FF 8A 3E F1 B7 08   28 4B 1D B3 D7 06 A3 B4 2023-01-04 22:25:30 0x0020 04 DF CC FB 47 0E 24 5A   57 76 8E 95 4F 72 EE 16 2023-01-04 22:25:30 0x0030 0B 44 D0 34 86 90 1C D1   28 C1 C1 E9 29 5E D8 C9 2023-01-04 22:25:30 0x0040 37 79 34 A0 09 0C E3 29   80 C2 FF FF FF FF FF FF 2023-01-04 22:25:30 0x0050 FF FF FF FF FF FF FF FF   FF FF FF FF FF FF FF FF 2023-01-04 22:25:30 0x0060 FF FF FF FF FF FF FF FF   FF FF FF FF FF FF FF FF 2023-01-04 22:25:30 0x0070 FF FF FF FF FF FF FF FF   FF FF FF FF FF FF FF FF 2023-01-04 22:25:30 0x0080 FF FF FF FF FF FF FF FF   FF FF FF FF FF FF FF FF 2023-01-04 22:25:30 0x0090 FF FF FF FF FF FF FF FF   FF FF FF FF FF FF FF FF 2023-01-04 22:25:30 0x00A0 FF FF FF FF FF FF FF FF   FF FF FF FF FF FF FF FF 2023-01-04 22:25:30 0x00B0 FF FF FF FF FF FF FF FF   FF FF FF FF FF FF FF FF 2023-01-04 22:25:30 0x00C0 FF FF FF FF FF FF FF FF   FF FF FF FF FF FF FF FF 2023-01-04 22:25:30 0x00D0 FF FF FF FF FF FF FF FF   FF FF FF FF FF FF FF FF 2023-01-04 22:25:30 0x00E0 FF FF FF FF FF FF FF FF   FF FF FF FF FF FF FF FF 2023-01-04 22:25:30 0x00F0 FF FF FF FF FF FF FF FF   FF FF FF FF FF FF FF 5A 2023-01-04 22:25:30 2023-01-04 22:25:30 fan_eft : 0  fan_pwm : 1002023-01-04 22:25:30 create thread2023-01-04 22:25:30 fixed working voltage = 12602023-01-04 22:25:30 Chain  PCB Version: 0x011e2023-01-04 22:25:30 Chain  BOM Version: 0x01002023-01-04 22:25:30 Chain [1] PCB Version: 0x011e2023-01-04 22:25:30 Chain [1] BOM Version: 0x01002023-01-04 22:25:30 Chain [2] PCB Version: 0x011e2023-01-04 22:25:30 Chain [2] BOM Version: 0x01002023-01-04 22:25:34 Fan check passed.2023-01-04 22:25:35 chain[0] PIC jump to app2023-01-04 22:25:36 Check chain[0] PIC fw version=0x892023-01-04 22:25:37 chain[1] PIC jump to app2023-01-04 22:25:39 Check chain[1] PIC fw version=0x892023-01-04 22:25:40 chain[2] PIC jump to app2023-01-04 22:25:42 Check chain[2] PIC fw version=0x892023-01-04 22:25:42 create thread2023-01-04 22:25:42 max sensor num = 42023-01-04 22:25:42 temperature_monitor_thread start...2023-01-04 22:25:46 power type version: 0x00712023-01-04 22:25:46 Enter sleep to make sure power release finish.2023-01-04 22:26:17 Slept 30 seconds, diff = 2.2023-01-04 22:26:17 set_voltage_by_steps to 1500.2023-01-04 22:26:22 start up min temp by 75a = 192023-01-04 22:26:22 set UART baud to 1152002023-01-04 22:26:27 chain avg vol rise to 15.102023-01-04 22:26:31 Chain[0]: find 114 asic, times 02023-01-04 22:26:38 Chain[1]: find 114 asic, times 02023-01-04 22:26:46 Chain[2]: find 114 asic, times 02023-01-04 22:26:46 pulse_mode = 1, ccdly_sel = 1, pwth_sel = 12023-01-04 22:26:51 min freq in eeprom = 5252023-01-04 22:26:51 fixed frequency is 5252023-01-04 22:26:53 chain avg vol drop to 5.822023-01-04 22:26:54 Bring up temperature is 192023-01-04 22:26:54 set UART baud to 120000002023-01-04 22:26:54 set_voltage_by_steps to 1262.2023-01-04 22:27:01 STATUS_INITED: soc init done!2023-01-04 22:27:01 create thread2023-01-04 22:27:01 create thread2023-01-04 22:27:04 start to init...2023-01-04 22:27:12 Init done!2023-01-04 22:27:12 STATUS_OKAY2023-01-04 22:27:12 start the cached job2023-01-04 22:27:12 Version num 82023-01-04 22:27:12 Mask num 0xe0002023-01-04 22:27:12 freq = 525, percent = 90, hcn = 12480, timeout = 4492023-01-04 22:27:12 set_start_time_point total_tv_start_sys=125 total_tv_end_sys=1262023-01-04 22:27:41 conti_check_count:1, fan_id = 0, fan_speed = 18002023-01-04 22:27:41 conti_check_count:1, fan_id = 1, fan_speed = 16802023-01-04 22:27:41 conti_check_count:1, fan_id = 2, fan_speed = 9602023-01-04 22:27:41 conti_check_count:1, fan_id = 3, fan_speed = 3602023-01-04 22:27:45 conti_check_count:2, fan_id = 0, fan_speed = 18002023-01-04 22:27:45 conti_check_count:2, fan_id = 1, fan_speed = 16802023-01-04 22:27:45 conti_check_count:2, fan_id = 2, fan_speed = 02023-01-04 22:27:45 conti_check_count:2, fan_id = 3, fan_speed = 3602023-01-04 22:27:46 conti_check_count:3, fan_id = 0, fan_speed = 18002023-01-04 22:27:46 conti_check_count:3, fan_id = 1, fan_speed = 16802023-01-04 22:27:46 conti_check_count:3, fan_id = 2, fan_speed = 02023-01-04 22:27:46 conti_check_count:3, fan_id = 3, fan_speed = 10802023-01-04 22:27:48 conti_check_count:4, fan_id = 0, fan_speed = 18002023-01-04 22:27:48 conti_check_count:4, fan_id = 1, fan_speed = 16802023-01-04 22:27:48 conti_check_count:4, fan_id = 2, fan_speed = 02023-01-04 22:27:48 conti_check_count:4, fan_id = 3, fan_speed = 10802023-01-04 22:27:50 conti_check_count:5, fan_id = 0, fan_speed = 18002023-01-04 22:27:50 conti_check_count:5, fan_id = 1, fan_speed = 16802023-01-04 22:27:50 conti_check_count:5, fan_id = 2, fan_speed = 02023-01-04 22:27:50 conti_check_count:5, fan_id = 3, fan_speed = 10802023-01-04 22:28:05 conti_check_count:1, fan_id = 0, fan_speed = 18002023-01-04 22:28:05 conti_check_count:1, fan_id = 1, fan_speed = 16802023-01-04 22:28:05 conti_check_count:1, fan_id = 2, fan_speed = 16802023-01-04 22:28:05 conti_check_count:1, fan_id = 3, fan_speed = 02023-01-04 22:28:06 conti_check_count:2, fan_id = 0, fan_speed = 18002023-01-04 22:28:06 conti_check_count:2, fan_id = 1, fan_speed = 16802023-01-04 22:28:06 conti_check_count:2, fan_id = 2, fan_speed = 16802023-01-04 22:28:06 conti_check_count:2, fan_id = 3, fan_speed = 02023-01-04 22:28:10 conti_check_count:3, fan_id = 0, fan_speed = 18002023-01-04 22:28:10 conti_check_count:3, fan_id = 1, fan_speed = 16802023-01-04 22:28:10 conti_check_count:3, fan_id = 2, fan_speed = 02023-01-04 22:28:10 conti_check_count:3, fan_id = 3, fan_speed = 6002023-01-04 22:28:12 conti_check_count:4, fan_id = 0, fan_speed = 18002023-01-04 22:28:12 conti_check_count:4, fan_id = 1, fan_speed = 16802023-01-04 22:28:12 conti_check_count:4, fan_id = 2, fan_speed = 02023-01-04 22:28:12 conti_check_count:4, fan_id = 3, fan_speed = 6002023-01-04 22:28:14 conti_check_count:5, fan_id = 0, fan_speed = 18002023-01-04 22:28:14 conti_check_count:5, fan_id = 1, fan_speed = 16802023-01-04 22:28:14 conti_check_count:5, fan_id = 2, fan_speed = 02023-01-04 22:28:14 conti_check_count:5, fan_id = 3, fan_speed = 600",
      "score": 0,
      "upvotes": 0,
      "downvotes": 0
    },
    {
      "author": "dugmaster",
      "created_time": "January 04, 2023, 11:01:46 PM",
      "body": "Hier sind die Lüfter Daten. Sie scheinen alle zu drehen. Ich weiß jetzt nur nicht ob die Geschwindigkeit so ausreichend ist?[fanTitle]1 [fanSpeed]   [fanTitle]2 [fanSpeed]   [fanTitle]3 [fanSpeed]   [fanTitle]4 [fanSpeed]Speed(r/min)   1800   1800   600   720Wenn ich ihn starte zeigt das Webinterface auch alle drei Boards bei chipState grün an also jeweils alle 114 Chips sind ok, grün(stateNormal) Nach ca. 50 sek. springt die Anzeige für alle 3 Boards auf rot (stateAbnormal)",
      "score": 0,
      "upvotes": 0,
      "downvotes": 0
    },
    {
      "author": "willi9974",
      "created_time": "January 04, 2023, 11:07:14 PM",
      "body": "Sehe nichts aufregendes Was passiert danach in den Logs?Alle Stecker abgezogen und neu gestecktMal nur mit einem Hashboard gestartet (dann abwechselnd mit anderen starten)Netzteil mal getauschtFirmware uptodate SD Karte getauscht mit neuer FirmwareWelchen Fehler zeigt die weboberflächeLüfter alle leichtgängigAlle Artikel hier durchstöbern —> https://support.bitmain.com/hc/en-us/categories/203492608-TroubleshootingAuch nicht schlecht —> https://www.zeusbtc.com/asic-miner-troubleshooting/antminer/ und https://support.awesomeminer.com/support/solutions/articles/35000094734-troubleshooting-antminer-and-asic-miners",
      "score": 0,
      "upvotes": 0,
      "downvotes": 0
    },
    {
      "author": "dugmaster",
      "created_time": "January 04, 2023, 11:09:35 PMLast edit: January 04, 2023, 11:20:51 PM by dugmaster",
      "body": "Quote from: willi9974 on January 04, 2023, 11:07:14 PMSehe nichts aufregendes Was passiert danach in den Logs?Alle Stecker abgezogen und neu gestecktMal nur mit einem Hashboard gestartet (dann abwechselnd mit anderen starten)Netzteil mal getauschtFirmware uptodate SD Karte getauscht mit neuer FirmwareWelchen Fehler zeigt die weboberflächeLüfter alle leichtgängigAlle Artikel hier durchstöbern —> https://support.bitmain.com/hc/en-us/categories/203492608-TroubleshootingAuch nicht schlecht —> https://www.zeusbtc.com/asic-miner-troubleshooting/antminer/ und https://support.awesomeminer.com/support/solutions/articles/35000094734-troubleshooting-antminer-and-asic-minersWas meinst du mit, was danach in den Logs passiert?Wo sehe ich das, welchen Fehler die Weboberfläche zeigt?Lüfter sind alle leichtgängig, ja.Was mir gerade noch einfällt, also es war so. Er lief mehrere Monate ohe jegliche Probleme. Dann plötzlich von jetzt auf gleich ausgefallen. Dann habe ich über die Weboberfläche einen restart gemacht (glaub ich zumindest oder ich hab ihn kutz vom Netz getrennt, weiß das nicht mehr 100 % tig) Dann lief er wieder kurz, Hashboards waren alle 3 Okay aber nur für ganz kurze Zeit,vielleicht max.5 min. Dann habe ich ihn etwas länger vom Netzt genommen und dann wieder hochgefahren und dann lief er wieder einen ganzen Tag oder 1 1/2 Tage. Dann ist er wieder ausgefallen und seit dem krieg ich ihn nicht mehr an. Controlboard getauscht aber es geht nix.",
      "score": 0,
      "upvotes": 0,
      "downvotes": 0
    },
    {
      "author": "willi9974",
      "created_time": "January 04, 2023, 11:19:52 PM",
      "body": "Was nach dem Zeitpunkt passier von deinen Logs die du schon gepostet hast…Weboberfläche hast du ja schon gesagt. Hashboards erst grün dann rot …Muss jetzt ab ins Bett Morgen früh raus Aber wenn da noch zwei drei mit Troubleshooting machen, finden wir den Fehler schon",
      "score": 0,
      "upvotes": 0,
      "downvotes": 0
    },
    {
      "author": "dugmaster",
      "created_time": "January 04, 2023, 11:25:28 PM",
      "body": "Quote from: willi9974 on January 04, 2023, 11:19:52 PMWas nach dem Zeitpunkt passier von deinen Logs die du schon gepostet hast…Weboberfläche hast du ja schon gesagt. Hashboards erst grün dann rot …Muss jetzt ab ins Bett Morgen früh raus Aber wenn da noch zwei drei mit Troubleshooting machen, finden wir den Fehler schon Ich denke ja auch dass es kein so grosses Problem sein kann da er ja nachdem ich ihn vom Netz hatte wieder einen Tag lief und er ja bei jedem Start alle Chips/Boards grün zeigt, hmm. Eigentlich hätte das ja ganz gut zu einem Lüfterproblem gepasst wenn du sagst dass das CBoard ihn abschaltet wenn ein Lüfter aussteigt aber sie drehen halt alle soweit ich dies erkennen kann... Nagut dann schauen wir weiter. Guts nächtle",
      "score": 0,
      "upvotes": 0,
      "downvotes": 0
    },
    {
      "author": "willi9974",
      "created_time": "January 05, 2023, 02:11:46 PM",
      "body": "any news?Schon was ausprobiert und was gefunden?hat noch jemand anders Ideen?",
      "score": 0,
      "upvotes": 0,
      "downvotes": 0
    },
    {
      "author": "dugmaster",
      "created_time": "January 05, 2023, 04:34:23 PM",
      "body": "Quote from: willi9974 on January 05, 2023, 02:11:46 PMany news?Schon was ausprobiert und was gefunden?hat noch jemand anders Ideen?Nee bis jetzt noch nix. Was danach passiert, gar nix. Die Lüfter laufen mit geringer Geschwindigkeit weiter und un der Weboberfläche bleibt alles so..., Boards bleiben rot. Nur die Zeit solang er schon an ist, die verändert sich. Stecker habe ich alle mal abgezogen aber keine Veränderung. Einzelne Hashboards angeschlossen bringt auch nichts. Netzteil habe ich noch nicht getauscht da ich dachte wenn er normal angeht, alle Lampen leuchten, die Lüfter mal schneller und mal langsamer drehen..., liegt es nicht am Netzteil, was ich aber natürlich nicht genau weiß. SD Karte hab ich gar keine drin, war auch noch nie, hmm",
      "score": 0,
      "upvotes": 0,
      "downvotes": 0
    },
    {
      "author": "tux1975",
      "created_time": "January 05, 2023, 06:55:15 PM",
      "body": "Nabend Kann das sein das der Miner gar nicht läuft weil mit Deiner Temperatureinstellung was nicht stimmt ?bei mir steht da bei Starttemp.  -1 Wenn er vorher ein \"init done\" bekommen hat fängt er dann an schrittweise die Spannung / Frequenz hochzufahren und startet mit dem mining und meldet dann nur noch Lüfter Dehzahl, avg Hashrate und Frequenzänderungen ....Gruß Jens",
      "score": 0,
      "upvotes": 0,
      "downvotes": 0
    },
    {
      "author": "dugmaster",
      "created_time": "January 05, 2023, 10:08:11 PM",
      "body": "Quote from: tux1975 on January 05, 2023, 06:55:15 PMNabend Kann das sein das der Miner gar nicht läuft weil mit Deiner Temperatureinstellung was nicht stimmt ?https://www.ruhlan.de/Kniffo/snip.JPGbei mir steht da bei Starttemp.  -1 Wenn er vorher ein \"init done\" bekommen hat fängt er dann an schrittweise die Spannung / Frequenz hochzufahren und startet mit dem mining und meldet dann nur noch Lüfter Dehzahl, avg Hashrate und Frequenzänderungen ....Gruß JensWas meinst du mit \"gar nicht läuft\" ?",
      "score": 0,
      "upvotes": 0,
      "downvotes": 0
    },
    {
      "author": "willi9974",
      "created_time": "January 21, 2023, 06:28:03 AM",
      "body": "Und wie sieht’s aus?Hast du dein Problem gefunden und fixen können?Wenn ja wäre der Rest bestimmt auch daran interessiert, damit ein anderer mit dem gleichen Problem zukünftig einen Lösungsansatz hat.Viele GrüßeWilli",
      "score": 0,
      "upvotes": 0,
      "downvotes": 0
    }
  ]
}