{
  "id": "topic_5436418",
  "title": "NelloToti",
  "author": "NelloToti",
  "created_time": "January 23, 2023, 05:00:04 AM",
  "content": "I have a T15 and out of nowhere it started restarting. but it didn't even enter the system. anyone that can help me?... i can get into the system only when i remove a fan. when I remove a fan it turns on normally, but when I put both of them it keeps restarting every 1 second... if anyone has gone through this help mePT-BREu tenho um T15 e do nada ele começou a reiniciar. n chega nem entrar no sistema. alguém que possa me ajudar?... só consigo entrar no sistema quando removo um ventilador. quando tiro uma ventoinha ela liga normalmente, mas quando coloco as duas fica reiniciando a cada 1 segundo.. se alguém já passou por isso me ajuda",
  "score": 0,
  "upvotes": 0,
  "downvotes": 0,
  "url": "https://bitcointalk.org/index.php?topic=5436418",
  "comments": [
    {
      "author": "BitMaxz",
      "created_time": "January 23, 2023, 10:54:37 AM",
      "body": "It looks like a fan issue or PSU this is not easy to troubleshoot without the kernel logs.Would you mind to try copy the kernel logs while the fan disconnected and then post it here maybe we can see some hints under your miner's logs.Don't forget to put logs inside insert code tag a # button while editing your post.",
      "score": 0,
      "upvotes": 0,
      "downvotes": 0
    },
    {
      "author": "NelloToti",
      "created_time": "January 23, 2023, 04:29:14 PM",
      "body": "Sometimes it connects with 1 sometimes it connects without, it varies a lot. but here is the record.Code:  Booting Linux on physical CPU 0x0Linux version 4.6.0-xilinx-gff8137b-dirty (lzq@armdev2) (gcc version 4.8.3 20140320 (prerelease) (Sourcery CodeBench Lite 2014.05-23) ) #25 SMP PREEMPT Fri
Nov 23 15:30:52 CST 2018CPU: ARMv7 Processor [413fc090] revision 0 (ARMv7), cr=18c5387dCPU: PIPT / VIPT nonaliasing data cache, VIPT aliasing instruction cacheMachine model: Xilinx Zynqcma: Reserved 16 MiB at 0x0e000000Memory policy: Data cache writeallocOn node 0 totalpages: 61440free_area_init_node: node 0, pgdat c0b39280, node_mem_map cde10000  Normal zone: 480 pages used for memmap  Normal zone: 0 pages reserved  Normal zone: 61440 pages, LIFO batch:15percpu: Embedded 12 pages/cpu @cddf1000 s19776 r8192 d21184 u49152pcpu-alloc: s19776 r8192 d21184 u49152 alloc=12*4096pcpu-alloc: [0] 0 [0] 1 Built 1 zonelists in Zone order, mobility grouping on.  Total pages: 60960Kernel command line: mem=240M console=ttyPS0,115200 ramdisk_size=33554432 root=/dev/ram rw earlyprintkPID hash table entries: 1024 (order: 0, 4096 bytes)Dentry cache hash table entries: 32768 (order: 5, 131072 bytes)Inode-cache hash table entries: 16384 (order: 4, 65536 bytes)Memory: 197240K/245760K available (6345K kernel code, 231K rwdata, 1896K rodata, 1024K init, 223K bss, 32136K reserved, 16384K cma-reserved, 0K highmem)Virtual kernel memory layout:    vector  : 0xffff0000 - 0xffff1000   (   4 kB)    fixmap  : 0xffc00000 - 0xfff00000   (3072 kB)    vmalloc : 0xcf800000 - 0xff800000   ( 768 MB)    lowmem  : 0xc0000000 - 0xcf000000   ( 240 MB)    pkmap   : 0xbfe00000 - 0xc0000000   (   2 MB)    modules : 0xbf000000 - 0xbfe00000   (  14 MB)      .text : 0xc0008000 - 0xc090c424   (9234 kB)      .init : 0xc0a00000 - 0xc0b00000   (1024 kB)      .data : 0xc0b00000 - 0xc0b39fe0   ( 232 kB)       .bss : 0xc0b39fe0 - 0xc0b71c28   ( 224 kB)Preemptible hierarchical RCU implementation. Build-time adjustment of leaf fanout to 32. RCU restricting CPUs from NR_CPUS=4 to nr_cpu_ids=2.RCU: Adjusting geometry for rcu_fanout_leaf=32, nr_cpu_ids=2NR_IRQS:16 nr_irqs:16 16efuse mapped to cf800000ps7-slcr mapped to cf802000L2C: platform modifies aux control register: 0x72360000 -> 0x72760000L2C: DT/platform modifies aux control register: 0x72360000 -> 0x72760000L2C-310 erratum 769419 enabledL2C-310 enabling early BRESP for Cortex-A9L2C-310 full line of zeros enabled for Cortex-A9L2C-310 ID prefetch enabled, offset 1 linesL2C-310 dynamic clock gating enabled, standby mode enabledL2C-310 cache controller enabled, 8 ways, 512 kBL2C-310: CACHE_ID 0x410000c8, AUX_CTRL 0x76760001zynq_clock_init: clkc starts at cf802100Zynq clock initsched_clock: 64 bits at 333MHz, resolution 3ns, wraps every 4398046511103nsclocksource: arm_global_timer: mask: 0xffffffffffffffff max_cycles: 0x4ce07af025, max_idle_ns: 440795209040 nsSwitching to timer-based delay loop, resolution 3nsclocksource: ttc_clocksource: mask: 0xffff max_cycles: 0xffff, max_idle_ns: 537538477 nsps7-ttc #0 at cf80a000, irq=18Console: colour dummy device 80x30Calibrating delay loop (skipped), value calculated using timer frequency.. 666.66 BogoMIPS (lpj=3333333)pid_max: default: 32768 minimum: 301Mount-cache hash table entries: 1024 (order: 0, 4096 bytes)Mountpoint-cache hash table entries: 1024 (order: 0, 4096 bytes)CPU: Testing write buffer coherency: okCPU0: thread -1, cpu 0, socket 0, mpidr 80000000Setting up static identity map for 0x100000 - 0x100058CPU1: failed to boot: -1Brought up 1 CPUsSMP: Total of 1 processors activated (666.66 BogoMIPS).CPU: All CPU(s) started in SVC mode.devtmpfs: initializedVFP support v0.3: implementor 41 architecture 3 part 30 variant 9 rev 4clocksource: jiffies: mask: 0xffffffff max_cycles: 0xffffffff, max_idle_ns: 19112604462750000 nspinctrl core: initialized pinctrl subsystemNET: Registered protocol family 16DMA: preallocated 256 KiB pool for atomic coherent allocationscpuidle: using governor menuhw-breakpoint: found 5 (+1 reserved) breakpoint and 1 watchpoint registers.hw-breakpoint: maximum watchpoint size is 4 bytes.zynq-ocm f800c000.ps7-ocmc: ZYNQ OCM pool: 256 KiB @ 0xcf880000vgaarb: loadedSCSI subsystem initializedusbcore: registered new interface driver usbfsusbcore: registered new interface driver hubusbcore: registered new device driver usbmedia: Linux media interface: v0.10Linux video capture interface: v2.00pps_core: LinuxPPS API ver. 1 registeredpps_core: Software ver. 5.3.6 - Copyright 2005-2007 Rodolfo Giometti <giometti@linux.it>PTP clock support registeredEDAC MC: Ver: 3.0.0Advanced Linux Sound Architecture Driver Initialized.clocksource: Switched to clocksource arm_global_timerNET: Registered protocol family 2TCP established hash table entries: 2048 (order: 1, 8192 bytes)TCP bind hash table entries: 2048 (order: 2, 16384 bytes)TCP: Hash tables configured (established 2048 bind 2048)UDP hash table entries: 256 (order: 1, 8192 bytes)UDP-Lite hash table entries: 256 (order: 1, 8192 bytes)NET: Registered protocol family 1RPC: Registered named UNIX socket transport module.RPC: Registered udp transport module.RPC: Registered tcp transport module.RPC: Registered tcp NFSv4.1 backchannel transport module.PCI: CLS 0 bytes, default 64Trying to unpack rootfs image as initramfs...rootfs image is not initramfs (no cpio magic); looks like an initrdFreeing initrd memory: 19096K (cc85b000 - cdb01000)hw perfevents: enabled with armv7_cortex_a9 PMU driver, 7 counters availablefutex hash table entries: 512 (order: 3, 32768 bytes)workingset: timestamp_bits=28 max_order=16 bucket_order=0jffs2: version 2.2. (NAND) (SUMMARY)  © 2001-2006 Red Hat, Inc.io scheduler noop registeredio scheduler deadline registeredio scheduler cfq registered (default)dma-pl330 f8003000.ps7-dma: Loaded driver for PL330 DMAC-241330dma-pl330 f8003000.ps7-dma:  DBUFF-128x8bytes Num_Chans-8 Num_Peri-4 Num_Events-16e0000000.serial: ttyPS0 at MMIO 0xe0000000 (irq = 158, base_baud = 6249999) is a xuartpsconsole [ttyPS0] enabledxdevcfg f8007000.ps7-dev-cfg: ioremap 0xf8007000 to cf86e000[drm] Initialized drm 1.1.0 20060810brd: module loadedloop: module loadedCAN device driver interfacegpiod_set_value: invalid GPIOlibphy: MACB_mii_bus: probedmacb e000b000.ethernet eth0: Cadence GEM rev 0x00020118 at 0xe000b000 irq 31 (00:0a:35:00:00:00)Generic PHY e000b000.etherne:00: attached PHY driver [Generic PHY] (mii_bus:phy_addr=e000b000.etherne:00, irq=-1)e1000e: Intel(R) PRO/1000 Network Driver - 3.2.6-ke1000e: Copyright(c) 1999 - 2015 Intel Corporation.ehci_hcd: USB 2.0 'Enhanced' Host Controller (EHCI) Driverehci-pci: EHCI PCI platform driverusbcore: registered new interface driver usb-storagemousedev: PS/2 mouse device common for all micei2c /dev entries driverXilinx Zynq CpuIdle Driver startedsdhci: Secure Digital Host Controller Interface driversdhci: Copyright(c) Pierre Ossmansdhci-pltfm: SDHCI platform and OF driver helpermmc0: SDHCI controller on e0100000.ps7-sdio [e0100000.ps7-sdio] using ADMAledtrig-cpu: registered to indicate activity on CPUsusbcore: registered new interface driver usbhidusbhid: USB HID core drivernand: device found, Manufacturer ID: 0x2c, Chip ID: 0xdanand: Micron MT29F2G08ABAEAWPnand: 256 MiB, SLC, erase size: 128 KiB, page size: 2048, OOB size: 64nand: WARNING: pl35x-nand: the ECC used on your system is too weak compared to the one required by the NAND chipBad block table found at page 131008, version 0x01Bad block table found at page 130944, version 0x01nand_read_bbt: bad block at 0x000002420000nand_read_bbt: bad block at 0x000002440000nand_read_bbt: bad block at 0x0000024600006 ofpart partitions found on MTD device pl35x-nandCreating 6 MTD partitions on \"pl35x-nand\":0x000000000000-0x000002800000 : \"BOOT.bin-env-dts-kernel\"0x000002800000-0x000004800000 : \"ramfs\"0x000004800000-0x000005000000 : \"configs\"0x000005000000-0x000006000000 : \"reserve\"0x000006000000-0x000008000000 : \"ramfs-bak\"0x000008000000-0x000010000000 : \"reserve1\"NET: Registered protocol family 10sit: IPv6 over IPv4 tunneling driverNET: Registered protocol family 17can: controller area network core (rev 20120528 abi 9)NET: Registered protocol family 29can: raw protocol (rev 20120528)can: broadcast manager protocol (rev 20120528 t)can: netlink gateway (rev 20130117) max_hops=1zynq_pm_ioremap: no compatible node found for 'xlnx,zynq-ddrc-a05'zynq_pm_late_init: Unable to map DDRC IO memory.Registering SWP/SWPB emulation handlerhctosys: unable to open rtc device (rtc0)ALSA device list:  No soundcards found.RAMDISK: gzip image found at block 0EXT4-fs (ram0): couldn't mount as ext3 due to feature incompatibilitiesEXT4-fs (ram0): mounted filesystem without journal. Opts: (null)VFS: Mounted root (ext4 filesystem) on device 1:0.devtmpfs: mountedFreeing unused kernel memory: 1024K (c0a00000 - c0b00000)EXT4-fs (ram0): re-mounted. Opts: block_validity,delalloc,barrier,user_xattrrandom: dd urandom read with 0 bits of entropy availableubi0: attaching mtd2ubi0: scanning is finishedubi0: attached mtd2 (name \"configs\", size 8 MiB)ubi0: PEB size: 131072 bytes (128 KiB), LEB size: 126976 bytesubi0: min./max. I/O unit sizes: 2048/2048, sub-page size 2048ubi0: VID header offset: 2048 (aligned 2048), data offset: 4096ubi0: good PEBs: 64, bad PEBs: 0, corrupted PEBs: 0ubi0: user volume: 1, internal volumes: 1, max. volumes count: 128ubi0: max/mean erase counter: 98/54, WL threshold: 4096, image sequence number: 453963119ubi0: available PEBs: 0, total reserved PEBs: 64, PEBs reserved for bad PEB handling: 40ubi0: background thread \"ubi_bgt0d\" started, PID 708UBIFS (ubi0:0): background thread \"ubifs_bgt0_0\" started, PID 711UBIFS (ubi0:0): recovery neededUBIFS (ubi0:0): recovery completedUBIFS (ubi0:0): UBIFS: mounted UBI device 0, volume 0, name \"configs\"UBIFS (ubi0:0): LEB size: 126976 bytes (124 KiB), min./max. I/O unit sizes: 2048 bytes/2048 bytesUBIFS (ubi0:0): FS size: 1396736 bytes (1 MiB, 11 LEBs), journal size 888833 bytes (0 MiB, 5 LEBs)UBIFS (ubi0:0): reserved for root: 65970 bytes (64 KiB)UBIFS (ubi0:0): media format: w4/r0 (latest is w4/r0), UUID 867DAC7C-E888-49EF-8312-00AE3B6BE90A, small LPT modelubi1: attaching mtd5ubi1: scanning is finishedubi1: attached mtd5 (name \"reserve1\", size 128 MiB)ubi1: PEB size: 131072 bytes (128 KiB), LEB size: 126976 bytesubi1: min./max. I/O unit sizes: 2048/2048, sub-page size 2048ubi1: VID header offset: 2048 (aligned 2048), data offset: 4096ubi1: good PEBs: 1020, bad PEBs: 4, corrupted PEBs: 0ubi1: user volume: 1, internal volumes: 1, max. volumes count: 128ubi1: max/mean erase counter: 4251/1732, WL threshold: 4096, image sequence number: 656476120ubi1: available PEBs: 0, total reserved PEBs: 1020, PEBs reserved for bad PEB handling: 36ubi1: background thread \"ubi_bgt1d\" started, PID 720UBIFS (ubi1:0): background thread \"ubifs_bgt1_0\" started, PID 723UBIFS (ubi1:0): recovery neededUBIFS (ubi1:0): recovery completedUBIFS (ubi1:0): UBIFS: mounted UBI device 1, volume 0, name \"reserve1\"UBIFS (ubi1:0): LEB size: 126976 bytes (124 KiB), min./max. I/O unit sizes: 2048 bytes/2048 bytesUBIFS (ubi1:0): FS size: 123039744 bytes (117 MiB, 969 LEBs), journal size 6221824 bytes (5 MiB, 49 LEBs)UBIFS (ubi1:0): reserved for root: 4952683 bytes (4836 KiB)UBIFS (ubi1:0): media format: w4/r0 (latest is w4/r0), UUID F561CDB9-BB53-44A9-8C44-872D3E793D47, small LPT modelIPv6: ADDRCONF(NETDEV_UP): eth0: link is not readyIPv6: ADDRCONF(NETDEV_UP): eth0: link is not readymacb e000b000.ethernet eth0: unable to generate target frequency: 25000000 Hzmacb e000b000.ethernet eth0: link up (100/Full)IPv6: ADDRCONF(NETDEV_CHANGE): eth0: link becomes readyIn axi fpga driver!request_mem_region OK!AXI fpga dev virtual address is 0xcfb38000*base_vir_addr = 0xab00dIn fpga mem driver!request_mem_region OK!fpga mem virtual address is 0xd2000000 [2023-01-21 05:07:57.066] Probing for an alive pool [2023-01-21 05:07:57.067] initiate_stratum [2023-01-21 05:07:57.067] initiate_stratum [2023-01-21 05:07:57.070] initiate_stratum [2023-01-21 05:07:57.448] LOW POWER MODE! [2023-01-21 05:07:57.448] Switching to pool 2 stratum+tcp://sha256.poolbinance.com:8888 - first alive pool [2023-01-21 05:07:57.449] in stratum_sthread  [2023-01-21 05:07:57.449] Pool 2 difficulty changed to 65536 [2023-01-21 05:07:57.483] LOW POWER MODE! [2023-01-21 05:07:57.483] Pool 0 stratum+tcp://sha256.poolbinance.com:443 alive, testing stability [2023-01-21 05:07:57.484] in stratum_sthread  [2023-01-21 05:07:57.484] Pool 0 difficulty changed to 65536 [2023-01-21 05:07:57.507] LOW POWER MODE! [2023-01-21 05:07:57.508] Pool 1 stratum+tcp://bs.poolbinance.com:3333 alive, testing stability [2023-01-21 05:07:57.508] in stratum_sthread  [2023-01-21 05:07:57.509] Pool 1 difficulty changed to 65536 [2023-01-21 05:07:57.527] Network diff set to 37.6T [2023-01-21 05:07:57.646] POOL 2 support ab mode! [2023-01-21 05:07:57.680] POOL 0 support ab mode! [2023-01-21 05:07:57.705] POOL 1 support ab mode! [2023-01-21 05:07:58.067]  signal_work_update set work_update true [2023-01-21 05:07:58.069] API: ignored invalid IPv4 address 'W:*' (as ::ffff:*.0.0.0) [2023-01-21 05:07:58.069] Pool 0 stratum+tcp://sha256.poolbinance.com:443 stable for >120 seconds [2023-01-21 05:07:58.069] Switching to pool 0 stratum+tcp://sha256.poolbinance.com:443 [2023-01-21 05:08:03.069] API running in IP access mode on port 4028 (11) [2023-01-21 05:08:07.780] start listen on 6060 ... [2023-01-21 05:08:26.077]  signal_work_update set work_update true [2023-01-21 05:08:56.086]  signal_work_update set work_update true [2023-01-21 05:09:28.095]  signal_work_update set work_update true2023-01-21 05:07:38 driver-btm-soc.c:7273:init_freq_mode: This is scan-user version2023-01-21 05:07:38 driver-btm-soc.c:8125:bitmain_soc_init: T152023-01-21 05:07:38 driver-btm-soc.c:8126:bitmain_soc_init: opt_multi_version=12023-01-21 05:07:38 driver-btm-soc.c:8127:bitmain_soc_init: opt_bitmain_ab=12023-01-21 05:07:38 driver-btm-soc.c:8128:bitmain_soc_init: opt_bitmain_economic_mode=false2023-01-21 05:07:38 driver-btm-soc.c:8129:bitmain_soc_init: opt_bitmain_work_mode_test = 02023-01-21 05:07:38 driver-btm-soc.c:7682:_show_sn: no SN got, please write SN to /nvdata/sn2023-01-21 05:07:38 driver-btm-soc.c:7729:_show_pool_info: Pool[0]: url = stratum+tcp://sha256.poolbinance.com:443, user = NTOTI.0012023-01-21 05:07:38 driver-btm-soc.c:7729:_show_pool_info: Pool[1]: url = stratum+tcp://bs.poolbinance.com:3333, user = NTOTI.0012023-01-21 05:07:38 driver-btm-soc.c:7729:_show_pool_info: Pool[2]: url = stratum+tcp://sha256.poolbinance.com:8888, user = NTOTI.0012023-01-21 05:07:38 driver-btm-soc.c:7304:init_phy_mem_nonce2_jobid_address: Detect 256MB control board of XILINX2023-01-21 05:07:38 driver-btm-soc.c:8150:bitmain_soc_init: Miner compile time: Tue Aug 20 14:15:07 CST 2019 type: Antminer T152023-01-21 05:07:38 driver-btm-soc.c:8152:bitmain_soc_init: last commit version: a824717 commit time: 2019-08-02 14:19:26 build: 2019-08-20 14:25:022023-01-21 05:07:38 driver-btm-soc.c:7336:check_fan_multi: check fan for 20 times...2023-01-21 05:07:38 driver-btm-soc.c:7347:check_fan_multi: Error!!! Fan lost!2023-01-21 05:07:39 driver-btm-soc.c:7347:check_fan_multi: Error!!! Fan lost!2023-01-21 05:07:40 driver-btm-soc.c:7347:check_fan_multi: Error!!! Fan lost!2023-01-21 05:07:41 driver-btm-soc.c:7347:check_fan_multi: Error!!! Fan lost!2023-01-21 05:07:42 driver-btm-soc.c:7347:check_fan_multi: Error!!! Fan lost!2023-01-21 05:07:43 driver-btm-soc.c:7347:check_fan_multi: Error!!! Fan lost!2023-01-21 05:07:44 driver-btm-soc.c:7347:check_fan_multi: Error!!! Fan lost!2023-01-21 05:07:45 driver-btm-soc.c:7347:check_fan_multi: Error!!! Fan lost!2023-01-21 05:07:46 driver-btm-soc.c:7347:check_fan_multi: Error!!! Fan lost!2023-01-21 05:07:47 driver-btm-soc.c:7347:check_fan_multi: Error!!! Fan lost!2023-01-21 05:07:48 driver-btm-soc.c:7347:check_fan_multi: Error!!! Fan lost!2023-01-21 05:07:49 driver-btm-soc.c:7347:check_fan_multi: Error!!! Fan lost!2023-01-21 05:07:50 driver-btm-soc.c:7347:check_fan_multi: Error!!! Fan lost!2023-01-21 05:07:51 driver-btm-soc.c:7347:check_fan_multi: Error!!! Fan lost!2023-01-21 05:07:52 driver-btm-soc.c:7347:check_fan_multi: Error!!! Fan lost!2023-01-21 05:07:53 driver-btm-soc.c:7347:check_fan_multi: Error!!! Fan lost!2023-01-21 05:07:54 driver-btm-soc.c:7347:check_fan_multi: Error!!! Fan lost!2023-01-21 05:07:55 driver-btm-soc.c:7347:check_fan_multi: Error!!! Fan lost!2023-01-21 05:07:56 driver-btm-soc.c:7347:check_fan_multi: Error!!! Fan lost!2023-01-21 05:07:57 driver-btm-soc.c:7347:check_fan_multi: Error!!! Fan lost!2023-01-21 05:07:57 freq_tuning.c:3097:error_code_set: error_code = 10, chain = 2552023-01-21 05:07:57 util.c:2178:process_version_mask: Pool 2 Verion num is 22023-01-21 05:07:57 util.c:2178:process_version_mask: Pool 0 Verion num is 22023-01-21 05:07:57 util.c:2178:process_version_mask: Pool 1 Verion num is 22023-01-21 05:07:58 driver-btm-soc.c:8824:send_job: Version num 2",
      "score": 0,
      "upvotes": 0,
      "downvotes": 0
    },
    {
      "author": "BitMaxz",
      "created_time": "January 23, 2023, 04:46:43 PM",
      "body": "I can't seem to find any problem except on fan lostYou are mining on the Binance pool I have experience mining there sometimes my miner does not work sometimes the current hash rate does not match on the pool report on their dashboard.I'd suggest you switch to another pool like Viabtc for testing purposes while fans are connected.I just want to ask if you have a multimeter because I want you to check if the fan terminals have power.The miner fan has 4 wires I just want to try this below.Quote from: thierry4wd on October 17, 2018, 02:34:37 PMHi , i have ONE solution in hardware but easy to take !the fan are 4 pin - Black   =  - 12V- Red     = + 12V- Yellow =  Signal Speed- Blue    = Signal PWMIf you try to disconnect ONLY the blue wire (PWM) the fan is forced to 100% ...Try it to unlock your miner Disconnect the blue or yellow wire or disconnect both of them let's see if you can now access the hash board while fans connected.",
      "score": 0,
      "upvotes": 0,
      "downvotes": 0
    },
    {
      "author": "NelloToti",
      "created_time": "January 23, 2023, 08:12:16 PM",
      "body": "the problem continues, the only thing that has changed is that it is now restarting every 3 seconds.. I've already measured the multimeter and the 12V + and 12V- are coming",
      "score": 0,
      "upvotes": 0,
      "downvotes": 0
    },
    {
      "author": "mikeywith",
      "created_time": "January 23, 2023, 10:29:09 PM",
      "body": "It's likely the fan is shorting the control board, you need to check the fan wires to make sure none of them is touching one another, could also be the plugs themselves, they could have melted inside and now are shorted, it will be near impossible and not worth the time to inspect those plugs, just get a replacement fan to make sure the issue is fan itself and not the control board.",
      "score": 0,
      "upvotes": 0,
      "downvotes": 0
    },
    {
      "author": "NelloToti",
      "created_time": "January 23, 2023, 11:35:47 PM",
      "body": "I tested on the multimeter if the black and red were touching but they are not. and if the fans are shorted why do they come on when i only connect 1?",
      "score": 0,
      "upvotes": 0,
      "downvotes": 0
    },
    {
      "author": "BitMaxz",
      "created_time": "January 23, 2023, 11:59:48 PM",
      "body": "Can you try to check the fan terminal/plugs/connectors maybe there is something under the connectors or terminals it could be moist/rust/corrosion that turns the fan shorted? I suggest try to brush it with lacquer flo thinner or isopropyl alcohol to help remove and clean them and then use a multimeter to test if they are shorted too.Another thing that I think is that maybe one of the fan wire the positive and negative wire are swap the connection from connector to the control board terminal should be positive to positive and negative to negative.",
      "score": 0,
      "upvotes": 0,
      "downvotes": 0
    },
    {
      "author": "philipma1957",
      "created_time": "January 24, 2023, 12:32:31 AM",
      "body": "Quote from: mikeywith on January 23, 2023, 10:29:09 PMIt's likely the fan is shorting the control board, you need to check the fan wires to make sure none of them is touching one another, could also be the plugs themselves, they could have melted inside and now are shorted, it will be near impossible and not worth the time to inspect those plugs, just get a replacement fan to make sure the issue is fan itself and not the control board.I would swap in a new fan.",
      "score": 0,
      "upvotes": 0,
      "downvotes": 0
    },
    {
      "author": "mikeywith",
      "created_time": "January 24, 2023, 12:47:31 AM",
      "body": "Quote from: NelloToti on January 23, 2023, 11:35:47 PMI tested on the multimeter if the black and red were touching but they are not. and if the fans are shorted why do they come on when i only connect 1?Only the black and red? did you not test all 4 wires against each other?Does the miner power on with just 1 fan regardless of whether it's the top or bottom fan? also what is the result of switching the fan to the other port on the control board, does it change anything, or as long as 'any' single fan is plugged in 'any' port the miner works fine?Anyway, the kernel log you posted confirms that you have a bad fan (or two), the simplest and cheapest thing would be 2 new fans, if the problem persists -- you have a bad control board.",
      "score": 0,
      "upvotes": 0,
      "downvotes": 0
    },
    {
      "author": "NelloToti",
      "created_time": "January 24, 2023, 02:11:58 AM",
      "body": "I've cleaned everything, I've tested if there's any kind of short with all the pins (4) (on the board and also on the fan) both are normal. the miner turns on with only 1 fan, both the upper and lower, they turn on normally but only 1 at a time. and both ports on the card work, but one at a time...If you don't have a solution, the way will be to buy 2 fans, there's no way.",
      "score": 0,
      "upvotes": 0,
      "downvotes": 0
    },
    {
      "author": "BitMaxz",
      "created_time": "January 24, 2023, 01:03:37 PM",
      "body": "Quote from: NelloToti on January 24, 2023, 02:11:58 AMI've cleaned everything, I've tested if there's any kind of short with all the pins (4) (on the board and also on the fan) both are normal. the miner turns on with only 1 fan, both the upper and lower, they turn on normally but only 1 at a time. and both ports on the card work, but one at a time...If you don't have a solution, the way will be to buy 2 fans, there's no way.You can use fan simulator but the problem is how can you cooldown the unit with only one fan. Mineral oil is optional but it would be more expensive than replacing it with new fan.So, there is no other way but to replace them with working fan.",
      "score": 0,
      "upvotes": 0,
      "downvotes": 0
    },
    {
      "author": "NelloToti",
      "created_time": "January 25, 2023, 06:31:01 PM",
      "body": "New discovery!.. I opened the PSU and removed one of the fans from it and it turned on normally too... can I say that the problem is in the PSU? Is there any kind of fix? apparently the PSU is not holding up .. when the start miner. it restarts again..",
      "score": 0,
      "upvotes": 0,
      "downvotes": 0
    },
    {
      "author": "BitMaxz",
      "created_time": "January 25, 2023, 11:47:43 PM",
      "body": "Quote from: NelloToti on January 25, 2023, 06:31:01 PMNew discovery!.. I opened the PSU and removed one of the fans from it and it turned on normally too... can I say that the problem is in the PSU? Is there any kind of fix? apparently the PSU is not holding up .. when the start miner. it restarts again..Possible it could be PSU but without some tools like a power meter where you can see how much wattage is the miner pullingand you can monitor the power and compare it with or without the fan. But if it's a PSU maybe the PSU can't provide enough power which is why the miner didn't work while all fans are connected. How about removing one of the hashboard temporarily and let see if it will run normally?  If it's run normally then try to pull the kernel logs again and post it here(and possible it's PSU issue).",
      "score": 0,
      "upvotes": 0,
      "downvotes": 0
    },
    {
      "author": "ic4ntfeelmyf4ce",
      "created_time": "January 26, 2023, 05:41:32 AM",
      "body": "Quote from: NelloToti on January 25, 2023, 06:31:01 PMNew discovery!.. I opened the PSU and removed one of the fans from it and it turned on normally too... can I say that the problem is in the PSU? Is there any kind of fix? apparently the PSU is not holding up .. when the start miner. it restarts again..You can run it with one fan short on the PSU, supplement the cooling with an adequate external fan and put the miner low to the ground. Tip: Lay the miner sideways with the PSU side down, ensuring your heat sinks are face-up and won't allow failing solder to cause the heat sink to fall off and short out the unit. Sometimes this can also re-flow failing solder/solder balls and fix over-voltage issues.",
      "score": 0,
      "upvotes": 0,
      "downvotes": 0
    },
    {
      "author": "NelloToti",
      "created_time": "January 26, 2023, 07:13:38 AM",
      "body": "still with the same error.. it seems that it does not mine without the PSU fans.. in the hashboards it appears \"暂无数据！\"Code:Booting Linux on physical CPU 0x0Linux version 4.6.0-xilinx-gff8137b-dirty (lzq@armdev2) (gcc version 4.8.3 20140320 (prerelease) (Sourcery CodeBench Lite 2014.05-23) ) #25 SMP PREEMPT Fri
Nov 23 15:30:52 CST 2018CPU: ARMv7 Processor [413fc090] revision 0 (ARMv7), cr=18c5387dCPU: PIPT / VIPT nonaliasing data cache, VIPT aliasing instruction cacheMachine model: Xilinx Zynqcma: Reserved 16 MiB at 0x0e000000Memory policy: Data cache writeallocOn node 0 totalpages: 61440free_area_init_node: node 0, pgdat c0b39280, node_mem_map cde10000  Normal zone: 480 pages used for memmap  Normal zone: 0 pages reserved  Normal zone: 61440 pages, LIFO batch:15percpu: Embedded 12 pages/cpu @cddf1000 s19776 r8192 d21184 u49152pcpu-alloc: s19776 r8192 d21184 u49152 alloc=12*4096pcpu-alloc: [0] 0 [0] 1 Built 1 zonelists in Zone order, mobility grouping on.  Total pages: 60960Kernel command line: mem=240M console=ttyPS0,115200 ramdisk_size=33554432 root=/dev/ram rw earlyprintkPID hash table entries: 1024 (order: 0, 4096 bytes)Dentry cache hash table entries: 32768 (order: 5, 131072 bytes)Inode-cache hash table entries: 16384 (order: 4, 65536 bytes)Memory: 197240K/245760K available (6345K kernel code, 231K rwdata, 1896K rodata, 1024K init, 223K bss, 32136K reserved, 16384K cma-reserved, 0K highmem)Virtual kernel memory layout:    vector  : 0xffff0000 - 0xffff1000   (   4 kB)    fixmap  : 0xffc00000 - 0xfff00000   (3072 kB)    vmalloc : 0xcf800000 - 0xff800000   ( 768 MB)    lowmem  : 0xc0000000 - 0xcf000000   ( 240 MB)    pkmap   : 0xbfe00000 - 0xc0000000   (   2 MB)    modules : 0xbf000000 - 0xbfe00000   (  14 MB)      .text : 0xc0008000 - 0xc090c424   (9234 kB)      .init : 0xc0a00000 - 0xc0b00000   (1024 kB)      .data : 0xc0b00000 - 0xc0b39fe0   ( 232 kB)       .bss : 0xc0b39fe0 - 0xc0b71c28   ( 224 kB)Preemptible hierarchical RCU implementation. Build-time adjustment of leaf fanout to 32. RCU restricting CPUs from NR_CPUS=4 to nr_cpu_ids=2.RCU: Adjusting geometry for rcu_fanout_leaf=32, nr_cpu_ids=2NR_IRQS:16 nr_irqs:16 16efuse mapped to cf800000ps7-slcr mapped to cf802000L2C: platform modifies aux control register: 0x72360000 -> 0x72760000L2C: DT/platform modifies aux control register: 0x72360000 -> 0x72760000L2C-310 erratum 769419 enabledL2C-310 enabling early BRESP for Cortex-A9L2C-310 full line of zeros enabled for Cortex-A9L2C-310 ID prefetch enabled, offset 1 linesL2C-310 dynamic clock gating enabled, standby mode enabledL2C-310 cache controller enabled, 8 ways, 512 kBL2C-310: CACHE_ID 0x410000c8, AUX_CTRL 0x76760001zynq_clock_init: clkc starts at cf802100Zynq clock initsched_clock: 64 bits at 333MHz, resolution 3ns, wraps every 4398046511103nsclocksource: arm_global_timer: mask: 0xffffffffffffffff max_cycles: 0x4ce07af025, max_idle_ns: 440795209040 nsSwitching to timer-based delay loop, resolution 3nsclocksource: ttc_clocksource: mask: 0xffff max_cycles: 0xffff, max_idle_ns: 537538477 nsps7-ttc #0 at cf80a000, irq=18Console: colour dummy device 80x30Calibrating delay loop (skipped), value calculated using timer frequency.. 666.66 BogoMIPS (lpj=3333333)pid_max: default: 32768 minimum: 301Mount-cache hash table entries: 1024 (order: 0, 4096 bytes)Mountpoint-cache hash table entries: 1024 (order: 0, 4096 bytes)CPU: Testing write buffer coherency: okCPU0: thread -1, cpu 0, socket 0, mpidr 80000000Setting up static identity map for 0x100000 - 0x100058CPU1: failed to boot: -1Brought up 1 CPUsSMP: Total of 1 processors activated (666.66 BogoMIPS).CPU: All CPU(s) started in SVC mode.devtmpfs: initializedVFP support v0.3: implementor 41 architecture 3 part 30 variant 9 rev 4clocksource: jiffies: mask: 0xffffffff max_cycles: 0xffffffff, max_idle_ns: 19112604462750000 nspinctrl core: initialized pinctrl subsystemNET: Registered protocol family 16DMA: preallocated 256 KiB pool for atomic coherent allocationscpuidle: using governor menuhw-breakpoint: found 5 (+1 reserved) breakpoint and 1 watchpoint registers.hw-breakpoint: maximum watchpoint size is 4 bytes.zynq-ocm f800c000.ps7-ocmc: ZYNQ OCM pool: 256 KiB @ 0xcf880000vgaarb: loadedSCSI subsystem initializedusbcore: registered new interface driver usbfsusbcore: registered new interface driver hubusbcore: registered new device driver usbmedia: Linux media interface: v0.10Linux video capture interface: v2.00pps_core: LinuxPPS API ver. 1 registeredpps_core: Software ver. 5.3.6 - Copyright 2005-2007 Rodolfo Giometti <giometti@linux.it>PTP clock support registeredEDAC MC: Ver: 3.0.0Advanced Linux Sound Architecture Driver Initialized.clocksource: Switched to clocksource arm_global_timerNET: Registered protocol family 2TCP established hash table entries: 2048 (order: 1, 8192 bytes)TCP bind hash table entries: 2048 (order: 2, 16384 bytes)TCP: Hash tables configured (established 2048 bind 2048)UDP hash table entries: 256 (order: 1, 8192 bytes)UDP-Lite hash table entries: 256 (order: 1, 8192 bytes)NET: Registered protocol family 1RPC: Registered named UNIX socket transport module.RPC: Registered udp transport module.RPC: Registered tcp transport module.RPC: Registered tcp NFSv4.1 backchannel transport module.PCI: CLS 0 bytes, default 64Trying to unpack rootfs image as initramfs...rootfs image is not initramfs (no cpio magic); looks like an initrdFreeing initrd memory: 19096K (cc85b000 - cdb01000)hw perfevents: enabled with armv7_cortex_a9 PMU driver, 7 counters availablefutex hash table entries: 512 (order: 3, 32768 bytes)workingset: timestamp_bits=28 max_order=16 bucket_order=0jffs2: version 2.2. (NAND) (SUMMARY)  © 2001-2006 Red Hat, Inc.io scheduler noop registeredio scheduler deadline registeredio scheduler cfq registered (default)dma-pl330 f8003000.ps7-dma: Loaded driver for PL330 DMAC-241330dma-pl330 f8003000.ps7-dma:  DBUFF-128x8bytes Num_Chans-8 Num_Peri-4 Num_Events-16e0000000.serial: ttyPS0 at MMIO 0xe0000000 (irq = 158, base_baud = 6249999) is a xuartpsconsole [ttyPS0] enabledxdevcfg f8007000.ps7-dev-cfg: ioremap 0xf8007000 to cf86e000[drm] Initialized drm 1.1.0 20060810brd: module loadedloop: module loadedCAN device driver interfacegpiod_set_value: invalid GPIOlibphy: MACB_mii_bus: probedmacb e000b000.ethernet eth0: Cadence GEM rev 0x00020118 at 0xe000b000 irq 31 (00:0a:35:00:00:00)Generic PHY e000b000.etherne:00: attached PHY driver [Generic PHY] (mii_bus:phy_addr=e000b000.etherne:00, irq=-1)e1000e: Intel(R) PRO/1000 Network Driver - 3.2.6-ke1000e: Copyright(c) 1999 - 2015 Intel Corporation.ehci_hcd: USB 2.0 'Enhanced' Host Controller (EHCI) Driverehci-pci: EHCI PCI platform driverusbcore: registered new interface driver usb-storagemousedev: PS/2 mouse device common for all micei2c /dev entries driverXilinx Zynq CpuIdle Driver startedsdhci: Secure Digital Host Controller Interface driversdhci: Copyright(c) Pierre Ossmansdhci-pltfm: SDHCI platform and OF driver helpermmc0: SDHCI controller on e0100000.ps7-sdio [e0100000.ps7-sdio] using ADMAledtrig-cpu: registered to indicate activity on CPUsusbcore: registered new interface driver usbhidusbhid: USB HID core drivernand: device found, Manufacturer ID: 0x2c, Chip ID: 0xdanand: Micron MT29F2G08ABAEAWPnand: 256 MiB, SLC, erase size: 128 KiB, page size: 2048, OOB size: 64nand: WARNING: pl35x-nand: the ECC used on your system is too weak compared to the one required by the NAND chipBad block table found at page 131008, version 0x01Bad block table found at page 130944, version 0x01nand_read_bbt: bad block at 0x000002420000nand_read_bbt: bad block at 0x000002440000nand_read_bbt: bad block at 0x0000024600006 ofpart partitions found on MTD device pl35x-nandCreating 6 MTD partitions on \"pl35x-nand\":0x000000000000-0x000002800000 : \"BOOT.bin-env-dts-kernel\"0x000002800000-0x000004800000 : \"ramfs\"0x000004800000-0x000005000000 : \"configs\"0x000005000000-0x000006000000 : \"reserve\"0x000006000000-0x000008000000 : \"ramfs-bak\"0x000008000000-0x000010000000 : \"reserve1\"NET: Registered protocol family 10sit: IPv6 over IPv4 tunneling driverNET: Registered protocol family 17can: controller area network core (rev 20120528 abi 9)NET: Registered protocol family 29can: raw protocol (rev 20120528)can: broadcast manager protocol (rev 20120528 t)can: netlink gateway (rev 20130117) max_hops=1zynq_pm_ioremap: no compatible node found for 'xlnx,zynq-ddrc-a05'zynq_pm_late_init: Unable to map DDRC IO memory.Registering SWP/SWPB emulation handlerhctosys: unable to open rtc device (rtc0)ALSA device list:  No soundcards found.RAMDISK: gzip image found at block 0EXT4-fs (ram0): couldn't mount as ext3 due to feature incompatibilitiesEXT4-fs (ram0): mounted filesystem without journal. Opts: (null)VFS: Mounted root (ext4 filesystem) on device 1:0.devtmpfs: mountedFreeing unused kernel memory: 1024K (c0a00000 - c0b00000)EXT4-fs (ram0): re-mounted. Opts: block_validity,delalloc,barrier,user_xattrrandom: dd urandom read with 0 bits of entropy availableubi0: attaching mtd2ubi0: scanning is finishedubi0: attached mtd2 (name \"configs\", size 8 MiB)ubi0: PEB size: 131072 bytes (128 KiB), LEB size: 126976 bytesubi0: min./max. I/O unit sizes: 2048/2048, sub-page size 2048ubi0: VID header offset: 2048 (aligned 2048), data offset: 4096ubi0: good PEBs: 64, bad PEBs: 0, corrupted PEBs: 0ubi0: user volume: 1, internal volumes: 1, max. volumes count: 128ubi0: max/mean erase counter: 109/61, WL threshold: 4096, image sequence number: 453963119ubi0: available PEBs: 0, total reserved PEBs: 64, PEBs reserved for bad PEB handling: 40ubi0: background thread \"ubi_bgt0d\" started, PID 708UBIFS (ubi0:0): background thread \"ubifs_bgt0_0\" started, PID 711UBIFS (ubi0:0): recovery neededUBIFS (ubi0:0): recovery completedUBIFS (ubi0:0): UBIFS: mounted UBI device 0, volume 0, name \"configs\"UBIFS (ubi0:0): LEB size: 126976 bytes (124 KiB), min./max. I/O unit sizes: 2048 bytes/2048 bytesUBIFS (ubi0:0): FS size: 1396736 bytes (1 MiB, 11 LEBs), journal size 888833 bytes (0 MiB, 5 LEBs)UBIFS (ubi0:0): reserved for root: 65970 bytes (64 KiB)UBIFS (ubi0:0): media format: w4/r0 (latest is w4/r0), UUID 867DAC7C-E888-49EF-8312-00AE3B6BE90A, small LPT modelubi1: attaching mtd5ubi1: scanning is finishedubi1: attached mtd5 (name \"reserve1\", size 128 MiB)ubi1: PEB size: 131072 bytes (128 KiB), LEB size: 126976 bytesubi1: min./max. I/O unit sizes: 2048/2048, sub-page size 2048ubi1: VID header offset: 2048 (aligned 2048), data offset: 4096ubi1: good PEBs: 1020, bad PEBs: 4, corrupted PEBs: 0ubi1: user volume: 1, internal volumes: 1, max. volumes count: 128ubi1: max/mean erase counter: 4251/1732, WL threshold: 4096, image sequence number: 656476120ubi1: available PEBs: 0, total reserved PEBs: 1020, PEBs reserved for bad PEB handling: 36ubi1: background thread \"ubi_bgt1d\" started, PID 720UBIFS (ubi1:0): background thread \"ubifs_bgt1_0\" started, PID 723UBIFS (ubi1:0): recovery neededUBIFS (ubi1:0): recovery completedUBIFS (ubi1:0): UBIFS: mounted UBI device 1, volume 0, name \"reserve1\"UBIFS (ubi1:0): LEB size: 126976 bytes (124 KiB), min./max. I/O unit sizes: 2048 bytes/2048 bytesUBIFS (ubi1:0): FS size: 123039744 bytes (117 MiB, 969 LEBs), journal size 6221824 bytes (5 MiB, 49 LEBs)UBIFS (ubi1:0): reserved for root: 4952683 bytes (4836 KiB)UBIFS (ubi1:0): media format: w4/r0 (latest is w4/r0), UUID F561CDB9-BB53-44A9-8C44-872D3E793D47, small LPT modelIPv6: ADDRCONF(NETDEV_UP): eth0: link is not readyIPv6: ADDRCONF(NETDEV_UP): eth0: link is not readymacb e000b000.ethernet eth0: unable to generate target frequency: 25000000 Hzmacb e000b000.ethernet eth0: link up (100/Full)IPv6: ADDRCONF(NETDEV_CHANGE): eth0: link becomes readyIn axi fpga driver!request_mem_region OK!AXI fpga dev virtual address is 0xcfb38000*base_vir_addr = 0xab00dIn fpga mem driver!request_mem_region OK!fpga mem virtual address is 0xd2000000 [2023-01-26 07:08:38.275] Probing for an alive pool [2023-01-26 07:08:38.276] initiate_stratum [2023-01-26 07:08:38.276] initiate_stratum [2023-01-26 07:08:38.277] initiate_stratum [2023-01-26 07:08:38.605] LOW POWER MODE! [2023-01-26 07:08:38.606] Switching to pool 2 stratum+tcp://btc.viabtc.io:443 - first alive pool [2023-01-26 07:08:38.606] in stratum_sthread  [2023-01-26 07:08:38.606] Pool 2 difficulty changed to 16384 [2023-01-26 07:08:38.608] Network diff set to 37.6T [2023-01-26 07:08:38.617] LOW POWER MODE! [2023-01-26 07:08:38.618] Pool 0 stratum+tcp://btc.viabtc.io:3333 alive, testing stability [2023-01-26 07:08:38.618] in stratum_sthread  [2023-01-26 07:08:38.618] Pool 0 difficulty changed to 16384 [2023-01-26 07:08:38.706] POOL 2 support ab mode! [2023-01-26 07:08:38.722] POOL 0 support ab mode! [2023-01-26 07:08:39.276]  signal_work_update set work_update true [2023-01-26 07:08:39.278] API: ignored invalid IPv4 address 'W:*' (as ::ffff:*.0.0.0) [2023-01-26 07:08:39.278] Pool 0 stratum+tcp://btc.viabtc.io:3333 stable for >120 seconds [2023-01-26 07:08:39.278] Switching to pool 0 stratum+tcp://btc.viabtc.io:3333 [2023-01-26 07:08:44.278] API running in IP access mode on port 4028 (9) [2023-01-26 07:08:48.945] start listen on 6060 ...2023-01-26 07:08:19 driver-btm-soc.c:7273:init_freq_mode: This is scan-user version2023-01-26 07:08:19 driver-btm-soc.c:8125:bitmain_soc_init: T152023-01-26 07:08:19 driver-btm-soc.c:8126:bitmain_soc_init: opt_multi_version=12023-01-26 07:08:19 driver-btm-soc.c:8127:bitmain_soc_init: opt_bitmain_ab=12023-01-26 07:08:19 driver-btm-soc.c:8128:bitmain_soc_init: opt_bitmain_economic_mode=false2023-01-26 07:08:19 driver-btm-soc.c:8129:bitmain_soc_init: opt_bitmain_work_mode_test = 02023-01-26 07:08:19 driver-btm-soc.c:7682:_show_sn: no SN got, please write SN to /nvdata/sn2023-01-26 07:08:19 driver-btm-soc.c:7729:_show_pool_info: Pool[0]: url = stratum+tcp://btc.viabtc.io:3333, user = NelloToti.0012023-01-26 07:08:19 driver-btm-soc.c:7729:_show_pool_info: Pool[1]: url = stratum+tcp://btc.viabtc.io:25, user = NelloToti.0012023-01-26 07:08:19 driver-btm-soc.c:7729:_show_pool_info: Pool[2]: url = stratum+tcp://btc.viabtc.io:443, user = NelloToti.0012023-01-26 07:08:19 driver-btm-soc.c:7304:init_phy_mem_nonce2_jobid_address: Detect 256MB control board of XILINX2023-01-26 07:08:19 driver-btm-soc.c:8150:bitmain_soc_init: Miner compile time: Tue Aug 20 14:15:07 CST 2019 type: Antminer T152023-01-26 07:08:19 driver-btm-soc.c:8152:bitmain_soc_init: last commit version: a824717 commit time: 2019-08-02 14:19:26 build: 2019-08-20 14:25:022023-01-26 07:08:19 driver-btm-soc.c:7336:check_fan_multi: check fan for 20 times...2023-01-26 07:08:19 driver-btm-soc.c:7347:check_fan_multi: Error!!! Fan lost!2023-01-26 07:08:20 driver-btm-soc.c:7347:check_fan_multi: Error!!! Fan lost!2023-01-26 07:08:21 driver-btm-soc.c:7347:check_fan_multi: Error!!! Fan lost!2023-01-26 07:08:22 driver-btm-soc.c:7347:check_fan_multi: Error!!! Fan lost!2023-01-26 07:08:23 driver-btm-soc.c:7347:check_fan_multi: Error!!! Fan lost!2023-01-26 07:08:24 driver-btm-soc.c:7347:check_fan_multi: Error!!! Fan lost!2023-01-26 07:08:25 driver-btm-soc.c:7347:check_fan_multi: Error!!! Fan lost!2023-01-26 07:08:26 driver-btm-soc.c:7347:check_fan_multi: Error!!! Fan lost!2023-01-26 07:08:27 driver-btm-soc.c:7347:check_fan_multi: Error!!! Fan lost!2023-01-26 07:08:28 driver-btm-soc.c:7347:check_fan_multi: Error!!! Fan lost!2023-01-26 07:08:29 driver-btm-soc.c:7347:check_fan_multi: Error!!! Fan lost!2023-01-26 07:08:30 driver-btm-soc.c:7347:check_fan_multi: Error!!! Fan lost!2023-01-26 07:08:31 driver-btm-soc.c:7347:check_fan_multi: Error!!! Fan lost!2023-01-26 07:08:32 driver-btm-soc.c:7347:check_fan_multi: Error!!! Fan lost!2023-01-26 07:08:33 driver-btm-soc.c:7347:check_fan_multi: Error!!! Fan lost!2023-01-26 07:08:34 driver-btm-soc.c:7347:check_fan_multi: Error!!! Fan lost!2023-01-26 07:08:35 driver-btm-soc.c:7347:check_fan_multi: Error!!! Fan lost!2023-01-26 07:08:36 driver-btm-soc.c:7347:check_fan_multi: Error!!! Fan lost!2023-01-26 07:08:37 driver-btm-soc.c:7347:check_fan_multi: Error!!! Fan lost!2023-01-26 07:08:38 driver-btm-soc.c:7347:check_fan_multi: Error!!! Fan lost!2023-01-26 07:08:38 freq_tuning.c:3097:error_code_set: error_code = 10, chain = 2552023-01-26 07:08:38 util.c:2178:process_version_mask: Pool 2 Verion num is 22023-01-26 07:08:38 util.c:2178:process_version_mask: Pool 2 Verion num is 22023-01-26 07:08:38 util.c:2178:process_version_mask: Pool 0 Verion num is 22023-01-26 07:08:38 util.c:2178:process_version_mask: Pool 0 Verion num is 22023-01-26 07:08:39 driver-btm-soc.c:8824:send_job: Version num 2",
      "score": 0,
      "upvotes": 0,
      "downvotes": 0
    },
    {
      "author": "MinerMetrix",
      "created_time": "January 26, 2023, 02:56:34 PM",
      "body": "You will more than likely have to get working fans before it will hash again. But, if you do decide to fix it; be sure and upgrade your firmware since your commit and build time is older than the one posted at Bitmain.T15 Firmware: https://shop.bitmain.com/support/download?archivesId=00720181211140753381G927zpWQ0672&type=0",
      "score": 0,
      "upvotes": 0,
      "downvotes": 0
    },
    {
      "author": "BitMaxz",
      "created_time": "January 26, 2023, 10:17:11 PM",
      "body": "Quote from: NelloToti on January 26, 2023, 07:13:38 AMstill with the same error.. it seems that it does not mine without the PSU fans.. in the hashboards it appears \"暂无数据！\"You don't have any other choice but to replace the fan because when you disconnect the other fans it runs normally but the logs show the fan is lost so it's not mining. If you have a fan and extra PSU you can easily troubleshoot this issue without them for troubleshooting you are thinking it can fix in other ways. If you don't have any technical knowledge or experience to repair units I'd suggest you hire a technician near your area there is a list on zeusBTC for repair centers and maybe one center is near in your area.",
      "score": 0,
      "upvotes": 0,
      "downvotes": 0
    },
    {
      "author": "NelloToti",
      "created_time": "March 23, 2023, 12:53:12 PM",
      "body": "I changed the PSU and the loop stopped, and it turns on normally.. but it continued without mining because the \"Fan lost\" error remained.. I changed the fans and nothing works!",
      "score": 0,
      "upvotes": 0,
      "downvotes": 0
    },
    {
      "author": "BitMaxz",
      "created_time": "March 23, 2023, 10:52:23 PM",
      "body": "Quote from: NelloToti on March 23, 2023, 12:53:12 PMI changed the PSU and the loop stopped, and it turns on normally.. but it continued without mining because the \"Fan lost\" error remained.. I changed the fans and nothing works!Have you replaced the fan with the same model? If it's a different fan it might be a compatibility issue.Would you mind to check the control board fan terminals try to clean them with lacquer flo thinner or any board cleaner and then resolder them? Let's see if it solves your issue.",
      "score": 0,
      "upvotes": 0,
      "downvotes": 0
    }
  ]
}