{
  "id": "topic_5467612",
  "title": "fundamentalmining",
  "author": "fundamentalmining",
  "created_time": "September 21, 2023, 03:45:44 PM",
  "content": "I found old antminer s9 and I tried to connected it to binance pool in instruction is in must happens in 10 minutes but it wasn't soI don't know what to do also I add pictures from asic admin panelif you know why all parameters = 0 please explain meif you know why what to do, please tell meI also get WARNING! FAN ERROR! But I don't know what does it mean.I also add kernel logs [    0.000000] Booting Linux on physical CPU 0x0[    0.000000] Linux version 3.14.0-xilinx-gb190cb0-dirty (lzq@armdev2) (gcc version 4.8.3 20140320 (prerelease) (Sourcery CodeBench Lite 2014.05-23) ) #57 SMP PREEMPT Fri Dec 9 14:49:22 CST 2016[    0.000000] CPU: ARMv7 Processor [413fc090] revision 0 (ARMv7), cr=18c5387d[    0.000000] CPU: PIPT / VIPT nonaliasing data cache, VIPT aliasing instruction cache[    0.000000] Machine model: Xilinx Zynq[    0.000000] cma: CMA: reserved 128 MiB at 27800000[    0.000000] Memory policy: Data cache writealloc[    0.000000] On node 0 totalpages: 258048[    0.000000] free_area_init_node: node 0, pgdat c0740a40, node_mem_map e6fd8000[    0.000000]   Normal zone: 1520 pages used for memmap[    0.000000]   Normal zone: 0 pages reserved[    0.000000]   Normal zone: 194560 pages, LIFO batch:31[    0.000000]   HighMem zone: 496 pages used for memmap[    0.000000]   HighMem zone: 63488 pages, LIFO batch:15[    0.000000] PERCPU: Embedded 8 pages/cpu @e6fc0000 s9088 r8192 d15488 u32768[    0.000000] pcpu-alloc: s9088 r8192 d15488 u32768 alloc=8*4096[    0.000000] pcpu-alloc:  0  1[    0.000000] Built 1 zonelists in Zone order, mobility grouping on.  Total pages: 256528[    0.000000] Kernel command line: noinitrd mem=1008M console=ttyPS0,115200 root=ubi0:rootfs ubi.mtd=1 rootfstype=ubifs rw rootwait[    0.000000] PID hash table entries: 4096 (order: 2, 16384 bytes)[    0.000000] Dentry cache hash table entries: 131072 (order: 7, 524288 bytes)[    0.000000] Inode-cache hash table entries: 65536 (order: 6, 262144 bytes)[    0.000000] Memory: 884148K/1032192K available (5032K kernel code, 283K rwdata, 1916K rodata, 204K init, 258K bss, 148044K reserved, 253952K highmem)[    0.000000] Virtual kernel memory layout:[    0.000000]     vector  : 0xffff0000 - 0xffff1000   (   4 kB)[    0.000000]     fixmap  : 0xfff00000 - 0xfffe0000   ( 896 kB)[    0.000000]     vmalloc : 0xf0000000 - 0xff000000   ( 240 MB)[    0.000000]     lowmem  : 0xc0000000 - 0xef800000   ( 760 MB)[    0.000000]     pkmap   : 0xbfe00000 - 0xc0000000   (   2 MB)[    0.000000]     modules : 0xbf000000 - 0xbfe00000   (  14 MB)[    0.000000]       .text : 0xc0008000 - 0xc06d1374   (6949 kB)[    0.000000]       .init : 0xc06d2000 - 0xc0705380   ( 205 kB)[    0.000000]       .data : 0xc0706000 - 0xc074cf78   ( 284 kB)[    0.000000]        .bss : 0xc074cf84 - 0xc078d9fc   ( 259 kB)[    0.000000] Preemptible hierarchical RCU implementation.[    0.000000]    Dump stacks of tasks blocking RCU-preempt GP.[    0.000000]    RCU restricting CPUs from NR_CPUS=4 to nr_cpu_ids=2.[    0.000000] RCU: Adjusting geometry for rcu_fanout_leaf=16, nr_cpu_ids=2[    0.000000] NR_IRQS:16 nr_irqs:16 16[    0.000000] ps7-slcr mapped to f0004000[    0.000000] zynq_clock_init: clkc starts at f0004100[    0.000000] Zynq clock init[    0.000014] sched_clock: 64 bits at 333MHz, resolution 3ns, wraps every 3298534883328ns[    0.000287] ps7-ttc #0 at f0006000, irq=43[    0.000583] Console: colour dummy device 80x30[    0.000618] Calibrating delay loop... 1325.46 BogoMIPS (lpj=6627328)[    0.040194] pid_max: default: 32768 minimum: 301[    0.040407] Mount-cache hash table entries: 2048 (order: 1, 8192 bytes)[    0.040429] Mountpoint-cache hash table entries: 2048 (order: 1, 8192 bytes)[    0.042528] CPU: Testing write buffer coherency: ok[    0.042848] CPU0: thread -1, cpu 0, socket 0, mpidr 80000000[    0.042905] Setting up static identity map for 0x4c4af8 - 0x4c4b50[    0.043123] L310 cache controller enabled[    0.043142] l2x0: 8 ways, CACHE_ID 0x410000c8, AUX_CTRL 0x72760000, Cache size: 512 kB[    0.120986] CPU1: Booted secondary processor[    0.210217] CPU1: thread -1, cpu 1, socket 0, mpidr 80000001[    0.210345] Brought up 2 CPUs[    0.210364] SMP: Total of 2 processors activated.[    0.210372] CPU: All CPU(s) started in SVC mode.[    0.211010] devtmpfs: initialized[    0.213408] VFP support v0.3: implementor 41 architecture 3 part 30 variant 9 rev 4[    0.214584] regulator-dummy: no parameters[    0.221953] NET: Registered protocol family 16[    0.224169] DMA: preallocated 256 KiB pool for atomic coherent allocations[    0.226419] cpuidle: using governor ladder[    0.226431] cpuidle: using governor menu[    0.233730] syscon f8000000.ps7-slcr: regmap [mem 0xf8000000-0xf8000fff] registered[    0.235218] hw-breakpoint: found 5 (+1 reserved) breakpoint and 1 watchpoint registers.[    0.235231] hw-breakpoint: maximum watchpoint size is 4 bytes.[    0.235339] zynq-ocm f800c000.ps7-ocmc: ZYNQ OCM pool: 256 KiB @ 0xf0080000[    0.256805] bio: create slab <bio-0> at 0[    0.258174] vgaarb: loaded[    0.258853] SCSI subsystem initialized[    0.259713] usbcore: registered new interface driver usbfs[    0.259888] usbcore: registered new interface driver hub[    0.260115] usbcore: registered new device driver usb[    0.260773] media: Linux media interface: v0.10[    0.260930] Linux video capture interface: v2.00[    0.261193] pps_core: LinuxPPS API ver. 1 registered[    0.261206] pps_core: Software ver. 5.3.6 - Copyright 2005-2007 Rodolfo Giometti <giometti@linux.it>[    0.261332] PTP clock support registered[    0.261677] EDAC MC: Ver: 3.0.0[    0.262716] Advanced Linux Sound Architecture Driver Initialized.[    0.265437] DMA-API: preallocated 4096 debug entries[    0.265450] DMA-API: debugging enabled by kernel config[    0.265522] Switched to clocksource arm_global_timer[    0.285819] NET: Registered protocol family 2[    0.286461] TCP established hash table entries: 8192 (order: 3, 32768 bytes)[    0.286556] TCP bind hash table entries: 8192 (order: 4, 65536 bytes)[    0.286714] TCP: Hash tables configured (established 8192 bind 8192)[    0.286773] TCP: reno registered[    0.286791] UDP hash table entries: 512 (order: 2, 16384 bytes)[    0.286841] UDP-Lite hash table entries: 512 (order: 2, 16384 bytes)[    0.287100] NET: Registered protocol family 1[    0.287446] RPC: Registered named UNIX socket transport module.[    0.287458] RPC: Registered udp transport module.[    0.287466] RPC: Registered tcp transport module.[    0.287474] RPC: Registered tcp NFSv4.1 backchannel transport module.[    0.287487] PCI: CLS 0 bytes, default 64[    0.287909] hw perfevents: enabled with ARMv7 Cortex-A9 PMU driver, 7 counters available[    0.289875] futex hash table entries: 512 (order: 3, 32768 bytes)[    0.291211] bounce pool size: 64 pages[    0.292078] jffs2: version 2.2. (NAND) © 2001-2006 Red Hat, Inc.[    0.292277] msgmni has been set to 1486[    0.293037] io scheduler noop registered[    0.293051] io scheduler deadline registered[    0.293090] io scheduler cfq registered (default)[    0.304928] dma-pl330 f8003000.ps7-dma: Loaded driver for PL330 DMAC-2364208[    0.304948] dma-pl330 f8003000.ps7-dma:    DBUFF-128x8bytes Num_Chans-8 Num_Peri-4 Num_Events-16[    0.426370] e0001000.serial: ttyPS0 at MMIO 0xe0001000 (irq = 82, base_baud = 3124999) is a xuartps[    0.998840] console [ttyPS0] enabled[    1.003095] xdevcfg f8007000.ps7-dev-cfg: ioremap 0xf8007000 to f0068000[    1.010719] [drm] Initialized drm 1.1.0 20060810[    1.027606] brd: module loaded[    1.036888] loop: module loaded[    1.046627] e1000e: Intel(R) PRO/1000 Network Driver - 2.3.2-k[    1.052379] e1000e: Copyright(c) 1999 - 2013 Intel Corporation.[    1.060297] libphy: XEMACPS mii bus: probed[    1.064662] ------------- phy_id = 0x3625e62[    1.069416] xemacps e000b000.ps7-ethernet: pdev->id -1, baseaddr 0xe000b000, irq 54[    1.078013] ehci_hcd: USB 2.0 'Enhanced' Host Controller (EHCI) Driver[    1.084637] ehci-pci: EHCI PCI platform driver[    1.091891] zynq-dr e0002000.ps7-usb: Unable to init USB phy, missing?[    1.098732] usbcore: registered new interface driver usb-storage[    1.105645] mousedev: PS/2 mouse device common for all mice[    1.111723] i2c /dev entries driver[    1.118639] zynq-edac f8006000.ps7-ddrc: ecc not enabled[    1.124132] cpufreq_cpu0: failed to get cpu0 regulator: -19[    1.130082] Xilinx Zynq CpuIdle Driver started[    1.134914] sdhci: Secure Digital Host Controller Interface driver[    1.141109] sdhci: Copyright(c) Pierre Ossman[    1.145377] sdhci-pltfm: SDHCI platform and OF driver helper[    1.152197] mmc0: no vqmmc regulator found[    1.156242] mmc0: no vmmc regulator found[    1.195541] mmc0: SDHCI controller on e0100000.ps7-sdio [e0100000.ps7-sdio] using ADMA[    1.204209] usbcore: registered new interface driver usbhid[    1.209715] usbhid: USB HID core driver[    1.214419] nand: device found, Manufacturer ID: 0x2c, Chip ID: 0xda[    1.220721] nand: Micron MT29F2G08ABAEAWP[    1.224680] nand: 256MiB, SLC, page size: 2048, OOB size: 64[    1.230618] Bad block table found at page 131008, version 0x01[    1.236841] Bad block table found at page 130944, version 0x01[    1.242891] 3 ofpart partitions found on MTD device pl353-nand[    1.248672] Creating 3 MTD partitions on \"pl353-nand\":[    1.253761] 0x000000000000-0x000002000000 : \"BOOT.bin-env-dts-kernel\"[    1.261801] 0x000002000000-0x00000b000000 : \"angstram-rootfs\"[    1.269101] 0x00000b000000-0x000010000000 : \"upgrade-rootfs\"[    1.277989] TCP: cubic registered[    1.281223] NET: Registered protocol family 17[    1.285931] Registering SWP/SWPB emulation handler[    1.291801] regulator-dummy: disabling[    1.296105] UBI: attaching mtd1 to ubi0[    1.823051] UBI: scanning is finished[    1.834571] UBI: attached mtd1 (name \"angstram-rootfs\", size 144 MiB) to ubi0[    1.841654] UBI: PEB size: 131072 bytes (128 KiB), LEB size: 126976 bytes[    1.848417] UBI: min./max. I/O unit sizes: 2048/2048, sub-page size 2048[    1.855082] UBI: VID header offset: 2048 (aligned 2048), data offset: 4096[    1.861960] UBI: good PEBs: 1152, bad PEBs: 0, corrupted PEBs: 0[    1.867940] UBI: user volume: 1, internal volumes: 1, max. volumes count: 128[    1.875047] UBI: max/mean erase counter: 29/16, WL threshold: 4096, image sequence number: 200056553[    1.884176] UBI: available PEBs: 0, total reserved PEBs: 1152, PEBs reserved for bad PEB handling: 40[    1.893392] UBI: background thread \"ubi_bgt0d\" started, PID 1080[    1.893398] drivers/rtc/hctosys.c: unable to open rtc device (rtc0)[    1.897287] ALSA device list:[    1.897290]   No soundcards found.[    1.913693] UBIFS: background thread \"ubifs_bgt0_0\" started, PID 1082[    1.942666] UBIFS: recovery needed[    2.009612] UBIFS: recovery completed[    2.013277] UBIFS: mounted UBI device 0, volume 0, name \"rootfs\"[    2.019251] UBIFS: LEB size: 126976 bytes (124 KiB), min./max. I/O unit sizes: 2048 bytes/2048 bytes[    2.028328] UBIFS: FS size: 128626688 bytes (122 MiB, 1013 LEBs), journal size 9023488 bytes (8 MiB, 72 LEBs)[    2.038214] UBIFS: reserved for root: 0 bytes (0 KiB)[    2.043244] UBIFS: media format: w4/r0 (latest is w4/r0), UUID C4D8A166-736F-4D68-8DC1-9B94F2C9EB77, small LPT model[    2.054539] VFS: Mounted root (ubifs filesystem) on device 0:11.[    2.061723] devtmpfs: mounted[    2.064829] Freeing unused kernel memory: 204K (c06d2000 - c0705000)[    2.859208] random: dd urandom read with 0 bits of entropy available[    3.105562][    3.105562] bcm54xx_config_init[    3.705572][    3.705572] bcm54xx_config_init[    6.706398] xemacps e000b000.ps7-ethernet: Set clk to 24999999 Hz[    6.712492] xemacps e000b000.ps7-ethernet: link up (100/FULL)[   19.745422] In axi fpga driver![   19.748487] request_mem_region OK![   19.751878] AXI fpga dev virtual address is 0xf01fe000[   19.757012] *base_vir_addr = 0xc51a[   19.766827] In fpga mem driver![   19.772159] request_mem_region OK![   19.775768] fpga mem virtual address is 0xf3000000[   20.484918][   20.484918] bcm54xx_config_init[   21.084879][   21.084879] bcm54xx_config_init[   24.085432] xemacps e000b000.ps7-ethernet: Set clk to 24999999 Hz[   24.091454] xemacps e000b000.ps7-ethernet: link up (100/FULL)[  914.880858] random: nonblocking pool is initializedDetect 1GB control board of XILINXMiner Type = S9Miner compile time: Fri May  8 15:27:59 CST 2020 type: Antminer S9 (vnish 3.8.6)set_reset_allhashboard = 0x0000ffffset_reset_allhashboard = 0x00000000set_reset_allhashboard = 0x0000ffffset_reset_allhashboard = 0x0000ffffChecking fans!1 fan okit's a link to imgs https://ibb.co/8YGHkq9https://ibb.co/wzJ37Hdhttps://ibb.co/2yZMnzjhttps://ibb.co/ctvWfY9https://ibb.co/YWZdF7thttps://ibb.co/B3L1q5K",
  "score": 0,
  "upvotes": 0,
  "downvotes": 0,
  "url": "https://bitcointalk.org/index.php?topic=5467612",
  "comments": [
    {
      "author": "philipma1957",
      "created_time": "September 21, 2023, 05:03:54 PM",
      "body": "Quote from: fundamentalmining on September 21, 2023, 03:45:44 PMI found old antminer s9 and I tried to connected it to binance pool in instruction is in must happens in 10 minutes but it wasn't soI don't know what to do also I add pictures from asic admin panelif you know why all parameters = 0 please explain meif you know why what to do, please tell meI also get WARNING! FAN ERROR! But I don't know what does it mean.I also add kernel logs Code:[    0.000000] Booting Linux on physical CPU 0x0[    0.000000] Linux version 3.14.0-xilinx-gb190cb0-dirty (lzq@armdev2) (gcc version 4.8.3 20140320 (prerelease) (Sourcery CodeBench Lite 2014.05-23) ) #57 SMP PREEMPT Fri Dec 9 14:49:22 CST 2016[    0.000000] CPU: ARMv7 Processor [413fc090] revision 0 (ARMv7), cr=18c5387d[    0.000000] CPU: PIPT / VIPT nonaliasing data cache, VIPT aliasing instruction cache[    0.000000] Machine model: Xilinx Zynq[    0.000000] cma: CMA: reserved 128 MiB at 27800000[    0.000000] Memory policy: Data cache writealloc[    0.000000] On node 0 totalpages: 258048[    0.000000] free_area_init_node: node 0, pgdat c0740a40, node_mem_map e6fd8000[    0.000000]   Normal zone: 1520 pages used for memmap[    0.000000]   Normal zone: 0 pages reserved[    0.000000]   Normal zone: 194560 pages, LIFO batch:31[    0.000000]   HighMem zone: 496 pages used for memmap[    0.000000]   HighMem zone: 63488 pages, LIFO batch:15[    0.000000] PERCPU: Embedded 8 pages/cpu @e6fc0000 s9088 r8192 d15488 u32768[    0.000000] pcpu-alloc: s9088 r8192 d15488 u32768 alloc=8*4096[    0.000000] pcpu-alloc: [0] 0 [0] 1[    0.000000] Built 1 zonelists in Zone order, mobility grouping on.  Total pages: 256528[    0.000000] Kernel command line: noinitrd mem=1008M console=ttyPS0,115200 root=ubi0:rootfs ubi.mtd=1 rootfstype=ubifs rw rootwait[    0.000000] PID hash table entries: 4096 (order: 2, 16384 bytes)[    0.000000] Dentry cache hash table entries: 131072 (order: 7, 524288 bytes)[    0.000000] Inode-cache hash table entries: 65536 (order: 6, 262144 bytes)[    0.000000] Memory: 884148K/1032192K available (5032K kernel code, 283K rwdata, 1916K rodata, 204K init, 258K bss, 148044K reserved, 253952K highmem)[    0.000000] Virtual kernel memory layout:[    0.000000]     vector  : 0xffff0000 - 0xffff1000   (   4 kB)[    0.000000]     fixmap  : 0xfff00000 - 0xfffe0000   ( 896 kB)[    0.000000]     vmalloc : 0xf0000000 - 0xff000000   ( 240 MB)[    0.000000]     lowmem  : 0xc0000000 - 0xef800000   ( 760 MB)[    0.000000]     pkmap   : 0xbfe00000 - 0xc0000000   (   2 MB)[    0.000000]     modules : 0xbf000000 - 0xbfe00000   (  14 MB)[    0.000000]       .text : 0xc0008000 - 0xc06d1374   (6949 kB)[    0.000000]       .init : 0xc06d2000 - 0xc0705380   ( 205 kB)[    0.000000]       .data : 0xc0706000 - 0xc074cf78   ( 284 kB)[    0.000000]        .bss : 0xc074cf84 - 0xc078d9fc   ( 259 kB)[    0.000000] Preemptible hierarchical RCU implementation.[    0.000000]  Dump stacks of tasks blocking RCU-preempt GP.[    0.000000]  RCU restricting CPUs from NR_CPUS=4 to nr_cpu_ids=2.[    0.000000] RCU: Adjusting geometry for rcu_fanout_leaf=16, nr_cpu_ids=2[    0.000000] NR_IRQS:16 nr_irqs:16 16[    0.000000] ps7-slcr mapped to f0004000[    0.000000] zynq_clock_init: clkc starts at f0004100[    0.000000] Zynq clock init[    0.000014] sched_clock: 64 bits at 333MHz, resolution 3ns, wraps every 3298534883328ns[    0.000287] ps7-ttc #0 at f0006000, irq=43[    0.000583] Console: colour dummy device 80x30[    0.000618] Calibrating delay loop... 1325.46 BogoMIPS (lpj=6627328)[    0.040194] pid_max: default: 32768 minimum: 301[    0.040407] Mount-cache hash table entries: 2048 (order: 1, 8192 bytes)[    0.040429] Mountpoint-cache hash table entries: 2048 (order: 1, 8192 bytes)[    0.042528] CPU: Testing write buffer coherency: ok[    0.042848] CPU0: thread -1, cpu 0, socket 0, mpidr 80000000[    0.042905] Setting up static identity map for 0x4c4af8 - 0x4c4b50[    0.043123] L310 cache controller enabled[    0.043142] l2x0: 8 ways, CACHE_ID 0x410000c8, AUX_CTRL 0x72760000, Cache size: 512 kB[    0.120986] CPU1: Booted secondary processor[    0.210217] CPU1: thread -1, cpu 1, socket 0, mpidr 80000001[    0.210345] Brought up 2 CPUs[    0.210364] SMP: Total of 2 processors activated.[    0.210372] CPU: All CPU(s) started in SVC mode.[    0.211010] devtmpfs: initialized[    0.213408] VFP support v0.3: implementor 41 architecture 3 part 30 variant 9 rev 4[    0.214584] regulator-dummy: no parameters[    0.221953] NET: Registered protocol family 16[    0.224169] DMA: preallocated 256 KiB pool for atomic coherent allocations[    0.226419] cpuidle: using governor ladder[    0.226431] cpuidle: using governor menu[    0.233730] syscon f8000000.ps7-slcr: regmap [mem 0xf8000000-0xf8000fff] registered[    0.235218] hw-breakpoint: found 5 (+1 reserved) breakpoint and 1 watchpoint registers.[    0.235231] hw-breakpoint: maximum watchpoint size is 4 bytes.[    0.235339] zynq-ocm f800c000.ps7-ocmc: ZYNQ OCM pool: 256 KiB @ 0xf0080000[    0.256805] bio: create slab <bio-0> at 0[    0.258174] vgaarb: loaded[    0.258853] SCSI subsystem initialized[    0.259713] usbcore: registered new interface driver usbfs[    0.259888] usbcore: registered new interface driver hub[    0.260115] usbcore: registered new device driver usb[    0.260773] media: Linux media interface: v0.10[    0.260930] Linux video capture interface: v2.00[    0.261193] pps_core: LinuxPPS API ver. 1 registered[    0.261206] pps_core: Software ver. 5.3.6 - Copyright 2005-2007 Rodolfo Giometti <giometti@linux.it>[    0.261332] PTP clock support registered[    0.261677] EDAC MC: Ver: 3.0.0[    0.262716] Advanced Linux Sound Architecture Driver Initialized.[    0.265437] DMA-API: preallocated 4096 debug entries[    0.265450] DMA-API: debugging enabled by kernel config[    0.265522] Switched to clocksource arm_global_timer[    0.285819] NET: Registered protocol family 2[    0.286461] TCP established hash table entries: 8192 (order: 3, 32768 bytes)[    0.286556] TCP bind hash table entries: 8192 (order: 4, 65536 bytes)[    0.286714] TCP: Hash tables configured (established 8192 bind 8192)[    0.286773] TCP: reno registered[    0.286791] UDP hash table entries: 512 (order: 2, 16384 bytes)[    0.286841] UDP-Lite hash table entries: 512 (order: 2, 16384 bytes)[    0.287100] NET: Registered protocol family 1[    0.287446] RPC: Registered named UNIX socket transport module.[    0.287458] RPC: Registered udp transport module.[    0.287466] RPC: Registered tcp transport module.[    0.287474] RPC: Registered tcp NFSv4.1 backchannel transport module.[    0.287487] PCI: CLS 0 bytes, default 64[    0.287909] hw perfevents: enabled with ARMv7 Cortex-A9 PMU driver, 7 counters available[    0.289875] futex hash table entries: 512 (order: 3, 32768 bytes)[    0.291211] bounce pool size: 64 pages[    0.292078] jffs2: version 2.2. (NAND) © 2001-2006 Red Hat, Inc.[    0.292277] msgmni has been set to 1486[    0.293037] io scheduler noop registered[    0.293051] io scheduler deadline registered[    0.293090] io scheduler cfq registered (default)[    0.304928] dma-pl330 f8003000.ps7-dma: Loaded driver for PL330 DMAC-2364208[    0.304948] dma-pl330 f8003000.ps7-dma:  DBUFF-128x8bytes Num_Chans-8 Num_Peri-4 Num_Events-16[    0.426370] e0001000.serial: ttyPS0 at MMIO 0xe0001000 (irq = 82, base_baud = 3124999) is a xuartps[    0.998840] console [ttyPS0] enabled[    1.003095] xdevcfg f8007000.ps7-dev-cfg: ioremap 0xf8007000 to f0068000[    1.010719] [drm] Initialized drm 1.1.0 20060810[    1.027606] brd: module loaded[    1.036888] loop: module loaded[    1.046627] e1000e: Intel(R) PRO/1000 Network Driver - 2.3.2-k[    1.052379] e1000e: Copyright(c) 1999 - 2013 Intel Corporation.[    1.060297] libphy: XEMACPS mii bus: probed[    1.064662] ------------- phy_id = 0x3625e62[    1.069416] xemacps e000b000.ps7-ethernet: pdev->id -1, baseaddr 0xe000b000, irq 54[    1.078013] ehci_hcd: USB 2.0 'Enhanced' Host Controller (EHCI) Driver[    1.084637] ehci-pci: EHCI PCI platform driver[    1.091891] zynq-dr e0002000.ps7-usb: Unable to init USB phy, missing?[    1.098732] usbcore: registered new interface driver usb-storage[    1.105645] mousedev: PS/2 mouse device common for all mice[    1.111723] i2c /dev entries driver[    1.118639] zynq-edac f8006000.ps7-ddrc: ecc not enabled[    1.124132] cpufreq_cpu0: failed to get cpu0 regulator: -19[    1.130082] Xilinx Zynq CpuIdle Driver started[    1.134914] sdhci: Secure Digital Host Controller Interface driver[    1.141109] sdhci: Copyright(c) Pierre Ossman[    1.145377] sdhci-pltfm: SDHCI platform and OF driver helper[    1.152197] mmc0: no vqmmc regulator found[    1.156242] mmc0: no vmmc regulator found[    1.195541] mmc0: SDHCI controller on e0100000.ps7-sdio [e0100000.ps7-sdio] using ADMA[    1.204209] usbcore: registered new interface driver usbhid[    1.209715] usbhid: USB HID core driver[    1.214419] nand: device found, Manufacturer ID: 0x2c, Chip ID: 0xda[    1.220721] nand: Micron MT29F2G08ABAEAWP[    1.224680] nand: 256MiB, SLC, page size: 2048, OOB size: 64[    1.230618] Bad block table found at page 131008, version 0x01[    1.236841] Bad block table found at page 130944, version 0x01[    1.242891] 3 ofpart partitions found on MTD device pl353-nand[    1.248672] Creating 3 MTD partitions on \"pl353-nand\":[    1.253761] 0x000000000000-0x000002000000 : \"BOOT.bin-env-dts-kernel\"[    1.261801] 0x000002000000-0x00000b000000 : \"angstram-rootfs\"[    1.269101] 0x00000b000000-0x000010000000 : \"upgrade-rootfs\"[    1.277989] TCP: cubic registered[    1.281223] NET: Registered protocol family 17[    1.285931] Registering SWP/SWPB emulation handler[    1.291801] regulator-dummy: disabling[    1.296105] UBI: attaching mtd1 to ubi0[    1.823051] UBI: scanning is finished[    1.834571] UBI: attached mtd1 (name \"angstram-rootfs\", size 144 MiB) to ubi0[    1.841654] UBI: PEB size: 131072 bytes (128 KiB), LEB size: 126976 bytes[    1.848417] UBI: min./max. I/O unit sizes: 2048/2048, sub-page size 2048[    1.855082] UBI: VID header offset: 2048 (aligned 2048), data offset: 4096[    1.861960] UBI: good PEBs: 1152, bad PEBs: 0, corrupted PEBs: 0[    1.867940] UBI: user volume: 1, internal volumes: 1, max. volumes count: 128[    1.875047] UBI: max/mean erase counter: 29/16, WL threshold: 4096, image sequence number: 200056553[    1.884176] UBI: available PEBs: 0, total reserved PEBs: 1152, PEBs reserved for bad PEB handling: 40[    1.893392] UBI: background thread \"ubi_bgt0d\" started, PID 1080[    1.893398] drivers/rtc/hctosys.c: unable to open rtc device (rtc0)[    1.897287] ALSA device list:[    1.897290]   No soundcards found.[    1.913693] UBIFS: background thread \"ubifs_bgt0_0\" started, PID 1082[    1.942666] UBIFS: recovery needed[    2.009612] UBIFS: recovery completed[    2.013277] UBIFS: mounted UBI device 0, volume 0, name \"rootfs\"[    2.019251] UBIFS: LEB size: 126976 bytes (124 KiB), min./max. I/O unit sizes: 2048 bytes/2048 bytes[    2.028328] UBIFS: FS size: 128626688 bytes (122 MiB, 1013 LEBs), journal size 9023488 bytes (8 MiB, 72 LEBs)[    2.038214] UBIFS: reserved for root: 0 bytes (0 KiB)[    2.043244] UBIFS: media format: w4/r0 (latest is w4/r0), UUID C4D8A166-736F-4D68-8DC1-9B94F2C9EB77, small LPT model[    2.054539] VFS: Mounted root (ubifs filesystem) on device 0:11.[    2.061723] devtmpfs: mounted[    2.064829] Freeing unused kernel memory: 204K (c06d2000 - c0705000)[    2.859208] random: dd urandom read with 0 bits of entropy available[    3.105562][    3.105562] bcm54xx_config_init[    3.705572][    3.705572] bcm54xx_config_init[    6.706398] xemacps e000b000.ps7-ethernet: Set clk to 24999999 Hz[    6.712492] xemacps e000b000.ps7-ethernet: link up (100/FULL)[   19.745422] In axi fpga driver![   19.748487] request_mem_region OK![   19.751878] AXI fpga dev virtual address is 0xf01fe000[   19.757012] *base_vir_addr = 0xc51a[   19.766827] In fpga mem driver![   19.772159] request_mem_region OK![   19.775768] fpga mem virtual address is 0xf3000000[   20.484918][   20.484918] bcm54xx_config_init[   21.084879][   21.084879] bcm54xx_config_init[   24.085432] xemacps e000b000.ps7-ethernet: Set clk to 24999999 Hz[   24.091454] xemacps e000b000.ps7-ethernet: link up (100/FULL)[  914.880858] random: nonblocking pool is initializedDetect 1GB control board of XILINXMiner Type = S9Miner compile time: Fri May  8 15:27:59 CST 2020 type: Antminer S9 (vnish 3.8.6)set_reset_allhashboard = 0x0000ffffset_reset_allhashboard = 0x00000000set_reset_allhashboard = 0x0000ffffset_reset_allhashboard = 0x0000ffffChecking fans!1 fan ok [/pre]it's a link to imgs https://ibb.co/8YGHkq9https://ibb.co/wzJ37Hdhttps://ibb.co/2yZMnzjhttps://ibb.co/ctvWfY9https://ibb.co/YWZdF7thttps://ibb.co/B3L1q5K",
      "score": 0,
      "upvotes": 0,
      "downvotes": 0
    },
    {
      "author": "philipma1957",
      "created_time": "September 21, 2023, 05:11:13 PM",
      "body": "you have shit aftermarket firmware on it from nice hash.you need to get rid of it as I am not sure why it says you have a bad fan.alternative method you could buy 2 new fans. and swap them in.here is a good use seller if you are in usahttps://vmssecuritycloud.com/product/120mm-antminer-fan/a decent price for 5 used fansfree shipping to usa",
      "score": 0,
      "upvotes": 0,
      "downvotes": 0
    },
    {
      "author": "fundamentalmining",
      "created_time": "September 23, 2023, 12:23:30 PM",
      "body": "Thank you for your reply! can you tell me what the best firmware for this asic?",
      "score": 0,
      "upvotes": 0,
      "downvotes": 0
    },
    {
      "author": "philipma1957",
      "created_time": "September 23, 2023, 01:34:36 PM",
      "body": "Quote from: fundamentalmining on September 23, 2023, 12:23:30 PMThank you for your reply! can you tell me what the best firmware for this asic? i would try braiins on a micro sd card.",
      "score": 0,
      "upvotes": 0,
      "downvotes": 0
    },
    {
      "author": "BitMaxz",
      "created_time": "September 23, 2023, 03:52:01 PM",
      "body": "Quote from: fundamentalmining on September 23, 2023, 12:23:30 PMThank you for your reply! can you tell me what the best firmware for this asic? Flashing the unit with Braiins firmware can bypass the fan issue but we don't know if it's only a software or a hardware issue.Why not try to flash the unit first with stock firmware if the fan error stays the same you should replace the broken fan because ignoring the fan issue by using Braiins OS may lead to overheating issues. So you must replace them if the fan is broken.",
      "score": 0,
      "upvotes": 0,
      "downvotes": 0
    }
  ]
}