{
  "id": "topic_5402761",
  "title": "odinloz92",
  "author": "odinloz92",
  "created_time": "June 15, 2022, 09:54:53 PM",
  "content": "Booting Linux on physical CPU 0x0Linux version 4.6.0-xilinx-gff8137b-dirty (lzq@armdev2) (gcc version 4.8.3 20140320 (prerelease) (Sourcery CodeBench Lite 2014.05-23) ) #25 SMP PREEMPT Fri
Nov 23 15:30:52 CST 2018CPU: ARMv7 Processor [413fc090] revision 0 (ARMv7), cr=18c5387dCPU: PIPT / VIPT nonaliasing data cache, VIPT aliasing instruction cacheMachine model: Xilinx Zynqcma: Reserved 16 MiB at 0x0e000000Memory policy: Data cache writeallocOn node 0 totalpages: 61440free_area_init_node: node 0, pgdat c0b39280, node_mem_map cde10000  Normal zone: 480 pages used for memmap  Normal zone: 0 pages reserved  Normal zone: 61440 pages, LIFO batch:15percpu: Embedded 12 pages/cpu @cddf1000 s19776 r8192 d21184 u49152pcpu-alloc: s19776 r8192 d21184 u49152 alloc=12*4096pcpu-alloc:  0  1 Built 1 zonelists in Zone order, mobility grouping on.  Total pages: 60960Kernel command line: mem=240M console=ttyPS0,115200 ramdisk_size=33554432 root=/dev/ram rw earlyprintkPID hash table entries: 1024 (order: 0, 4096 bytes)Dentry cache hash table entries: 32768 (order: 5, 131072 bytes)Inode-cache hash table entries: 16384 (order: 4, 65536 bytes)Memory: 197340K/245760K available (6345K kernel code, 231K rwdata, 1896K rodata, 1024K init, 223K bss, 32036K reserved, 16384K cma-reserved, 0K highmem)Virtual kernel memory layout:    vector  : 0xffff0000 - 0xffff1000   (   4 kB)    fixmap  : 0xffc00000 - 0xfff00000   (3072 kB)    vmalloc : 0xcf800000 - 0xff800000   ( 768 MB)    lowmem  : 0xc0000000 - 0xcf000000   ( 240 MB)    pkmap   : 0xbfe00000 - 0xc0000000   (   2 MB)    modules : 0xbf000000 - 0xbfe00000   (  14 MB)      .text : 0xc0008000 - 0xc090c424   (9234 kB)      .init : 0xc0a00000 - 0xc0b00000   (1024 kB)      .data : 0xc0b00000 - 0xc0b39fe0   ( 232 kB)       .bss : 0xc0b39fe0 - 0xc0b71c28   ( 224 kB)Preemptible hierarchical RCU implementation.   Build-time adjustment of leaf fanout to 32.   RCU restricting CPUs from NR_CPUS=4 to nr_cpu_ids=2.RCU: Adjusting geometry for rcu_fanout_leaf=32, nr_cpu_ids=2NR_IRQS:16 nr_irqs:16 16efuse mapped to cf800000ps7-slcr mapped to cf802000L2C: platform modifies aux control register: 0x72360000 -> 0x72760000L2C: DT/platform modifies aux control register: 0x72360000 -> 0x72760000L2C-310 erratum 769419 enabledL2C-310 enabling early BRESP for Cortex-A9L2C-310 full line of zeros enabled for Cortex-A9L2C-310 ID prefetch enabled, offset 1 linesL2C-310 dynamic clock gating enabled, standby mode enabledL2C-310 cache controller enabled, 8 ways, 512 kBL2C-310: CACHE_ID 0x410000c8, AUX_CTRL 0x76760001zynq_clock_init: clkc starts at cf802100Zynq clock initsched_clock: 64 bits at 333MHz, resolution 3ns, wraps every 4398046511103nsclocksource: arm_global_timer: mask: 0xffffffffffffffff max_cycles: 0x4ce07af025, max_idle_ns: 440795209040 nsSwitching to timer-based delay loop, resolution 3nsclocksource: ttc_clocksource: mask: 0xffff max_cycles: 0xffff, max_idle_ns: 537538477 nsps7-ttc #0 at cf80a000, irq=18Console: colour dummy device 80x30Calibrating delay loop (skipped), value calculated using timer frequency.. 666.66 BogoMIPS (lpj=3333333)pid_max: default: 32768 minimum: 301Mount-cache hash table entries: 1024 (order: 0, 4096 bytes)Mountpoint-cache hash table entries: 1024 (order: 0, 4096 bytes)CPU: Testing write buffer coherency: okCPU0: thread -1, cpu 0, socket 0, mpidr 80000000Setting up static identity map for 0x100000 - 0x100058CPU1: failed to boot: -1Brought up 1 CPUsSMP: Total of 1 processors activated (666.66 BogoMIPS).CPU: All CPU(s) started in SVC mode.devtmpfs: initializedVFP support v0.3: implementor 41 architecture 3 part 30 variant 9 rev 4clocksource: jiffies: mask: 0xffffffff max_cycles: 0xffffffff, max_idle_ns: 19112604462750000 nspinctrl core: initialized pinctrl subsystemNET: Registered protocol family 16DMA: preallocated 256 KiB pool for atomic coherent allocationscpuidle: using governor menuhw-breakpoint: found 5 (+1 reserved) breakpoint and 1 watchpoint registers.hw-breakpoint: maximum watchpoint size is 4 bytes.zynq-ocm f800c000.ps7-ocmc: ZYNQ OCM pool: 256 KiB @ 0xcf880000vgaarb: loadedSCSI subsystem initializedusbcore: registered new interface driver usbfsusbcore: registered new interface driver hubusbcore: registered new device driver usbmedia: Linux media interface: v0.10Linux video capture interface: v2.00pps_core: LinuxPPS API ver. 1 registeredpps_core: Software ver. 5.3.6 - Copyright 2005-2007 Rodolfo Giometti <giometti@linux.it>PTP clock support registeredEDAC MC: Ver: 3.0.0Advanced Linux Sound Architecture Driver Initialized.clocksource: Switched to clocksource arm_global_timerNET: Registered protocol family 2TCP established hash table entries: 2048 (order: 1, 8192 bytes)TCP bind hash table entries: 2048 (order: 2, 16384 bytes)TCP: Hash tables configured (established 2048 bind 2048)UDP hash table entries: 256 (order: 1, 8192 bytes)UDP-Lite hash table entries: 256 (order: 1, 8192 bytes)NET: Registered protocol family 1RPC: Registered named UNIX socket transport module.RPC: Registered udp transport module.RPC: Registered tcp transport module.RPC: Registered tcp NFSv4.1 backchannel transport module.PCI: CLS 0 bytes, default 64Trying to unpack rootfs image as initramfs...rootfs image is not initramfs (no cpio magic); looks like an initrdFreeing initrd memory: 18996K (cc873000 - cdb00000)hw perfevents: enabled with armv7_cortex_a9 PMU driver, 7 counters availablefutex hash table entries: 512 (order: 3, 32768 bytes)workingset: timestamp_bits=28 max_order=16 bucket_order=0jffs2: version 2.2. (NAND) (SUMMARY)  © 2001-2006 Red Hat, Inc.io scheduler noop registeredio scheduler deadline registeredio scheduler cfq registered (default)dma-pl330 f8003000.ps7-dma: Loaded driver for PL330 DMAC-241330dma-pl330 f8003000.ps7-dma:    DBUFF-128x8bytes Num_Chans-8 Num_Peri-4 Num_Events-16e0000000.serial: ttyPS0 at MMIO 0xe0000000 (irq = 158, base_baud = 6249999) is a xuartpsconsole [ttyPS0] enabledxdevcfg f8007000.ps7-dev-cfg: ioremap 0xf8007000 to cf86e000[drm] Initialized drm 1.1.0 20060810brd: module loadedloop: module loadedCAN device driver interfacegpiod_set_value: invalid GPIOlibphy: MACB_mii_bus: probedmacb e000b000.ethernet eth0: Cadence GEM rev 0x00020118 at 0xe000b000 irq 31 (00:0a:35:00:00:00)Generic PHY e000b000.etherne:00: attached PHY driver [Generic PHY] (mii_bus:phy_addr=e000b000.etherne:00, irq=-1)e1000e: Intel(R) PRO/1000 Network Driver - 3.2.6-ke1000e: Copyright(c) 1999 - 2015 Intel Corporation.ehci_hcd: USB 2.0 'Enhanced' Host Controller (EHCI) Driverehci-pci: EHCI PCI platform driverusbcore: registered new interface driver usb-storagemousedev: PS/2 mouse device common for all micei2c /dev entries driverXilinx Zynq CpuIdle Driver startedsdhci: Secure Digital Host Controller Interface driversdhci: Copyright(c) Pierre Ossmansdhci-pltfm: SDHCI platform and OF driver helpermmc0: SDHCI controller on e0100000.ps7-sdio [e0100000.ps7-sdio] using ADMAledtrig-cpu: registered to indicate activity on CPUsusbcore: registered new interface driver usbhidusbhid: USB HID core drivernand: device found, Manufacturer ID: 0x2c, Chip ID: 0xdanand: Micron MT29F2G08ABAEAWPnand: 256 MiB, SLC, erase size: 128 KiB, page size: 2048, OOB size: 64nand: WARNING: pl35x-nand: the ECC used on your system is too weak compared to the one required by the NAND chipBad block table found at page 131008, version 0x01Bad block table found at page 130944, version 0x016 ofpart partitions found on MTD device pl35x-nandCreating 6 MTD partitions on \"pl35x-nand\":0x000000000000-0x000002800000 : \"BOOT.bin-env-dts-kernel\"0x000002800000-0x000004800000 : \"ramfs\"0x000004800000-0x000005000000 : \"configs\"0x000005000000-0x000006000000 : \"reserve\"0x000006000000-0x000008000000 : \"ramfs-bak\"0x000008000000-0x000010000000 : \"reserve1\"NET: Registered protocol family 10sit: IPv6 over IPv4 tunneling driverNET: Registered protocol family 17can: controller area network core (rev 20120528 abi 9)NET: Registered protocol family 29can: raw protocol (rev 20120528)can: broadcast manager protocol (rev 20120528 t)can: netlink gateway (rev 20130117) max_hops=1zynq_pm_ioremap: no compatible node found for 'xlnx,zynq-ddrc-a05'zynq_pm_late_init: Unable to map DDRC IO memory.Registering SWP/SWPB emulation handlerhctosys: unable to open rtc device (rtc0)ALSA device list:  No soundcards found.RAMDISK: gzip image found at block 0EXT4-fs (ram0): couldn't mount as ext3 due to feature incompatibilitiesEXT4-fs (ram0): mounted filesystem without journal. Opts: (null)VFS: Mounted root (ext4 filesystem) on device 1:0.devtmpfs: mountedFreeing unused kernel memory: 1024K (c0a00000 - c0b00000)EXT4-fs (ram0): re-mounted. Opts: block_validity,delalloc,barrier,user_xattrrandom: dd urandom read with 0 bits of entropy availableubi0: attaching mtd2ubi0: scanning is finishedubi0: attached mtd2 (name \"configs\", size 8 MiB)ubi0: PEB size: 131072 bytes (128 KiB), LEB size: 126976 bytesubi0: min./max. I/O unit sizes: 2048/2048, sub-page size 2048ubi0: VID header offset: 2048 (aligned 2048), data offset: 4096ubi0: good PEBs: 64, bad PEBs: 0, corrupted PEBs: 0ubi0: user volume: 1, internal volumes: 1, max. volumes count: 128ubi0: max/mean erase counter: 13/6, WL threshold: 4096, image sequence number: 962584129ubi0: available PEBs: 0, total reserved PEBs: 64, PEBs reserved for bad PEB handling: 40ubi0: background thread \"ubi_bgt0d\" started, PID 708UBIFS (ubi0:0): background thread \"ubifs_bgt0_0\" started, PID 711UBIFS (ubi0:0): recovery neededUBIFS (ubi0:0): recovery completedUBIFS (ubi0:0): UBIFS: mounted UBI device 0, volume 0, name \"configs\"UBIFS (ubi0:0): LEB size: 126976 bytes (124 KiB), min./max. I/O unit sizes: 2048 bytes/2048 bytesUBIFS (ubi0:0): FS size: 1396736 bytes (1 MiB, 11 LEBs), journal size 888833 bytes (0 MiB, 5 LEBs)UBIFS (ubi0:0): reserved for root: 65970 bytes (64 KiB)UBIFS (ubi0:0): media format: w4/r0 (latest is w4/r0), UUID F3CF9EBA-AB9B-40C1-90D1-D87EAC95E58B, small LPT modelubi1: attaching mtd5ubi1: scanning is finishedubi1: attached mtd5 (name \"reserve1\", size 128 MiB)ubi1: PEB size: 131072 bytes (128 KiB), LEB size: 126976 bytesubi1: min./max. I/O unit sizes: 2048/2048, sub-page size 2048ubi1: VID header offset: 2048 (aligned 2048), data offset: 4096ubi1: good PEBs: 1020, bad PEBs: 4, corrupted PEBs: 0ubi1: user volume: 1, internal volumes: 1, max. volumes count: 128ubi1: max/mean erase counter: 5723/3794, WL threshold: 4096, image sequence number: 1480851491ubi1: available PEBs: 0, total reserved PEBs: 1020, PEBs reserved for bad PEB handling: 36ubi1: background thread \"ubi_bgt1d\" started, PID 720UBIFS (ubi1:0): background thread \"ubifs_bgt1_0\" started, PID 723UBIFS (ubi1:0): recovery neededUBIFS (ubi1:0): recovery completedUBIFS (ubi1:0): UBIFS: mounted UBI device 1, volume 0, name \"reserve1\"UBIFS (ubi1:0): LEB size: 126976 bytes (124 KiB), min./max. I/O unit sizes: 2048 bytes/2048 bytesUBIFS (ubi1:0): FS size: 123039744 bytes (117 MiB, 969 LEBs), journal size 6221824 bytes (5 MiB, 49 LEBs)UBIFS (ubi1:0): reserved for root: 4952683 bytes (4836 KiB)UBIFS (ubi1:0): media format: w4/r0 (latest is w4/r0), UUID D014EEBF-9836-4B4F-B935-5D58BB40C952, small LPT modelIPv6: ADDRCONF(NETDEV_UP): eth0: link is not readyIPv6: ADDRCONF(NETDEV_UP): eth0: link is not readymacb e000b000.ethernet eth0: unable to generate target frequency: 25000000 Hzmacb e000b000.ethernet eth0: link up (100/Full)IPv6: ADDRCONF(NETDEV_CHANGE): eth0: link becomes readyIn axi fpga driver!request_mem_region OK!AXI fpga dev virtual address is 0xcfb38000*base_vir_addr = 0xab01bIn fpga mem driver!request_mem_region OK!fpga mem virtual address is 0xd2000000random: nonblocking pool is initialized [2022-06-15 21:40:44.151] start listen on 6060 ... [2022-06-15 21:45:04.512] set_start_time_point total_tv_start_sys=975 total_tv_end_sys=9762022-06-15 21:40:14 driver-btm-soc.c:7273:init_freq_mode: This is scan-user version2022-06-15 21:40:14 driver-btm-soc.c:8125:bitmain_soc_init: T152022-06-15 21:40:14 driver-btm-soc.c:8126:bitmain_soc_init: opt_multi_version=12022-06-15 21:40:14 driver-btm-soc.c:8127:bitmain_soc_init: opt_bitmain_ab=12022-06-15 21:40:14 driver-btm-soc.c:8128:bitmain_soc_init: opt_bitmain_economic_mode=false2022-06-15 21:40:14 driver-btm-soc.c:8129:bitmain_soc_init: opt_bitmain_work_mode_test = 02022-06-15 21:40:14 driver-btm-soc.c:7682:_show_sn: no SN got, please write SN to /nvdata/sn2022-06-15 21:40:14 driver-btm-soc.c:7304:init_phy_mem_nonce2_jobid_address: Detect 256MB control board of XILINX2022-06-15 21:40:14 driver-btm-soc.c:8149:bitmain_soc_init: Miner compile time: Fri Dec 13 15:46:16 CST 2019 type: Antminer T152022-06-15 21:40:14 driver-btm-soc.c:8151:bitmain_soc_init: last commit version: 53156cb commit time: 2019-11-06 10:21:42 build: 2019-12-13 15:53:572022-06-15 21:40:14 driver-btm-soc.c:7336:check_fan_multi: check fan for 20 times...2022-06-15 21:40:16 driver-btm-soc.c:8214:bitmain_soc_init: miner ID : 806815801c20881c2022-06-15 21:40:16 driver-btm-soc.c:7410:init_miner_version: FPGA Version = 0xB01B2022-06-15 21:40:16 driver-btm-soc.c:1092:check_chain: get_hash_on_plug is 0x72022-06-15 21:40:16 driver-btm-soc.c:1104:check_chain: !! chain[0]is exist2022-06-15 21:40:16 driver-btm-soc.c:1104:check_chain: !! chain[1]is exist2022-06-15 21:40:16 driver-btm-soc.c:1104:check_chain: !! chain[2]is exist2022-06-15 21:40:24 eeprom.c:1418:eeprom_load: done2022-06-15 21:40:24 driver-btm-soc.c:7431:init_pcb_version: chain[0] PCB Version : 0x01012022-06-15 21:40:24 driver-btm-soc.c:7449:init_pcb_version: chain[0] BOM Version : 0x01002022-06-15 21:40:24 driver-btm-soc.c:7431:init_pcb_version: chain[1] PCB Version : 0x01012022-06-15 21:40:24 driver-btm-soc.c:7449:init_pcb_version: chain[1] BOM Version : 0x01002022-06-15 21:40:24 driver-btm-soc.c:7431:init_pcb_version: chain[2] PCB Version : 0x01012022-06-15 21:40:24 driver-btm-soc.c:7449:init_pcb_version: chain[2] BOM Version : 0x01002022-06-15 21:40:24 dspic33ep16gs202.c:538:reset_pic: chain[0] ok2022-06-15 21:40:29 dspic33ep16gs202.c:504:jump_to_app_from_loader: chain[0] ok2022-06-15 21:40:29 dspic33ep16gs202.c:538:reset_pic: chain[1] ok2022-06-15 21:40:34 dspic33ep16gs202.c:504:jump_to_app_from_loader: chain[1] ok2022-06-15 21:40:34 dspic33ep16gs202.c:538:reset_pic: chain[2] ok2022-06-15 21:40:39 dspic33ep16gs202.c:504:jump_to_app_from_loader: chain[2] ok2022-06-15 21:40:39 power.c:137:power_init: power init ... 2022-06-15 21:40:39 driver-btm-soc.c:3130:heart_beat_func_one_chain: for chain 22022-06-15 21:40:39 driver-btm-soc.c:3130:heart_beat_func_one_chain: for chain 12022-06-15 21:40:39 driver-btm-soc.c:3130:heart_beat_func_one_chain: for chain 02022-06-15 21:40:41 dspic33ep16gs202.c:409:hashboard_power_cntl:  ok, i2c=0!2022-06-15 21:40:42 dspic33ep16gs202.c:409:hashboard_power_cntl:  ok, i2c=1!2022-06-15 21:40:42 dspic33ep16gs202.c:409:hashboard_power_cntl:  ok, i2c=2!2022-06-15 21:40:45 driver-btm-soc.c:8241:bitmain_soc_init: Enter 30s sleep to make sure power release finish.2022-06-15 21:41:15 driver-btm-soc.c:7626:set_working_voltage_by_eeprom: eeprom voltage[0] = 19.5000002022-06-15 21:41:15 driver-btm-soc.c:7626:set_working_voltage_by_eeprom: eeprom voltage[1] = 19.5000002022-06-15 21:41:15 driver-btm-soc.c:7626:set_working_voltage_by_eeprom: eeprom voltage[2] = 19.5000002022-06-15 21:41:15 driver-btm-soc.c:7630:set_working_voltage_by_eeprom: max = 19.50, min = 19.502022-06-15 21:41:15 power.c:149:set_working_voltage: working_voltage = 19.5000002022-06-15 21:41:15 power.c:274:set_iic_power_to_highest_voltage: setting to voltage: 20.00 ...2022-06-15 21:41:15 power.c:227:set_iic_power_by_voltage: now setting voltage to : 20.000000 2022-06-15 21:41:16 eeprom.c:840:travel_eeprom_store: chain[0] data in eeprom is:magic number: 0x7ffreq data per ASIC:IC[000]:435 IC[001]:435 IC[002]:420 IC[003]:435 IC[004]:405 IC[005]:405 IC[006]:420 IC[007]:435 IC[008]:435 IC[009]:435 IC[010]:435 IC[011]:435 IC[012]:435 IC[013]:420 IC[014]:405 IC[015]:405 IC[016]:435 IC[017]:420 IC[018]:435 IC[019]:435 IC[020]:435 IC[021]:435 IC[022]:435 IC[023]:420 IC[024]:405 IC[025]:405 IC[026]:435 IC[027]:435 IC[028]:435 IC[029]:420 IC[030]:405 IC[031]:420 IC[032]:435 IC[033]:435 IC[034]:435 IC[035]:420 IC[036]:405 IC[037]:435 IC[038]:435 IC[039]:435 IC[040]:435 IC[041]:435 IC[042]:435 IC[043]:420 IC[044]:405 IC[045]:405 IC[046]:420 IC[047]:435 IC[048]:435 IC[049]:435 IC[050]:435 IC[051]:435 IC[052]:435 IC[053]:420 IC[054]:405 IC[055]:420 IC[056]:405 IC[057]:435 IC[058]:435 IC[059]:435 voltage: 18.80 Vhash rate: 06515 GH/sfreq data per ASIC in mode2:IC[000]:495 IC[001]:495 IC[002]:495 IC[003]:495 IC[004]:480 IC[005]:480 IC[006]:495 IC[007]:495 IC[008]:495 IC[009]:495 IC[010]:495 IC[011]:495 IC[012]:495 IC[013]:495 IC[014]:480 IC[015]:480 IC[016]:495 IC[017]:495 IC[018]:495 IC[019]:495 IC[020]:495 IC[021]:495 IC[022]:495 IC[023]:495 IC[024]:480 IC[025]:495 IC[026]:495 IC[027]:495 IC[028]:480 IC[029]:495 IC[030]:495 IC[031]:480 IC[032]:495 IC[033]:495 IC[034]:495 IC[035]:495 IC[036]:495 IC[037]:480 IC[038]:495 IC[039]:495 IC[040]:495 IC[041]:495 IC[042]:495 IC[043]:495 IC[044]:480 IC[045]:480 IC[046]:495 IC[047]:495 IC[048]:495 IC[049]:495 IC[050]:495 IC[051]:495 IC[052]:495 IC[053]:495 IC[054]:480 IC[055]:495 IC[056]:480 IC[057]:495 IC[058]:495 IC[059]:495 voltage in mode2: 19.50 Vhash rate in mode2: 07512 GH/s2022-06-15 21:41:16 eeprom.c:840:travel_eeprom_store: chain[1] data in eeprom is:magic number: 0x7ffreq data per ASIC:IC[000]:450 IC[001]:450 IC[002]:450 IC[003]:450 IC[004]:435 IC[005]:450 IC[006]:435 IC[007]:450 IC[008]:450 IC[009]:450 IC[010]:450 IC[011]:435 IC[012]:450 IC[013]:450 IC[014]:450 IC[015]:450 IC[016]:435 IC[017]:450 IC[018]:450 IC[019]:450 IC[020]:450 IC[021]:450 IC[022]:435 IC[023]:450 IC[024]:450 IC[025]:450 IC[026]:450 IC[027]:450 IC[028]:450 IC[029]:435 IC[030]:450 IC[031]:450 IC[032]:450 IC[033]:450 IC[034]:435 IC[035]:450 IC[036]:435 IC[037]:450 IC[038]:450 IC[039]:450 IC[040]:450 IC[041]:450 IC[042]:450 IC[043]:450 IC[044]:435 IC[045]:435 IC[046]:450 IC[047]:450 IC[048]:450 IC[049]:450 IC[050]:450 IC[051]:450 IC[052]:450 IC[053]:450 IC[054]:435 IC[055]:435 IC[056]:450 IC[057]:450 IC[058]:450 IC[059]:450 voltage: 18.80 Vhash rate: 06849 GH/sfreq data per ASIC in mode2:IC[000]:525 IC[001]:525 IC[002]:525 IC[003]:525 IC[004]:510 IC[005]:525 IC[006]:510 IC[007]:525 IC[008]:525 IC[009]:525 IC[010]:525 IC[011]:510 IC[012]:525 IC[013]:525 IC[014]:525 IC[015]:525 IC[016]:510 IC[017]:525 IC[018]:525 IC[019]:525 IC[020]:525 IC[021]:525 IC[022]:510 IC[023]:525 IC[024]:525 IC[025]:525 IC[026]:525 IC[027]:525 IC[028]:525 IC[029]:510 IC[030]:525 IC[031]:525 IC[032]:525 IC[033]:525 IC[034]:510 IC[035]:525 IC[036]:510 IC[037]:525 IC[038]:525 IC[039]:525 IC[040]:525 IC[041]:525 IC[042]:525 IC[043]:525 IC[044]:510 IC[045]:510 IC[046]:525 IC[047]:525 IC[048]:525 IC[049]:525 IC[050]:525 IC[051]:525 IC[052]:525 IC[053]:525 IC[054]:510 IC[055]:510 IC[056]:525 IC[057]:525 IC[058]:525 IC[059]:525 voltage in mode2: 19.50 Vhash rate in mode2: 07990 GH/s2022-06-15 21:41:16 eeprom.c:840:travel_eeprom_store: chain[2] data in eeprom is:magic number: 0x7ffreq data per ASIC:IC[000]:435 IC[001]:420 IC[002]:435 IC[003]:435 IC[004]:435 IC[005]:420 IC[006]:435 IC[007]:435 IC[008]:435 IC[009]:435 IC[010]:420 IC[011]:435 IC[012]:435 IC[013]:435 IC[014]:435 IC[015]:435 IC[016]:435 IC[017]:435 IC[018]:420 IC[019]:435 IC[020]:435 IC[021]:435 IC[022]:435 IC[023]:420 IC[024]:435 IC[025]:435 IC[026]:435 IC[027]:420 IC[028]:435 IC[029]:435 IC[030]:435 IC[031]:435 IC[032]:435 IC[033]:420 IC[034]:435 IC[035]:420 IC[036]:435 IC[037]:435 IC[038]:435 IC[039]:435 IC[040]:435 IC[041]:435 IC[042]:435 IC[043]:420 IC[044]:435 IC[045]:435 IC[046]:420 IC[047]:435 IC[048]:435 IC[049]:435 IC[050]:435 IC[051]:435 IC[052]:435 IC[053]:435 IC[054]:420 IC[055]:420 IC[056]:435 IC[057]:435 IC[058]:435 IC[059]:435 voltage: 18.80 Vhash rate: 06611 GH/sfreq data per ASIC in mode2:IC[000]:495 IC[001]:510 IC[002]:510 IC[003]:510 IC[004]:510 IC[005]:495 IC[006]:510 IC[007]:510 IC[008]:510 IC[009]:510 IC[010]:510 IC[011]:510 IC[012]:510 IC[013]:510 IC[014]:495 IC[015]:510 IC[016]:510 IC[017]:510 IC[018]:495 IC[019]:510 IC[020]:495 IC[021]:510 IC[022]:510 IC[023]:510 IC[024]:510 IC[025]:510 IC[026]:510 IC[027]:495 IC[028]:510 IC[029]:510 IC[030]:510 IC[031]:510 IC[032]:510 IC[033]:495 IC[034]:510 IC[035]:495 IC[036]:510 IC[037]:510 IC[038]:510 IC[039]:510 IC[040]:510 IC[041]:510 IC[042]:510 IC[043]:495 IC[044]:510 IC[045]:510 IC[046]:495 IC[047]:510 IC[048]:510 IC[049]:510 IC[050]:510 IC[051]:510 IC[052]:510 IC[053]:510 IC[054]:495 IC[055]:495 IC[056]:510 IC[057]:510 IC[058]:510 IC[059]:510 voltage in mode2: 19.50 Vhash rate in mode2: 07749 GH/s2022-06-15 21:41:17 dspic33ep16gs202.c:409:hashboard_power_cntl: [1] ok, i2c=0!2022-06-15 21:41:17 znyq.c:193:set_reset_hashboard: set_reset_hashboard = 0x0000fff92022-06-15 21:41:20 znyq.c:193:set_reset_hashboard: set_reset_hashboard = 0x0000fff82022-06-15 21:41:23 driver-btm-soc.c:5456:check_asic_num_by_pre_open_core: Try to find asic by pre core: times 02022-06-15 21:41:23 driver-btm-soc.c:5412:check_asic_num_without_power_off: Open 16 core for chain 02022-06-15 21:41:23 driver-btm-soc.c:3992:open_core_BM1391_pre_open: pre open core = 162022-06-15 21:41:23 driver-btm-soc.c:3967:pre_open_core_one_chain: for chain 02022-06-15 21:41:23 driver-btm-soc.c:3992:open_core_BM1391_pre_open: pre open core = 162022-06-15 21:41:24 driver-btm-soc.c:3967:pre_open_core_one_chain: for chain 02022-06-15 21:41:24 driver-btm-soc.c:3992:open_core_BM1391_pre_open: pre open core = 162022-06-15 21:41:25 driver-btm-soc.c:3967:pre_open_core_one_chain: for chain 02022-06-15 21:41:25 driver-btm-soc.c:3992:open_core_BM1391_pre_open: pre open core = 162022-06-15 21:41:26 driver-btm-soc.c:3967:pre_open_core_one_chain: for chain 02022-06-15 21:41:26 znyq.c:193:set_reset_hashboard: set_reset_hashboard = 0x0000fff92022-06-15 21:41:29 znyq.c:193:set_reset_hashboard: set_reset_hashboard = 0x0000fff82022-06-15 21:41:32 driver-btm-soc.c:5426:check_asic_num_without_power_off: chain 0, find asic num = 602022-06-15 21:41:33 dspic33ep16gs202.c:409:hashboard_power_cntl: [1] ok, i2c=1!2022-06-15 21:41:33 znyq.c:193:set_reset_hashboard: set_reset_hashboard = 0x0000fffa2022-06-15 21:41:36 znyq.c:193:set_reset_hashboard: set_reset_hashboard = 0x0000fff82022-06-15 21:41:39 driver-btm-soc.c:5456:check_asic_num_by_pre_open_core: Try to find asic by pre core: times 02022-06-15 21:41:39 driver-btm-soc.c:5412:check_asic_num_without_power_off: Open 16 core for chain 12022-06-15 21:41:39 driver-btm-soc.c:3992:open_core_BM1391_pre_open: pre open core = 162022-06-15 21:41:39 driver-btm-soc.c:3967:pre_open_core_one_chain: for chain 12022-06-15 21:41:39 driver-btm-soc.c:3992:open_core_BM1391_pre_open: pre open core = 162022-06-15 21:41:40 driver-btm-soc.c:3967:pre_open_core_one_chain: for chain 12022-06-15 21:41:40 driver-btm-soc.c:3992:open_core_BM1391_pre_open: pre open core = 162022-06-15 21:41:41 driver-btm-soc.c:3967:pre_open_core_one_chain: for chain 12022-06-15 21:41:41 driver-btm-soc.c:3992:open_core_BM1391_pre_open: pre open core = 162022-06-15 21:41:42 driver-btm-soc.c:3967:pre_open_core_one_chain: for chain 12022-06-15 21:41:42 znyq.c:193:set_reset_hashboard: set_reset_hashboard = 0x0000fffa2022-06-15 21:41:45 znyq.c:193:set_reset_hashboard: set_reset_hashboard = 0x0000fff82022-06-15 21:41:48 driver-btm-soc.c:5426:check_asic_num_without_power_off: chain 1, find asic num = 602022-06-15 21:41:48 dspic33ep16gs202.c:409:hashboard_power_cntl: [1] ok, i2c=2!2022-06-15 21:41:48 znyq.c:193:set_reset_hashboard: set_reset_hashboard = 0x0000fffc2022-06-15 21:41:51 znyq.c:193:set_reset_hashboard: set_reset_hashboard = 0x0000fff82022-06-15 21:41:54 driver-btm-soc.c:5456:check_asic_num_by_pre_open_core: Try to find asic by pre core: times 02022-06-15 21:41:54 driver-btm-soc.c:5412:check_asic_num_without_power_off: Open 16 core for chain 22022-06-15 21:41:54 driver-btm-soc.c:3992:open_core_BM1391_pre_open: pre open core = 162022-06-15 21:41:55 driver-btm-soc.c:3967:pre_open_core_one_chain: for chain 22022-06-15 21:41:55 driver-btm-soc.c:3992:open_core_BM1391_pre_open: pre open core = 162022-06-15 21:41:56 driver-btm-soc.c:3967:pre_open_core_one_chain: for chain 22022-06-15 21:41:56 driver-btm-soc.c:3992:open_core_BM1391_pre_open: pre open core = 162022-06-15 21:41:57 driver-btm-soc.c:3967:pre_open_core_one_chain: for chain 22022-06-15 21:41:57 driver-btm-soc.c:3992:open_core_BM1391_pre_open: pre open core = 162022-06-15 21:41:57 driver-btm-soc.c:3967:pre_open_core_one_chain: for chain 22022-06-15 21:41:57 znyq.c:193:set_reset_hashboard: set_reset_hashboard = 0x0000fffc2022-06-15 21:42:00 znyq.c:193:set_reset_hashboard: set_reset_hashboard = 0x0000fff82022-06-15 21:42:04 driver-btm-soc.c:5426:check_asic_num_without_power_off: chain 2, find asic num = 602022-06-15 21:42:04 driver-btm-soc.c:7238:balance_domain_voltage: To balance voltage domain, open all core and reset hash board after find asic num.2022-06-15 21:42:04 driver-btm-soc.c:7249:balance_domain_voltage: Open core 16 for chain 02022-06-15 21:42:04 driver-btm-soc.c:3992:open_core_BM1391_pre_open: pre open core = 162022-06-15 21:42:04 driver-btm-soc.c:3967:pre_open_core_one_chain: for chain 02022-06-15 21:42:04 znyq.c:193:set_reset_hashboard: set_reset_hashboard = 0x0000fff92022-06-15 21:42:07 znyq.c:193:set_reset_hashboard: set_reset_hashboard = 0x0000fff82022-06-15 21:42:10 driver-btm-soc.c:7249:balance_domain_voltage: Open core 16 for chain 12022-06-15 21:42:10 driver-btm-soc.c:3992:open_core_BM1391_pre_open: pre open core = 162022-06-15 21:42:11 driver-btm-soc.c:3967:pre_open_core_one_chain: for chain 12022-06-15 21:42:11 znyq.c:193:set_reset_hashboard: set_reset_hashboard = 0x0000fffa2022-06-15 21:42:14 znyq.c:193:set_reset_hashboard: set_reset_hashboard = 0x0000fff82022-06-15 21:42:17 driver-btm-soc.c:7249:balance_domain_voltage: Open core 16 for chain 22022-06-15 21:42:17 driver-btm-soc.c:3992:open_core_BM1391_pre_open: pre open core = 162022-06-15 21:42:18 driver-btm-soc.c:3967:pre_open_core_one_chain: for chain 22022-06-15 21:42:18 znyq.c:193:set_reset_hashboard: set_reset_hashboard = 0x0000fffc2022-06-15 21:42:21 znyq.c:193:set_reset_hashboard: set_reset_hashboard = 0x0000fff82022-06-15 21:42:24 driver-btm-soc.c:7249:balance_domain_voltage: Open core 32 for chain 02022-06-15 21:42:24 driver-btm-soc.c:3992:open_core_BM1391_pre_open: pre open core = 322022-06-15 21:42:25 driver-btm-soc.c:3967:pre_open_core_one_chain: for chain 02022-06-15 21:42:25 znyq.c:193:set_reset_hashboard: set_reset_hashboard = 0x0000fff92022-06-15 21:42:28 znyq.c:193:set_reset_hashboard: set_reset_hashboard = 0x0000fff82022-06-15 21:42:31 driver-btm-soc.c:7249:balance_domain_voltage: Open core 32 for chain 12022-06-15 21:42:31 driver-btm-soc.c:3992:open_core_BM1391_pre_open: pre open core = 322022-06-15 21:42:33 driver-btm-soc.c:3967:pre_open_core_one_chain: for chain 12022-06-15 21:42:33 znyq.c:193:set_reset_hashboard: set_reset_hashboard = 0x0000fffa2022-06-15 21:42:36 znyq.c:193:set_reset_hashboard: set_reset_hashboard = 0x0000fff82022-06-15 21:42:39 driver-btm-soc.c:7249:balance_domain_voltage: Open core 32 for chain 22022-06-15 21:42:39 driver-btm-soc.c:3992:open_core_BM1391_pre_open: pre open core = 322022-06-15 21:42:40 driver-btm-soc.c:3967:pre_open_core_one_chain: for chain 22022-06-15 21:42:40 znyq.c:193:set_reset_hashboard: set_reset_hashboard = 0x0000fffc2022-06-15 21:42:43 znyq.c:193:set_reset_hashboard: set_reset_hashboard = 0x0000fff82022-06-15 21:42:46 driver-btm-soc.c:7249:balance_domain_voltage: Open core 64 for chain 02022-06-15 21:42:46 driver-btm-soc.c:3992:open_core_BM1391_pre_open: pre open core = 642022-06-15 21:42:49 driver-btm-soc.c:3967:pre_open_core_one_chain: for chain 02022-06-15 21:42:49 znyq.c:193:set_reset_hashboard: set_reset_hashboard = 0x0000fff92022-06-15 21:42:52 znyq.c:193:set_reset_hashboard: set_reset_hashboard = 0x0000fff82022-06-15 21:42:55 driver-btm-soc.c:7249:balance_domain_voltage: Open core 64 for chain 12022-06-15 21:42:55 driver-btm-soc.c:3992:open_core_BM1391_pre_open: pre open core = 642022-06-15 21:42:58 driver-btm-soc.c:3967:pre_open_core_one_chain: for chain 12022-06-15 21:42:58 znyq.c:193:set_reset_hashboard: set_reset_hashboard = 0x0000fffa2022-06-15 21:43:01 znyq.c:193:set_reset_hashboard: set_reset_hashboard = 0x0000fff82022-06-15 21:43:04 driver-btm-soc.c:7249:balance_domain_voltage: Open core 64 for chain 22022-06-15 21:43:04 driver-btm-soc.c:3992:open_core_BM1391_pre_open: pre open core = 642022-06-15 21:43:07 driver-btm-soc.c:3967:pre_open_core_one_chain: for chain 22022-06-15 21:43:07 znyq.c:193:set_reset_hashboard: set_reset_hashboard = 0x0000fffc2022-06-15 21:43:10 znyq.c:193:set_reset_hashboard: set_reset_hashboard = 0x0000fff82022-06-15 21:43:24 driver-btm-soc.c:7475:calculate_timeout: dev->timeout = 8572022-06-15 21:43:24 driver-btm-soc.c:3012:set_baud: set baud=12022-06-15 21:43:24 chip1391.c:336:set_baud_one_chain: cmd_buf[0]=0x51090018, cmd_buf[1]=0x2101, cmd_buf[2]=0x11000000, misc=0x21012022-06-15 21:43:24 chip1391.c:336:set_baud_one_chain: cmd_buf[0]=0x51090018, cmd_buf[1]=0x2101, cmd_buf[2]=0x11000000, misc=0x21012022-06-15 21:43:24 chip1391.c:336:set_baud_one_chain: cmd_buf[0]=0x51090018, cmd_buf[1]=0x2101, cmd_buf[2]=0x11000000, misc=0x21012022-06-15 21:43:24 driver-btm-soc.c:3023:set_baud: read bc write is 0x82001a2022-06-15 21:43:24 driver-btm-soc.c:4076:set_clock_delay_control: core_data = 0x042022-06-15 21:43:24 driver-btm-soc.c:8293:bitmain_soc_init: Open 1/4 core for reading temperature.2022-06-15 21:43:24 driver-btm-soc.c:3992:open_core_BM1391_pre_open: pre open core = 162022-06-15 21:43:25 driver-btm-soc.c:3967:pre_open_core_one_chain: for chain 02022-06-15 21:43:26 driver-btm-soc.c:3967:pre_open_core_one_chain: for chain 12022-06-15 21:43:26 driver-btm-soc.c:3967:pre_open_core_one_chain: for chain 22022-06-15 21:43:26 temperature.c:306:is_tempsensor_data_correct: Bad,temp_info.type = 02022-06-15 21:43:26 temperature.c:422:calibration_sensor_offset: chain[0] temp info,Bad. Reload from eeprom..sensor type = 0,sensor num = 4sensor pos: 15  11  45  41  0  0  0  0 sensor offset: 0  0  0  0  0  0  0  0 2022-06-15 21:43:26 temperature.c:448:calibration_sensor_offset: chain[0] temp chip I2C addr=0x982022-06-15 21:43:26 temperature.c:306:is_tempsensor_data_correct: Bad,temp_info.type = 02022-06-15 21:43:26 temperature.c:531:calibration_sensor_offset: Warning: Chain[0] has no temp info ! we will fix it2022-06-15 21:43:26 chip1391.c:729:set_misc_control: cmd_buf[0]=0x41093818, cmd_buf[1]=0x6131, cmd_buf[2]=0x2000000, misc=0x61312022-06-15 21:43:27 temperature.c:553:calibration_sensor_offset: Chain[0] use default temp chip[14] 2022-06-15 21:43:27 temperature.c:562:calibration_sensor_offset: Chain[0] Chip[14] get middle temp offset=-5 typeID=552022-06-15 21:43:27 chip1391.c:729:set_misc_control: cmd_buf[0]=0x41092818, cmd_buf[1]=0x6131, cmd_buf[2]=0x1000000, misc=0x61312022-06-15 21:43:28 temperature.c:553:calibration_sensor_offset: Chain[0] use default temp chip[10] 2022-06-15 21:43:28 temperature.c:562:calibration_sensor_offset: Chain[0] Chip[10] get middle temp offset=-5 typeID=552022-06-15 21:43:28 chip1391.c:729:set_misc_control: cmd_buf[0]=0x4109b018, cmd_buf[1]=0x6131, cmd_buf[2]=0x9000000, misc=0x61312022-06-15 21:43:29 temperature.c:553:calibration_sensor_offset: Chain[0] use default temp chip[44] 2022-06-15 21:43:29 temperature.c:562:calibration_sensor_offset: Chain[0] Chip[44] get middle temp offset=-5 typeID=552022-06-15 21:43:29 chip1391.c:729:set_misc_control: cmd_buf[0]=0x4109a018, cmd_buf[1]=0x6131, cmd_buf[2]=0xa000000, misc=0x61312022-06-15 21:43:30 temperature.c:553:calibration_sensor_offset: Chain[0] use default temp chip[40] 2022-06-15 21:43:30 temperature.c:562:calibration_sensor_offset: Chain[0] Chip[40] get middle temp offset=-5 typeID=552022-06-15 21:43:30 temperature.c:306:is_tempsensor_data_correct: Bad,temp_info.type = 02022-06-15 21:43:30 temperature.c:422:calibration_sensor_offset: chain[1] temp info,Bad. Reload from eeprom..sensor type = 0,sensor num = 4sensor pos: 15  11  45  41  0  0  0  0 sensor offset: 0  0  0  0  0  0  0  0 2022-06-15 21:43:30 temperature.c:448:calibration_sensor_offset: chain[1] temp chip I2C addr=0x982022-06-15 21:43:30 temperature.c:306:is_tempsensor_data_correct: Bad,temp_info.type = 02022-06-15 21:43:30 temperature.c:531:calibration_sensor_offset: Warning: Chain[1] has no temp info ! we will fix it2022-06-15 21:43:30 chip1391.c:729:set_misc_control: cmd_buf[0]=0x41093818, cmd_buf[1]=0x6131, cmd_buf[2]=0x2000000, misc=0x61312022-06-15 21:43:31 temperature.c:553:calibration_sensor_offset: Chain[1] use default temp chip[14] 2022-06-15 21:43:31 temperature.c:562:calibration_sensor_offset: Chain[1] Chip[14] get middle temp offset=-5 typeID=552022-06-15 21:43:31 chip1391.c:729:set_misc_control: cmd_buf[0]=0x41092818, cmd_buf[1]=0x6131, cmd_buf[2]=0x1000000, misc=0x61312022-06-15 21:43:32 temperature.c:553:calibration_sensor_offset: Chain[1] use default temp chip[10] 2022-06-15 21:43:32 temperature.c:562:calibration_sensor_offset: Chain[1] Chip[10] get middle temp offset=-5 typeID=552022-06-15 21:43:32 chip1391.c:729:set_misc_control: cmd_buf[0]=0x4109b018, cmd_buf[1]=0x6131, cmd_buf[2]=0x9000000, misc=0x61312022-06-15 21:43:33 temperature.c:553:calibration_sensor_offset: Chain[1] use default temp chip[44] 2022-06-15 21:43:33 temperature.c:562:calibration_sensor_offset: Chain[1] Chip[44] get middle temp offset=-5 typeID=552022-06-15 21:43:33 chip1391.c:729:set_misc_control: cmd_buf[0]=0x4109a018, cmd_buf[1]=0x6131, cmd_buf[2]=0xa000000, misc=0x61312022-06-15 21:43:34 temperature.c:553:calibration_sensor_offset: Chain[1] use default temp chip[40] 2022-06-15 21:43:34 temperature.c:562:calibration_sensor_offset: Chain[1] Chip[40] get middle temp offset=-5 typeID=552022-06-15 21:43:34 temperature.c:306:is_tempsensor_data_correct: Bad,temp_info.type = 02022-06-15 21:43:34 temperature.c:422:calibration_sensor_offset: chain[2] temp info,Bad. Reload from eeprom..sensor type = 0,sensor num = 4sensor pos: 15  11  45  41  0  0  0  0 sensor offset: 0  0  0  0  0  0  0  0 2022-06-15 21:43:34 temperature.c:448:calibration_sensor_offset: chain[2] temp chip I2C addr=0x982022-06-15 21:43:34 temperature.c:306:is_tempsensor_data_correct: Bad,temp_info.type = 02022-06-15 21:43:34 temperature.c:531:calibration_sensor_offset: Warning: Chain[2] has no temp info ! we will fix it2022-06-15 21:43:34 chip1391.c:729:set_misc_control: cmd_buf[0]=0x41093818, cmd_buf[1]=0x6131, cmd_buf[2]=0x2000000, misc=0x61312022-06-15 21:43:35 temperature.c:553:calibration_sensor_offset: Chain[2] use default temp chip[14] 2022-06-15 21:43:35 temperature.c:562:calibration_sensor_offset: Chain[2] Chip[14] get middle temp offset=-5 typeID=552022-06-15 21:43:35 chip1391.c:729:set_misc_control: cmd_buf[0]=0x41092818, cmd_buf[1]=0x6131, cmd_buf[2]=0x1000000, misc=0x61312022-06-15 21:43:36 temperature.c:553:calibration_sensor_offset: Chain[2] use default temp chip[10] 2022-06-15 21:43:36 temperature.c:562:calibration_sensor_offset: Chain[2] Chip[10] get middle temp offset=-5 typeID=552022-06-15 21:43:36 chip1391.c:729:set_misc_control: cmd_buf[0]=0x4109b018, cmd_buf[1]=0x6131, cmd_buf[2]=0x9000000, misc=0x61312022-06-15 21:43:37 temperature.c:553:calibration_sensor_offset: Chain[2] use default temp chip[44] 2022-06-15 21:43:37 temperature.c:562:calibration_sensor_offset: Chain[2] Chip[44] get middle temp offset=-5 typeID=552022-06-15 21:43:37 chip1391.c:729:set_misc_control: cmd_buf[0]=0x4109a018, cmd_buf[1]=0x6131, cmd_buf[2]=0xa000000, misc=0x61312022-06-15 21:43:38 temperature.c:553:calibration_sensor_offset: Chain[2] use default temp chip[40] 2022-06-15 21:43:38 temperature.c:562:calibration_sensor_offset: Chain[2] Chip[40] get middle temp offset=-5 typeID=552022-06-15 21:43:41 temperature.c:589:do_calibration_temperature_sensor: bring up lowest temperature is 27ENV 28 FAN 58802022-06-15 21:43:49 driver-btm-soc.c:8298:bitmain_soc_init: Boot environment temperature is 282022-06-15 21:43:49 driver-btm-soc.c:8308:bitmain_soc_init: set TICKET_MASK2022-06-15 21:43:49 driver-btm-soc.c:4130:open_core_bm1391: Start Open Core!!2022-06-15 21:43:56 driver-btm-soc.c:4202:open_core_bm1391: End Open Core!!2022-06-15 21:43:56 freq_tuning.c:312:freq_tuning_get_max_freq: Max freq of tuning is 550ENV 28 FAN 58802022-06-15 21:43:56 power.c:379:slowly_set_iic_power_to_custom_voltage: slowly setting to voltage: 19.50 ...2022-06-15 21:43:56 power.c:210:get_power_voltage_from_iic_value: iic_index for voltage[22] = 19.9209822022-06-15 21:43:56 power.c:244:set_iic_power_by_iic_data: now setting voltage to : 20.000000 2022-06-15 21:43:57 power.c:210:get_power_voltage_from_iic_value: iic_index for voltage[27] = 19.8375532022-06-15 21:43:57 power.c:244:set_iic_power_by_iic_data: now setting voltage to : 19.920982 2022-06-15 21:43:58 power.c:210:get_power_voltage_from_iic_value: iic_index for voltage[32] = 19.7541242022-06-15 21:43:58 power.c:244:set_iic_power_by_iic_data: now setting voltage to : 19.837553 2022-06-15 21:43:59 power.c:210:get_power_voltage_from_iic_value: iic_index for voltage[37] = 19.6706962022-06-15 21:43:59 power.c:244:set_iic_power_by_iic_data: now setting voltage to : 19.754124 2022-06-15 21:44:00 power.c:210:get_power_voltage_from_iic_value: iic_index for voltage[42] = 19.5872672022-06-15 21:44:00 power.c:244:set_iic_power_by_iic_data: now setting voltage to : 19.670696 2022-06-15 21:44:01 power.c:210:get_power_voltage_from_iic_value: iic_index for voltage[44] = 19.5538962022-06-15 21:44:02 power.c:244:set_iic_power_by_iic_data: now setting voltage to : 19.587267 2022-06-15 21:44:03 power.c:210:get_power_voltage_from_iic_value: iic_index for voltage[46] = 19.5205242022-06-15 21:44:03 power.c:244:set_iic_power_by_iic_data: now setting voltage to : 19.553896 2022-06-15 21:44:04 power.c:210:get_power_voltage_from_iic_value: iic_index for voltage[47] = 19.5038392022-06-15 21:44:04 power.c:244:set_iic_power_by_iic_data: now setting voltage to : 19.520524 2022-06-15 21:44:05 driver-btm-soc.c:6651:increase_freq_by_eeprom_slowly: Increase eeprom frequency slowly for chain 0. to 4802022-06-15 21:44:05 driver-btm-soc.c:4963:increase_freq_slowly: Increase frequency to 125.00M2022-06-15 21:44:06 driver-btm-soc.c:4963:increase_freq_slowly: Increase frequency to 150.00M2022-06-15 21:44:07 driver-btm-soc.c:4963:increase_freq_slowly: Increase frequency to 175.00M2022-06-15 21:44:08 driver-btm-soc.c:4963:increase_freq_slowly: Increase frequency to 200.00M2022-06-15 21:44:09 driver-btm-soc.c:4963:increase_freq_slowly: Increase frequency to 225.00M2022-06-15 21:44:10 driver-btm-soc.c:4963:increase_freq_slowly: Increase frequency to 250.00M2022-06-15 21:44:11 driver-btm-soc.c:4963:increase_freq_slowly: Increase frequency to 275.00M2022-06-15 21:44:12 driver-btm-soc.c:4963:increase_freq_slowly: Increase frequency to 300.00M2022-06-15 21:44:13 driver-btm-soc.c:4963:increase_freq_slowly: Increase frequency to 325.00M2022-06-15 21:44:14 driver-btm-soc.c:4963:increase_freq_slowly: Increase frequency to 350.00M2022-06-15 21:44:15 driver-btm-soc.c:4963:increase_freq_slowly: Increase frequency to 375.00M2022-06-15 21:44:16 driver-btm-soc.c:4963:increase_freq_slowly: Increase frequency to 400.00M2022-06-15 21:44:17 driver-btm-soc.c:4963:increase_freq_slowly: Increase frequency to 425.00M2022-06-15 21:44:18 driver-btm-soc.c:4963:increase_freq_slowly: Increase frequency to 450.00M2022-06-15 21:44:19 driver-btm-soc.c:4963:increase_freq_slowly: Increase frequency to 475.00M2022-06-15 21:44:20 driver-btm-soc.c:4963:increase_freq_slowly: Increase frequency to 480.00M2022-06-15 21:44:24 driver-btm-soc.c:6651:increase_freq_by_eeprom_slowly: Increase eeprom frequency slowly for chain 1. to 5102022-06-15 21:44:24 driver-btm-soc.c:4963:increase_freq_slowly: Increase frequency to 125.00M2022-06-15 21:44:25 driver-btm-soc.c:4963:increase_freq_slowly: Increase frequency to 150.00M2022-06-15 21:44:26 driver-btm-soc.c:4963:increase_freq_slowly: Increase frequency to 175.00M2022-06-15 21:44:27 driver-btm-soc.c:4963:increase_freq_slowly: Increase frequency to 200.00M2022-06-15 21:44:28 driver-btm-soc.c:4963:increase_freq_slowly: Increase frequency to 225.00M2022-06-15 21:44:29 driver-btm-soc.c:4963:increase_freq_slowly: Increase frequency to 250.00M2022-06-15 21:44:30 driver-btm-soc.c:4963:increase_freq_slowly: Increase frequency to 275.00M2022-06-15 21:44:31 driver-btm-soc.c:4963:increase_freq_slowly: Increase frequency to 300.00M2022-06-15 21:44:32 driver-btm-soc.c:4963:increase_freq_slowly: Increase frequency to 325.00M2022-06-15 21:44:33 driver-btm-soc.c:4963:increase_freq_slowly: Increase frequency to 350.00M2022-06-15 21:44:34 driver-btm-soc.c:4963:increase_freq_slowly: Increase frequency to 375.00M2022-06-15 21:44:35 driver-btm-soc.c:4963:increase_freq_slowly: Increase frequency to 400.00M2022-06-15 21:44:36 driver-btm-soc.c:4963:increase_freq_slowly: Increase frequency to 425.00M2022-06-15 21:44:37 driver-btm-soc.c:4963:increase_freq_slowly: Increase frequency to 450.00M2022-06-15 21:44:39 driver-btm-soc.c:4963:increase_freq_slowly: Increase frequency to 475.00M2022-06-15 21:44:40 driver-btm-soc.c:4963:increase_freq_slowly: Increase frequency to 500.00M2022-06-15 21:44:41 driver-btm-soc.c:4963:increase_freq_slowly: Increase frequency to 510.00M2022-06-15 21:44:44 driver-btm-soc.c:6651:increase_freq_by_eeprom_slowly: Increase eeprom frequency slowly for chain 2. to 4952022-06-15 21:44:44 driver-btm-soc.c:4963:increase_freq_slowly: Increase frequency to 125.00M2022-06-15 21:44:45 driver-btm-soc.c:4963:increase_freq_slowly: Increase frequency to 150.00M2022-06-15 21:44:46 driver-btm-soc.c:4963:increase_freq_slowly: Increase frequency to 175.00M2022-06-15 21:44:47 driver-btm-soc.c:4963:increase_freq_slowly: Increase frequency to 200.00M2022-06-15 21:44:48 driver-btm-soc.c:4963:increase_freq_slowly: Increase frequency to 225.00M2022-06-15 21:44:49 driver-btm-soc.c:4963:increase_freq_slowly: Increase frequency to 250.00M2022-06-15 21:44:51 driver-btm-soc.c:4963:increase_freq_slowly: Increase frequency to 275.00M2022-06-15 21:44:52 driver-btm-soc.c:4963:increase_freq_slowly: Increase frequency to 300.00M2022-06-15 21:44:53 driver-btm-soc.c:4963:increase_freq_slowly: Increase frequency to 325.00M2022-06-15 21:44:54 driver-btm-soc.c:4963:increase_freq_slowly: Increase frequency to 350.00M2022-06-15 21:44:55 driver-btm-soc.c:4963:increase_freq_slowly: Increase frequency to 375.00M2022-06-15 21:44:56 driver-btm-soc.c:4963:increase_freq_slowly: Increase frequency to 400.00M2022-06-15 21:44:57 driver-btm-soc.c:4963:increase_freq_slowly: Increase frequency to 425.00M2022-06-15 21:44:58 driver-btm-soc.c:4963:increase_freq_slowly: Increase frequency to 450.00M2022-06-15 21:44:59 driver-btm-soc.c:4963:increase_freq_slowly: Increase frequency to 475.00M2022-06-15 21:45:00 driver-btm-soc.c:4963:increase_freq_slowly: Increase frequency to 495.00M2022-06-15 21:45:04 driver-btm-soc.c:6051:set_timeout: freq 510 final timeout=462ENV 28 FAN 60002022-06-15 21:45:04 freq_tuning.c:621:freq_tuning_prepare_works: Fail to open test pattern file /dev/91602_pattern_60.txt.2022-06-15 21:45:04 freq_tuning.c:3090:do_pre_test_for_user_mode: Pre-test cost 0s.2022-06-15 21:45:05 power.c:458:get_chain_voltage: chain[0], voltage is: 19.64 2022-06-15 21:45:06 power.c:458:get_chain_voltage: chain[1], voltage is: 19.64 2022-06-15 21:45:06 power.c:458:get_chain_voltage: chain[2], voltage is: 19.58 2022-06-15 21:45:06 power.c:482:get_average_voltage: average  voltage is: 19.62 2022-06-15 21:45:06 driver-btm-soc.c:8387:bitmain_soc_init: Init done!2022-06-15 21:45:06 driver-btm-soc.c:8389:bitmain_soc_init: ideal_hash_rate_fixed 230002022-06-15 21:45:07 temperature.c:1087:read_temp_func: bring_up_pcb_temp = 302022-06-15 21:45:33 dspic33ep16gs202.c:64:volt_clamp: failed on Chain[0], b[0] = 254, b[2] = 254!2022-06-15 21:45:35 dspic33ep16gs202.c:64:volt_clamp: failed on Chain[0], b[0] = 254, b[2] = 254!2022-06-15 21:45:37 dspic33ep16gs202.c:64:volt_clamp: failed on Chain[0], b[0] = 254, b[2] = 254!2022-06-15 21:45:38 dspic33ep16gs202.c:64:volt_clamp: failed on Chain[1], b[0] = 254, b[2] = 254!2022-06-15 21:45:40 dspic33ep16gs202.c:64:volt_clamp: failed on Chain[1], b[0] = 254, b[2] = 254!2022-06-15 21:45:42 dspic33ep16gs202.c:64:volt_clamp: failed on Chain[1], b[0] = 254, b[2] = 254!2022-06-15 21:45:43 dspic33ep16gs202.c:64:volt_clamp: failed on Chain[2], b[0] = 254, b[2] = 254!2022-06-15 21:45:45 dspic33ep16gs202.c:64:volt_clamp: failed on Chain[2], b[0] = 254, b[2] = 254!2022-06-15 21:45:47 dspic33ep16gs202.c:64:volt_clamp: failed on Chain[2], b[0] = 254, b[2] = 254!2022-06-15 21:47:17 temperature.c:1126:update_error_status: Fatal Error: network connection lost!2022-06-15 21:47:17 temperature.c:1166:check_error_protect: fatal_error_counter increase as: 1, error status: 22022-06-15 21:47:30 temperature.c:1126:update_error_status: Fatal Error: network connection lost!2022-06-15 21:47:30 temperature.c:1166:check_error_protect: fatal_error_counter increase as: 2, error status: 2",
  "score": 0,
  "upvotes": 0,
  "downvotes": 0,
  "url": "https://bitcointalk.org/index.php?topic=5402761",
  "comments": [
    {
      "author": "BitMaxz",
      "created_time": "June 15, 2022, 10:44:22 PM",
      "body": "Please learn how to put all kernel logs into an insert code tag sample like thisCode:All my kernel logs hereIf you can't able to or has character limitation you can use pastebin.com and paste the URL hereAnd this is not the right place to post this it should be in the mining supportAbout your problem, would you mind to try to flash it first with the latest firmware available from Bitmain hereI also suggest you try to run the unit and test hashboards one by one. The error that I notice is the temp sensorCode:2022-06-15 21:43:26 temperature.c:422:calibration_sensor_offset: chain[0] temp info,Bad. Reload from eeprom..That is why I do recommend you to try to test them one by one.",
      "score": 0,
      "upvotes": 0,
      "downvotes": 0
    },
    {
      "author": "GFDhd",
      "created_time": "July 29, 2022, 02:26:12 AM",
      "body": "Did you try changing the firmware? In your kernel log, all 3 boards show no temperature information found. Please swipe the SD card program to restore the control board, and replace a power supply and testing.",
      "score": 0,
      "upvotes": 0,
      "downvotes": 0
    }
  ]
}