{
  "id": "topic_5402097",
  "title": "Setes",
  "author": "Setes",
  "created_time": "June 10, 2022, 03:13:38 PM",
  "content": "Hello everyone recently my T15 show me an fan error in the kernel log some one can help me ?Code:Booting Linux on physical CPU 0x0Linux version 4.6.0-xilinx-gff8137b-dirty (lzq@armdev2) (gcc version 4.8.3 20140320 (prerelease) (Sourcery CodeBench Lite 2014.05-23) ) #25 SMP PREEMPT Fri
Nov 23 15:30:52 CST 2018CPU: ARMv7 Processor [413fc090] revision 0 (ARMv7), cr=18c5387dCPU: PIPT / VIPT nonaliasing data cache, VIPT aliasing instruction cacheMachine model: Xilinx Zynqcma: Reserved 16 MiB at 0x0e000000Memory policy: Data cache writeallocOn node 0 totalpages: 61440free_area_init_node: node 0, pgdat c0b39280, node_mem_map cde10000  Normal zone: 480 pages used for memmap  Normal zone: 0 pages reserved  Normal zone: 61440 pages, LIFO batch:15percpu: Embedded 12 pages/cpu @cddf1000 s19776 r8192 d21184 u49152pcpu-alloc: s19776 r8192 d21184 u49152 alloc=12*4096pcpu-alloc: [0] 0 [0] 1 Built 1 zonelists in Zone order, mobility grouping on.  Total pages: 60960Kernel command line: mem=240M console=ttyPS0,115200 ramdisk_size=33554432 root=/dev/ram rw earlyprintkPID hash table entries: 1024 (order: 0, 4096 bytes)Dentry cache hash table entries: 32768 (order: 5, 131072 bytes)Inode-cache hash table entries: 16384 (order: 4, 65536 bytes)Memory: 197340K/245760K available (6345K kernel code, 231K rwdata, 1896K rodata, 1024K init, 223K bss, 32036K reserved, 16384K cma-reserved, 0K highmem)Virtual kernel memory layout:    vector  : 0xffff0000 - 0xffff1000   (   4 kB)    fixmap  : 0xffc00000 - 0xfff00000   (3072 kB)    vmalloc : 0xcf800000 - 0xff800000   ( 768 MB)    lowmem  : 0xc0000000 - 0xcf000000   ( 240 MB)    pkmap   : 0xbfe00000 - 0xc0000000   (   2 MB)    modules : 0xbf000000 - 0xbfe00000   (  14 MB)      .text : 0xc0008000 - 0xc090c424   (9234 kB)      .init : 0xc0a00000 - 0xc0b00000   (1024 kB)      .data : 0xc0b00000 - 0xc0b39fe0   ( 232 kB)       .bss : 0xc0b39fe0 - 0xc0b71c28   ( 224 kB)Preemptible hierarchical RCU implementation. Build-time adjustment of leaf fanout to 32. RCU restricting CPUs from NR_CPUS=4 to nr_cpu_ids=2.RCU: Adjusting geometry for rcu_fanout_leaf=32, nr_cpu_ids=2NR_IRQS:16 nr_irqs:16 16efuse mapped to cf800000ps7-slcr mapped to cf802000L2C: platform modifies aux control register: 0x72360000 -> 0x72760000L2C: DT/platform modifies aux control register: 0x72360000 -> 0x72760000L2C-310 erratum 769419 enabledL2C-310 enabling early BRESP for Cortex-A9L2C-310 full line of zeros enabled for Cortex-A9L2C-310 ID prefetch enabled, offset 1 linesL2C-310 dynamic clock gating enabled, standby mode enabledL2C-310 cache controller enabled, 8 ways, 512 kBL2C-310: CACHE_ID 0x410000c8, AUX_CTRL 0x76760001zynq_clock_init: clkc starts at cf802100Zynq clock initsched_clock: 64 bits at 333MHz, resolution 3ns, wraps every 4398046511103nsclocksource: arm_global_timer: mask: 0xffffffffffffffff max_cycles: 0x4ce07af025, max_idle_ns: 440795209040 nsSwitching to timer-based delay loop, resolution 3nsclocksource: ttc_clocksource: mask: 0xffff max_cycles: 0xffff, max_idle_ns: 537538477 nsps7-ttc #0 at cf80a000, irq=18Console: colour dummy device 80x30Calibrating delay loop (skipped), value calculated using timer frequency.. 666.66 BogoMIPS (lpj=3333333)pid_max: default: 32768 minimum: 301Mount-cache hash table entries: 1024 (order: 0, 4096 bytes)Mountpoint-cache hash table entries: 1024 (order: 0, 4096 bytes)CPU: Testing write buffer coherency: okCPU0: thread -1, cpu 0, socket 0, mpidr 80000000Setting up static identity map for 0x100000 - 0x100058CPU1: failed to boot: -1Brought up 1 CPUsSMP: Total of 1 processors activated (666.66 BogoMIPS).CPU: All CPU(s) started in SVC mode.devtmpfs: initializedVFP support v0.3: implementor 41 architecture 3 part 30 variant 9 rev 4clocksource: jiffies: mask: 0xffffffff max_cycles: 0xffffffff, max_idle_ns: 19112604462750000 nspinctrl core: initialized pinctrl subsystemNET: Registered protocol family 16DMA: preallocated 256 KiB pool for atomic coherent allocationscpuidle: using governor menuhw-breakpoint: found 5 (+1 reserved) breakpoint and 1 watchpoint registers.hw-breakpoint: maximum watchpoint size is 4 bytes.zynq-ocm f800c000.ps7-ocmc: ZYNQ OCM pool: 256 KiB @ 0xcf880000vgaarb: loadedSCSI subsystem initializedusbcore: registered new interface driver usbfsusbcore: registered new interface driver hubusbcore: registered new device driver usbmedia: Linux media interface: v0.10Linux video capture interface: v2.00pps_core: LinuxPPS API ver. 1 registeredpps_core: Software ver. 5.3.6 - Copyright 2005-2007 Rodolfo Giometti <giometti@linux.it>PTP clock support registeredEDAC MC: Ver: 3.0.0Advanced Linux Sound Architecture Driver Initialized.clocksource: Switched to clocksource arm_global_timerNET: Registered protocol family 2TCP established hash table entries: 2048 (order: 1, 8192 bytes)TCP bind hash table entries: 2048 (order: 2, 16384 bytes)TCP: Hash tables configured (established 2048 bind 2048)UDP hash table entries: 256 (order: 1, 8192 bytes)UDP-Lite hash table entries: 256 (order: 1, 8192 bytes)NET: Registered protocol family 1RPC: Registered named UNIX socket transport module.RPC: Registered udp transport module.RPC: Registered tcp transport module.RPC: Registered tcp NFSv4.1 backchannel transport module.PCI: CLS 0 bytes, default 64Trying to unpack rootfs image as initramfs...rootfs image is not initramfs (no cpio magic); looks like an initrdFreeing initrd memory: 18996K (cc873000 - cdb00000)hw perfevents: enabled with armv7_cortex_a9 PMU driver, 7 counters availablefutex hash table entries: 512 (order: 3, 32768 bytes)workingset: timestamp_bits=28 max_order=16 bucket_order=0jffs2: version 2.2. (NAND) (SUMMARY)  © 2001-2006 Red Hat, Inc.io scheduler noop registeredio scheduler deadline registeredio scheduler cfq registered (default)dma-pl330 f8003000.ps7-dma: Loaded driver for PL330 DMAC-241330dma-pl330 f8003000.ps7-dma:  DBUFF-128x8bytes Num_Chans-8 Num_Peri-4 Num_Events-16e0000000.serial: ttyPS0 at MMIO 0xe0000000 (irq = 158, base_baud = 6249999) is a xuartpsconsole [ttyPS0] enabledxdevcfg f8007000.ps7-dev-cfg: ioremap 0xf8007000 to cf86e000[drm] Initialized drm 1.1.0 20060810brd: module loadedloop: module loadedCAN device driver interfacegpiod_set_value: invalid GPIOlibphy: MACB_mii_bus: probedmacb e000b000.ethernet eth0: Cadence GEM rev 0x00020118 at 0xe000b000 irq 31 (00:0a:35:00:00:00)Generic PHY e000b000.etherne:00: attached PHY driver [Generic PHY] (mii_bus:phy_addr=e000b000.etherne:00, irq=-1)e1000e: Intel(R) PRO/1000 Network Driver - 3.2.6-ke1000e: Copyright(c) 1999 - 2015 Intel Corporation.ehci_hcd: USB 2.0 'Enhanced' Host Controller (EHCI) Driverehci-pci: EHCI PCI platform driverusbcore: registered new interface driver usb-storagemousedev: PS/2 mouse device common for all micei2c /dev entries driverXilinx Zynq CpuIdle Driver startedsdhci: Secure Digital Host Controller Interface driversdhci: Copyright(c) Pierre Ossmansdhci-pltfm: SDHCI platform and OF driver helpermmc0: SDHCI controller on e0100000.ps7-sdio [e0100000.ps7-sdio] using ADMAledtrig-cpu: registered to indicate activity on CPUsusbcore: registered new interface driver usbhidusbhid: USB HID core drivernand: device found, Manufacturer ID: 0x2c, Chip ID: 0xdanand: Micron MT29F2G08ABAEAWPnand: 256 MiB, SLC, erase size: 128 KiB, page size: 2048, OOB size: 64nand: WARNING: pl35x-nand: the ECC used on your system is too weak compared to the one required by the NAND chipBad block table found at page 131008, version 0x01Bad block table found at page 130944, version 0x016 ofpart partitions found on MTD device pl35x-nandCreating 6 MTD partitions on \"pl35x-nand\":0x000000000000-0x000002800000 : \"BOOT.bin-env-dts-kernel\"0x000002800000-0x000004800000 : \"ramfs\"0x000004800000-0x000005000000 : \"configs\"0x000005000000-0x000006000000 : \"reserve\"0x000006000000-0x000008000000 : \"ramfs-bak\"0x000008000000-0x000010000000 : \"reserve1\"NET: Registered protocol family 10sit: IPv6 over IPv4 tunneling driverNET: Registered protocol family 17can: controller area network core (rev 20120528 abi 9)NET: Registered protocol family 29can: raw protocol (rev 20120528)can: broadcast manager protocol (rev 20120528 t)can: netlink gateway (rev 20130117) max_hops=1zynq_pm_ioremap: no compatible node found for 'xlnx,zynq-ddrc-a05'zynq_pm_late_init: Unable to map DDRC IO memory.Registering SWP/SWPB emulation handlerhctosys: unable to open rtc device (rtc0)ALSA device list:  No soundcards found.RAMDISK: gzip image found at block 0EXT4-fs (ram0): couldn't mount as ext3 due to feature incompatibilitiesEXT4-fs (ram0): mounted filesystem without journal. Opts: (null)VFS: Mounted root (ext4 filesystem) on device 1:0.devtmpfs: mountedFreeing unused kernel memory: 1024K (c0a00000 - c0b00000)EXT4-fs (ram0): re-mounted. Opts: block_validity,delalloc,barrier,user_xattrrandom: dd urandom read with 0 bits of entropy availableubi0: attaching mtd2ubi0: scanning is finishedubi0: attached mtd2 (name \"configs\", size 8 MiB)ubi0: PEB size: 131072 bytes (128 KiB), LEB size: 126976 bytesubi0: min./max. I/O unit sizes: 2048/2048, sub-page size 2048ubi0: VID header offset: 2048 (aligned 2048), data offset: 4096ubi0: good PEBs: 64, bad PEBs: 0, corrupted PEBs: 0ubi0: user volume: 1, internal volumes: 1, max. volumes count: 128ubi0: max/mean erase counter: 25/12, WL threshold: 4096, image sequence number: 2125480654ubi0: available PEBs: 0, total reserved PEBs: 64, PEBs reserved for bad PEB handling: 40ubi0: background thread \"ubi_bgt0d\" started, PID 708UBIFS (ubi0:0): background thread \"ubifs_bgt0_0\" started, PID 711UBIFS (ubi0:0): UBIFS: mounted UBI device 0, volume 0, name \"configs\"UBIFS (ubi0:0): LEB size: 126976 bytes (124 KiB), min./max. I/O unit sizes: 2048 bytes/2048 bytesUBIFS (ubi0:0): FS size: 1396736 bytes (1 MiB, 11 LEBs), journal size 888833 bytes (0 MiB, 5 LEBs)UBIFS (ubi0:0): reserved for root: 65970 bytes (64 KiB)UBIFS (ubi0:0): media format: w4/r0 (latest is w4/r0), UUID 9EA40A7E-78B7-4FEC-AB71-ABB4510A2678, small LPT modelubi1: attaching mtd5ubi1: scanning is finishedubi1: attached mtd5 (name \"reserve1\", size 128 MiB)ubi1: PEB size: 131072 bytes (128 KiB), LEB size: 126976 bytesubi1: min./max. I/O unit sizes: 2048/2048, sub-page size 2048ubi1: VID header offset: 2048 (aligned 2048), data offset: 4096ubi1: good PEBs: 1020, bad PEBs: 4, corrupted PEBs: 0ubi1: user volume: 1, internal volumes: 1, max. volumes count: 128ubi1: max/mean erase counter: 10751/8770, WL threshold: 4096, image sequence number: 764419454ubi1: available PEBs: 0, total reserved PEBs: 1020, PEBs reserved for bad PEB handling: 36ubi1: background thread \"ubi_bgt1d\" started, PID 720UBIFS (ubi1:0): background thread \"ubifs_bgt1_0\" started, PID 723UBIFS (ubi1:0): UBIFS: mounted UBI device 1, volume 0, name \"reserve1\"UBIFS (ubi1:0): LEB size: 126976 bytes (124 KiB), min./max. I/O unit sizes: 2048 bytes/2048 bytesUBIFS (ubi1:0): FS size: 123039744 bytes (117 MiB, 969 LEBs), journal size 6221824 bytes (5 MiB, 49 LEBs)UBIFS (ubi1:0): reserved for root: 4952683 bytes (4836 KiB)UBIFS (ubi1:0): media format: w4/r0 (latest is w4/r0), UUID 6060F457-7059-4115-B06B-152BA4B89CC5, small LPT modelIPv6: ADDRCONF(NETDEV_UP): eth0: link is not readyIPv6: ADDRCONF(NETDEV_UP): eth0: link is not readymacb e000b000.ethernet eth0: unable to generate target frequency: 25000000 Hzmacb e000b000.ethernet eth0: link up (100/Full)IPv6: ADDRCONF(NETDEV_CHANGE): eth0: link becomes readyIn axi fpga driver!request_mem_region OK!AXI fpga dev virtual address is 0xcfb38000*base_vir_addr = 0xab01bIn fpga mem driver!request_mem_region OK!fpga mem virtual address is 0xd2000000 [2022-06-10 14:35:30.840] Probing for an alive pool [2022-06-10 14:35:30.841] No Stratum, GBT or Solo support in pool 2  unable to use [2022-06-10 14:35:30.841] No Stratum, GBT or Solo support in pool 1  unable to use [2022-06-10 14:35:30.842] initiate_stratum [2022-06-10 14:35:31.300] LOW POWER MODE! [2022-06-10 14:35:31.301] in stratum_sthread  [2022-06-10 14:35:31.302] Pool 0 difficulty changed to 65536 [2022-06-10 14:35:31.315] Network diff set to 30.3T [2022-06-10 14:35:31.329] POOL 0 support ab mode! [2022-06-10 14:35:31.841]  signal_work_update set work_update true [2022-06-10 14:35:31.843] API: ignored invalid IPv4 address 'W:*' (as ::ffff:*.0.0.0) [2022-06-10 14:35:36.844] API running in IP access mode on port 4028 (9) [2022-06-10 14:35:41.764] start listen on 6060 ... [2022-06-10 14:36:00.841] No Stratum, GBT or Solo support in pool 2  unable to use [2022-06-10 14:36:00.841] No Stratum, GBT or Solo support in pool 1  unable to use [2022-06-10 14:36:01.862]  signal_work_update set work_update true [2022-06-10 14:36:30.842] No Stratum, GBT or Solo support in pool 2  unable to use [2022-06-10 14:36:30.842] No Stratum, GBT or Solo support in pool 1  unable to use [2022-06-10 14:36:31.873]  signal_work_update set work_update true [2022-06-10 14:37:00.842] No Stratum, GBT or Solo support in pool 2  unable to use [2022-06-10 14:37:00.842] No Stratum, GBT or Solo support in pool 1  unable to use [2022-06-10 14:37:03.888]  signal_work_update set work_update true2022-06-10 14:35:11 driver-btm-soc.c:7273:init_freq_mode: This is scan-user version2022-06-10 14:35:11 driver-btm-soc.c:8125:bitmain_soc_init: T152022-06-10 14:35:11 driver-btm-soc.c:8126:bitmain_soc_init: opt_multi_version=12022-06-10 14:35:11 driver-btm-soc.c:8127:bitmain_soc_init: opt_bitmain_ab=12022-06-10 14:35:11 driver-btm-soc.c:8128:bitmain_soc_init: opt_bitmain_economic_mode=false2022-06-10 14:35:11 driver-btm-soc.c:8129:bitmain_soc_init: opt_bitmain_work_mode_test = 02022-06-10 14:35:11 driver-btm-soc.c:7682:_show_sn: no SN got, please write SN to /nvdata/sn2022-06-10 14:35:11 driver-btm-soc.c:7304:init_phy_mem_nonce2_jobid_address: Detect 256MB control board of XILINX2022-06-10 14:35:11 driver-btm-soc.c:8149:bitmain_soc_init: Miner compile time: Fri Dec 13 15:46:16 CST 2019 type: Antminer T152022-06-10 14:35:11 driver-btm-soc.c:8151:bitmain_soc_init: last commit version: 53156cb commit time: 2019-11-06 10:21:42 build: 2019-12-13 15:53:572022-06-10 14:35:11 driver-btm-soc.c:7336:check_fan_multi: check fan for 20 times...2022-06-10 14:35:11 driver-btm-soc.c:7347:check_fan_multi: Error!!! Fan lost!2022-06-10 14:35:12 driver-btm-soc.c:7347:check_fan_multi: Error!!! Fan lost!2022-06-10 14:35:13 driver-btm-soc.c:7347:check_fan_multi: Error!!! Fan lost!2022-06-10 14:35:14 driver-btm-soc.c:7347:check_fan_multi: Error!!! Fan lost!2022-06-10 14:35:15 driver-btm-soc.c:7347:check_fan_multi: Error!!! Fan lost!2022-06-10 14:35:16 driver-btm-soc.c:7347:check_fan_multi: Error!!! Fan lost!2022-06-10 14:35:17 driver-btm-soc.c:7347:check_fan_multi: Error!!! Fan lost!2022-06-10 14:35:18 driver-btm-soc.c:7347:check_fan_multi: Error!!! Fan lost!2022-06-10 14:35:19 driver-btm-soc.c:7347:check_fan_multi: Error!!! Fan lost!2022-06-10 14:35:20 driver-btm-soc.c:7347:check_fan_multi: Error!!! Fan lost!2022-06-10 14:35:21 driver-btm-soc.c:7347:check_fan_multi: Error!!! Fan lost!2022-06-10 14:35:22 driver-btm-soc.c:7347:check_fan_multi: Error!!! Fan lost!2022-06-10 14:35:23 driver-btm-soc.c:7347:check_fan_multi: Error!!! Fan lost!2022-06-10 14:35:24 driver-btm-soc.c:7347:check_fan_multi: Error!!! Fan lost!2022-06-10 14:35:25 driver-btm-soc.c:7347:check_fan_multi: Error!!! Fan lost!2022-06-10 14:35:26 driver-btm-soc.c:7347:check_fan_multi: Error!!! Fan lost!2022-06-10 14:35:27 driver-btm-soc.c:7347:check_fan_multi: Error!!! Fan lost!2022-06-10 14:35:28 driver-btm-soc.c:7347:check_fan_multi: Error!!! Fan lost!2022-06-10 14:35:29 driver-btm-soc.c:7347:check_fan_multi: Error!!! Fan lost!2022-06-10 14:35:30 driver-btm-soc.c:7347:check_fan_multi: Error!!! Fan lost!2022-06-10 14:35:30 freq_tuning.c:3097:error_code_set: error_code = 10, chain = 2552022-06-10 14:35:31 util.c:2200:process_version_mask: Pool 0 Verion num is 22022-06-10 14:35:31 driver-btm-soc.c:8823:send_job: Version num 2",
  "score": 0,
  "upvotes": 0,
  "downvotes": 0,
  "url": "https://bitcointalk.org/index.php?topic=5402097",
  "comments": [
    {
      "author": "BitMaxz",
      "created_time": "June 10, 2022, 03:34:05 PM",
      "body": "Can you try to disconnect the fan and then replug it back. If it doesn't work try to reset the unit by holding the reset/Ip report button for 15 seconds then release and check the kernel logs again for changes. If the issue is still there then your fan might be broken and the only solution is to replace it with new one.",
      "score": 0,
      "upvotes": 0,
      "downvotes": 0
    },
    {
      "author": "Setes",
      "created_time": "June 11, 2022, 10:50:41 AM",
      "body": "Hello dear, i have replug fans, reset the asic and try with other fans but same error",
      "score": 0,
      "upvotes": 0,
      "downvotes": 0
    },
    {
      "author": "BitMaxz",
      "created_time": "June 12, 2022, 11:17:26 PM",
      "body": "Quote from: Setes on June 11, 2022, 10:50:41 AMHello dear, i have replug fans, reset the asic and try with other fans but same errorIf still does not work try to reflash the firmware through SD Card. Download the SD card image from this link below- https://service.bitmain.com.cn/support/download?product=Flashing%20SD%20card%20with%20imageThen look for T15 SD card recovery image.zip and then extra the image and open the folder then copy all files inside the folder and paste it to SD card. Now after copying the image into the SD card turn off your unit and then put the SD card into the unit and then turn it on. Then wait for the led flashing to stop and remove the SD card after. You can follow the sample instruction from this video below- https://www.youtube.com/watch?v=6_4oxhVT6hg",
      "score": 0,
      "upvotes": 0,
      "downvotes": 0
    },
    {
      "author": "GFDhd",
      "created_time": "July 27, 2022, 09:09:19 AM",
      "body": "The log shows that the fan lost. You replied that you reset the ASIC and tried other fan. BitMaxz recommends that you reflash the firmware, wondering if the fan has come back to work? Also, I was wondering if you have tried replacing the fan's cable or checking the fan's connector?",
      "score": 0,
      "upvotes": 0,
      "downvotes": 0
    }
  ]
}