{
  "id": "topic_5418482",
  "title": "miner0069",
  "author": "miner0069",
  "created_time": "October 27, 2022, 07:04:05 AM",
  "content": "Just got s19j pro and reviewing the log.... i seen bad sector, so im trying to see if they sent corrupted something... If anyone could take a look would be greatly appreciated...... [    0.000000@0] Booting Linux on physical CPU 0x0[    0.000000@0] Linux version 4.9.113 (jenkins@nomd-nomd-fwc-bj) (gcc version 6.3.1 20170109 (Linaro GCC 6.3-2017.02) ) #1 SMP PREEMPT Thu Jun 9 13:22:51 CST 2022[    0.000000@0] Boot CPU: AArch64 Processor [410fd034][    0.000000@0] earlycon: aml_uart0 at MMIO 0x00000000ff803000 (options '')[    0.000000@0] bootconsole [aml_uart0] enabled[    0.000000@0] efi: Getting EFI parameters from FDT:[    0.000000@0] efi: UEFI not found.[    0.000000@0]    07400000 - 07500000,     1024 KB, ramoops@0x07400000[    0.000000@0] __reserved_mem_alloc_size, start:0x0000000005000000, end:0x0000000005400000, len:4 MiB[    0.000000@0]    05000000 - 05400000,     4096 KB, linux,secmon[    0.000000@0] cma: Reserved 16 MiB at 0x000000000f000000[    0.000000@0] On node 0 totalpages: 65536[    0.000000@0]   DMA zone: 1024 pages used for memmap[    0.000000@0]   DMA zone: 0 pages reserved[    0.000000@0]   DMA zone: 65536 pages, LIFO batch:15[    0.000000@0] psci: probing for conduit method from DT.[    0.000000@0] psci: PSCIv1.0 detected in firmware.[    0.000000@0] psci: Using standard PSCI v0.2 function IDs[    0.000000@0] psci: MIGRATE_INFO_TYPE not supported.[    0.000000@0] psci: SMC Calling Convention v1.1[    0.000000@0] percpu: Embedded 25 pages/cpu @ffffffc00ef53000 s64536 r8192 d29672 u102400[    0.000000@0] pcpu-alloc: s64536 r8192 d29672 u102400 alloc=25*4096[    0.000000@0] pcpu-alloc:  0  1  2  3 [    0.000000@0] Detected VIPT I-cache on CPU0[    0.000000@0] CPU features: enabling workaround for ARM erratum 845719[    0.000000@0] Built 1 zonelists in Zone order, mobility grouping on.  Total pages: 64512[    0.000000@0] Kernel command line: init=/init console=ttyS0,115200 no_console_suspend earlycon=aml_uart,0xff803000 ramoops.pstore_en=1 ramoops.record_size=0x8000 ramoops.console_size=0x4000 logo=,loaded,androidboot.selinux=enforcing androidboot.firstboot=1 jtag=disable androidboot.hardware=amlogic androidboot.bootloader=U-Boot 2015.01 androidboot.build.expect.baseband=N/A androidboot.serialno=1234567890 rootfstype=ramfs init=/sbin/init[    0.000000@0] PID hash table entries: 1024 (order: 1, 8192 bytes)[    0.000000@0] Dentry cache hash table entries: 32768 (order: 6, 262144 bytes)[    0.000000@0] Inode-cache hash table entries: 16384 (order: 5, 131072 bytes)[    0.000000@0] Memory: 211704K/262144K available (8764K kernel code, 1194K rwdata, 2424K rodata, 3648K init, 1017K bss, 29960K reserved, 20480K cma-reserved)[    0.000000@0] Virtual kernel memory layout:[    0.000000@0]     modules : 0xffffff8000000000 - 0xffffff8008000000   (   128 MB)[    0.000000@0]     vmalloc : 0xffffff8008000000 - 0xffffffbebfff0000   (   250 GB)[    0.000000@0]       .text : 0xffffff8009080000 - 0xffffff8009910000   (  8768 KB)[    0.000000@0]     .rodata : 0xffffff8009910000 - 0xffffff8009b80000   (  2496 KB)[    0.000000@0]       .init : 0xffffff8009b80000 - 0xffffff8009f10000   (  3648 KB)[    0.000000@0]       .data : 0xffffff8009f10000 - 0xffffff800a03aa00   (  1195 KB)[    0.000000@0]        .bss : 0xffffff800a03aa00 - 0xffffff800a139034   (  1018 KB)[    0.000000@0]     fixed   : 0xffffffbefe7fb000 - 0xffffffbefec00000   (  4116 KB)[    0.000000@0]     PCI I/O : 0xffffffbefee00000 - 0xffffffbeffe00000   (    16 MB)[    0.000000@0]     vmemmap : 0xffffffbf00000000 - 0xffffffc000000000   (     4 GB maximum)[    0.000000@0]               0xffffffbf00000000 - 0xffffffbf00400000   (     4 MB actual)[    0.000000@0]     memory  : 0xffffffc000000000 - 0xffffffc010000000   (   256 MB)[    0.000000@0] SLUB: HWalign=64, Order=0-3, MinObjects=0, CPUs=4, Nodes=1[    0.000000@0] Preemptible hierarchical RCU implementation.[    0.000000@0]    Build-time adjustment of leaf fanout to 64.[    0.000000@0]    RCU restricting CPUs from NR_CPUS=8 to nr_cpu_ids=4.[    0.000000@0] RCU: Adjusting geometry for rcu_fanout_leaf=64, nr_cpu_ids=4[    0.000000@0] NR_IRQS:64 nr_irqs:64 0[    0.000000@0] irq_meson_gpio: 100 to 8 gpio interrupt mux initialized[    0.000000@0] axg_aoclkc_init: register ao clk ok![    0.000000@0] axg_amlogic_init_sdemmc: register amlogic sdemmc clk[    0.000000@0] axg_amlogic_init_sdemmc: register amlogic sdemmc clk[    0.000000@0] axg_amlogic_init_media: register meson media clk[    0.000000@0] axg_amlogic_init_misc: register amlogic axg misc clks[    0.000000@0] axg_amlogic_init_misc: register amlogic sdemmc clk[    0.000000@0] axg_clkc_init initialization complete[    0.000000@0] arm_arch_timer: Architected cp15 timer(s) running at 24.00MHz (phys).[    0.000000@0] clocksource: arch_sys_counter: mask: 0xffffffffffffff max_cycles: 0x588fe9dc0, max_idle_ns: 440795202592 ns[    0.000004@0] sched_clock: 56 bits at 24MHz, resolution 41ns, wraps every 4398046511097ns[    0.008251@0] meson_bc_timer: mclk->mux_reg =ffffff800800a190,mclk->reg =ffffff800800c194[    0.016903@0] Console: colour dummy device 80x25[    0.021107@0] Calibrating delay loop (skipped), value calculated using timer frequency.. 48.00 BogoMIPS (lpj=96000)[    0.031586@0] pid_max: default: 32768 minimum: 301[    0.036436@0] thread_stack_cache_init, vmap:ffffffc00e5af600, bitmap:ffffffc00e5a3000, cache page:e5e0[    0.045772@0] thread_stack_cache_init, allocation vm area:ffffffc00e5d94c0, addr:ffffff8020000000, size:20001000[    0.056005@0] cpu 0, vmap_stack:[ffffffc00ef5c960-ffffffc00ef60950][    0.062304@0] cpu 0, irq_stack: [ffffffc00ef53060-ffffffc00ef57050][    0.068603@0] cpu 1, vmap_stack:[ffffffc00ef75960-ffffffc00ef79950][    0.074904@0] cpu 1, irq_stack: [ffffffc00ef6c060-ffffffc00ef70050][    0.081203@0] cpu 2, vmap_stack:[ffffffc00ef8e960-ffffffc00ef92950][    0.087503@0] cpu 2, irq_stack: [ffffffc00ef85060-ffffffc00ef89050][    0.093803@0] cpu 3, vmap_stack:[ffffffc00efa7960-ffffffc00efab950][    0.100103@0] cpu 3, irq_stack: [ffffffc00ef9e060-ffffffc00efa2050][    0.106463@0] Security Framework initialized[    0.110696@0] SELinux:  Initializing.[    0.114388@0] SELinux:  Starting in permissive mode[    0.114424@0] Mount-cache hash table entries: 512 (order: 0, 4096 bytes)[    0.121107@0] Mountpoint-cache hash table entries: 512 (order: 0, 4096 bytes)[    0.128831@0] ftrace: allocating 30061 entries in 118 pages[    0.186196@0] sched-energy: CPU device node has no sched-energy-costs[    0.187006@0] CPU0: update cpu_capacity 1024[    0.191333@0] ASID allocator initialised with 32768 entries[    0.229467@0] secmon: can't fine clear_range[    0.229672@0] EFI services will not be available.[    0.232937@0] Meson chip version = RevC (25:C - 23:0)[    0.266601@1] Detected VIPT I-cache on CPU1[    0.266661@1] CPU1: update cpu_capacity 1024[    0.266663@1] CPU1: Booted secondary processor [410fd034][    0.294665@2] Detected VIPT I-cache on CPU2[    0.294718@2] CPU2: update cpu_capacity 1024[    0.294720@2] CPU2: Booted secondary processor [410fd034][    0.322731@3] Detected VIPT I-cache on CPU3[    0.322781@3] CPU3: update cpu_capacity 1024[    0.322784@3] CPU3: Booted secondary processor [410fd034][    0.322872@0] Brought up 4 CPUs[    0.362092@0] SMP: Total of 4 processors activated.[    0.367001@0] CPU features: detected feature: 32-bit EL0 Support[    0.373037@0] CPU features: detected feature: Kernel page table isolation (KPTI)[    0.383593@0] CPU: All CPU(s) started at EL2[    0.384776@0] alternatives: patching kernel code[    0.390083@1] addr:ffffff802007be10 is in kernel, size fix 4096->10, data:mode=0755[    0.397300@0] devtmpfs: initialized[    0.412306@0] DMI not present or invalid.[    0.412716@0] clocksource: jiffies: mask: 0xffffffff max_cycles: 0xffffffff, max_idle_ns: 7645041785100000 ns[    0.420670@0] futex hash table entries: 1024 (order: 4, 65536 bytes)[    0.427245@0] pinctrl core: initialized pinctrl subsystem[    0.433629@0] NET: Registered protocol family 16[    0.457197@0] cpuidle: using governor menu[    0.457678@0] vdso: 2 pages (1 code @ ffffff8009917000, 1 data @ ffffff8009f14000)[    0.463306@0] hw-breakpoint: found 6 breakpoint and 2 watchpoint registers.[    0.470716@0] DMA: preallocated 256 KiB pool for atomic allocations[    0.476867@0] clkmsr: clkmsr: driver init[    0.480915@0] aml_watch_point_probe, in, wp:2[    0.485491@0] pstore: using zlib compression[    0.489746@0] console [pstore-1] enabled[    0.493186@0] pstore: Registered ramoops as persistent store backend[    0.499592@0] ramoops: attached 0x100000@0x7400000, ecc: 0/0[    0.513935@0] aml_iomap: amlogic iomap probe done[    0.520853@0] clkmsr: msr_clk_reg0=ffffff800817e004,msr_clk_reg2=ffffff80081d100c[    0.522788@0] clkmsr ffd18004.meson_clk_msr: failed to get msr ring reg0[    0.611043@0] usbcore: registered new interface driver usbfs[    0.611206@0] usbcore: registered new interface driver hub[    0.616817@0] usbcore: registered new device driver usb[    0.622149@0] pps_core: LinuxPPS API ver. 1 registered[    0.627045@0] pps_core: Software ver. 5.3.6 - Copyright 2005-2007 Rodolfo Giometti <giometti@linux.it>[    0.636451@0] PTP clock support registered[    0.640777@0] dmi: Firmware registration failed.[    0.649588@0] secmon: reserve_mem_size:0x300000[    0.649760@0] secmon secmon: assigned reserved memory node linux,secmon[    0.656726@0] secmon: get page:ffffffbf00140000, 5000[    0.661417@0] secmon: share in base: 0xffffffc0050fe000, share out base: 0xffffffc0050ff000[    0.669809@0] secmon: phy_in_base: 0x50fe000, phy_out_base: 0x50ff000[    0.677691@0] NetLabel: Initializing[    0.679859@0] NetLabel:  domain hash size = 128[    0.684447@0] NetLabel:  protocols = UNLABELED CIPSOv4[    0.689676@0] NetLabel:  unlabeled traffic allowed by default[    0.696279@0] clocksource: Switched to clocksource arch_sys_counter[    0.823105@0] VFS: Disk quotas dquot_6.6.0[    0.823252@0] VFS: Dquot-cache hash table entries: 512 (order 0, 4096 bytes)[    0.849165@3] NET: Registered protocol family 2[    0.850221@3] TCP established hash table entries: 2048 (order: 2, 16384 bytes)[    0.855443@3] TCP bind hash table entries: 2048 (order: 3, 32768 bytes)[    0.862099@3] TCP: Hash tables configured (established 2048 bind 2048)[    0.868669@3] UDP hash table entries: 256 (order: 1, 8192 bytes)[    0.874631@3] UDP-Lite hash table entries: 256 (order: 1, 8192 bytes)[    0.881371@3] NET: Registered protocol family 1[    0.886320@3] RPC: Registered named UNIX socket transport module.[    0.891756@3] RPC: Registered udp transport module.[    0.896640@3] RPC: Registered tcp transport module.[    0.901538@3] RPC: Registered tcp NFSv4.1 backchannel transport module.[    0.910700@3] Unpacking initramfs...[    1.409268@3] Initramfs unpacking failed: junk in compressed archive[    1.416033@1] Freeing initrd memory: 6556K[    1.416977@1] hw perfevents: clusterb_enabled = 0[    1.419218@1] hw perfevents: cpumasks 0xf, 0x0[    1.423774@1] hw perfevents: cluster A irq = 7[    1.428329@1] hw perfevents: enabled with armv8_pmuv3 PMU driver, 7 counters available[    1.438408@1] audit: initializing netlink subsys (disabled)[    1.441854@1] audit: type=2000 audit(1.256:1): initialized[    1.449133@1] workingset: timestamp_bits=62 max_order=16 bucket_order=0[    1.472982@1] squashfs: version 4.0 (2009/01/31) Phillip Lougher[    1.479901@1] NFS: Registering the id_resolver key type[    1.479982@1] Key type id_resolver registered[    1.483919@1] Key type id_legacy registered[    1.488531@1] fuse init (API version 7.26)[    1.493853@1] SELinux:  Registering netfilter hooks[    1.500237@1] NET: Registered protocol family 38[    1.500341@1] Key type asymmetric registered[    1.503511@1] Asymmetric key parser 'x509' registered[    1.509030@1] Block layer SCSI generic (bsg) driver version 0.4 loaded (major 248)[    1.516239@1] io scheduler noop registered (default)[    1.521306@1] io scheduler deadline registered[    1.526018@1] io scheduler cfq registered[    1.547282@1] Unable to detect cache hierarchy for CPU 0[    1.547529@1] random: fast init done[    1.551382@3] random: crng init done[    1.585496@1] loop: module loaded[    1.586954@1] zram: Added device: zram0[    1.587376@1] mtdoops: mtd device (mtddev=name/number) must be supplied[    1.594183@1] libphy: Fixed MDIO Bus: probed[    1.598851@1] tun: Universal TUN/TAP device driver, 1.6[    1.603257@1] tun: (C) 1999-2004 Max Krasnyansky <maxk@qualcomm.com>[    1.611454@1]  ee eth reset:Addr = ffffff80081fd008[    1.618954@1] meson6-dwmac ff3f0000.ethernet: no reset control found[    1.620919@1] stmmac - user ID: 0x11, Synopsys ID: 0x37[    1.626154@1]  Ring mode enabled[    1.629384@1]  DMA HW capability register supported[    1.634109@1]  Normal descriptors[    1.637432@1]  RX Checksum Offload Engine supported[    1.642334@1]    COE Type 2[    1.644957@1]  TX Checksum insertion supported[    1.649419@1]  Wake-Up On Lan supported[    1.653361@1]  Enable RX Mitigation via HW Watchdog Timer[    1.672129@1] libphy: stmmac: probed[    1.672181@1] eth%d: PHY ID 00000128 at 0 IRQ POLL (stmmac-0:00) active[    1.676750@1] eth%d: PHY ID 00000128 at 3 IRQ POLL (stmmac-0:03)[    1.684779@1] PPP generic driver version 2.4.2[    1.687619@1] PPP BSD Compression module registered[    1.692156@1] PPP Deflate Compression module registered[    1.697414@1] PPP MPPE Compression module registered[    1.702371@1] NET: Registered protocol family 24[    1.707826@1] ehci_hcd: USB 2.0 'Enhanced' Host Controller (EHCI) Driver[    1.713769@1] ohci_hcd: USB 1.1 'Open' Host Controller (OHCI) Driver[    1.720845@1] usbcore: registered new interface driver cdc_acm[    1.726023@1] cdc_acm: USB Abstract Control Model driver for USB modems and ISDN adapters[    1.734446@1] usbcore: registered new interface driver usbserial[    1.741117@0] mousedev: PS/2 mouse device common for all mice[    1.746557@0] usbcore: registered new interface driver xpad[    1.751957@1] i2c /dev entries driver[    1.756799@1] cpu cpu0: bL_cpufreq_init: CPU 0 initialized[    1.760973@1] arm_big_little: bL_cpufreq_register: Registered platform driver: scpi[    1.771841@1] ff803000.serial: clock gate not found[    1.773548@1] meson_uart ff803000.serial: ==uart0 reg addr = ffffff800830d000[    1.780707@1] ff803000.serial: ttyS0 at MMIO 0xff803000 (irq = 13, base_baud = 1500000) is a meson_uart[    1.795629@1] meson_uart ff803000.serial: ttyS0 use xtal(24M) 24000000 change 0 to 115200[    1.798338@1] console [ttyS0] enabled[    1.805557@1] bootconsole [aml_uart0] disabled[    1.815194@3] ff804000.serial: clock gate not found[    1.819328@3] meson_uart ff804000.serial: ==uart3 reg addr = ffffff8008321000[    1.826459@3] ff804000.serial: ttyS3 at MMIO 0xff804000 (irq = 14, base_baud = 1500000) is a meson_uart[    1.836857@0] meson_uart ffd24000.serial: ==uart1 reg addr = ffffff8008323000[    1.842946@0] ffd24000.serial: ttyS1 at MMIO 0xffd24000 (irq = 25, base_baud = 1500000) is a meson_uart[    1.853189@1] meson_uart ffd23000.serial: ==uart2 reg addr = ffffff8008325000[    1.859428@1] ffd23000.serial: ttyS2 at MMIO 0xffd23000 (irq = 26, base_baud = 1500000) is a meson_uart[    1.870345@3] amlogic-new-usb2 ffe09000.usb2phy: USB2 phy probe:phy_mem:0xffe09000, iomap phy_base:0xffffff8008348000[    1.879682@3] amlogic-new-usb3 ffe09080.usb3phy: This phy has no usb port[    1.886161@3] amlogic-new-usb3 ffe09080.usb3phy: USB3 phy probe:phy_mem:0xffe09080, iomap phy_base:0xffffff800834c080[    1.901220@3] i2c i2c-1: of_i2c: modalias failure on /soc/aobus@ff800000/i2c@5000/mcu6350@40[    1.904996@3] i2c i2c-1: Failed to create I2C device for /soc/aobus@ff800000/i2c@5000/mcu6350@40[    1.917328@3] aml_dma ff63e000.aml_dma: Aml dma[    1.920516@3] aml_aes_dma ff63e000.aml_dma:aml_aes: Aml AES_dma[    1.925496@3] aml_sha_dma ff63e000.aml_dma:aml_sha: Aml SHA1/SHA224/SHA256 dma[    1.931829@3] efusekeynum: 4[    1.934214@3] efusekeyname:             mac   offset:     0   size:     6[    1.940616@3] efusekeyname:          mac_bt   offset:     6   size:     6[    1.947012@3] efusekeyname:        mac_wifi   offset:    12   size:     6[    1.953422@3] efusekeyname:            usid   offset:    18   size:    16[    1.960294@2] efuse efuse: probe OK![    1.965690@2] meson-mmc: mmc driver version: 3.02, 2017-05-15: New Emmc Host Controller[    1.973062@2] meson-mmc: >>>>>>>>hostbase ffffff8008358000, dmode [    1.978030@2] meson-mmc: actual_clock :400000, HHI_nand: 0x80[    1.983238@2] meson-mmc: [meson_mmc_clk_set_rate_v3] after clock: 0x1000033c[    2.028425@2] meson-mmc: meson_mmc_probe() : success![    2.028687@2] amlogic mtd driver init[    2.032749@2] prase_get_dtb_nand_parameter:128,parse dts start[    2.037497@2] bl mode descrete[    2.040375@2] fip_copies 4[    2.043039@2] fip_size 0x200000[    2.046179@2] nand_clk_ctrl 0xffe07000[    2.049902@2] prase_get_dtb_nand_parameter:234,parse dts end[    2.055570@2] nand_clk_ctrl 0xffe07000[    2.059291@2] nand register base ffffff80083df800, nand clock register ffffff80083e1000[    2.068022@2] plat->aml_nand_device ffffff800a005c10[    2.072212@2] m3_nand_probe() aml_nand_device ffffff800a005c10[    2.078264@2] NAND device id: 98 da 90 15 76 16[    2.082499@2] NAND device: Manufacturer ID: [    2.086565@2]  0x98, Chip ID: 0x98 (Toshiba A revision NAND 2Gib TC58NVG1S3HBAI4 )[    2.094161@2] oob_fill_cnt =32 oob_size =64, bch_bytes =14[    2.099562@2] ecc mode:6 ecc_page_num=2 eep_need_oobsize=16[    2.105111@2] plane_num=1 writesize=0x800 ecc.size=0x200 bch_mode=1[    2.111356@2] mtd->oobavail: 0x8[    2.114751@2] aml_nand_init 2119: plat-name:bootloader[    2.119674@2] Creating 1 MTD partitions on \"bootloader\":[    2.124963@2] 0x000000000000-0x000000200000 : \"bootloader\"[    2.133772@3] bootloader initialized ok[    2.134222@3] plat->aml_nand_device ffffff800a005c10[    2.139204@3] m3_nand_probe() aml_nand_device ffffff800a005c10[    2.145342@3] NAND device id: 98 da 90 15 76 16[    2.149507@3] NAND device: Manufacturer ID: [    2.153562@3]  0x98, Chip ID: 0x98 (Toshiba A revision NAND 2Gib TC58NVG1S3HBAI4 )[    2.161134@3] oob_fill_cnt =32 oob_size =64, bch_bytes =14[    2.166567@3] ecc mode:6 ecc_page_num=2 eep_need_oobsize=16[    2.172107@3] plane_num=1 writesize=0x800 ecc.size=0x200 bch_mode=1[    2.178352@3] mtd->oobavail: 0x8[    2.181825@3] aml_nand_init 2119: plat-name:nandnormal[    2.186705@3] bbt_start=20[    2.189350@3] env_start=24[    2.192016@3] key_start=32[    2.194730@3] dtb_start=40[    2.197407@3] ddr_start=44[    2.200080@3] nbbt: info size=0x800 max_scan_blk=24, start_blk=20[    2.206616@3] get_free_node 43: bitmap=0[    2.210064@3] get_free_node 55: bitmap=1[    2.214169@3] get_free_node 43: bitmap=1[    2.217862@3] get_free_node 55: bitmap=3[    2.221966@3] get_free_node 43: bitmap=3[    2.225662@3] get_free_node 55: bitmap=7[    2.229563@3] nbbt : phy_blk_addr=20, ec=0, phy_page_addr=0, timestamp=1[    2.236233@3] nbbt free list:[    2.239180@3] blockN=21, ec=-1, dirty_flag=0[    2.243427@3] blockN=22, ec=-1, dirty_flag=0[    2.247674@3] blockN=23, ec=-1, dirty_flag=0[    2.251922@3] aml_nand_scan_rsv_info 1141: page_num=1[    2.257357@3] nbbt valid addr: 280000[    2.260590@3] aml_nand_bbt_check 1306 bbt is valid, reading.[    2.266223@3] aml_nand_read_rsv_info:423,read nbbt info at 280000[    2.272497@3] nenv: info size=0x10000 max_scan_blk=32, start_blk=24[    2.278937@3] get_free_node 43: bitmap=7[    2.282429@3] get_free_node 55: bitmap=f[    2.286533@3] get_free_node 43: bitmap=f[    2.290229@3] get_free_node 55: bitmap=1f[    2.294420@3] get_free_node 43: bitmap=1f[    2.298203@3] get_free_node 55: bitmap=3f[    2.302394@3] get_free_node 43: bitmap=3f[    2.306175@3] get_free_node 55: bitmap=7f[    2.310367@3] get_free_node 43: bitmap=7f[    2.314149@3] get_free_node 55: bitmap=ff[    2.318340@3] get_free_node 43: bitmap=ff[    2.322122@3] get_free_node 55: bitmap=1ff[    2.326401@3] get_free_node 43: bitmap=1ff[    2.330269@3] get_free_node 55: bitmap=3ff[    2.334342@3] nenv : phy_blk_addr=24, ec=0, phy_page_addr=0, timestamp=1[    2.341013@3] nenv free list:[    2.343944@3] blockN=25, ec=-1, dirty_flag=0[    2.348207@3] blockN=26, ec=-1, dirty_flag=0[    2.352454@3] blockN=27, ec=-1, dirty_flag=0[    2.356700@3] blockN=28, ec=-1, dirty_flag=0[    2.360947@3] blockN=29, ec=-1, dirty_flag=0[    2.365193@3] blockN=30, ec=-1, dirty_flag=0[    2.369440@3] blockN=31, ec=-1, dirty_flag=0[    2.373687@3] aml_nand_scan_rsv_info 1141: page_num=32[    2.391775@3] nenv valid addr: 310000[    2.391808@3] nkey: info size=0x8000 max_scan_blk=40, start_blk=32[    2.396185@3] get_free_node 43: bitmap=3ff[    2.400053@3] get_free_node 55: bitmap=7ff[    2.404332@3] get_free_node 43: bitmap=7ff[    2.408181@3] get_free_node 55: bitmap=fff[    2.412486@3] get_free_node 43: bitmap=fff[    2.416346@3] get_free_node 55: bitmap=1fff[    2.420711@3] get_free_node 43: bitmap=1fff[    2.424666@3] get_free_node 55: bitmap=3fff[    2.429031@3] get_free_node 43: bitmap=3fff[    2.432987@3] get_free_node 55: bitmap=7fff[    2.437351@3] get_free_node 43: bitmap=7fff[    2.441306@3] get_free_node 55: bitmap=ffff[    2.445671@3] get_free_node 43: bitmap=ffff[    2.449634@3] get_free_node 55: bitmap=1ffff[    2.454079@3] get_free_node 43: bitmap=1ffff[    2.458120@3] get_free_node 55: bitmap=3ffff[    2.462366@3] nkey : phy_blk_addr=-1, ec=0, phy_page_addr=0, timestamp=0[    2.469037@3] nkey free list:[    2.471967@3] blockN=32, ec=-1, dirty_flag=0[    2.476231@3] blockN=33, ec=-1, dirty_flag=0[    2.480478@3] blockN=34, ec=-1, dirty_flag=0[    2.484724@3] blockN=35, ec=-1, dirty_flag=0[    2.488971@3] blockN=36, ec=-1, dirty_flag=0[    2.493217@3] blockN=37, ec=-1, dirty_flag=0[    2.497464@3] blockN=38, ec=-1, dirty_flag=0[    2.501711@3] blockN=39, ec=-1, dirty_flag=0[    2.505958@3] aml_nand_scan_rsv_info 1141: page_num=16[    2.511071@3] nkey valid addr: fffffffffffe0000[    2.515579@3] aml_nand_key_check 1251 NO key exist[    2.520346@3] ndtb: info size=0x20000 max_scan_blk=44, start_blk=40[    2.526994@3] get_free_node 43: bitmap=3ffff[    2.530833@3] get_free_node 55: bitmap=7ffff[    2.535284@3] get_free_node 43: bitmap=7ffff[    2.539326@3] get_free_node 55: bitmap=fffff[    2.543778@3] get_free_node 43: bitmap=fffff[    2.547820@3] get_free_node 55: bitmap=1fffff[    2.552153@3] ndtb : phy_blk_addr=40, ec=0, phy_page_addr=0, timestamp=1[    2.558823@3] ndtb free list:[    2.561771@3] blockN=41, ec=-1, dirty_flag=0[    2.566017@3] blockN=42, ec=-1, dirty_flag=0[    2.570264@3] blockN=43, ec=-1, dirty_flag=0[    2.574511@3] aml_nand_scan_rsv_info 1141: page_num=64[    2.592619@3] ndtb valid addr: 500000[    2.592653@3] nddr: info size=0x20000 max_scan_blk=46, start_blk=44[    2.597112@3] get_free_node 43: bitmap=1fffff[    2.601241@3] get_free_node 55: bitmap=3fffff[    2.605778@3] get_free_node 43: bitmap=3fffff[    2.609907@3] get_free_node 55: bitmap=7fffff[    2.614241@3] nddr : phy_blk_addr=-1, ec=0, phy_page_addr=0, timestamp=0[    2.620911@3] nddr free list:[    2.623842@3] blockN=44, ec=-1, dirty_flag=0[    2.628105@3] blockN=45, ec=-1, dirty_flag=0[    2.632352@3] aml_nand_scan_rsv_info 1141: page_num=64[    2.637465@3] nddr valid addr: fffffffffffe0000[    2.641972@3] aml_nand_ddr_check 1281 NO ddr exist[    2.646742@3] tpl: off 8388608, size 8388608[    2.744499@3]  NAND bbt detect factory Bad block at c000000[    2.744551@3] aml_nand_add_partition:394 factory bad addr=600[    2.750235@3]  NAND bbt detect factory Bad block at c020000[    2.755745@3] aml_nand_add_partition:394 factory bad addr=601[    2.795383@3] Creating 6 MTD partitions on \"nandnormal\":[    2.795430@3] 0x000000800000-0x000001000000 : \"tpl\"[    2.806798@1] 0x000001000000-0x000001200000 : \"misc\"[    2.810552@0] 0x000001200000-0x000002200000 : \"recovery\"[    2.822083@1] 0x000002200000-0x000004200000 : \"boot\"[    2.841565@1] 0x000004200000-0x000004700000 : \"config\"[    2.846215@1] 0x000004700000-0x000010000000 : \"nvdata\"[    2.910844@1]  NAND bbt detect factory Bad block at c000000[    2.910962@1]  NAND bbt detect factory Bad block at c020000[    2.952816@3] nandnormal initialized ok[    2.952924@3] aml_ubootenv_init: register env chardev[    2.956473@3] aml_ubootenv_init: register env chardev OK[    2.961500@3] amlnf_dtb_init: register dtb cdev[    2.966371@3] amlnf_dtb_init: register dtd cdev OK[    2.970670@3] mtd_nand_probe 267 , err = 0[    2.975782@2] aml_vrtc rtc: rtc core: registered aml_vrtc as rtc0[    2.981285@2] input: aml_vkeypad as /devices/platform/rtc/input/input0[    2.988209@0] unifykey: storage in base: 0xffffffc005000000[    2.992869@0] unifykey: storage out base: 0xffffffc005040000[    2.998463@0] unifykey: storage block base: 0xffffffc005080000[    3.004364@0] unifykey: probe done![    3.008485@0] unifykey: no efuse-version set, use default value: -1[    3.013991@0] unifykey: key unify config unifykey-num is 6[    3.019512@0] unifykey: key unify fact unifykey-num is 6[    3.024718@0] unifykey: unifykey_devno: f200000[    3.029688@2] unifykey: device unifykeys created ok[    3.034215@2] unifykey: aml_unifykeys_init done![    3.039097@2] sysled: module init[    3.042568@2] meson_wdt ffd0f0d0.watchdog: start watchdog[    3.047366@2] meson_wdt ffd0f0d0.watchdog: creat work queue for watch dog[    3.054727@1] meson_wdt ffd0f0d0.watchdog: AML Watchdog Timer probed done[    3.063393@0] dmc_monitor_probe[    3.065217@0] defendkey defendkey: Reserved memory is not enough![    3.070084@0] defendkey: probe of defendkey failed with error -22[    3.076431@0] GACT probability NOT on[    3.079743@0] Mirror/redirect action on[    3.083585@0] u32 classifier[    3.086416@0]     Actions configured[    3.089975@0] Netfilter messages via NETLINK v0.30.[    3.095261@0] nf_conntrack version 0.5.0 (2048 buckets, 8192 max)[    3.101504@0] ctnetlink v0.93: registering with nfnetlink.[    3.107295@0] xt_time: kernel timezone is -0000[    3.111044@0] ipip: IPv4 and MPLS over IPv4 tunneling driver[    3.117677@0] ip_tables: (C) 2000-2006 Netfilter Core Team[    3.122385@0] arp_tables: arp_tables: (C) 2002 David S. Miller[    3.127848@0] Initializing XFRM netlink socket[    3.133393@0] NET: Registered protocol family 10[    3.139322@0] mip6: Mobile IPv6[    3.139923@0] ip6_tables: (C) 2000-2006 Netfilter Core Team[    3.145911@0] sit: IPv6, IPv4 and MPLS over IPv4 tunneling driver[    3.153913@0] NET: Registered protocol family 17[    3.156129@0] NET: Registered protocol family 15[    3.160782@0] bridge: filtering via arp/ip/ip6tables is no longer available by default. Update your scripts to load br_netfilter if you need this.[    3.173919@0] l2tp_core: L2TP core driver, V2.0[    3.178304@0] l2tp_ppp: PPPoL2TP kernel driver, V2.0[    3.183232@0] l2tp_ip: L2TP IP encapsulation support (L2TPv3)[    3.188987@0] l2tp_netlink: L2TP netlink interface[    3.193803@0] l2tp_eth: L2TP ethernet pseudowire support (L2TPv3)[    3.199846@0] l2tp_debugfs: L2TP debugfs support[    3.204388@0] l2tp_ip6: L2TP IP encapsulation support for IPv6 (L2TPv3)[    3.211023@0] NET: Registered protocol family 35[    3.215955@0] Key type dns_resolver registered[    3.220542@0] Registered swp emulation handler[    3.224413@0] Registered cp15_barrier emulation handler[    3.229605@0] Registered setend emulation handler[    3.234346@0] disable EAS feature[    3.238889@2] registered taskstats version 1[    3.255521@0] dwc3 ff500000.dwc3: Configuration mismatch. dr_mode forced to host[    3.762030@0] xhci-hcd xhci-hcd.0.auto: xHCI Host Controller[    3.762122@0] xhci-hcd xhci-hcd.0.auto: new USB bus registered, assigned bus number 1[    3.770461@0] xhci-hcd xhci-hcd.0.auto: hcc params 0x0220f664 hci version 0x100 quirks 0x02010010[    3.778854@0] xhci-hcd xhci-hcd.0.auto: irq 22, io mem 0xff500000[    3.786290@3] hub 1-0:1.0: USB hub found[    3.788794@3] hub 1-0:1.0: 1 port detected[    3.793388@3] xhci-hcd xhci-hcd.0.auto: xHCI Host Controller[    3.798417@3] xhci-hcd xhci-hcd.0.auto: new USB bus registered, assigned bus number 2[    3.806315@3] usb usb2: We don't know the algorithms for LPM for this host, disabling LPM.[    3.815788@0] hub 2-0:1.0: USB hub found[    3.818425@0] hub 2-0:1.0: config failed, hub doesn't have any ports! (err -19)[    3.825699@0] usb usb2: Unsupported the hub[    3.830443@0] aml_vrtc rtc: setting system clock to 2015-01-01 00:00:08 UTC (1420070408)[    3.838535@0] dwc_otg ff400000.dwc2_a: dwc_otg_driver_probe(ffffffc00d15f000)[    3.838611@0] dwc_otg: usb0: type: 2 speed: 0, config: 0, dma: 0, id: 0, phy: ffe09000, ctrl: 0[    3.846495@0] dwc_otg ff400000.dwc2_a: base=0xffffff8008580000[    3.846507@0] dwc_otg ff400000.dwc2_a: dwc_otg_device=0xffffffc00bbf8a00[    3.946919@0] dwc_otg: Core Release: 3.10a[    3.946973@0] dwc_otg: Setting default values for core params[    3.951155@0] dwc_otg: curmode: 0, host_only: 0[    3.955662@0] dwc_otg ff400000.dwc2_a: DMA config: BURST_DEFAULT[    3.968172@0] dwc_otg: Using Buffer DMA mode[    3.968209@0] dwc_otg: OTG VER PARAM: 1, OTG VER FLAG: 1[    3.972116@0] dwc_otg: Working on port type = SLAVE[    3.976974@0] dwc_otg: Dedicated Tx FIFOs mode[    3.983896@0] thermal thermal_zone0: binding zone soc_thermal with cdev thermal-cpufreq-0 failed:-22[    3.990691@0] cpucore_cooling_register, max_cpu_core_num:4[    4.003288@0] gxbb_pm: enter meson_pm_probe![    4.003345@0] no vddio3v3_en pin[    4.005041@0] pm-meson aml_pm: Can't get switch_clk81[    4.010103@0] gxbb_pm: meson_pm_probe done[    4.015014@0] meson_uart ff803000.serial: ttyS0 use xtal(24M) 24000000 change 115200 to 115200[    4.021389@0] Freeing unused kernel memory: 3648K[    4.035846@0] meson_uart ff803000.serial: ttyS0 use xtal(24M) 24000000 change 115200 to 115200[    4.289046@2] ubi0: attaching mtd5[    4.308658@2] ubi0: scanning is finished[    4.313556@0] ubi0: attached mtd5 (name \"config\", size 5 MiB)[    4.313687@0] ubi0: PEB size: 131072 bytes (128 KiB), LEB size: 126976 bytes[    4.320752@0] ubi0: min./max. I/O unit sizes: 2048/2048, sub-page size 2048[    4.327653@0] ubi0: VID header offset: 2048 (aligned 2048), data offset: 4096[    4.334766@0] ubi0: good PEBs: 40, bad PEBs: 0, corrupted PEBs: 0[    4.340824@0] ubi0: user volume: 1, internal volumes: 1, max. volumes count: 128[    4.348203@0] ubi0: max/mean erase counter: 4/2, WL threshold: 4096, image sequence number: 1172515841[    4.357467@0] ubi0: available PEBs: 0, total reserved PEBs: 40, PEBs reserved for bad PEB handling: 4[    4.366687@2] ubi0: background thread \"ubi_bgt0d\" started, PID 1079[    4.379762@1] UBIFS (ubi0:0): background thread \"ubifs_bgt0_0\" started, PID 1083[    4.398075@0] UBIFS (ubi0:0): recovery needed[    4.440669@0] UBIFS (ubi0:0): recovery completed[    4.440943@0] UBIFS (ubi0:0): UBIFS: mounted UBI device 0, volume 0, name \"config_data\"[    4.447675@0] UBIFS (ubi0:0): LEB size: 126976 bytes (124 KiB), min./max. I/O unit sizes: 2048 bytes/2048 bytes[    4.457717@0] UBIFS (ubi0:0): FS size: 2793472 bytes (2 MiB, 22 LEBs), journal size 1015809 bytes (0 MiB, 6 LEBs)[    4.467938@0] UBIFS (ubi0:0): reserved for root: 131942 bytes (128 KiB)[    4.474528@0] UBIFS (ubi0:0): media format: w4/r0 (latest is w4/r0), UUID B3B8540F-3ECE-4FAE-8DFF-C35E78647880, small LPT model[    4.499040@0] ubi2: attaching mtd6[    4.964423@0]  NAND bbt detect factory Bad block at c000000[    4.964548@0]  NAND bbt detect factory Bad block at c020000[    5.215375@0] ubi2: scanning is finished[    5.222710@3] ubi2: attached mtd6 (name \"nvdata\", size 185 MiB)[    5.223011@3] ubi2: PEB size: 131072 bytes (128 KiB), LEB size: 126976 bytes[    5.230117@3] ubi2: min./max. I/O unit sizes: 2048/2048, sub-page size 2048[    5.236989@3] ubi2: VID header offset: 2048 (aligned 2048), data offset: 4096[    5.244082@3] ubi2: good PEBs: 1478, bad PEBs: 2, corrupted PEBs: 0[    5.250329@3] ubi2: user volume: 1, internal volumes: 1, max. volumes count: 128[    5.257689@3] ubi2: max/mean erase counter: 2/1, WL threshold: 4096, image sequence number: 2367911377[    5.266968@3] ubi2: available PEBs: 0, total reserved PEBs: 1478, PEBs reserved for bad PEB handling: 2[    5.276349@0] ubi2: background thread \"ubi_bgt2d\" started, PID 1091[    5.289349@2] UBIFS (ubi2:0): background thread \"ubifs_bgt2_0\" started, PID 1095[    5.307600@3] UBIFS (ubi2:0): recovery needed[    5.369338@0] UBIFS (ubi2:0): recovery completed[    5.369636@0] UBIFS (ubi2:0): UBIFS: mounted UBI device 2, volume 0, name \"nvdata_data\"[    5.376369@0] UBIFS (ubi2:0): LEB size: 126976 bytes (124 KiB), min./max. I/O unit sizes: 2048 bytes/2048 bytes[    5.386385@0] UBIFS (ubi2:0): FS size: 185384960 bytes (176 MiB, 1460 LEBs), journal size 9269248 bytes (8 MiB, 73 LEBs)[    5.397213@0] UBIFS (ubi2:0): reserved for root: 4952683 bytes (4836 KiB)[    5.404059@0] UBIFS (ubi2:0): media format: w4/r0 (latest is w4/r0), UUID B38D9A02-3790-43E9-A082-EADB9E821788, small LPT model[    5.617046@3] eth0: device MAC address 02:ea:bd:50:1d:59[    5.702395@0] meson6-dwmac ff3f0000.ethernet eth0: fail to init PTP.[    5.703789@0] IPv6: ADDRCONF(NETDEV_UP): eth0: link is not ready[    5.915808@3] uart_trans: loading out-of-tree module taints kernel.[    5.918132@3] register uart_trans chrdev success.[    5.921618@3] meson_uart ff804000.serial: ttyS3 use xtal(24M) 24000000 change 0 to 9600[    5.929168@3] tty port open success [/dev/ttyS3]![    5.934025@3] meson_uart ff804000.serial: ttyS3 use xtal(24M) 24000000 change 9600 to 115200[    5.942234@3] init sucess for tty struct (246:3)  [/dev/ttyS3][    5.948382@3] meson_uart ffd23000.serial: ttyS2 use xtal(24M) 24000000 change 0 to 9600[    5.956018@3] tty port open success [/dev/ttyS2]![    5.960686@3] meson_uart ffd23000.serial: ttyS2 use xtal(24M) 24000000 change 9600 to 115200[    5.969093@3] init sucess for tty struct (246:2)  [/dev/ttyS2][    5.975180@3] meson_uart ffd24000.serial: ttyS1 use xtal(24M) 24000000 change 0 to 9600[    5.982875@3] tty port open success [/dev/ttyS1]![    5.987548@3] meson_uart ffd24000.serial: ttyS1 use xtal(24M) 24000000 change 9600 to 115200[    5.995955@3] init sucess for tty struct (246:1)  [/dev/ttyS1][    6.002297@0] create workqueue success![    7.736503@0] meson6-dwmac ff3f0000.ethernet eth0: Link is Up - 100Mbps/Full - flow control off[    7.739615@0] IPv6: ADDRCONF(NETDEV_CHANGE): eth0: link becomes ready[   24.493575@2] uart trans dev open.[   24.493697@2] uart_buf virt addr = 0xffffffc00b140000[   24.496439@2] uart_buf phys addr = 0x0b140000[   24.500747@2] uart_buf pfn       = 0x0000b140[   24.505372@2] uart trans stop send work timer.[   24.509704@2] uart trans set chain exist bits:0x7.[   24.514265@2] uart trans set work queue count 768.[  118.111850@0] uart set baud to: 4098[  118.111909@0] uart set baud to: 4098[  118.113449@0] uart set baud to: 4098[  134.413248@2] meson_uart ff804000.serial: ttyS3 use xtal(24M) 24000000 change 115200 to 3000000[  134.416381@2] uart set baud to: 4109[  134.480370@2] meson_uart ffd23000.serial: ttyS2 use xtal(24M) 24000000 change 115200 to 3000000[  134.483456@2] uart set baud to: 4109[  134.547669@1] meson_uart ffd24000.serial: ttyS1 use xtal(24M) 24000000 change 115200 to 3000000[  134.550782@1] uart set baud to: 4109[  190.920185@2] uart trans start send work timer.===========================================Miner log===========================================2015-01-01 00:00:15 Open miner sn file /config/sn error2015-01-01 00:00:15 Miner compile time: Thu Jun  9 13:06:22 CST 2022 type: Antminer BHB42XXX sn :2015-01-01 00:00:16 This is fix-freq version2015-01-01 00:00:16 Miner compile time: Thu Jun  9 13:06:22 CST 2022 type: Antminer BHB42XXX2015-01-01 00:00:16 commit version: ffd674e 2022-06-09 10:18:00, build by: jenkins 2022-06-09 13:16:422015-01-01 00:00:16 opt_multi_version     = 12015-01-01 00:00:16 opt_bitmain_ab        = 12015-01-01 00:00:16 mid_auto_gen          = 12015-01-01 00:00:16 opt_bitmain_work_mode = 02015-01-01 00:00:16 port 439 already exported2015-01-01 00:00:16 port 454 already exported2015-01-01 00:00:16 port 440 already exported2015-01-01 00:00:16 port 455 already exported2015-01-01 00:00:16 port 441 already exported2015-01-01 00:00:16 port 456 already exported2015-01-01 00:00:16 port 438 already exported2015-01-01 00:00:16 port 453 already exported2015-01-01 00:00:16 port 446 already exported2015-01-01 00:00:16 port 445 already exported2015-01-01 00:00:16 Note: front fan is power on!2015-01-01 00:00:16 Note: rear fan is power on!2015-01-01 00:00:16 start the http log.2015-01-01 00:00:16 httpListenThread start ret=02015-01-01 00:00:16 start listen on 6060 ...2015-01-01 00:00:16 bad chain id = 32015-01-01 00:00:19 bad chain id = 32015-01-01 00:00:21 ==========================capability start==========================2015-01-01 00:00:21 board num = 32015-01-01 00:00:21 board id = 0, chain num = 12015-01-01 00:00:21    chain id = 02015-01-01 00:00:21 board id = 1, chain num = 12015-01-01 00:00:21    chain id = 12015-01-01 00:00:21 board id = 2, chain num = 12015-01-01 00:00:21    chain id = 22015-01-01 00:00:21 ==========================capability end============================2015-01-01 00:00:21 chain num = 32015-01-01 00:00:21 skip loading levels for now2015-01-01 00:00:22 load chain 0 eeprom data2022-10-26 22:22:47 load chain 1 eeprom data2022-10-26 22:22:48 load chain 2 eeprom data2022-10-26 22:22:48 i2c_sim_init start2022-10-26 22:22:48 init gpio4772022-10-26 22:22:48 init gpio4762022-10-26 22:22:48 i2c_sim_init end2022-10-26 22:22:49 power open power_version = 0x752022-10-26 22:22:52 power is not Calibrated2022-10-26 22:22:53 miner type: Antminer S19 Pro2022-10-26 22:22:53 multi machine mode2022-10-26 22:22:53 load machine BHB42651 conf2022-10-26 22:22:53 machine : BHB42651 2022-10-26 22:22:53 chain_num 4, chain_domain_num 42, chain_asic_num 126, domain_asic_num 32022-10-26 22:22:53 fan_eft : 0  fan_pwm : 1002022-10-26 22:22:53 create thread get_nonce_and_register_thread2022-10-26 22:22:53 fixed working voltage = 13602022-10-26 22:22:53 min freq in eeprom = 5252022-10-26 22:22:53 fixed frequency is 5252022-10-26 22:22:53 Chain  PCB Version: 0x01202022-10-26 22:22:53 Chain  BOM Version: 0x00202022-10-26 22:22:53 Chain [1] PCB Version: 0x01202022-10-26 22:22:53 Chain [1] BOM Version: 0x00202022-10-26 22:22:53 Chain [2] PCB Version: 0x01202022-10-26 22:22:53 Chain [2] BOM Version: 0x00202022-10-26 22:22:53 bad chain id = 32022-10-26 22:22:53 Fan check passed.2022-10-26 22:22:53 uart_trans addr:0xf712f000.2022-10-26 22:22:53 max sensor num = 42022-10-26 22:22:53 STATUS_INITED: soc init done!2022-10-26 22:22:53 temperature_monitor_thread start...2022-10-26 22:22:56 start to init...2022-10-26 22:22:57 power type version: 0x00752022-10-26 22:22:58 disable power watchdog: 0x00002022-10-26 22:22:59 Enter sleep to make sure power release finish.2022-10-26 22:24:13 Slept 73 seconds, diff = 5.2022-10-26 22:24:17 set_voltage_by_steps to 1500.2022-10-26 22:24:27 start up min temp by 75a = 372022-10-26 22:24:30 Chain[0]: find 126 asic, times 02022-10-26 22:24:32 Chain[1]: find 126 asic, times 02022-10-26 22:24:34 Chain[2]: find 126 asic, times 02022-10-26 22:24:39 pulse_mode = 1, ccdly_sel = 0, pwth_sel = 12022-10-26 22:24:43 Bring up temperature is 382022-10-26 22:24:43 set UART baud to 30000002022-10-26 22:24:43 create thread check_miner_status_thread2022-10-26 22:24:43 create thread check_system_work_thread2022-10-26 22:24:43 set_voltage_by_steps to 1450.2022-10-26 22:24:45 fixed step freq_start = 50, freq_end = 525, freq_step = 6.252022-10-26 22:24:45 chain = 0 set freq to 56.252022-10-26 22:24:45 chain = 1 set freq to 56.252022-10-26 22:24:45 chain = 2 set freq to 56.252022-10-26 22:24:46 chain = 0 set freq to 62.502022-10-26 22:24:46 chain = 1 set freq to 62.502022-10-26 22:24:46 chain = 2 set freq to 62.502022-10-26 22:24:46 chain = 0 set freq to 68.752022-10-26 22:24:46 chain = 1 set freq to 68.752022-10-26 22:24:46 chain = 2 set freq to 68.752022-10-26 22:24:46 chain = 0 set freq to 75.002022-10-26 22:24:46 chain = 1 set freq to 75.002022-10-26 22:24:46 chain = 2 set freq to 75.002022-10-26 22:24:47 chain = 0 set freq to 81.252022-10-26 22:24:47 chain = 1 set freq to 81.252022-10-26 22:24:47 chain = 2 set freq to 81.252022-10-26 22:24:47 chain = 0 set freq to 87.502022-10-26 22:24:47 chain = 1 set freq to 87.502022-10-26 22:24:47 chain = 2 set freq to 87.502022-10-26 22:24:47 chain = 0 set freq to 93.752022-10-26 22:24:47 chain = 1 set freq to 93.752022-10-26 22:24:47 chain = 2 set freq to 93.752022-10-26 22:24:48 chain = 0 set freq to 100.002022-10-26 22:24:48 chain = 1 set freq to 100.002022-10-26 22:24:48 chain = 2 set freq to 100.002022-10-26 22:24:48 chain = 0 set freq to 106.252022-10-26 22:24:48 chain = 1 set freq to 106.252022-10-26 22:24:48 chain = 2 set freq to 106.252022-10-26 22:24:48 chain = 0 set freq to 112.502022-10-26 22:24:48 chain = 1 set freq to 112.502022-10-26 22:24:48 chain = 2 set freq to 112.502022-10-26 22:24:48 chain = 0 set freq to 118.752022-10-26 22:24:48 chain = 1 set freq to 118.752022-10-26 22:24:48 chain = 2 set freq to 118.752022-10-26 22:24:49 chain = 0 set freq to 125.002022-10-26 22:24:49 chain = 1 set freq to 125.002022-10-26 22:24:49 chain = 2 set freq to 125.002022-10-26 22:24:49 chain = 0 set freq to 131.252022-10-26 22:24:49 chain = 1 set freq to 131.252022-10-26 22:24:49 chain = 2 set freq to 131.252022-10-26 22:24:49 chain = 0 set freq to 137.502022-10-26 22:24:49 chain = 1 set freq to 137.502022-10-26 22:24:49 chain = 2 set freq to 137.502022-10-26 22:24:50 chain = 0 set freq to 143.752022-10-26 22:24:50 chain = 1 set freq to 143.752022-10-26 22:24:50 chain = 2 set freq to 143.752022-10-26 22:24:50 chain = 0 set freq to 150.002022-10-26 22:24:50 chain = 1 set freq to 150.002022-10-26 22:24:50 chain = 2 set freq to 150.002022-10-26 22:24:50 chain = 0 set freq to 156.252022-10-26 22:24:50 chain = 1 set freq to 156.252022-10-26 22:24:50 chain = 2 set freq to 156.252022-10-26 22:24:51 chain = 0 set freq to 162.502022-10-26 22:24:51 chain = 1 set freq to 162.502022-10-26 22:24:51 chain = 2 set freq to 162.502022-10-26 22:24:51 chain = 0 set freq to 168.752022-10-26 22:24:51 chain = 1 set freq to 168.752022-10-26 22:24:51 chain = 2 set freq to 168.752022-10-26 22:24:51 chain = 0 set freq to 175.002022-10-26 22:24:51 chain = 1 set freq to 175.002022-10-26 22:24:51 chain = 2 set freq to 175.002022-10-26 22:24:51 chain = 0 set freq to 181.252022-10-26 22:24:51 chain = 1 set freq to 181.252022-10-26 22:24:51 chain = 2 set freq to 181.252022-10-26 22:24:52 chain = 0 set freq to 187.502022-10-26 22:24:52 chain = 1 set freq to 187.502022-10-26 22:24:52 chain = 2 set freq to 187.502022-10-26 22:24:52 chain = 0 set freq to 193.752022-10-26 22:24:52 chain = 1 set freq to 193.752022-10-26 22:24:52 chain = 2 set freq to 193.752022-10-26 22:24:52 chain = 0 set freq to 200.002022-10-26 22:24:52 chain = 1 set freq to 200.002022-10-26 22:24:52 chain = 2 set freq to 200.002022-10-26 22:24:53 chain = 0 set freq to 206.252022-10-26 22:24:53 chain = 1 set freq to 206.252022-10-26 22:24:53 chain = 2 set freq to 206.252022-10-26 22:24:53 chain = 0 set freq to 212.502022-10-26 22:24:53 chain = 1 set freq to 212.502022-10-26 22:24:53 chain = 2 set freq to 212.502022-10-26 22:24:53 chain = 0 set freq to 218.752022-10-26 22:24:53 chain = 1 set freq to 218.752022-10-26 22:24:53 chain = 2 set freq to 218.752022-10-26 22:24:54 chain = 0 set freq to 225.002022-10-26 22:24:54 chain = 1 set freq to 225.002022-10-26 22:24:54 chain = 2 set freq to 225.002022-10-26 22:24:54 chain = 0 set freq to 231.252022-10-26 22:24:54 chain = 1 set freq to 231.252022-10-26 22:24:54 chain = 2 set freq to 231.252022-10-26 22:24:54 chain = 0 set freq to 237.502022-10-26 22:24:54 chain = 1 set freq to 237.502022-10-26 22:24:54 chain = 2 set freq to 237.502022-10-26 22:24:54 chain = 0 set freq to 243.752022-10-26 22:24:54 chain = 1 set freq to 243.752022-10-26 22:24:54 chain = 2 set freq to 243.752022-10-26 22:24:55 chain = 0 set freq to 250.002022-10-26 22:24:55 chain = 1 set freq to 250.002022-10-26 22:24:55 chain = 2 set freq to 250.002022-10-26 22:24:55 chain = 0 set freq to 256.252022-10-26 22:24:55 chain = 1 set freq to 256.252022-10-26 22:24:55 chain = 2 set freq to 256.252022-10-26 22:24:55 chain = 0 set freq to 262.502022-10-26 22:24:55 chain = 1 set freq to 262.502022-10-26 22:24:55 chain = 2 set freq to 262.502022-10-26 22:24:56 chain = 0 set freq to 268.752022-10-26 22:24:56 chain = 1 set freq to 268.752022-10-26 22:24:56 chain = 2 set freq to 268.752022-10-26 22:24:56 chain = 0 set freq to 275.002022-10-26 22:24:56 chain = 1 set freq to 275.002022-10-26 22:24:56 chain = 2 set freq to 275.002022-10-26 22:24:56 chain = 0 set freq to 281.252022-10-26 22:24:56 chain = 1 set freq to 281.252022-10-26 22:24:56 chain = 2 set freq to 281.252022-10-26 22:24:57 chain = 0 set freq to 287.502022-10-26 22:24:57 chain = 1 set freq to 287.502022-10-26 22:24:57 chain = 2 set freq to 287.502022-10-26 22:24:57 chain = 0 set freq to 293.752022-10-26 22:24:57 chain = 1 set freq to 293.752022-10-26 22:24:57 chain = 2 set freq to 293.752022-10-26 22:24:57 chain = 0 set freq to 300.002022-10-26 22:24:57 chain = 1 set freq to 300.002022-10-26 22:24:57 chain = 2 set freq to 300.002022-10-26 22:24:57 chain = 0 set freq to 306.252022-10-26 22:24:57 chain = 1 set freq to 306.252022-10-26 22:24:58 chain = 2 set freq to 306.252022-10-26 22:24:58 chain = 0 set freq to 312.502022-10-26 22:24:58 chain = 1 set freq to 312.502022-10-26 22:24:58 chain = 2 set freq to 312.502022-10-26 22:24:58 chain = 0 set freq to 318.752022-10-26 22:24:58 chain = 1 set freq to 318.752022-10-26 22:24:58 chain = 2 set freq to 318.752022-10-26 22:24:58 chain = 0 set freq to 325.002022-10-26 22:24:58 chain = 1 set freq to 325.002022-10-26 22:24:58 chain = 2 set freq to 325.002022-10-26 22:24:59 chain = 0 set freq to 331.252022-10-26 22:24:59 chain = 1 set freq to 331.252022-10-26 22:24:59 chain = 2 set freq to 331.252022-10-26 22:24:59 chain = 0 set freq to 337.502022-10-26 22:24:59 chain = 1 set freq to 337.502022-10-26 22:24:59 chain = 2 set freq to 337.502022-10-26 22:24:59 chain = 0 set freq to 343.752022-10-26 22:24:59 chain = 1 set freq to 343.752022-10-26 22:24:59 chain = 2 set freq to 343.752022-10-26 22:25:00 chain = 0 set freq to 350.002022-10-26 22:25:00 chain = 1 set freq to 350.002022-10-26 22:25:00 chain = 2 set freq to 350.002022-10-26 22:25:00 chain = 0 set freq to 356.252022-10-26 22:25:00 chain = 1 set freq to 356.252022-10-26 22:25:00 chain = 2 set freq to 356.252022-10-26 22:25:00 chain = 0 set freq to 362.502022-10-26 22:25:00 chain = 1 set freq to 362.502022-10-26 22:25:00 chain = 2 set freq to 362.502022-10-26 22:25:01 chain = 0 set freq to 368.752022-10-26 22:25:01 chain = 1 set freq to 368.752022-10-26 22:25:01 chain = 2 set freq to 368.752022-10-26 22:25:01 chain = 0 set freq to 375.002022-10-26 22:25:01 chain = 1 set freq to 375.002022-10-26 22:25:01 chain = 2 set freq to 375.002022-10-26 22:25:01 chain = 0 set freq to 381.252022-10-26 22:25:01 chain = 1 set freq to 381.252022-10-26 22:25:01 chain = 2 set freq to 381.252022-10-26 22:25:01 chain = 0 set freq to 387.502022-10-26 22:25:01 chain = 1 set freq to 387.502022-10-26 22:25:01 chain = 2 set freq to 387.502022-10-26 22:25:02 chain = 0 set freq to 393.752022-10-26 22:25:02 chain = 1 set freq to 393.752022-10-26 22:25:02 chain = 2 set freq to 393.752022-10-26 22:25:02 chain = 0 set freq to 400.002022-10-26 22:25:02 chain = 1 set freq to 400.002022-10-26 22:25:02 chain = 2 set freq to 400.002022-10-26 22:25:02 chain = 0 set freq to 406.252022-10-26 22:25:02 chain = 1 set freq to 406.252022-10-26 22:25:02 chain = 2 set freq to 406.252022-10-26 22:25:03 chain = 0 set freq to 412.502022-10-26 22:25:03 chain = 1 set freq to 412.502022-10-26 22:25:03 chain = 2 set freq to 412.502022-10-26 22:25:03 chain = 0 set freq to 418.752022-10-26 22:25:03 chain = 1 set freq to 418.752022-10-26 22:25:03 chain = 2 set freq to 418.752022-10-26 22:25:03 chain = 0 set freq to 425.002022-10-26 22:25:03 chain = 1 set freq to 425.002022-10-26 22:25:03 chain = 2 set freq to 425.002022-10-26 22:25:04 chain = 0 set freq to 431.252022-10-26 22:25:04 chain = 1 set freq to 431.252022-10-26 22:25:04 chain = 2 set freq to 431.252022-10-26 22:25:04 chain = 0 set freq to 437.502022-10-26 22:25:04 chain = 1 set freq to 437.502022-10-26 22:25:04 chain = 2 set freq to 437.502022-10-26 22:25:04 chain = 0 set freq to 443.752022-10-26 22:25:04 chain = 1 set freq to 443.752022-10-26 22:25:04 chain = 2 set freq to 443.752022-10-26 22:25:04 chain = 0 set freq to 450.002022-10-26 22:25:04 chain = 1 set freq to 450.002022-10-26 22:25:04 chain = 2 set freq to 450.002022-10-26 22:25:05 chain = 0 set freq to 456.252022-10-26 22:25:05 chain = 1 set freq to 456.252022-10-26 22:25:05 chain = 2 set freq to 456.252022-10-26 22:25:05 chain = 0 set freq to 462.502022-10-26 22:25:05 chain = 1 set freq to 462.502022-10-26 22:25:05 chain = 2 set freq to 462.502022-10-26 22:25:05 chain = 0 set freq to 468.752022-10-26 22:25:05 chain = 1 set freq to 468.752022-10-26 22:25:05 chain = 2 set freq to 468.752022-10-26 22:25:06 chain = 0 set freq to 475.002022-10-26 22:25:06 chain = 1 set freq to 475.002022-10-26 22:25:06 chain = 2 set freq to 475.002022-10-26 22:25:06 chain = 0 set freq to 481.252022-10-26 22:25:06 chain = 1 set freq to 481.252022-10-26 22:25:06 chain = 2 set freq to 481.252022-10-26 22:25:06 chain = 0 set freq to 487.502022-10-26 22:25:06 chain = 1 set freq to 487.502022-10-26 22:25:06 chain = 2 set freq to 487.502022-10-26 22:25:07 chain = 0 set freq to 493.752022-10-26 22:25:07 chain = 1 set freq to 493.752022-10-26 22:25:07 chain = 2 set freq to 493.752022-10-26 22:25:07 chain = 0 set freq to 500.002022-10-26 22:25:07 chain = 1 set freq to 500.002022-10-26 22:25:07 chain = 2 set freq to 500.002022-10-26 22:25:07 chain = 0 set freq to 506.252022-10-26 22:25:07 chain = 1 set freq to 506.252022-10-26 22:25:07 chain = 2 set freq to 506.252022-10-26 22:25:07 chain = 0 set freq to 512.502022-10-26 22:25:07 chain = 1 set freq to 512.502022-10-26 22:25:07 chain = 2 set freq to 512.502022-10-26 22:25:08 chain = 0 set freq to 518.752022-10-26 22:25:08 chain = 1 set freq to 518.752022-10-26 22:25:08 chain = 2 set freq to 518.752022-10-26 22:25:08 chain = 0 set freq to 525.002022-10-26 22:25:08 chain = 1 set freq to 525.002022-10-26 22:25:08 chain = 2 set freq to 525.002022-10-26 22:25:08 pulse_mode = 1, ccdly_sel = 0, pwth_sel = 12022-10-26 22:25:08 start do_core_reset2022-10-26 22:25:27 end do_core_reset2022-10-26 22:25:37 set_voltage_by_steps to 1360.2022-10-26 22:25:39 create thread pic_heart_beat_thread2022-10-26 22:25:39 Init done!2022-10-26 22:25:39 STATUS_OKAY2022-10-26 22:25:39 start the cached job2022-10-26 22:25:39 Version num 655362022-10-26 22:25:39 Mask num 0x1fffe0002022-10-26 22:25:39 opt_multi_version = 65536, interval timeout = 29451202022-10-26 22:25:39 freq = 525, percent = 90, hcn = 4993, timeout = 29451202022-10-26 22:25:39 set_start_time_point total_tv_start_sys=191 total_tv_end_sys=1922022-10-26 22:25:41 enable power watchdog: 0x00012022-10-26 22:54:44 30m avg rate is 101809.11 in 29 mins2022-10-26 23:24:47 30m avg rate is 101605.12 in 30 mins2022-10-26 23:54:49 30m avg rate is 102322.92 in 30 mins2022-10-27 00:24:52 30m avg rate is 102183.84 in 30 mins2022-10-27 00:54:55 30m avg rate is 101797.57 in 30 mins2022-10-27 01:24:57 30m avg rate is 101957.60 in 30 mins2022-10-27 01:55:00 30m avg rate is 102113.63 in 30 mins2022-10-27 02:25:02 30m avg rate is 102373.50 in 30 mins2022-10-27 02:55:05 30m avg rate is 101690.79 in 30 mins2022-10-27 03:25:07 30m avg rate is 101947.84 in 30 mins2022-10-27 03:55:10 30m avg rate is 101807.94 in 30 mins2022-10-27 04:25:12 30m avg rate is 102110.05 in 30 mins2022-10-27 04:55:15 30m avg rate is 101826.49 in 30 mins2022-10-27 05:25:17 30m avg rate is 102188.68 in 30 mins2022-10-27 05:55:20 30m avg rate is 101735.62 in 30 mins2022-10-27 06:25:22 30m avg rate is 101908.01 in 30 minsFirmware Version Thu Jun 9 13:06:22 CST 2022 IP Address 192.168.1.143 MAC 02:EA:BD:50:1D:59 Type Release",
  "score": 0,
  "upvotes": 0,
  "downvotes": 0,
  "url": "https://bitcointalk.org/index.php?topic=5418482",
  "comments": [
    {
      "author": "BitMaxz",
      "created_time": "October 27, 2022, 09:19:54 PM",
      "body": "Which logs you seems is corrupted I can't seems to find the corrupted logs you mean?Would you mind to edit your post and put all of your logs inside code tag it's a sharp # button that you can find when editing the thread.If you feel its corrupted why not flash the unit with latest firmware from Bitmain?",
      "score": 0,
      "upvotes": 0,
      "downvotes": 0
    },
    {
      "author": "mikeywith",
      "created_time": "October 28, 2022, 11:23:46 PM",
      "body": "I skimmed through the kernel log and there doesn't seem to be anything out of the ordinary, when reading kernel logs you want to pay attention to the following:1- Fan errors:They usually appear in the first few lines of the kernel log, your fans passed the test and they are within the required RPMs.2- Voltage related errors:This happens after the fan check when the miner starts to test the voltage coming in from the PSU going to the hashboard which usually indicates a bad PSU, yours shows no voltage-related errors.3-ASIC count:This is the most important and most issues happen here, you need to know how many chips each of the hashboards has, either by doing a google search or comparing the count with a good board, yours reads 126 chips on each of the three hash boards which means great news.Code:2022-10-26 22:24:30 Chain[0]: find 126 asic, times 02022-10-26 22:24:32 Chain[1]: find 126 asic, times 02022-10-26 22:24:34 Chain[2]: find 126 asic, times 04- Hashrate:If you are a lazy person and don't want to deal with the 3 points mentioned above, in most new miners the kernel log will display the average hashrate, if it's within -+5% of what's mentioned on the miner's box, it usually indicates that step 1,2 and 3 have passed.** On certain miners like the 17 series which doesn't allow you to mix and match hashboards from different miners, there would be an extra step to check which usually has the following keyoards in the error \"eeprom, voltage, code\" it's different from one firmware to another but it's could be easily found if you know what to look for.",
      "score": 0,
      "upvotes": 0,
      "downvotes": 0
    }
  ]
}