{
  "id": "topic_5420576",
  "title": "NewbeeMiner",
  "author": "NewbeeMiner",
  "created_time": "November 11, 2022, 08:55:54 PM",
  "content": "Normal zone: 0 pages reserved  Normal zone: 61440 pages, LIFO batch:15percpu: Embedded 12 pages/cpu @cddf0000 s19916 r8192 d21044 u49152pcpu-alloc: s19916 r8192 d21044 u49152 alloc=12*4096pcpu-alloc:  0  1 Built 1 zonelists in Zone order, mobility grouping on.  Total pages: 60960Kernel command line: mem=240M console=ttyPS0,115200 ramdisk_size=33554432 root=/dev/ram rw earlyprintkPID hash table entries: 1024 (order: 0, 4096 bytes)Dentry cache hash table entries: 32768 (order: 5, 131072 bytes)Inode-cache hash table entries: 16384 (order: 4, 65536 bytes)Memory: 209348K/245760K available (6317K kernel code, 243K rwdata, 1932K rodata, 1024K init, 232K bss, 20028K reserved, 16384K cma-reserved, 0K highmem)Virtual kernel memory layout:    vector  : 0xffff0000 - 0xffff1000   (   4 kB)    fixmap  : 0xffc00000 - 0xfff00000   (3072 kB)    vmalloc : 0xcf800000 - 0xff800000   ( 768 MB)    lowmem  : 0xc0000000 - 0xcf000000   ( 240 MB)    pkmap   : 0xbfe00000 - 0xc0000000   (   2 MB)    modules : 0xbf000000 - 0xbfe00000   (  14 MB)      .text : 0xc0008000 - 0xc090e410   (9242 kB)      .init : 0xc0a00000 - 0xc0b00000   (1024 kB)      .data : 0xc0b00000 - 0xc0b3cda0   ( 244 kB)       .bss : 0xc0b3cda0 - 0xc0b77024   ( 233 kB)Preemptible hierarchical RCU implementation.   Build-time adjustment of leaf fanout to 32.   RCU restricting CPUs from NR_CPUS=4 to nr_cpu_ids=2.RCU: Adjusting geometry for rcu_fanout_leaf=32, nr_cpu_ids=2NR_IRQS:16 nr_irqs:16 16efuse mapped to cf800000ps7-slcr mapped to cf802000L2C: platform modifies aux control register: 0x72360000 -> 0x72760000L2C: DT/platform modifies aux control register: 0x72360000 -> 0x72760000L2C-310 erratum 769419 enabledL2C-310 enabling early BRESP for Cortex-A9L2C-310 full line of zeros enabled for Cortex-A9L2C-310 ID prefetch enabled, offset 1 linesL2C-310 dynamic clock gating enabled, standby mode enabledL2C-310 cache controller enabled, 8 ways, 512 kBL2C-310: CACHE_ID 0x410000c8, AUX_CTRL 0x76760001zynq_clock_init: clkc starts at cf802100Zynq clock initsched_clock: 64 bits at 333MHz, resolution 3ns, wraps every 4398046511103nsclocksource: arm_global_timer: mask: 0xffffffffffffffff max_cycles: 0x4ce07af025, max_idle_ns: 440795209040 nsSwitching to timer-based delay loop, resolution 3nsclocksource: ttc_clocksource: mask: 0xffff max_cycles: 0xffff, max_idle_ns: 537538477 nsps7-ttc #0 at cf80a000, irq=18Console: colour dummy device 80x30Calibrating delay loop (skipped), value calculated using timer frequency.. 666.66 BogoMIPS (lpj=3333333)pid_max: default: 32768 minimum: 301Mount-cache hash table entries: 1024 (order: 0, 4096 bytes)Mountpoint-cache hash table entries: 1024 (order: 0, 4096 bytes)CPU: Testing write buffer coherency: okCPU0: thread -1, cpu 0, socket 0, mpidr 80000000Setting up static identity map for 0x100000 - 0x100058CPU1: failed to boot: -1Brought up 1 CPUsSMP: Total of 1 processors activated (666.66 BogoMIPS).CPU: All CPU(s) started in SVC mode.devtmpfs: initializedVFP support v0.3: implementor 41 architecture 3 part 30 variant 9 rev 4clocksource: jiffies: mask: 0xffffffff max_cycles: 0xffffffff, max_idle_ns: 19112604462750000 nspinctrl core: initialized pinctrl subsystemNET: Registered protocol family 16DMA: preallocated 256 KiB pool for atomic coherent allocationscpuidle: using governor menuhw-breakpoint: found 5 (+1 reserved) breakpoint and 1 watchpoint registers.hw-breakpoint: maximum watchpoint size is 4 bytes.zynq-ocm f800c000.ps7-ocmc: ZYNQ OCM pool: 256 KiB @ 0xcf880000vgaarb: loadedSCSI subsystem initializedusbcore: registered new interface driver usbfsusbcore: registered new interface driver hubusbcore: registered new device driver usbmedia: Linux media interface: v0.10Linux video capture interface: v2.00pps_core: LinuxPPS API ver. 1 registeredpps_core: Software ver. 5.3.6 - Copyright 2005-2007 Rodolfo Giometti <giometti@linux.it>PTP clock support registeredEDAC MC: Ver: 3.0.0Advanced Linux Sound Architecture Driver Initialized.clocksource: Switched to clocksource arm_global_timerNET: Registered protocol family 2TCP established hash table entries: 2048 (order: 1, 8192 bytes)TCP bind hash table entries: 2048 (order: 2, 16384 bytes)TCP: Hash tables configured (established 2048 bind 2048)UDP hash table entries: 256 (order: 1, 8192 bytes)UDP-Lite hash table entries: 256 (order: 1, 8192 bytes)NET: Registered protocol family 1RPC: Registered named UNIX socket transport module.RPC: Registered udp transport module.RPC: Registered tcp transport module.RPC: Registered tcp NFSv4.1 backchannel transport module.PCI: CLS 0 bytes, default 64Trying to unpack rootfs image as initramfs...rootfs image is not initramfs (no cpio magic); looks like an initrdFreeing initrd memory: 6956K (cd42e000 - cdaf9000)hw perfevents: enabled with armv7_cortex_a9 PMU driver, 7 counters availablefutex hash table entries: 512 (order: 3, 32768 bytes)workingset: timestamp_bits=28 max_order=16 bucket_order=0jffs2: version 2.2. (NAND) (SUMMARY)  © 2001-2006 Red Hat, Inc.io scheduler noop registeredio scheduler deadline registeredio scheduler cfq registered (default)dma-pl330 f8003000.ps7-dma: Loaded driver for PL330 DMAC-241330dma-pl330 f8003000.ps7-dma:    DBUFF-128x8bytes Num_Chans-8 Num_Peri-4 Num_Events-16e0000000.serial: ttyPS0 at MMIO 0xe0000000 (irq = 159, base_baud = 6249999) is a xuartpsconsole [ttyPS0] enabledxdevcfg f8007000.ps7-dev-cfg: ioremap 0xf8007000 to cf86e000[drm] Initialized drm 1.1.0 20060810brd: module loadedloop: module loadedCAN device driver interfacegpiod_set_value: invalid GPIOlibphy: MACB_mii_bus: probedmacb e000b000.ethernet eth0: Cadence GEM rev 0x00020118 at 0xe000b000 irq 31 (00:0a:35:00:00:00)Generic PHY e000b000.etherne:00: attached PHY driver [Generic PHY] (mii_bus:phy_addr=e000b000.etherne:00, irq=-1)e1000e: Intel(R) PRO/1000 Network Driver - 3.2.6-ke1000e: Copyright(c) 1999 - 2015 Intel Corporation.ehci_hcd: USB 2.0 'Enhanced' Host Controller (EHCI) Driverehci-pci: EHCI PCI platform driverusbcore: registered new interface driver usb-storagemousedev: PS/2 mouse device common for all micei2c /dev entries drivercdns-i2c e0005000.ps7_i2c: 100 kHz mmio e0005000 irq 154Xilinx Zynq CpuIdle Driver startedsdhci: Secure Digital Host Controller Interface driversdhci: Copyright(c) Pierre Ossmansdhci-pltfm: SDHCI platform and OF driver helpermmc0: SDHCI controller on e0100000.ps7-sdio [e0100000.ps7-sdio] using ADMAledtrig-cpu: registered to indicate activity on CPUsusbcore: registered new interface driver usbhidusbhid: USB HID core drivernand: disable subpage writenand: device found, Manufacturer ID: 0x2c, Chip ID: 0xdanand: Micron MT29F2G08ABAEAWPnand: 256 MiB, SLC, erase size: 128 KiB, page size: 2048, OOB size: 64nand: NAND_ECC_HWnand: NAND_ECC_HW_SYNDROMEmtd->writesize = 2048ecc->strength = 1ecc->size = 2048mtd->writesize = 2048chip->ecc_strength_ds = 4chip->ecc_step_ds = 512nand: WARNING: pl35x-nand: the ECC used on your system is too weak compared to the one required by the NAND chipBad block table found at page 131008, version 0x01Bad block table found at page 130944, version 0x01nand_read_bbt: bad block at 0x000002420000nand_read_bbt: bad block at 0x000002440000nand_read_bbt: bad block at 0x0000024600008 ofpart partitions found on MTD device pl35x-nandCreating 8 MTD partitions on \"pl35x-nand\":0x000000000000-0x000002800000 : \"BOOT.bin-dts-marker-kernel\"0x000002800000-0x000004800000 : \"ramfs\"0x000004800000-0x000005000000 : \"configs\"0x000005000000-0x000005200000 : \"sig\"0x000005200000-0x000006000000 : \"reserve1\"0x000006000000-0x000007000000 : \"upgrade-ramfs\"0x000007000000-0x00000a800000 : \"upgrade-file\"0x00000a800000-0x000010000000 : \"reserve2\"nf_conntrack version 0.5.0 (3635 buckets, 14540 max)ip_tables: (C) 2000-2006 Netfilter Core TeamNET: Registered protocol family 10ip6_tables: (C) 2000-2006 Netfilter Core Teamsit: IPv6 over IPv4 tunneling driverNET: Registered protocol family 17can: controller area network core (rev 20120528 abi 9)NET: Registered protocol family 29can: raw protocol (rev 20120528)can: broadcast manager protocol (rev 20120528 t)can: netlink gateway (rev 20130117) max_hops=1zynq_pm_ioremap: no compatible node found for 'xlnx,zynq-ddrc-a05'zynq_pm_late_init: Unable to map DDRC IO memory.Registering SWP/SWPB emulation handlerhctosys: unable to open rtc device (rtc0)ALSA device list:  No soundcards found.RAMDISK: gzip image found at block 0EXT4-fs (ram0): couldn't mount as ext3 due to feature incompatibilitiesEXT4-fs warning (device ram0): ext4_update_dynamic_rev:746: updating to rev 1 because of new feature flag, running e2fsck is recommendedEXT4-fs (ram0): mounted filesystem without journal. Opts: (null)VFS: Mounted root (ext4 filesystem) on device 1:0.devtmpfs: mountedFreeing unused kernel memory: 1024K (c0a00000 - c0b00000)EXT4-fs (ram0): re-mounted. Opts: block_validity,delalloc,barrier,user_xattr,errors=remount-rodevpts: called with bogus optionsubi0: attaching mtd2ubi0: scanning is finishedubi0: attached mtd2 (name \"configs\", size 8 MiB)ubi0: PEB size: 131072 bytes (128 KiB), LEB size: 126976 bytesubi0: min./max. I/O unit sizes: 2048/2048, sub-page size 2048ubi0: VID header offset: 2048 (aligned 2048), data offset: 4096ubi0: good PEBs: 64, bad PEBs: 0, corrupted PEBs: 0ubi0: user volume: 1, internal volumes: 1, max. volumes count: 128ubi0: max/mean erase counter: 12/3, WL threshold: 4096, image sequence number: 322110083ubi0: available PEBs: 0, total reserved PEBs: 64, PEBs reserved for bad PEB handling: 4ubi0: background thread \"ubi_bgt0d\" started, PID 729UBIFS (ubi0:0): background thread \"ubifs_bgt0_0\" started, PID 733UBIFS (ubi0:0): recovery neededUBIFS (ubi0:0): recovery completedUBIFS (ubi0:0): UBIFS: mounted UBI device 0, volume 0, name \"config_data\"UBIFS (ubi0:0): LEB size: 126976 bytes (124 KiB), min./max. I/O unit sizes: 2048 bytes/2048 bytesUBIFS (ubi0:0): FS size: 5840896 bytes (5 MiB, 46 LEBs), journal size 1015809 bytes (0 MiB, 6 LEBs)UBIFS (ubi0:0): reserved for root: 275879 bytes (269 KiB)UBIFS (ubi0:0): media format: w4/r0 (latest is w4/r0), UUID C7CFF589-3D04-4ECB-B10E-70A73BA643A8, small LPT modelubi2: attaching mtd4ubi2: scanning is finishedubi2: attached mtd4 (name \"reserve1\", size 14 MiB)ubi2: PEB size: 131072 bytes (128 KiB), LEB size: 126976 bytesubi2: min./max. I/O unit sizes: 2048/2048, sub-page size 2048ubi2: VID header offset: 2048 (aligned 2048), data offset: 4096ubi2: good PEBs: 112, bad PEBs: 0, corrupted PEBs: 0ubi2: user volume: 1, internal volumes: 1, max. volumes count: 128ubi2: max/mean erase counter: 58/38, WL threshold: 4096, image sequence number: 183710239ubi2: available PEBs: 0, total reserved PEBs: 112, PEBs reserved for bad PEB handling: 4ubi2: background thread \"ubi_bgt2d\" started, PID 740UBIFS (ubi2:0): background thread \"ubifs_bgt2_0\" started, PID 744UBIFS (ubi2:0): recovery neededUBIFS (ubi2:0): recovery completedUBIFS (ubi2:0): UBIFS: mounted UBI device 2, volume 0, name \"misc\"UBIFS (ubi2:0): LEB size: 126976 bytes (124 KiB), min./max. I/O unit sizes: 2048 bytes/2048 bytesUBIFS (ubi2:0): FS size: 11935744 bytes (11 MiB, 94 LEBs), journal size 1015809 bytes (0 MiB, 6 LEBs)UBIFS (ubi2:0): reserved for root: 563754 bytes (550 KiB)UBIFS (ubi2:0): media format: w4/r0 (latest is w4/r0), UUID FEDBFDD6-2CB2-4ED5-B170-449E62906392, small LPT modelIPv6: ADDRCONF(NETDEV_UP): eth0: link is not readyIPv6: ADDRCONF(NETDEV_UP): eth0: link is not readyrandom: avahi-daemon urandom read with 2 bits of entropy availablemacb e000b000.ethernet eth0: unable to generate target frequency: 25000000 Hzmacb e000b000.ethernet eth0: link up (100/Full)IPv6: ADDRCONF(NETDEV_CHANGE): eth0: link becomes readyIn axi fpga driver!request_mem_region OK!AXI fpga dev virtual address is 0xcfbc8000*base_vir_addr = 0xb051In fpga mem driver!request_mem_region OK!fpga mem virtual address is 0xd2000000random: nonblocking pool is initialized===========================================Miner log===========================================time=\"1970-01-01 00:00:09\" level=error pid=879 msg=\"invalid URL -- ''\"time=\"1970-01-01 00:00:09\" level=info pid=879 msg=\"release version\"time=\"1970-01-01 00:00:09\" level=info pid=879 msg=\"asic mode\"time=\"1970-01-01 00:00:09\" level=notice pid=879 msg=\"algo ltc fan_control_mode 2\"time=\"1970-01-01 00:00:10\" level=notice pid=879 msg=platform_inittime=\"1970-01-01 00:00:10\" level=info pid=879 msg=\"mmap fpga_mem_addr_hal = 0xb5d23000\"time=\"1970-01-01 00:00:10\" level=info pid=879 msg=\"HARDWARE_VERSION = 0x2000b051\"time=\"1970-01-01 00:00:10\" level=notice pid=879 msg=\"chain_offset 0, chain 0\"time=\"1970-01-01 00:00:10\" level=notice pid=879 msg=\"chain_offset 0, chain 0, pic firmware verion = 0xfe\"time=\"1970-01-01 00:00:10\" level=notice pid=879 msg=\"chain_offset 1, chain 1\"time=\"1970-01-01 00:00:11\" level=notice pid=879 msg=\"chain_offset 1, chain 1, pic firmware verion = 0xfe\"time=\"1970-01-01 00:00:11\" level=notice pid=879 msg=\"chain_offset 2, chain 2\"time=\"1970-01-01 00:00:12\" level=notice pid=879 msg=\"chain_offset 2, chain 2, pic firmware verion = 0xfe\"time=\"1970-01-01 00:00:12\" level=notice pid=879 msg=\"reset fpga\"time=\"1970-01-01 00:00:12\" level=notice pid=879 msg=\"Begain check_fan_valiad\"time=\"2022-11-11 20:51:57\" level=notice pid=879 msg=\"check_fan_valiad, check_fan_speed ok, fan_num = 4\"time=\"2022-11-11 20:51:57\" level=notice pid=879 msg=\"Miner compile time: Tue Apr 12 17:55:17 CST 2022 type: Antminer L7\"time=\"2022-11-11 20:51:57\" level=info pid=879 msg=\"godminer Version = 0xB051 1.0.0_release_dirty_master_4c4db04fc8fb8ce1a21da1db2301f261664943c2_Apr 12 2022 18:08:37\"time=\"2022-11-11 20:51:57\" level=notice pid=879 msg=\"miner thread with 3 backend runtime created pid 879\"time=\"2022-11-11 20:51:57\" level=notice pid=879 msg=\"opt_algo 6, ltc\"time=\"2022-11-11 20:52:03\" level=notice pid=879 msg=\"MAX voltage: 1440\"time=\"2022-11-11 20:52:03\" level=notice pid=879 msg=\"MIN freq: 1775\"time=\"2022-11-11 20:52:03\" level=notice pid=879 msg=\"Chain  ft F1V11B1C2 reserved MIN f\"time=\"2022-11-11 20:52:04\" level=notice pid=879 msg=\"all runtimes have been poweroff.\"time=\"2022-11-11 20:52:15\" level=info pid=879 msg=\"power open power_version = 0x73\"time=\"2022-11-11 20:52:17\" level=notice pid=879 msg=\"power type version: 0x0073\"time=\"2022-11-11 20:52:18\" level=notice pid=879 msg=\"Power init:\"time=\"2022-11-11 20:52:18\" level=notice pid=879 msg=\"current_voltage_raw     = 0\"time=\"2022-11-11 20:52:18\" level=notice pid=879 msg=\"working_voltage_raw     = 1440\"time=\"2022-11-11 20:52:18\" level=notice pid=879 msg=\"check_asic_voltage_enable     = 1\"time=\"2022-11-11 20:52:18\" level=notice pid=879 msg=\"check_asic_voltage_raw  = 1600\"time=\"2022-11-11 20:52:18\" level=notice pid=879 msg=\"set_voltage to 1600.\"time=\"2022-11-11 20:52:18\" level=notice pid=879 msg=\"N before calibration 96, N after calibration -1\"time=\"2022-11-11 20:52:23\" level=notice pid=879 msg=\"power voltage qualified! centi_voltage 1600 min_fb_vol 13.691133 qualified_vol 12.000000\"time=\"2022-11-11 20:52:28\" level=notice pid=879 msg=\"send_work_0 on pid 947\"time=\"2022-11-11 20:52:28\" level=notice pid=879 msg=\"scanhash_0 on pid 946\"time=\"2022-11-11 20:52:28\" level=notice pid=879 msg=\"get_respon_0 on pid 945\"time=\"2022-11-11 20:52:34\" level=notice pid=879 msg=\"send_work_1 on pid 956\"time=\"2022-11-11 20:52:34\" level=notice pid=879 msg=\"scanhash_1 on pid 955\"time=\"2022-11-11 20:52:34\" level=notice pid=879 msg=\"get_respon_1 on pid 954\"time=\"2022-11-11 20:52:39\" level=notice pid=879 msg=\"send_work_2 on pid 964\"time=\"2022-11-11 20:52:39\" level=notice pid=879 msg=\"scanhash_2 on pid 963\"time=\"2022-11-11 20:52:39\" level=notice pid=879 msg=\"get_respon_2 on pid 962\"time=\"2022-11-11 20:52:40\" level=notice pid=879 msg=setup_all_chip_ltctime=\"2022-11-11 20:52:40\" level=notice pid=879 msg=setup_all_chip_ltctime=\"2022-11-11 20:52:41\" level=notice pid=879 msg=setup_all_chip_ltctime=\"2022-11-11 20:52:43\" level=notice pid=879 chain=0 msg=\"ChipSetting_get_addr_LTC detect 60 chips\"time=\"2022-11-11 20:52:43\" level=error pid=879 chain=0 error=\"asic num error\" msg=\"detected asic num less than design\"time=\"2022-11-11 20:52:43\" level=notice pid=879 chain=1 msg=\"ChipSetting_get_addr_LTC detect 0 chips\"time=\"2022-11-11 20:52:43\" level=error pid=879 chain=1 error=\"asic num error\" msg=\"detected asic num less than design\"time=\"2022-11-11 20:52:44\" level=notice pid=879 chain=2 msg=\"ChipSetting_get_addr_LTC detect 0 chips\"time=\"2022-11-11 20:52:44\" level=error pid=879 chain=2 error=\"asic num error\" msg=\"detected asic num less than design\"time=\"2022-11-11 20:52:53\" level=notice pid=879 chain=0 msg=\"ChipSetting_get_addr_LTC detect 60 chips\"time=\"2022-11-11 20:52:53\" level=error pid=879 chain=0 error=\"asic num error\" msg=\"detected asic num less than design\"time=\"2022-11-11 20:52:53\" level=notice pid=879 chain=1 msg=\"ChipSetting_get_addr_LTC detect 0 chips\"time=\"2022-11-11 20:52:53\" level=error pid=879 chain=1 error=\"asic num error\" msg=\"detected asic num less than design\"time=\"2022-11-11 20:52:53\" level=notice pid=879 chain=2 msg=\"ChipSetting_get_addr_LTC detect 0 chips\"time=\"2022-11-11 20:52:53\" level=error pid=879 chain=2 error=\"asic num error\" msg=\"detected asic num less than design\"time=\"2022-11-11 20:52:59\" level=notice pid=879 chain=0 msg=\"ChipSetting_get_addr_LTC detect 54 chips\"time=\"2022-11-11 20:52:59\" level=error pid=879 chain=0 error=\"asic num error\" msg=\"detected asic num less than design\"time=\"2022-11-11 20:53:02\" level=notice pid=879 chain=1 msg=\"ChipSetting_get_addr_LTC detect 0 chips\"time=\"2022-11-11 20:53:02\" level=error pid=879 chain=1 error=\"asic num error\" msg=\"detected asic num less than design\"time=\"2022-11-11 20:53:02\" level=notice pid=879 chain=2 msg=\"ChipSetting_get_addr_LTC detect 0 chips\"time=\"2022-11-11 20:53:02\" level=error pid=879 chain=2 error=\"asic num error\" msg=\"detected asic num less than design\"time=\"2022-11-11 20:53:08\" level=warn pid=879 msg=\"chain 0 runtime check asic number error, destroy it!\"time=\"2022-11-11 20:53:10\" level=warn pid=879 msg=\"chain 1 runtime check asic number error, destroy it!\"time=\"2022-11-11 20:53:11\" level=warn pid=879 msg=\"chain 2 runtime check asic number error, destroy it!\"time=\"2022-11-11 20:53:12\" level=error pid=879 msg=\"there is no qualified device remain after check abnormal runtime!\"time=\"2022-11-11 20:53:31\" level=error pid=1055 msg=\"invalid URL -- ''\"time=\"2022-11-11 20:53:31\" level=info pid=1055 msg=\"release version\"time=\"2022-11-11 20:53:31\" level=info pid=1055 msg=\"asic mode\"time=\"2022-11-11 20:53:31\" level=notice pid=1055 msg=\"algo ltc fan_control_mode 2\"time=\"2022-11-11 20:53:31\" level=notice pid=1055 msg=platform_inittime=\"2022-11-11 20:53:31\" level=info pid=1055 msg=\"mmap fpga_mem_addr_hal = 0xb5db6000\"time=\"2022-11-11 20:53:31\" level=info pid=1055 msg=\"HARDWARE_VERSION = 0x2000b051\"time=\"2022-11-11 20:53:31\" level=notice pid=1055 msg=\"chain_offset 0, chain 0\"time=\"2022-11-11 20:53:32\" level=notice pid=1055 msg=\"chain_offset 0, chain 0, pic firmware verion = 0xfe\"time=\"2022-11-11 20:53:32\" level=notice pid=1055 msg=\"chain_offset 1, chain 1\"time=\"2022-11-11 20:53:32\" level=notice pid=1055 msg=\"chain_offset 1, chain 1, pic firmware verion = 0xfe\"time=\"2022-11-11 20:53:32\" level=notice pid=1055 msg=\"chain_offset 2, chain 2\"time=\"2022-11-11 20:53:33\" level=notice pid=1055 msg=\"chain_offset 2, chain 2, pic firmware verion = 0xfe\"time=\"2022-11-11 20:53:33\" level=notice pid=1055 msg=\"reset fpga\"time=\"2022-11-11 20:53:33\" level=notice pid=1055 msg=\"Begain check_fan_valiad\"time=\"2022-11-11 20:53:34\" level=notice pid=1055 msg=\"check_fan_valiad, check_fan_speed ok, fan_num = 4\"time=\"2022-11-11 20:53:34\" level=notice pid=1055 msg=\"Miner compile time: Tue Apr 12 17:55:17 CST 2022 type: Antminer L7\"time=\"2022-11-11 20:53:34\" level=info pid=1055 msg=\"godminer Version = 0xB051 1.0.0_release_dirty_master_4c4db04fc8fb8ce1a21da1db2301f261664943c2_Apr 12 2022 18:08:37\"time=\"2022-11-11 20:53:34\" level=notice pid=1055 msg=\"miner thread with 3 backend runtime created pid 1055\"time=\"2022-11-11 20:53:34\" level=notice pid=1055 msg=\"opt_algo 6, ltc\"time=\"2022-11-11 20:53:39\" level=notice pid=1055 msg=\"MAX voltage: 1440\"time=\"2022-11-11 20:53:39\" level=notice pid=1055 msg=\"MIN freq: 1775\"time=\"2022-11-11 20:53:39\" level=notice pid=1055 msg=\"Chain  ft F1V11B1C2 reserved MIN f\"time=\"2022-11-11 20:53:40\" level=notice pid=1055 msg=\"all runtimes have been poweroff.\"time=\"2022-11-11 20:53:51\" level=info pid=1055 msg=\"power open power_version = 0x73\"time=\"2022-11-11 20:53:53\" level=notice pid=1055 msg=\"power type version: 0x0073\"time=\"2022-11-11 20:53:55\" level=notice pid=1055 msg=\"Power init:\"time=\"2022-11-11 20:53:55\" level=notice pid=1055 msg=\"current_voltage_raw     = 0\"time=\"2022-11-11 20:53:55\" level=notice pid=1055 msg=\"working_voltage_raw     = 1440\"time=\"2022-11-11 20:53:55\" level=notice pid=1055 msg=\"check_asic_voltage_enable     = 1\"time=\"2022-11-11 20:53:55\" level=notice pid=1055 msg=\"check_asic_voltage_raw  = 1600\"time=\"2022-11-11 20:53:55\" level=notice pid=1055 msg=\"set_voltage to 1600.\"time=\"2022-11-11 20:53:55\" level=notice pid=1055 msg=\"N before calibration 96, N after calibration -1\"time=\"2022-11-11 20:54:00\" level=notice pid=1055 msg=\"power voltage qualified! centi_voltage 1600 min_fb_vol 14.303437 qualified_vol 12.000000\"time=\"2022-11-11 20:54:05\" level=notice pid=1055 msg=\"send_work_0 on pid 1396\"time=\"2022-11-11 20:54:05\" level=notice pid=1055 msg=\"scanhash_0 on pid 1395\"time=\"2022-11-11 20:54:05\" level=notice pid=1055 msg=\"get_respon_0 on pid 1394\"time=\"2022-11-11 20:54:10\" level=notice pid=1055 msg=\"send_work_1 on pid 1453\"time=\"2022-11-11 20:54:10\" level=notice pid=1055 msg=\"scanhash_1 on pid 1452\"time=\"2022-11-11 20:54:10\" level=notice pid=1055 msg=\"get_respon_1 on pid 1451\"time=\"2022-11-11 20:54:15\" level=notice pid=1055 msg=\"send_work_2 on pid 1475\"time=\"2022-11-11 20:54:15\" level=notice pid=1055 msg=\"scanhash_2 on pid 1474\"time=\"2022-11-11 20:54:15\" level=notice pid=1055 msg=\"get_respon_2 on pid 1473\"time=\"2022-11-11 20:54:17\" level=notice pid=1055 msg=setup_all_chip_ltctime=\"2022-11-11 20:54:17\" level=notice pid=1055 chain=0 msg=\"ChipSetting_get_addr_LTC detect 51 chips\"time=\"2022-11-11 20:54:17\" level=error pid=1055 chain=0 error=\"asic num error\" msg=\"detected asic num less than design\"time=\"2022-11-11 20:54:17\" level=notice pid=1055 msg=setup_all_chip_ltctime=\"2022-11-11 20:54:17\" level=notice pid=1055 msg=setup_all_chip_ltctime=\"2022-11-11 20:54:20\" level=notice pid=1055 chain=1 msg=\"ChipSetting_get_addr_LTC detect 0 chips\"time=\"2022-11-11 20:54:20\" level=error pid=1055 chain=1 error=\"asic num error\" msg=\"detected asic num less than design\"time=\"2022-11-11 20:54:20\" level=notice pid=1055 chain=2 msg=\"ChipSetting_get_addr_LTC detect 0 chips\"time=\"2022-11-11 20:54:20\" level=error pid=1055 chain=2 error=\"asic num error\" msg=\"detected asic num less than design\"time=\"2022-11-11 20:54:25\" level=notice pid=1055 chain=0 msg=\"ChipSetting_get_addr_LTC detect 60 chips\"time=\"2022-11-11 20:54:25\" level=error pid=1055 chain=0 error=\"asic num error\" msg=\"detected asic num less than design\"time=\"2022-11-11 20:54:29\" level=notice pid=1055 chain=1 msg=\"ChipSetting_get_addr_LTC detect 0 chips\"time=\"2022-11-11 20:54:29\" level=error pid=1055 chain=1 error=\"asic num error\" msg=\"detected asic num less than design\"time=\"2022-11-11 20:54:29\" level=notice pid=1055 chain=2 msg=\"ChipSetting_get_addr_LTC detect 0 chips\"time=\"2022-11-11 20:54:29\" level=error pid=1055 chain=2 error=\"asic num error\" msg=\"detected asic num less than design\"time=\"2022-11-11 20:54:35\" level=notice pid=1055 chain=0 msg=\"ChipSetting_get_addr_LTC detect 52 chips\"time=\"2022-11-11 20:54:35\" level=error pid=1055 chain=0 error=\"asic num error\" msg=\"detected asic num less than design\"time=\"2022-11-11 20:54:38\" level=notice pid=1055 chain=1 msg=\"ChipSetting_get_addr_LTC detect 0 chips\"time=\"2022-11-11 20:54:38\" level=error pid=1055 chain=1 error=\"asic num error\" msg=\"detected asic num less than design\"time=\"2022-11-11 20:54:38\" level=notice pid=1055 chain=2 msg=\"ChipSetting_get_addr_LTC detect 0 chips\"time=\"2022-11-11 20:54:38\" level=error pid=1055 chain=2 error=\"asic num error\" msg=\"detected asic num less than design\"time=\"2022-11-11 20:54:45\" level=warn pid=1055 msg=\"chain 0 runtime check asic number error, destroy it!\"time=\"2022-11-11 20:54:46\" level=warn pid=1055 msg=\"chain 1 runtime check asic number error, destroy it!\"time=\"2022-11-11 20:54:47\" level=warn pid=1055 msg=\"chain 2 runtime check asic number error, destroy it!\"time=\"2022-11-11 20:54:49\" level=error pid=1055 msg=\"there is no qualified device remain after check abnormal runtime!\"time=\"2022-11-11 20:54:56\" level=error pid=1728 msg=\"invalid URL -- ''\"time=\"2022-11-11 20:54:56\" level=info pid=1728 msg=\"release version\"time=\"2022-11-11 20:54:56\" level=info pid=1728 msg=\"asic mode\"time=\"2022-11-11 20:54:56\" level=notice pid=1728 msg=\"algo ltc fan_control_mode 2\"time=\"2022-11-11 20:54:56\" level=notice pid=1728 msg=platform_inittime=\"2022-11-11 20:54:56\" level=info pid=1728 msg=\"mmap fpga_mem_addr_hal = 0xb5d7e000\"time=\"2022-11-11 20:54:56\" level=info pid=1728 msg=\"HARDWARE_VERSION = 0x2000b051\"time=\"2022-11-11 20:54:56\" level=notice pid=1728 msg=\"chain_offset 0, chain 0\"time=\"2022-11-11 20:54:57\" level=notice pid=1728 msg=\"chain_offset 0, chain 0, pic firmware verion = 0xfe\"time=\"2022-11-11 20:54:57\" level=notice pid=1728 msg=\"chain_offset 1, chain 1\"",
  "score": 0,
  "upvotes": 0,
  "downvotes": 0,
  "url": "https://bitcointalk.org/index.php?topic=5420576",
  "comments": [
    {
      "author": "philipma1957",
      "created_time": "November 12, 2022, 04:16:19 PMLast edit: November 12, 2022, 04:27:19 PM by philipma1957",
      "body": "Quote from: NewbeeMiner on November 11, 2022, 08:55:54 PM Code:Normal zone: 0 pages reserved  Normal zone: 61440 pages, LIFO batch:15percpu: Embedded 12 pages/cpu @cddf0000 s19916 r8192 d21044 u49152pcpu-alloc: s19916 r8192 d21044 u49152 alloc=12*4096pcpu-alloc: [0] 0 [0] 1 Built 1 zonelists in Zone order, mobility grouping on.  Total pages: 60960Kernel command line: mem=240M console=ttyPS0,115200 ramdisk_size=33554432 root=/dev/ram rw earlyprintkPID hash table entries: 1024 (order: 0, 4096 bytes)Dentry cache hash table entries: 32768 (order: 5, 131072 bytes)Inode-cache hash table entries: 16384 (order: 4, 65536 bytes)Memory: 209348K/245760K available (6317K kernel code, 243K rwdata, 1932K rodata, 1024K init, 232K bss, 20028K reserved, 16384K cma-reserved, 0K highmem)Virtual kernel memory layout:    vector  : 0xffff0000 - 0xffff1000   (   4 kB)    fixmap  : 0xffc00000 - 0xfff00000   (3072 kB)    vmalloc : 0xcf800000 - 0xff800000   ( 768 MB)    lowmem  : 0xc0000000 - 0xcf000000   ( 240 MB)    pkmap   : 0xbfe00000 - 0xc0000000   (   2 MB)    modules : 0xbf000000 - 0xbfe00000   (  14 MB)      .text : 0xc0008000 - 0xc090e410   (9242 kB)      .init : 0xc0a00000 - 0xc0b00000   (1024 kB)      .data : 0xc0b00000 - 0xc0b3cda0   ( 244 kB)       .bss : 0xc0b3cda0 - 0xc0b77024   ( 233 kB)Preemptible hierarchical RCU implementation. Build-time adjustment of leaf fanout to 32. RCU restricting CPUs from NR_CPUS=4 to nr_cpu_ids=2.RCU: Adjusting geometry for rcu_fanout_leaf=32, nr_cpu_ids=2NR_IRQS:16 nr_irqs:16 16efuse mapped to cf800000ps7-slcr mapped to cf802000L2C: platform modifies aux control register: 0x72360000 -> 0x72760000L2C: DT/platform modifies aux control register: 0x72360000 -> 0x72760000L2C-310 erratum 769419 enabledL2C-310 enabling early BRESP for Cortex-A9L2C-310 full line of zeros enabled for Cortex-A9L2C-310 ID prefetch enabled, offset 1 linesL2C-310 dynamic clock gating enabled, standby mode enabledL2C-310 cache controller enabled, 8 ways, 512 kBL2C-310: CACHE_ID 0x410000c8, AUX_CTRL 0x76760001zynq_clock_init: clkc starts at cf802100Zynq clock initsched_clock: 64 bits at 333MHz, resolution 3ns, wraps every 4398046511103nsclocksource: arm_global_timer: mask: 0xffffffffffffffff max_cycles: 0x4ce07af025, max_idle_ns: 440795209040 nsSwitching to timer-based delay loop, resolution 3nsclocksource: ttc_clocksource: mask: 0xffff max_cycles: 0xffff, max_idle_ns: 537538477 nsps7-ttc #0 at cf80a000, irq=18Console: colour dummy device 80x30Calibrating delay loop (skipped), value calculated using timer frequency.. 666.66 BogoMIPS (lpj=3333333)pid_max: default: 32768 minimum: 301Mount-cache hash table entries: 1024 (order: 0, 4096 bytes)Mountpoint-cache hash table entries: 1024 (order: 0, 4096 bytes)CPU: Testing write buffer coherency: okCPU0: thread -1, cpu 0, socket 0, mpidr 80000000Setting up static identity map for 0x100000 - 0x100058CPU1: failed to boot: -1Brought up 1 CPUsSMP: Total of 1 processors activated (666.66 BogoMIPS).CPU: All CPU(s) started in SVC mode.devtmpfs: initializedVFP support v0.3: implementor 41 architecture 3 part 30 variant 9 rev 4clocksource: jiffies: mask: 0xffffffff max_cycles: 0xffffffff, max_idle_ns: 19112604462750000 nspinctrl core: initialized pinctrl subsystemNET: Registered protocol family 16DMA: preallocated 256 KiB pool for atomic coherent allocationscpuidle: using governor menuhw-breakpoint: found 5 (+1 reserved) breakpoint and 1 watchpoint registers.hw-breakpoint: maximum watchpoint size is 4 bytes.zynq-ocm f800c000.ps7-ocmc: ZYNQ OCM pool: 256 KiB @ 0xcf880000vgaarb: loadedSCSI subsystem initializedusbcore: registered new interface driver usbfsusbcore: registered new interface driver hubusbcore: registered new device driver usbmedia: Linux media interface: v0.10Linux video capture interface: v2.00pps_core: LinuxPPS API ver. 1 registeredpps_core: Software ver. 5.3.6 - Copyright 2005-2007 Rodolfo Giometti <giometti@linux.it>PTP clock support registeredEDAC MC: Ver: 3.0.0Advanced Linux Sound Architecture Driver Initialized.clocksource: Switched to clocksource arm_global_timerNET: Registered protocol family 2TCP established hash table entries: 2048 (order: 1, 8192 bytes)TCP bind hash table entries: 2048 (order: 2, 16384 bytes)TCP: Hash tables configured (established 2048 bind 2048)UDP hash table entries: 256 (order: 1, 8192 bytes)UDP-Lite hash table entries: 256 (order: 1, 8192 bytes)NET: Registered protocol family 1RPC: Registered named UNIX socket transport module.RPC: Registered udp transport module.RPC: Registered tcp transport module.RPC: Registered tcp NFSv4.1 backchannel transport module.PCI: CLS 0 bytes, default 64Trying to unpack rootfs image as initramfs...rootfs image is not initramfs (no cpio magic); looks like an initrdFreeing initrd memory: 6956K (cd42e000 - cdaf9000)hw perfevents: enabled with armv7_cortex_a9 PMU driver, 7 counters availablefutex hash table entries: 512 (order: 3, 32768 bytes)workingset: timestamp_bits=28 max_order=16 bucket_order=0jffs2: version 2.2. (NAND) (SUMMARY)  © 2001-2006 Red Hat, Inc.io scheduler noop registeredio scheduler deadline registeredio scheduler cfq registered (default)dma-pl330 f8003000.ps7-dma: Loaded driver for PL330 DMAC-241330dma-pl330 f8003000.ps7-dma:  DBUFF-128x8bytes Num_Chans-8 Num_Peri-4 Num_Events-16e0000000.serial: ttyPS0 at MMIO 0xe0000000 (irq = 159, base_baud = 6249999) is a xuartpsconsole [ttyPS0] enabledxdevcfg f8007000.ps7-dev-cfg: ioremap 0xf8007000 to cf86e000[drm] Initialized drm 1.1.0 20060810brd: module loadedloop: module loadedCAN device driver interfacegpiod_set_value: invalid GPIOlibphy: MACB_mii_bus: probedmacb e000b000.ethernet eth0: Cadence GEM rev 0x00020118 at 0xe000b000 irq 31 (00:0a:35:00:00:00)Generic PHY e000b000.etherne:00: attached PHY driver [Generic PHY] (mii_bus:phy_addr=e000b000.etherne:00, irq=-1)e1000e: Intel(R) PRO/1000 Network Driver - 3.2.6-ke1000e: Copyright(c) 1999 - 2015 Intel Corporation.ehci_hcd: USB 2.0 'Enhanced' Host Controller (EHCI) Driverehci-pci: EHCI PCI platform driverusbcore: registered new interface driver usb-storagemousedev: PS/2 mouse device common for all micei2c /dev entries drivercdns-i2c e0005000.ps7_i2c: 100 kHz mmio e0005000 irq 154Xilinx Zynq CpuIdle Driver startedsdhci: Secure Digital Host Controller Interface driversdhci: Copyright(c) Pierre Ossmansdhci-pltfm: SDHCI platform and OF driver helpermmc0: SDHCI controller on e0100000.ps7-sdio [e0100000.ps7-sdio] using ADMAledtrig-cpu: registered to indicate activity on CPUsusbcore: registered new interface driver usbhidusbhid: USB HID core drivernand: disable subpage writenand: device found, Manufacturer ID: 0x2c, Chip ID: 0xdanand: Micron MT29F2G08ABAEAWPnand: 256 MiB, SLC, erase size: 128 KiB, page size: 2048, OOB size: 64nand: NAND_ECC_HWnand: NAND_ECC_HW_SYNDROMEmtd->writesize = 2048ecc->strength = 1ecc->size = 2048mtd->writesize = 2048chip->ecc_strength_ds = 4chip->ecc_step_ds = 512nand: WARNING: pl35x-nand: the ECC used on your system is too weak compared to the one required by the NAND chipBad block table found at page 131008, version 0x01Bad block table found at page 130944, version 0x01nand_read_bbt: bad block at 0x000002420000nand_read_bbt: bad block at 0x000002440000nand_read_bbt: bad block at 0x0000024600008 ofpart partitions found on MTD device pl35x-nandCreating 8 MTD partitions on \"pl35x-nand\":0x000000000000-0x000002800000 : \"BOOT.bin-dts-marker-kernel\"0x000002800000-0x000004800000 : \"ramfs\"0x000004800000-0x000005000000 : \"configs\"0x000005000000-0x000005200000 : \"sig\"0x000005200000-0x000006000000 : \"reserve1\"0x000006000000-0x000007000000 : \"upgrade-ramfs\"0x000007000000-0x00000a800000 : \"upgrade-file\"0x00000a800000-0x000010000000 : \"reserve2\"nf_conntrack version 0.5.0 (3635 buckets, 14540 max)ip_tables: (C) 2000-2006 Netfilter Core TeamNET: Registered protocol family 10ip6_tables: (C) 2000-2006 Netfilter Core Teamsit: IPv6 over IPv4 tunneling driverNET: Registered protocol family 17can: controller area network core (rev 20120528 abi 9)NET: Registered protocol family 29can: raw protocol (rev 20120528)can: broadcast manager protocol (rev 20120528 t)can: netlink gateway (rev 20130117) max_hops=1zynq_pm_ioremap: no compatible node found for 'xlnx,zynq-ddrc-a05'zynq_pm_late_init: Unable to map DDRC IO memory.Registering SWP/SWPB emulation handlerhctosys: unable to open rtc device (rtc0)ALSA device list:  No soundcards found.RAMDISK: gzip image found at block 0EXT4-fs (ram0): couldn't mount as ext3 due to feature incompatibilitiesEXT4-fs warning (device ram0): ext4_update_dynamic_rev:746: updating to rev 1 because of new feature flag, running e2fsck is recommendedEXT4-fs (ram0): mounted filesystem without journal. Opts: (null)VFS: Mounted root (ext4 filesystem) on device 1:0.devtmpfs: mountedFreeing unused kernel memory: 1024K (c0a00000 - c0b00000)EXT4-fs (ram0): re-mounted. Opts: block_validity,delalloc,barrier,user_xattr,errors=remount-rodevpts: called with bogus optionsubi0: attaching mtd2ubi0: scanning is finishedubi0: attached mtd2 (name \"configs\", size 8 MiB)ubi0: PEB size: 131072 bytes (128 KiB), LEB size: 126976 bytesubi0: min./max. I/O unit sizes: 2048/2048, sub-page size 2048ubi0: VID header offset: 2048 (aligned 2048), data offset: 4096ubi0: good PEBs: 64, bad PEBs: 0, corrupted PEBs: 0ubi0: user volume: 1, internal volumes: 1, max. volumes count: 128ubi0: max/mean erase counter: 12/3, WL threshold: 4096, image sequence number: 322110083ubi0: available PEBs: 0, total reserved PEBs: 64, PEBs reserved for bad PEB handling: 4ubi0: background thread \"ubi_bgt0d\" started, PID 729UBIFS (ubi0:0): background thread \"ubifs_bgt0_0\" started, PID 733UBIFS (ubi0:0): recovery neededUBIFS (ubi0:0): recovery completedUBIFS (ubi0:0): UBIFS: mounted UBI device 0, volume 0, name \"config_data\"UBIFS (ubi0:0): LEB size: 126976 bytes (124 KiB), min./max. I/O unit sizes: 2048 bytes/2048 bytesUBIFS (ubi0:0): FS size: 5840896 bytes (5 MiB, 46 LEBs), journal size 1015809 bytes (0 MiB, 6 LEBs)UBIFS (ubi0:0): reserved for root: 275879 bytes (269 KiB)UBIFS (ubi0:0): media format: w4/r0 (latest is w4/r0), UUID C7CFF589-3D04-4ECB-B10E-70A73BA643A8, small LPT modelubi2: attaching mtd4ubi2: scanning is finishedubi2: attached mtd4 (name \"reserve1\", size 14 MiB)ubi2: PEB size: 131072 bytes (128 KiB), LEB size: 126976 bytesubi2: min./max. I/O unit sizes: 2048/2048, sub-page size 2048ubi2: VID header offset: 2048 (aligned 2048), data offset: 4096ubi2: good PEBs: 112, bad PEBs: 0, corrupted PEBs: 0ubi2: user volume: 1, internal volumes: 1, max. volumes count: 128ubi2: max/mean erase counter: 58/38, WL threshold: 4096, image sequence number: 183710239ubi2: available PEBs: 0, total reserved PEBs: 112, PEBs reserved for bad PEB handling: 4ubi2: background thread \"ubi_bgt2d\" started, PID 740UBIFS (ubi2:0): background thread \"ubifs_bgt2_0\" started, PID 744UBIFS (ubi2:0): recovery neededUBIFS (ubi2:0): recovery completedUBIFS (ubi2:0): UBIFS: mounted UBI device 2, volume 0, name \"misc\"UBIFS (ubi2:0): LEB size: 126976 bytes (124 KiB), min./max. I/O unit sizes: 2048 bytes/2048 bytesUBIFS (ubi2:0): FS size: 11935744 bytes (11 MiB, 94 LEBs), journal size 1015809 bytes (0 MiB, 6 LEBs)UBIFS (ubi2:0): reserved for root: 563754 bytes (550 KiB)UBIFS (ubi2:0): media format: w4/r0 (latest is w4/r0), UUID FEDBFDD6-2CB2-4ED5-B170-449E62906392, small LPT modelIPv6: ADDRCONF(NETDEV_UP): eth0: link is not readyIPv6: ADDRCONF(NETDEV_UP): eth0: link is not readyrandom: avahi-daemon urandom read with 2 bits of entropy availablemacb e000b000.ethernet eth0: unable to generate target frequency: 25000000 Hzmacb e000b000.ethernet eth0: link up (100/Full)IPv6: ADDRCONF(NETDEV_CHANGE): eth0: link becomes readyIn axi fpga driver!request_mem_region OK!AXI fpga dev virtual address is 0xcfbc8000*base_vir_addr = 0xb051In fpga mem driver!request_mem_region OK!fpga mem virtual address is 0xd2000000random: nonblocking pool is initialized===========================================Miner log===========================================time=\"1970-01-01 00:00:09\" level=error pid=879 msg=\"invalid URL -- ''\"time=\"1970-01-01 00:00:09\" level=info pid=879 msg=\"release version\"time=\"1970-01-01 00:00:09\" level=info pid=879 msg=\"asic mode\"time=\"1970-01-01 00:00:09\" level=notice pid=879 msg=\"algo ltc fan_control_mode 2\"time=\"1970-01-01 00:00:10\" level=notice pid=879 msg=platform_inittime=\"1970-01-01 00:00:10\" level=info pid=879 msg=\"mmap fpga_mem_addr_hal = 0xb5d23000\"time=\"1970-01-01 00:00:10\" level=info pid=879 msg=\"HARDWARE_VERSION = 0x2000b051\"time=\"1970-01-01 00:00:10\" level=notice pid=879 msg=\"chain_offset 0, chain 0\"time=\"1970-01-01 00:00:10\" level=notice pid=879 msg=\"chain_offset 0, chain 0, pic firmware verion = 0xfe\"time=\"1970-01-01 00:00:10\" level=notice pid=879 msg=\"chain_offset 1, chain 1\"time=\"1970-01-01 00:00:11\" level=notice pid=879 msg=\"chain_offset 1, chain 1, pic firmware verion = 0xfe\"time=\"1970-01-01 00:00:11\" level=notice pid=879 msg=\"chain_offset 2, chain 2\"time=\"1970-01-01 00:00:12\" level=notice pid=879 msg=\"chain_offset 2, chain 2, pic firmware verion = 0xfe\"time=\"1970-01-01 00:00:12\" level=notice pid=879 msg=\"reset fpga\"time=\"1970-01-01 00:00:12\" level=notice pid=879 msg=\"Begain check_fan_valiad\"time=\"2022-11-11 20:51:57\" level=notice pid=879 msg=\"check_fan_valiad, check_fan_speed ok, fan_num = 4\"time=\"2022-11-11 20:51:57\" level=notice pid=879 msg=\"Miner compile time: Tue Apr 12 17:55:17 CST 2022 type: Antminer L7\"time=\"2022-11-11 20:51:57\" level=info pid=879 msg=\"godminer Version = 0xB051 1.0.0_release_dirty_master_4c4db04fc8fb8ce1a21da1db2301f261664943c2_Apr 12 2022 18:08:37\"time=\"2022-11-11 20:51:57\" level=notice pid=879 msg=\"miner thread with 3 backend runtime created pid 879\"time=\"2022-11-11 20:51:57\" level=notice pid=879 msg=\"opt_algo 6, ltc\"time=\"2022-11-11 20:52:03\" level=notice pid=879 msg=\"MAX voltage: 1440\"time=\"2022-11-11 20:52:03\" level=notice pid=879 msg=\"MIN freq: 1775\"time=\"2022-11-11 20:52:03\" level=notice pid=879 msg=\"Chain [0] ft F1V11B1C2 reserved MIN f\"time=\"2022-11-11 20:52:04\" level=notice pid=879 msg=\"all runtimes have been poweroff.\"time=\"2022-11-11 20:52:15\" level=info pid=879 msg=\"power open power_version = 0x73\"time=\"2022-11-11 20:52:17\" level=notice pid=879 msg=\"power type version: 0x0073\"time=\"2022-11-11 20:52:18\" level=notice pid=879 msg=\"Power init:\"time=\"2022-11-11 20:52:18\" level=notice pid=879 msg=\"current_voltage_raw     = 0\"time=\"2022-11-11 20:52:18\" level=notice pid=879 msg=\"working_voltage_raw     = 1440\"time=\"2022-11-11 20:52:18\" level=notice pid=879 msg=\"check_asic_voltage_enable     = 1\"time=\"2022-11-11 20:52:18\" level=notice pid=879 msg=\"check_asic_voltage_raw  = 1600\"time=\"2022-11-11 20:52:18\" level=notice pid=879 msg=\"set_voltage to 1600.\"time=\"2022-11-11 20:52:18\" level=notice pid=879 msg=\"N before calibration 96, N after calibration -1\"time=\"2022-11-11 20:52:23\" level=notice pid=879 msg=\"power voltage qualified! centi_voltage 1600 min_fb_vol 13.691133 qualified_vol 12.000000\"time=\"2022-11-11 20:52:28\" level=notice pid=879 msg=\"send_work_0 on pid 947\"time=\"2022-11-11 20:52:28\" level=notice pid=879 msg=\"scanhash_0 on pid 946\"time=\"2022-11-11 20:52:28\" level=notice pid=879 msg=\"get_respon_0 on pid 945\"time=\"2022-11-11 20:52:34\" level=notice pid=879 msg=\"send_work_1 on pid 956\"time=\"2022-11-11 20:52:34\" level=notice pid=879 msg=\"scanhash_1 on pid 955\"time=\"2022-11-11 20:52:34\" level=notice pid=879 msg=\"get_respon_1 on pid 954\"time=\"2022-11-11 20:52:39\" level=notice pid=879 msg=\"send_work_2 on pid 964\"time=\"2022-11-11 20:52:39\" level=notice pid=879 msg=\"scanhash_2 on pid 963\"time=\"2022-11-11 20:52:39\" level=notice pid=879 msg=\"get_respon_2 on pid 962\"time=\"2022-11-11 20:52:40\" level=notice pid=879 msg=setup_all_chip_ltctime=\"2022-11-11 20:52:40\" level=notice pid=879 msg=setup_all_chip_ltctime=\"2022-11-11 20:52:41\" level=notice pid=879 msg=setup_all_chip_ltctime=\"2022-11-11 20:52:43\" level=notice pid=879 chain=0 msg=\"ChipSetting_get_addr_LTC detect 60 chips\"time=\"2022-11-11 20:52:43\" level=error pid=879 chain=0 error=\"asic num error\" msg=\"detected asic num less than design\"time=\"2022-11-11 20:52:43\" level=notice pid=879 chain=1 msg=\"ChipSetting_get_addr_LTC detect 0 chips\"time=\"2022-11-11 20:52:43\" level=error pid=879 chain=1 error=\"asic num error\" msg=\"detected asic num less than design\"time=\"2022-11-11 20:52:44\" level=notice pid=879 chain=2 msg=\"ChipSetting_get_addr_LTC detect 0 chips\"time=\"2022-11-11 20:52:44\" level=error pid=879 chain=2 error=\"asic num error\" msg=\"detected asic num less than design\"time=\"2022-11-11 20:52:53\" level=notice pid=879 chain=0 msg=\"ChipSetting_get_addr_LTC detect 60 chips\"time=\"2022-11-11 20:52:53\" level=error pid=879 chain=0 error=\"asic num error\" msg=\"detected asic num less than design\"time=\"2022-11-11 20:52:53\" level=notice pid=879 chain=1 msg=\"ChipSetting_get_addr_LTC detect 0 chips\"time=\"2022-11-11 20:52:53\" level=error pid=879 chain=1 error=\"asic num error\" msg=\"detected asic num less than design\"time=\"2022-11-11 20:52:53\" level=notice pid=879 chain=2 msg=\"ChipSetting_get_addr_LTC detect 0 chips\"time=\"2022-11-11 20:52:53\" level=error pid=879 chain=2 error=\"asic num error\" msg=\"detected asic num less than design\"time=\"2022-11-11 20:52:59\" level=notice pid=879 chain=0 msg=\"ChipSetting_get_addr_LTC detect 54 chips\"time=\"2022-11-11 20:52:59\" level=error pid=879 chain=0 error=\"asic num error\" msg=\"detected asic num less than design\"time=\"2022-11-11 20:53:02\" level=notice pid=879 chain=1 msg=\"ChipSetting_get_addr_LTC detect 0 chips\"time=\"2022-11-11 20:53:02\" level=error pid=879 chain=1 error=\"asic num error\" msg=\"detected asic num less than design\"time=\"2022-11-11 20:53:02\" level=notice pid=879 chain=2 msg=\"ChipSetting_get_addr_LTC detect 0 chips\"time=\"2022-11-11 20:53:02\" level=error pid=879 chain=2 error=\"asic num error\" msg=\"detected asic num less than design\"time=\"2022-11-11 20:53:08\" level=warn pid=879 msg=\"chain 0 runtime check asic number error, destroy it!\"time=\"2022-11-11 20:53:10\" level=warn pid=879 msg=\"chain 1 runtime check asic number error, destroy it!\"time=\"2022-11-11 20:53:11\" level=warn pid=879 msg=\"chain 2 runtime check asic number error, destroy it!\"time=\"2022-11-11 20:53:12\" level=error pid=879 msg=\"there is no qualified device remain after check abnormal runtime!\"time=\"2022-11-11 20:53:31\" level=error pid=1055 msg=\"invalid URL -- ''\"time=\"2022-11-11 20:53:31\" level=info pid=1055 msg=\"release version\"time=\"2022-11-11 20:53:31\" level=info pid=1055 msg=\"asic mode\"time=\"2022-11-11 20:53:31\" level=notice pid=1055 msg=\"algo ltc fan_control_mode 2\"time=\"2022-11-11 20:53:31\" level=notice pid=1055 msg=platform_inittime=\"2022-11-11 20:53:31\" level=info pid=1055 msg=\"mmap fpga_mem_addr_hal = 0xb5db6000\"time=\"2022-11-11 20:53:31\" level=info pid=1055 msg=\"HARDWARE_VERSION = 0x2000b051\"time=\"2022-11-11 20:53:31\" level=notice pid=1055 msg=\"chain_offset 0, chain 0\"time=\"2022-11-11 20:53:32\" level=notice pid=1055 msg=\"chain_offset 0, chain 0, pic firmware verion = 0xfe\"time=\"2022-11-11 20:53:32\" level=notice pid=1055 msg=\"chain_offset 1, chain 1\"time=\"2022-11-11 20:53:32\" level=notice pid=1055 msg=\"chain_offset 1, chain 1, pic firmware verion = 0xfe\"time=\"2022-11-11 20:53:32\" level=notice pid=1055 msg=\"chain_offset 2, chain 2\"time=\"2022-11-11 20:53:33\" level=notice pid=1055 msg=\"chain_offset 2, chain 2, pic firmware verion = 0xfe\"time=\"2022-11-11 20:53:33\" level=notice pid=1055 msg=\"reset fpga\"time=\"2022-11-11 20:53:33\" level=notice pid=1055 msg=\"Begain check_fan_valiad\"time=\"2022-11-11 20:53:34\" level=notice pid=1055 msg=\"check_fan_valiad, check_fan_speed ok, fan_num = 4\"time=\"2022-11-11 20:53:34\" level=notice pid=1055 msg=\"Miner compile time: Tue Apr 12 17:55:17 CST 2022 type: Antminer L7\"time=\"2022-11-11 20:53:34\" level=info pid=1055 msg=\"godminer Version = 0xB051 1.0.0_release_dirty_master_4c4db04fc8fb8ce1a21da1db2301f261664943c2_Apr 12 2022 18:08:37\"time=\"2022-11-11 20:53:34\" level=notice pid=1055 msg=\"miner thread with 3 backend runtime created pid 1055\"time=\"2022-11-11 20:53:34\" level=notice pid=1055 msg=\"opt_algo 6, ltc\"time=\"2022-11-11 20:53:39\" level=notice pid=1055 msg=\"MAX voltage: 1440\"time=\"2022-11-11 20:53:39\" level=notice pid=1055 msg=\"MIN freq: 1775\"time=\"2022-11-11 20:53:39\" level=notice pid=1055 msg=\"Chain [0] ft F1V11B1C2 reserved MIN f\"time=\"2022-11-11 20:53:40\" level=notice pid=1055 msg=\"all runtimes have been poweroff.\"time=\"2022-11-11 20:53:51\" level=info pid=1055 msg=\"power open power_version = 0x73\"time=\"2022-11-11 20:53:53\" level=notice pid=1055 msg=\"power type version: 0x0073\"time=\"2022-11-11 20:53:55\" level=notice pid=1055 msg=\"Power init:\"time=\"2022-11-11 20:53:55\" level=notice pid=1055 msg=\"current_voltage_raw     = 0\"time=\"2022-11-11 20:53:55\" level=notice pid=1055 msg=\"working_voltage_raw     = 1440\"time=\"2022-11-11 20:53:55\" level=notice pid=1055 msg=\"check_asic_voltage_enable     = 1\"time=\"2022-11-11 20:53:55\" level=notice pid=1055 msg=\"check_asic_voltage_raw  = 1600\"time=\"2022-11-11 20:53:55\" level=notice pid=1055 msg=\"set_voltage to 1600.\"time=\"2022-11-11 20:53:55\" level=notice pid=1055 msg=\"N before calibration 96, N after calibration -1\"time=\"2022-11-11 20:54:00\" level=notice pid=1055 msg=\"power voltage qualified! centi_voltage 1600 min_fb_vol 14.303437 qualified_vol 12.000000\"time=\"2022-11-11 20:54:05\" level=notice pid=1055 msg=\"send_work_0 on pid 1396\"time=\"2022-11-11 20:54:05\" level=notice pid=1055 msg=\"scanhash_0 on pid 1395\"time=\"2022-11-11 20:54:05\" level=notice pid=1055 msg=\"get_respon_0 on pid 1394\"time=\"2022-11-11 20:54:10\" level=notice pid=1055 msg=\"send_work_1 on pid 1453\"time=\"2022-11-11 20:54:10\" level=notice pid=1055 msg=\"scanhash_1 on pid 1452\"time=\"2022-11-11 20:54:10\" level=notice pid=1055 msg=\"get_respon_1 on pid 1451\"time=\"2022-11-11 20:54:15\" level=notice pid=1055 msg=\"send_work_2 on pid 1475\"time=\"2022-11-11 20:54:15\" level=notice pid=1055 msg=\"scanhash_2 on pid 1474\"time=\"2022-11-11 20:54:15\" level=notice pid=1055 msg=\"get_respon_2 on pid 1473\"time=\"2022-11-11 20:54:17\" level=notice pid=1055 msg=setup_all_chip_ltctime=\"2022-11-11 20:54:17\" level=notice pid=1055 chain=0 msg=\"ChipSetting_get_addr_LTC detect 51 chips\"time=\"2022-11-11 20:54:17\" level=error pid=1055 chain=0 error=\"asic num error\" msg=\"detected asic num less than design\"time=\"2022-11-11 20:54:17\" level=notice pid=1055 msg=setup_all_chip_ltctime=\"2022-11-11 20:54:17\" level=notice pid=1055 msg=setup_all_chip_ltctime=\"2022-11-11 20:54:20\" level=notice pid=1055 chain=1 msg=\"ChipSetting_get_addr_LTC detect 0 chips\"time=\"2022-11-11 20:54:20\" level=error pid=1055 chain=1 error=\"asic num error\" msg=\"detected asic num less than design\"time=\"2022-11-11 20:54:20\" level=notice pid=1055 chain=2 msg=\"ChipSetting_get_addr_LTC detect 0 chips\"time=\"2022-11-11 20:54:20\" level=error pid=1055 chain=2 error=\"asic num error\" msg=\"detected asic num less than design\"time=\"2022-11-11 20:54:25\" level=notice pid=1055 chain=0 msg=\"ChipSetting_get_addr_LTC detect 60 chips\"time=\"2022-11-11 20:54:25\" level=error pid=1055 chain=0 error=\"asic num error\" msg=\"detected asic num less than design\"time=\"2022-11-11 20:54:29\" level=notice pid=1055 chain=1 msg=\"ChipSetting_get_addr_LTC detect 0 chips\"time=\"2022-11-11 20:54:29\" level=error pid=1055 chain=1 error=\"asic num error\" msg=\"detected asic num less than design\"time=\"2022-11-11 20:54:29\" level=notice pid=1055 chain=2 msg=\"ChipSetting_get_addr_LTC detect 0 chips\"time=\"2022-11-11 20:54:29\" level=error pid=1055 chain=2 error=\"asic num error\" msg=\"detected asic num less than design\"time=\"2022-11-11 20:54:35\" level=notice pid=1055 chain=0 msg=\"ChipSetting_get_addr_LTC detect 52 chips\"time=\"2022-11-11 20:54:35\" level=error pid=1055 chain=0 error=\"asic num error\" msg=\"detected asic num less than design\"time=\"2022-11-11 20:54:38\" level=notice pid=1055 chain=1 msg=\"ChipSetting_get_addr_LTC detect 0 chips\"time=\"2022-11-11 20:54:38\" level=error pid=1055 chain=1 error=\"asic num error\" msg=\"detected asic num less than design\"time=\"2022-11-11 20:54:38\" level=notice pid=1055 chain=2 msg=\"ChipSetting_get_addr_LTC detect 0 chips\"time=\"2022-11-11 20:54:38\" level=error pid=1055 chain=2 error=\"asic num error\" msg=\"detected asic num less than design\"time=\"2022-11-11 20:54:45\" level=warn pid=1055 msg=\"chain 0 runtime check asic number error, destroy it!\"time=\"2022-11-11 20:54:46\" level=warn pid=1055 msg=\"chain 1 runtime check asic number error, destroy it!\"time=\"2022-11-11 20:54:47\" level=warn pid=1055 msg=\"chain 2 runtime check asic number error, destroy it!\"time=\"2022-11-11 20:54:49\" level=error pid=1055 msg=\"there is no qualified device remain after check abnormal runtime!\"time=\"2022-11-11 20:54:56\" level=error pid=1728 msg=\"invalid URL -- ''\"time=\"2022-11-11 20:54:56\" level=info pid=1728 msg=\"release version\"time=\"2022-11-11 20:54:56\" level=info pid=1728 msg=\"asic mode\"time=\"2022-11-11 20:54:56\" level=notice pid=1728 msg=\"algo ltc fan_control_mode 2\"time=\"2022-11-11 20:54:56\" level=notice pid=1728 msg=platform_inittime=\"2022-11-11 20:54:56\" level=info pid=1728 msg=\"mmap fpga_mem_addr_hal = 0xb5d7e000\"time=\"2022-11-11 20:54:56\" level=info pid=1728 msg=\"HARDWARE_VERSION = 0x2000b051\"time=\"2022-11-11 20:54:56\" level=notice pid=1728 msg=\"chain_offset 0, chain 0\"time=\"2022-11-11 20:54:57\" level=notice pid=1728 msg=\"chain_offset 0, chain 0, pic firmware verion = 0xfe\"time=\"2022-11-11 20:54:57\" level=notice pid=1728 msg=\"chain_offset 1, chain 1\"put it in codeyou may have a bad mining address.I will give you a known good address to do a test mine. (it is my address I would make 4 or 5 cents)see if it works.stratum+tcp://ltc.viabtc.com:3333nickstevepnew.L7testxdo it in all 3 spots.pool 1pool 2pool 3let me know if you did it.I will look for it to show upthe clue to the issue is 'invalid url'I want to see If it goes away with a known good addresshoping that is your issue and not that your boards are bad. because if the invalid url goes away and it still says it can not find all asic chips it is not the pool address causing the problem.",
      "score": 0,
      "upvotes": 0,
      "downvotes": 0
    },
    {
      "author": "NewbeeMiner",
      "created_time": "November 14, 2022, 09:15:01 PM",
      "body": "I have different pools on there as backups and none work. so most likely board issues, it was hashing just fine a few days ago also.",
      "score": 0,
      "upvotes": 0,
      "downvotes": 0
    },
    {
      "author": "philipma1957",
      "created_time": "November 15, 2022, 01:00:47 AM",
      "body": "Quote from: NewbeeMiner on November 14, 2022, 09:15:01 PMI have different pools on there as backups and none work. so most likely board issues, it was hashing just fine a few days ago also. if it mined using those urls then likely at least 1 board is dead.Is it out of warranty?",
      "score": 0,
      "upvotes": 0,
      "downvotes": 0
    },
    {
      "author": "Rodemi",
      "created_time": "November 15, 2022, 07:23:58 AM",
      "body": "If you think it is a problem with the board, you can refer to the repair guide of the L7 hash board for troubleshooting. I saw this picture in the guide:",
      "score": 0,
      "upvotes": 0,
      "downvotes": 0
    },
    {
      "author": "philipma1957",
      "created_time": "November 15, 2022, 06:00:18 PM",
      "body": "he could fully remove 2 boards and test one board. if he is out of warranty it is worth doing.boards need to be fully removed to test. one board at a time.",
      "score": 0,
      "upvotes": 0,
      "downvotes": 0
    }
  ]
}