{
  "id": "topic_5441113",
  "title": "Newbie59",
  "author": "Newbie59",
  "created_time": "February 24, 2023, 03:37:21 PM",
  "content": "Driving me nuts... after changing pool address to IP and restarting I get Normal Network for 15 seconds on Miner Dashboard. Latest CurrentLog below...any help greatly appreciated. New miner, 12/26/22 firmware (posted 12/29/22)[    0.000000] Booting Linux on physical CPU 0x0[    0.000000] Initializing cgroup subsys cpu[    0.000000] Linux version 3.8.13+ (jenkins@nomd-nomd-fwc-bj) (gcc version 4.9.4 (Linaro GCC 4.9-2017.01) ) #36 SMP Mon Dec 26 17:10:49 CST 2022[    0.000000] CPU: ARMv7 Processor [413fc082] revision 2 (ARMv7), cr=50c5387d[    0.000000] CPU: PIPT / VIPT nonaliasing data cache, VIPT aliasing instruction cache[    0.000000] Machine: Generic AM33XX (Flattened Device Tree), model: TI AM335x BeagleBone[    0.000000] Memory policy: ECC disabled, Data cache writeback[    0.000000] On node 0 totalpages: 65280[    0.000000] free_area_init_node: node 0, pgdat c05d9000, node_mem_map c0631000[    0.000000]   Normal zone: 512 pages used for memmap[    0.000000]   Normal zone: 0 pages reserved[    0.000000]   Normal zone: 64768 pages, LIFO batch:15[    0.000000] AM335X ES1.0 (neon )[    0.000000] PERCPU: Embedded 8 pages/cpu @c083e000 s9856 r8192 d14720 u32768[    0.000000] pcpu-alloc: s9856 r8192 d14720 u32768 alloc=8*4096[    0.000000] pcpu-alloc:  0 [    0.000000] Built 1 zonelists in Zone order, mobility grouping on.  Total pages: 64768[    0.000000] Kernel command line: console=ttyO0,115200n8 init=/sbin/init[    0.000000] PID hash table entries: 1024 (order: 0, 4096 bytes)[    0.000000] Dentry cache hash table entries: 32768 (order: 5, 131072 bytes)[    0.000000] Inode-cache hash table entries: 16384 (order: 4, 65536 bytes)[    0.000000] __ex_table already sorted, skipping sort[    0.000000] allocated 524288 bytes of page_cgroup[    0.000000] please try 'cgroup_disable=memory' option if you don't want memory cgroups[    0.000000] Memory: 255MB = 255MB total[    0.000000] Memory: 245400k/245400k available, 16744k reserved, 0K highmem[    0.000000] Virtual kernel memory layout:[    0.000000]     vector  : 0xffff0000 - 0xffff1000   (   4 kB)[    0.000000]     fixmap  : 0xfff00000 - 0xfffe0000   ( 896 kB)[    0.000000]     vmalloc : 0xd0800000 - 0xff000000   ( 744 MB)[    0.000000]     lowmem  : 0xc0000000 - 0xd0000000   ( 256 MB)[    0.000000]     pkmap   : 0xbfe00000 - 0xc0000000   (   2 MB)[    0.000000]     modules : 0xbf800000 - 0xbfe00000   (   6 MB)[    0.000000]       .text : 0xc0008000 - 0xc053f674   (5342 kB)[    0.000000]       .init : 0xc0540000 - 0xc0571680   ( 198 kB)[    0.000000]       .data : 0xc0572000 - 0xc05d9ee0   ( 416 kB)[    0.000000]        .bss : 0xc05d9ee0 - 0xc0630448   ( 346 kB)[    0.000000] Hierarchical RCU implementation.[    0.000000]    RCU restricting CPUs from NR_CPUS=4 to nr_cpu_ids=1.[    0.000000] NR_IRQS:16 nr_irqs:16 16[    0.000000] IRQ: Found an INTC at 0xfa200000 (revision 5.0) with 128 interrupts[    0.000000] Total of 128 interrupts on 1 active controller[    0.000000] OMAP clockevent source: GPTIMER1 at 24000000 Hz[    0.000000] sched_clock: 32 bits at 24MHz, resolution 41ns, wraps every 178956ms[    0.000000] OMAP clocksource: GPTIMER2 at 24000000 Hz[    0.000000] Console: colour dummy device 80x30[    0.000346] Calibrating delay loop... 545.07 BogoMIPS (lpj=531968)[    0.015443] pid_max: default: 32768 minimum: 301[    0.015668] Security Framework initialized[    0.015761] Mount-cache hash table entries: 512[    0.024275] Initializing cgroup subsys cpuacct[    0.024308] Initializing cgroup subsys memory[    0.024368] Initializing cgroup subsys blkio[    0.024499] CPU: Testing write buffer coherency: ok[    0.025008] CPU0: thread -1, cpu 0, socket -1, mpidr 0[    0.025082] Setting up static identity map for 0x8030a500 - 0x8030a54c[    0.026441] Brought up 1 CPUs[    0.026464] SMP: Total of 1 processors activated (545.07 BogoMIPS).[    0.027745] devtmpfs: initialized[    0.091394] pinctrl core: initialized pinctrl subsystem[    0.091645] rstctl core: initialized rstctl subsystem[    0.092116] regulator-dummy: no parameters[    0.092616] NET: Registered protocol family 16[    0.093273] DMA: preallocated 256 KiB pool for atomic coherent allocations[    0.102692] pinctrl-single 44e10800.pinmux: prop pinctrl-0 index 0 invalid phandle[    0.102864] pinctrl-single 44e10800.pinmux: 142 pins at pa f9e10800 size 568[    0.103910] platform 49000000.edma: alias fck already exists[    0.103940] platform 49000000.edma: alias fck already exists[    0.103965] platform 49000000.edma: alias fck already exists[    0.105077] gpiochip_add: registered GPIOs 0 to 31 on device: gpio[    0.105256] OMAP GPIO hardware version 0.1[    0.106638] gpiochip_add: registered GPIOs 32 to 63 on device: gpio[    0.107938] gpiochip_add: registered GPIOs 64 to 95 on device: gpio[    0.109398] gpiochip_add: registered GPIOs 96 to 127 on device: gpio[    0.109913] of_get_named_gpio_flags exited with status 52[    0.109943] gpio-rctrl rstctl.3: loaded OK[    0.114810] omap-gpmc 50000000.gpmc: GPMC revision 6.0[    0.118069] hw-breakpoint: debug architecture 0x4 unsupported.[    0.119963] cpsw.0: No hwaddr in dt. Using 0c:ae:7d:65:65:86 from efuse[    0.128845] bio: create slab <bio-0> at 0[    0.140277] edma-dma-engine edma-dma-engine.0: TI EDMA DMA engine driver[    0.140561] of_get_named_gpio_flags: can't parse gpios property[    0.140785] vmmcsd_fixed: 3300 mV [    0.143898] SCSI subsystem initialized[    0.145130] omap_i2c 4819c000.i2c: bus 0 rev0.11 at 100 kHz[    0.145163] omap_i2c 4819c000.i2c: unable to select pin group[    0.145397] pps_core: LinuxPPS API ver. 1 registered[    0.145414] pps_core: Software ver. 5.3.6 - Copyright 2005-2007 Rodolfo Giometti <giometti@linux.it>[    0.146996] Switching to clocksource gp_timer[    0.164203] NET: Registered protocol family 2[    0.165255] TCP established hash table entries: 2048 (order: 2, 16384 bytes)[    0.165344] TCP bind hash table entries: 2048 (order: 3, 40960 bytes)[    0.165437] TCP: Hash tables configured (established 2048 bind 2048)[    0.165531] TCP: reno registered[    0.165556] UDP hash table entries: 256 (order: 1, 12288 bytes)[    0.165600] UDP-Lite hash table entries: 256 (order: 1, 12288 bytes)[    0.166013] NET: Registered protocol family 1[    0.166567] RPC: Registered named UNIX socket transport module.[    0.166586] RPC: Registered udp transport module.[    0.166656] RPC: Registered tcp transport module.[    0.166672] RPC: Registered tcp NFSv4.1 backchannel transport module.[    0.167052] Trying to unpack rootfs image as initramfs...[    1.064861] Freeing initrd memory: 6496K[    1.065564] CPU PMU: probing PMU on CPU 0[    1.065595] hw perfevents: enabled with ARMv7 Cortex-A8 PMU driver, 5 counters available[    1.066107] omap2_mbox_probe: platform not supported[    1.069815] VFS: Disk quotas dquot_6.5.2[    1.070059] Dquot-cache hash table entries: 1024 (order 0, 4096 bytes)[    1.071435] NFS: Registering the id_resolver key type[    1.071557] Key type id_resolver registered[    1.071574] Key type id_legacy registered[    1.071638] jffs2: version 2.2. (NAND) (SUMMARY)  © 2001-2006 Red Hat, Inc.[    1.072078] msgmni has been set to 491[    1.074914] Block layer SCSI generic (bsg) driver version 0.4 loaded (major 250)[    1.074940] io scheduler noop registered[    1.074956] io scheduler deadline registered[    1.075014] io scheduler cfq registered (default)[    1.078582] Serial: 8250/16550 driver, 4 ports, IRQ sharing enabled[    1.081027] omap_uart 44e09000.serial: did not get pins for uart0 error: -19[    1.081054] of_get_named_gpio_flags: can't parse gpios property[    1.081324] 44e09000.serial: ttyO0 at MMIO 0x44e09000 (irq = 88) is a OMAP UART0[    1.702539] console [ttyO0] enabled[    1.706794] of_get_named_gpio_flags: can't parse gpios property[    1.707048] 48022000.serial: ttyO1 at MMIO 0x48022000 (irq = 89) is a OMAP UART1[    1.715510] of_get_named_gpio_flags: can't parse gpios property[    1.715737] 48024000.serial: ttyO2 at MMIO 0x48024000 (irq = 90) is a OMAP UART2[    1.724129] of_get_named_gpio_flags: can't parse gpios property[    1.724341] 481a8000.serial: ttyO4 at MMIO 0x481a8000 (irq = 61) is a OMAP UART4[    1.732742] of_get_named_gpio_flags: can't parse gpios property[    1.732961] 481aa000.serial: ttyO5 at MMIO 0x481aa000 (irq = 62) is a OMAP UART5[    1.754896] brd: module loaded[    1.765176] loop: module loaded[    1.769210] bone-capemgr bone_capemgr.8: Failed to find baseboard eeprom node[    1.779254] ONFI param page 0 valid[    1.782964] ONFI flash detected[    1.786290] NAND device: Manufacturer ID: 0x2c, Chip ID: 0xf1 (Micron MT29F1G08ABAEAWP), 128MiB, page size: 2048, OOB size: 64[    1.798216] omap2-nand: detected x8 NAND flash[    1.802884] nand: using OMAP_ECC_BCH8_CODE_HW ECC scheme[    1.808472] omap2-nand: using custom ecc layout[    1.813324] 12 ofpart partitions found on MTD device omap2-nand.0[    1.819723] Creating 12 MTD partitions on \"omap2-nand.0\":[    1.825405] 0x000000000000-0x000000020000 : \"spl\"[    1.832103] 0x000000020000-0x000000040000 : \"spl_backup1\"[    1.839468] 0x000000040000-0x000000060000 : \"spl_backup2\"[    1.846814] 0x000000060000-0x000000080000 : \"spl_backup3\"[    1.854088] 0x000000080000-0x000000240000 : \"u-boot\"[    1.862410] 0x000000240000-0x000000260000 : \"bootenv\"[    1.869396] 0x000000260000-0x000000280000 : \"fdt\"[    1.876032] 0x000000280000-0x000000780000 : \"kernel\"[    1.886926] 0x000000800000-0x000001c00000 : \"root\"[    1.910254] 0x000001c00000-0x000001e00000 : \"config\"[    1.918679] 0x000001e00000-0x000002000000 : \"sig\"[    1.926845] 0x000002000000-0x000008000000 : \"nvdata\"[    2.014579] OneNAND driver initializing[    2.020977] mousedev: PS/2 mouse device common for all mice[    2.028673] omap_rtc 44e3e000.rtc: rtc core: registered 44e3e000.rtc as rtc0[    2.036170] 44e3e000.rtc: already running[    2.040672] i2c /dev entries driver[    2.044981] pps_ldisc: PPS line discipline registered[    2.050468] Driver for 1-wire Dallas network protocol.[    2.057725] omap_wdt: OMAP Watchdog Timer Rev 0x01: initial timeout 60 sec[    2.065326] cpuidle: using governor ladder[    2.069652] cpuidle: using governor menu[    2.074221] of_get_named_gpio_flags exited with status 6[    2.074239] of_get_named_gpio_flags: can't parse gpios property[    2.074255] of_get_named_gpio_flags: can't parse gpios property[    2.074289] omap_hsmmc mmc.4: of_parse_phandle_with_args of 'reset' failed[    2.081515] omap_hsmmc mmc.4: Failed to get rstctl; not using any[    2.088326] edma-dma-engine edma-dma-engine.0: allocated channel for 0:25[    2.095554] edma-dma-engine edma-dma-engine.0: allocated channel for 0:24[    2.102873] mmc.4 supply vmmc_aux not found, using dummy regulator[    2.109842] omap_hsmmc mmc.4: pins are not configured from the driver[    2.143779] of_get_named_gpio_flags exited with status -517[    2.143843] platform gpio-leds.7: Driver leds-gpio requests probe deferral[    2.151627] ledtrig-cpu: registered to indicate activity on CPUs[    2.158429] edma-dma-engine edma-dma-engine.0: allocated channel for 0:36[    2.165627] omap-sham 53100000.sham: hw accel on OMAP rev 4.3[    2.173692] omap-aes 53500000.aes: OMAP AES hw accel rev: 3.2[    2.179979] edma-dma-engine edma-dma-engine.0: allocated channel for 0:5[    2.187165] edma-dma-engine edma-dma-engine.0: allocated channel for 0:6[    2.195476] nf_conntrack version 0.5.0 (3935 buckets, 15740 max)[    2.202952] ip_tables: (C) 2000-2006 Netfilter Core Team[    2.208732] TCP: cubic registered[    2.212275] Initializing XFRM netlink socket[    2.216906] NET: Registered protocol family 10[    2.223000] ip6_tables: (C) 2000-2006 Netfilter Core Team[    2.228947] NET: Registered protocol family 17[    2.233721] NET: Registered protocol family 15[    2.238568] Key type dns_resolver registered[    2.243149] VFP support v0.3: implementor 41 architecture 3 part 30 variant c rev 3[    2.251228] ThumbEE CPU extension supported.[    2.255749] Registering SWP/SWPB emulation handler[    2.261854] registered taskstats version 1[    2.267632] of_get_named_gpio_flags exited with status -517[    2.267701] platform gpio-leds.7: Driver leds-gpio requests probe deferral[    2.324888] davinci_mdio 4a101000.mdio: davinci mdio revision 1.6[    2.331308] davinci_mdio 4a101000.mdio: detected phy mask fffffffe[    2.346087] libphy: 4a101000.mdio: probed[    2.350434] davinci_mdio 4a101000.mdio: phy[0]: device 4a101000.mdio:00, driver SMSC LAN8710/LAN8720[    2.360529] of_get_named_gpio_flags exited with status -517[    2.360592] platform gpio-leds.7: Driver leds-gpio requests probe deferral[    2.368085] Detected MACID = 0c:ae:7d:65:65:86[    2.372767] cpsw 4a100000.ethernet: NAPI disabled[    2.379748] omap_rtc 44e3e000.rtc: setting system clock to 2000-01-01 00:00:00 UTC (946684800)[    2.388929] cpu0 supply cpu0 not found, using dummy regulator[    2.395413] cpufreq_cpu0: failed to scale voltage up: -22[    2.401236] cpufreq_cpu0: failed to scale voltage up: -22[    2.414952] Freeing init memory: 196K[    2.495698] devpts: called with bogus options[    2.934440] jffs2: notice: (109) jffs2_build_xattr_subsystem: complete building xattr subsystem, 0 of xdatum (0 unchecked, 0 orphan) and 0 of xref (0 dead, 0 orphan) found.[    5.361791] jffs2: notice: (115) jffs2_build_xattr_subsystem: complete building xattr subsystem, 0 of xdatum (0 unchecked, 0 orphan) and 0 of xref (0 dead, 0 orphan) found.[    5.800051] net eth0: initializing cpsw version 1.12 (0)[    5.808388] net eth0: phy found : id is : 0x7c0f1[    5.820732] IPv6: ADDRCONF(NETDEV_UP): eth0: link is not ready[    8.884014] libphy: 4a101000.mdio:00 - Link is Up - 100/Full[    8.892227] IPv6: ADDRCONF(NETDEV_CHANGE): eth0: link becomes ready[   11.466377] register uart_trans chrdev success.[   11.471875] tty port open success [/dev/ttyO1]![   11.476922] init sucess for tty struct (249:1)  [/dev/ttyO1][   11.483343] tty port open success [/dev/ttyO2]![   11.488338] init sucess for tty struct (249:2)  [/dev/ttyO2][   11.494699] tty port open success [/dev/ttyO4]![   11.500749] init sucess for tty struct (249:4)  [/dev/ttyO4][   11.511262] tty port open success [/dev/ttyO5]![   11.516305] init sucess for tty struct (249:5)  [/dev/ttyO5][   27.983477] uart trans dev open.[   27.988423] uart_buf virt addr = 0xcce00000[   27.993031] uart_buf phys addr = 0x8ce00000[   27.997575] uart_buf pfn       = 0x0008ce00[   28.004149] uart trans stop send work timer.[   28.009715] uart trans set chain exist bits:0x7.[   28.016426] uart trans set work queue count 768.[54288.342036] libphy: 4a101000.mdio:00 - Link is Down[54297.913037] libphy: 4a101000.mdio:00 - Link is Up - 100/Full[54297.919498] IPv6: ADDRCONF(NETDEV_CHANGE): eth0: link becomes ready===========================================Miner log===========================================2000-01-01 00:00:10 Open miner sn file /config/sn error2000-01-01 00:00:10 Miner compile time: Mon Dec 26 17:19:30 CST 2022 type: Antminer BHB42XXX sn :2000-01-01 00:00:10 This is fix-freq version2000-01-01 00:00:10 Miner compile time: Mon Dec 26 17:19:30 CST 2022 type: Antminer BHB42XXX2000-01-01 00:00:10 commit version: f2ab6bc 2022-12-26 17:08:34, build by: jenkins 2022-12-26 17:32:522000-01-01 00:00:10 opt_multi_version     = 12000-01-01 00:00:10 opt_bitmain_ab        = 12000-01-01 00:00:10 mid_auto_gen          = 12000-01-01 00:00:10 opt_bitmain_work_mode = 02000-01-01 00:00:10 port 51 already exported2000-01-01 00:00:10 port 49 already exported2000-01-01 00:00:10 port 48 already exported2000-01-01 00:00:10 port 60 already exported2000-01-01 00:00:10 port 47 already exported2000-01-01 00:00:10 port 27 already exported2000-01-01 00:00:10 port 44 already exported2000-01-01 00:00:10 port 22 already exported2000-01-01 00:00:10 no board pluged in socket 442000-01-01 00:00:10 port 23 already exported2000-01-01 00:00:10 port 45 already exported2000-01-01 00:00:10 port 46 already exported2000-01-01 00:00:11 port 26 already exported2000-01-01 00:00:11 Note: front fan is power on!2000-01-01 00:00:11 Note: rear fan is power on!2000-01-01 00:00:11 start the http log.2000-01-01 00:00:11 httpListenThread start ret=02000-01-01 00:00:11 start listen on 6060 ...2000-01-01 00:00:16 ==========================capability start==========================2000-01-01 00:00:16 board num = 32000-01-01 00:00:16 board id = 0, chain num = 12000-01-01 00:00:16    chain id = 02000-01-01 00:00:16 board id = 1, chain num = 12000-01-01 00:00:16    chain id = 12000-01-01 00:00:16 board id = 2, chain num = 12000-01-01 00:00:16    chain id = 22000-01-01 00:00:16 ==========================capability end============================2000-01-01 00:00:16 chain num = 32000-01-01 00:00:16 skip loading levels for now2000-01-01 00:00:17 load chain 0 eeprom data2000-01-01 00:00:18 load chain 1 eeprom data2000-01-01 00:00:19 load chain 2 eeprom data2000-01-01 00:00:19 i2c_sim_init start2000-01-01 00:00:19 i2c_sim_init end2000-01-01 00:00:21 power open power_version = 0x712023-02-23 22:02:06 power is not Calibrated2023-02-23 22:02:07 miner type: Antminer S19j Pro2023-02-23 22:02:07 multi machine mode2023-02-23 22:02:07 load machine BHB42601 conf2023-02-23 22:02:07 machine : BHB42601 2023-02-23 22:02:07 chain_num 4, chain_domain_num 42, chain_asic_num 126, domain_asic_num 32023-02-23 22:02:07 abandon mix board!2023-02-23 22:02:07 abandon mix board!2023-02-23 22:02:07 fan_eft : 0  fan_pwm : 1002023-02-23 22:02:07 create thread get_nonce_and_register_thread2023-02-23 22:02:07 fixed working voltage = 13602023-02-23 22:02:07 fixed frequency is 5452023-02-23 22:02:07 Chain  PCB Version: 0x01302023-02-23 22:02:07 Chain  BOM Version: 0x00102023-02-23 22:02:07 Chain [1] PCB Version: 0x01302023-02-23 22:02:07 Chain [1] BOM Version: 0x00102023-02-23 22:02:07 Chain [2] PCB Version: 0x01302023-02-23 22:02:07 Chain [2] BOM Version: 0x00102023-02-23 22:02:07 Fan check passed.2023-02-23 22:02:07 uart_trans addr:0xb6c9f000.2023-02-23 22:02:08 chain[0] PIC jump to app2023-02-23 22:02:10 Check chain[0] PIC fw version=0x892023-02-23 22:02:11 chain[1] PIC jump to app2023-02-23 22:02:12 Check chain[1] PIC fw version=0x892023-02-23 22:02:13 chain[2] PIC jump to app2023-02-23 22:02:15 Check chain[2] PIC fw version=0x892023-02-23 22:02:15 create thread pic_heart_beat_thread2023-02-23 22:02:15 max sensor num = 42023-02-23 22:02:15 STATUS_INITED: soc init done!2023-02-23 22:02:15 temperature_monitor_thread start...2023-02-23 22:14:21 reload pool, need recalculate2023-02-23 22:14:21 set_start_time_point total_tv_start_sys=762 total_tv_end_sys=7632023-02-23 22:23:02 reload pool, need recalculate2023-02-23 22:23:02 set_start_time_point total_tv_start_sys=1283 total_tv_end_sys=12842023-02-23 23:18:58 reload pool, need recalculate2023-02-23 23:18:58 set_start_time_point total_tv_start_sys=4639 total_tv_end_sys=46402023-02-23 23:21:13 reload pool, need recalculate2023-02-23 23:21:13 set_start_time_point total_tv_start_sys=4774 total_tv_end_sys=47752023-02-23 23:23:54 reload pool, need recalculate2023-02-23 23:23:54 set_start_time_point total_tv_start_sys=4935 total_tv_end_sys=49362023-02-23 23:40:52 reload pool, need recalculate2023-02-23 23:40:52 set_start_time_point total_tv_start_sys=5953 total_tv_end_sys=5954",
  "score": 0,
  "upvotes": 0,
  "downvotes": 0,
  "url": "https://bitcointalk.org/index.php?topic=5441113",
  "comments": [
    {
      "author": "philipma1957",
      "created_time": "February 24, 2023, 03:59:12 PM",
      "body": "Quote from: Newbie59 on February 24, 2023, 03:37:21 PMDriving me nuts... after changing pool address to IP and restarting I get Normal Network for 15 seconds on Miner Dashboard. Latest CurrentLog below...any help greatly appreciated. New miner, 12/26/22 firmware (posted 12/29/22)Code:[    0.000000] Booting Linux on physical CPU 0x0[    0.000000] Initializing cgroup subsys cpu[    0.000000] Linux version 3.8.13+ (jenkins@nomd-nomd-fwc-bj) (gcc version 4.9.4 (Linaro GCC 4.9-2017.01) ) #36 SMP Mon Dec 26 17:10:49 CST 2022[    0.000000] CPU: ARMv7 Processor [413fc082] revision 2 (ARMv7), cr=50c5387d[    0.000000] CPU: PIPT / VIPT nonaliasing data cache, VIPT aliasing instruction cache[    0.000000] Machine: Generic AM33XX (Flattened Device Tree), model: TI AM335x BeagleBone[    0.000000] Memory policy: ECC disabled, Data cache writeback[    0.000000] On node 0 totalpages: 65280[    0.000000] free_area_init_node: node 0, pgdat c05d9000, node_mem_map c0631000[    0.000000]   Normal zone: 512 pages used for memmap[    0.000000]   Normal zone: 0 pages reserved[    0.000000]   Normal zone: 64768 pages, LIFO batch:15[    0.000000] AM335X ES1.0 (neon )[    0.000000] PERCPU: Embedded 8 pages/cpu @c083e000 s9856 r8192 d14720 u32768[    0.000000] pcpu-alloc: s9856 r8192 d14720 u32768 alloc=8*4096[    0.000000] pcpu-alloc: [0] 0 [    0.000000] Built 1 zonelists in Zone order, mobility grouping on.  Total pages: 64768[    0.000000] Kernel command line: console=ttyO0,115200n8 init=/sbin/init[    0.000000] PID hash table entries: 1024 (order: 0, 4096 bytes)[    0.000000] Dentry cache hash table entries: 32768 (order: 5, 131072 bytes)[    0.000000] Inode-cache hash table entries: 16384 (order: 4, 65536 bytes)[    0.000000] __ex_table already sorted, skipping sort[    0.000000] allocated 524288 bytes of page_cgroup[    0.000000] please try 'cgroup_disable=memory' option if you don't want memory cgroups[    0.000000] Memory: 255MB = 255MB total[    0.000000] Memory: 245400k/245400k available, 16744k reserved, 0K highmem[    0.000000] Virtual kernel memory layout:[    0.000000]     vector  : 0xffff0000 - 0xffff1000   (   4 kB)[    0.000000]     fixmap  : 0xfff00000 - 0xfffe0000   ( 896 kB)[    0.000000]     vmalloc : 0xd0800000 - 0xff000000   ( 744 MB)[    0.000000]     lowmem  : 0xc0000000 - 0xd0000000   ( 256 MB)[    0.000000]     pkmap   : 0xbfe00000 - 0xc0000000   (   2 MB)[    0.000000]     modules : 0xbf800000 - 0xbfe00000   (   6 MB)[    0.000000]       .text : 0xc0008000 - 0xc053f674   (5342 kB)[    0.000000]       .init : 0xc0540000 - 0xc0571680   ( 198 kB)[    0.000000]       .data : 0xc0572000 - 0xc05d9ee0   ( 416 kB)[    0.000000]        .bss : 0xc05d9ee0 - 0xc0630448   ( 346 kB)[    0.000000] Hierarchical RCU implementation.[    0.000000]  RCU restricting CPUs from NR_CPUS=4 to nr_cpu_ids=1.[    0.000000] NR_IRQS:16 nr_irqs:16 16[    0.000000] IRQ: Found an INTC at 0xfa200000 (revision 5.0) with 128 interrupts[    0.000000] Total of 128 interrupts on 1 active controller[    0.000000] OMAP clockevent source: GPTIMER1 at 24000000 Hz[    0.000000] sched_clock: 32 bits at 24MHz, resolution 41ns, wraps every 178956ms[    0.000000] OMAP clocksource: GPTIMER2 at 24000000 Hz[    0.000000] Console: colour dummy device 80x30[    0.000346] Calibrating delay loop... 545.07 BogoMIPS (lpj=531968)[    0.015443] pid_max: default: 32768 minimum: 301[    0.015668] Security Framework initialized[    0.015761] Mount-cache hash table entries: 512[    0.024275] Initializing cgroup subsys cpuacct[    0.024308] Initializing cgroup subsys memory[    0.024368] Initializing cgroup subsys blkio[    0.024499] CPU: Testing write buffer coherency: ok[    0.025008] CPU0: thread -1, cpu 0, socket -1, mpidr 0[    0.025082] Setting up static identity map for 0x8030a500 - 0x8030a54c[    0.026441] Brought up 1 CPUs[    0.026464] SMP: Total of 1 processors activated (545.07 BogoMIPS).[    0.027745] devtmpfs: initialized[    0.091394] pinctrl core: initialized pinctrl subsystem[    0.091645] rstctl core: initialized rstctl subsystem[    0.092116] regulator-dummy: no parameters[    0.092616] NET: Registered protocol family 16[    0.093273] DMA: preallocated 256 KiB pool for atomic coherent allocations[    0.102692] pinctrl-single 44e10800.pinmux: prop pinctrl-0 index 0 invalid phandle[    0.102864] pinctrl-single 44e10800.pinmux: 142 pins at pa f9e10800 size 568[    0.103910] platform 49000000.edma: alias fck already exists[    0.103940] platform 49000000.edma: alias fck already exists[    0.103965] platform 49000000.edma: alias fck already exists[    0.105077] gpiochip_add: registered GPIOs 0 to 31 on device: gpio[    0.105256] OMAP GPIO hardware version 0.1[    0.106638] gpiochip_add: registered GPIOs 32 to 63 on device: gpio[    0.107938] gpiochip_add: registered GPIOs 64 to 95 on device: gpio[    0.109398] gpiochip_add: registered GPIOs 96 to 127 on device: gpio[    0.109913] of_get_named_gpio_flags exited with status 52[    0.109943] gpio-rctrl rstctl.3: loaded OK[    0.114810] omap-gpmc 50000000.gpmc: GPMC revision 6.0[    0.118069] hw-breakpoint: debug architecture 0x4 unsupported.[    0.119963] cpsw.0: No hwaddr in dt. Using 0c:ae:7d:65:65:86 from efuse[    0.128845] bio: create slab <bio-0> at 0[    0.140277] edma-dma-engine edma-dma-engine.0: TI EDMA DMA engine driver[    0.140561] of_get_named_gpio_flags: can't parse gpios property[    0.140785] vmmcsd_fixed: 3300 mV [    0.143898] SCSI subsystem initialized[    0.145130] omap_i2c 4819c000.i2c: bus 0 rev0.11 at 100 kHz[    0.145163] omap_i2c 4819c000.i2c: unable to select pin group[    0.145397] pps_core: LinuxPPS API ver. 1 registered[    0.145414] pps_core: Software ver. 5.3.6 - Copyright 2005-2007 Rodolfo Giometti <giometti@linux.it>[    0.146996] Switching to clocksource gp_timer[    0.164203] NET: Registered protocol family 2[    0.165255] TCP established hash table entries: 2048 (order: 2, 16384 bytes)[    0.165344] TCP bind hash table entries: 2048 (order: 3, 40960 bytes)[    0.165437] TCP: Hash tables configured (established 2048 bind 2048)[    0.165531] TCP: reno registered[    0.165556] UDP hash table entries: 256 (order: 1, 12288 bytes)[    0.165600] UDP-Lite hash table entries: 256 (order: 1, 12288 bytes)[    0.166013] NET: Registered protocol family 1[    0.166567] RPC: Registered named UNIX socket transport module.[    0.166586] RPC: Registered udp transport module.[    0.166656] RPC: Registered tcp transport module.[    0.166672] RPC: Registered tcp NFSv4.1 backchannel transport module.[    0.167052] Trying to unpack rootfs image as initramfs...[    1.064861] Freeing initrd memory: 6496K[    1.065564] CPU PMU: probing PMU on CPU 0[    1.065595] hw perfevents: enabled with ARMv7 Cortex-A8 PMU driver, 5 counters available[    1.066107] omap2_mbox_probe: platform not supported[    1.069815] VFS: Disk quotas dquot_6.5.2[    1.070059] Dquot-cache hash table entries: 1024 (order 0, 4096 bytes)[    1.071435] NFS: Registering the id_resolver key type[    1.071557] Key type id_resolver registered[    1.071574] Key type id_legacy registered[    1.071638] jffs2: version 2.2. (NAND) (SUMMARY)  © 2001-2006 Red Hat, Inc.[    1.072078] msgmni has been set to 491[    1.074914] Block layer SCSI generic (bsg) driver version 0.4 loaded (major 250)[    1.074940] io scheduler noop registered[    1.074956] io scheduler deadline registered[    1.075014] io scheduler cfq registered (default)[    1.078582] Serial: 8250/16550 driver, 4 ports, IRQ sharing enabled[    1.081027] omap_uart 44e09000.serial: did not get pins for uart0 error: -19[    1.081054] of_get_named_gpio_flags: can't parse gpios property[    1.081324] 44e09000.serial: ttyO0 at MMIO 0x44e09000 (irq = 88) is a OMAP UART0[    1.702539] console [ttyO0] enabled[    1.706794] of_get_named_gpio_flags: can't parse gpios property[    1.707048] 48022000.serial: ttyO1 at MMIO 0x48022000 (irq = 89) is a OMAP UART1[    1.715510] of_get_named_gpio_flags: can't parse gpios property[    1.715737] 48024000.serial: ttyO2 at MMIO 0x48024000 (irq = 90) is a OMAP UART2[    1.724129] of_get_named_gpio_flags: can't parse gpios property[    1.724341] 481a8000.serial: ttyO4 at MMIO 0x481a8000 (irq = 61) is a OMAP UART4[    1.732742] of_get_named_gpio_flags: can't parse gpios property[    1.732961] 481aa000.serial: ttyO5 at MMIO 0x481aa000 (irq = 62) is a OMAP UART5[    1.754896] brd: module loaded[    1.765176] loop: module loaded[    1.769210] bone-capemgr bone_capemgr.8: Failed to find baseboard eeprom node[    1.779254] ONFI param page 0 valid[    1.782964] ONFI flash detected[    1.786290] NAND device: Manufacturer ID: 0x2c, Chip ID: 0xf1 (Micron MT29F1G08ABAEAWP), 128MiB, page size: 2048, OOB size: 64[    1.798216] omap2-nand: detected x8 NAND flash[    1.802884] nand: using OMAP_ECC_BCH8_CODE_HW ECC scheme[    1.808472] omap2-nand: using custom ecc layout[    1.813324] 12 ofpart partitions found on MTD device omap2-nand.0[    1.819723] Creating 12 MTD partitions on \"omap2-nand.0\":[    1.825405] 0x000000000000-0x000000020000 : \"spl\"[    1.832103] 0x000000020000-0x000000040000 : \"spl_backup1\"[    1.839468] 0x000000040000-0x000000060000 : \"spl_backup2\"[    1.846814] 0x000000060000-0x000000080000 : \"spl_backup3\"[    1.854088] 0x000000080000-0x000000240000 : \"u-boot\"[    1.862410] 0x000000240000-0x000000260000 : \"bootenv\"[    1.869396] 0x000000260000-0x000000280000 : \"fdt\"[    1.876032] 0x000000280000-0x000000780000 : \"kernel\"[    1.886926] 0x000000800000-0x000001c00000 : \"root\"[    1.910254] 0x000001c00000-0x000001e00000 : \"config\"[    1.918679] 0x000001e00000-0x000002000000 : \"sig\"[    1.926845] 0x000002000000-0x000008000000 : \"nvdata\"[    2.014579] OneNAND driver initializing[    2.020977] mousedev: PS/2 mouse device common for all mice[    2.028673] omap_rtc 44e3e000.rtc: rtc core: registered 44e3e000.rtc as rtc0[    2.036170] 44e3e000.rtc: already running[    2.040672] i2c /dev entries driver[    2.044981] pps_ldisc: PPS line discipline registered[    2.050468] Driver for 1-wire Dallas network protocol.[    2.057725] omap_wdt: OMAP Watchdog Timer Rev 0x01: initial timeout 60 sec[    2.065326] cpuidle: using governor ladder[    2.069652] cpuidle: using governor menu[    2.074221] of_get_named_gpio_flags exited with status 6[    2.074239] of_get_named_gpio_flags: can't parse gpios property[    2.074255] of_get_named_gpio_flags: can't parse gpios property[    2.074289] omap_hsmmc mmc.4: of_parse_phandle_with_args of 'reset' failed[    2.081515] omap_hsmmc mmc.4: Failed to get rstctl; not using any[    2.088326] edma-dma-engine edma-dma-engine.0: allocated channel for 0:25[    2.095554] edma-dma-engine edma-dma-engine.0: allocated channel for 0:24[    2.102873] mmc.4 supply vmmc_aux not found, using dummy regulator[    2.109842] omap_hsmmc mmc.4: pins are not configured from the driver[    2.143779] of_get_named_gpio_flags exited with status -517[    2.143843] platform gpio-leds.7: Driver leds-gpio requests probe deferral[    2.151627] ledtrig-cpu: registered to indicate activity on CPUs[    2.158429] edma-dma-engine edma-dma-engine.0: allocated channel for 0:36[    2.165627] omap-sham 53100000.sham: hw accel on OMAP rev 4.3[    2.173692] omap-aes 53500000.aes: OMAP AES hw accel rev: 3.2[    2.179979] edma-dma-engine edma-dma-engine.0: allocated channel for 0:5[    2.187165] edma-dma-engine edma-dma-engine.0: allocated channel for 0:6[    2.195476] nf_conntrack version 0.5.0 (3935 buckets, 15740 max)[    2.202952] ip_tables: (C) 2000-2006 Netfilter Core Team[    2.208732] TCP: cubic registered[    2.212275] Initializing XFRM netlink socket[    2.216906] NET: Registered protocol family 10[    2.223000] ip6_tables: (C) 2000-2006 Netfilter Core Team[    2.228947] NET: Registered protocol family 17[    2.233721] NET: Registered protocol family 15[    2.238568] Key type dns_resolver registered[    2.243149] VFP support v0.3: implementor 41 architecture 3 part 30 variant c rev 3[    2.251228] ThumbEE CPU extension supported.[    2.255749] Registering SWP/SWPB emulation handler[    2.261854] registered taskstats version 1[    2.267632] of_get_named_gpio_flags exited with status -517[    2.267701] platform gpio-leds.7: Driver leds-gpio requests probe deferral[    2.324888] davinci_mdio 4a101000.mdio: davinci mdio revision 1.6[    2.331308] davinci_mdio 4a101000.mdio: detected phy mask fffffffe[    2.346087] libphy: 4a101000.mdio: probed[    2.350434] davinci_mdio 4a101000.mdio: phy[0]: device 4a101000.mdio:00, driver SMSC LAN8710/LAN8720[    2.360529] of_get_named_gpio_flags exited with status -517[    2.360592] platform gpio-leds.7: Driver leds-gpio requests probe deferral[    2.368085] Detected MACID = 0c:ae:7d:65:65:86[    2.372767] cpsw 4a100000.ethernet: NAPI disabled[    2.379748] omap_rtc 44e3e000.rtc: setting system clock to 2000-01-01 00:00:00 UTC (946684800)[    2.388929] cpu0 supply cpu0 not found, using dummy regulator[    2.395413] cpufreq_cpu0: failed to scale voltage up: -22[    2.401236] cpufreq_cpu0: failed to scale voltage up: -22[    2.414952] Freeing init memory: 196K[    2.495698] devpts: called with bogus options[    2.934440] jffs2: notice: (109) jffs2_build_xattr_subsystem: complete building xattr subsystem, 0 of xdatum (0 unchecked, 0 orphan) and 0 of xref (0 dead, 0 orphan) found.[    5.361791] jffs2: notice: (115) jffs2_build_xattr_subsystem: complete building xattr subsystem, 0 of xdatum (0 unchecked, 0 orphan) and 0 of xref (0 dead, 0 orphan) found.[    5.800051] net eth0: initializing cpsw version 1.12 (0)[    5.808388] net eth0: phy found : id is : 0x7c0f1[    5.820732] IPv6: ADDRCONF(NETDEV_UP): eth0: link is not ready[    8.884014] libphy: 4a101000.mdio:00 - Link is Up - 100/Full[    8.892227] IPv6: ADDRCONF(NETDEV_CHANGE): eth0: link becomes ready[   11.466377] register uart_trans chrdev success.[   11.471875] tty port open success [/dev/ttyO1]![   11.476922] init sucess for tty struct (249:1)  [/dev/ttyO1][   11.483343] tty port open success [/dev/ttyO2]![   11.488338] init sucess for tty struct (249:2)  [/dev/ttyO2][   11.494699] tty port open success [/dev/ttyO4]![   11.500749] init sucess for tty struct (249:4)  [/dev/ttyO4][   11.511262] tty port open success [/dev/ttyO5]![   11.516305] init sucess for tty struct (249:5)  [/dev/ttyO5][   27.983477] uart trans dev open.[   27.988423] uart_buf virt addr = 0xcce00000[   27.993031] uart_buf phys addr = 0x8ce00000[   27.997575] uart_buf pfn       = 0x0008ce00[   28.004149] uart trans stop send work timer.[   28.009715] uart trans set chain exist bits:0x7.[   28.016426] uart trans set work queue count 768.[54288.342036] libphy: 4a101000.mdio:00 - Link is Down[54297.913037] libphy: 4a101000.mdio:00 - Link is Up - 100/Full[54297.919498] IPv6: ADDRCONF(NETDEV_CHANGE): eth0: link becomes ready===========================================Miner log===========================================2000-01-01 00:00:10 Open miner sn file /config/sn error2000-01-01 00:00:10 Miner compile time: Mon Dec 26 17:19:30 CST 2022 type: Antminer BHB42XXX sn :2000-01-01 00:00:10 This is fix-freq version2000-01-01 00:00:10 Miner compile time: Mon Dec 26 17:19:30 CST 2022 type: Antminer BHB42XXX2000-01-01 00:00:10 commit version: f2ab6bc 2022-12-26 17:08:34, build by: jenkins 2022-12-26 17:32:522000-01-01 00:00:10 opt_multi_version     = 12000-01-01 00:00:10 opt_bitmain_ab        = 12000-01-01 00:00:10 mid_auto_gen          = 12000-01-01 00:00:10 opt_bitmain_work_mode = 02000-01-01 00:00:10 port 51 already exported2000-01-01 00:00:10 port 49 already exported2000-01-01 00:00:10 port 48 already exported2000-01-01 00:00:10 port 60 already exported2000-01-01 00:00:10 port 47 already exported2000-01-01 00:00:10 port 27 already exported2000-01-01 00:00:10 port 44 already exported2000-01-01 00:00:10 port 22 already exported2000-01-01 00:00:10 no board pluged in socket 442000-01-01 00:00:10 port 23 already exported2000-01-01 00:00:10 port 45 already exported2000-01-01 00:00:10 port 46 already exported2000-01-01 00:00:11 port 26 already exported2000-01-01 00:00:11 Note: front fan is power on!2000-01-01 00:00:11 Note: rear fan is power on!2000-01-01 00:00:11 start the http log.2000-01-01 00:00:11 httpListenThread start ret=02000-01-01 00:00:11 start listen on 6060 ...2000-01-01 00:00:16 ==========================capability start==========================2000-01-01 00:00:16 board num = 32000-01-01 00:00:16 board id = 0, chain num = 12000-01-01 00:00:16  chain id = 02000-01-01 00:00:16 board id = 1, chain num = 12000-01-01 00:00:16  chain id = 12000-01-01 00:00:16 board id = 2, chain num = 12000-01-01 00:00:16  chain id = 22000-01-01 00:00:16 ==========================capability end============================2000-01-01 00:00:16 chain num = 32000-01-01 00:00:16 skip loading levels for now2000-01-01 00:00:17 load chain 0 eeprom data2000-01-01 00:00:18 load chain 1 eeprom data2000-01-01 00:00:19 load chain 2 eeprom data2000-01-01 00:00:19 i2c_sim_init start2000-01-01 00:00:19 i2c_sim_init end2000-01-01 00:00:21 power open power_version = 0x712023-02-23 22:02:06 power is not Calibrated2023-02-23 22:02:07 miner type: Antminer S19j Pro2023-02-23 22:02:07 multi machine mode2023-02-23 22:02:07 load machine BHB42601 conf2023-02-23 22:02:07 machine : BHB42601 2023-02-23 22:02:07 chain_num 4, chain_domain_num 42, chain_asic_num 126, domain_asic_num 32023-02-23 22:02:07 abandon mix board!2023-02-23 22:02:07 abandon mix board!2023-02-23 22:02:07 fan_eft : 0  fan_pwm : 1002023-02-23 22:02:07 create thread get_nonce_and_register_thread2023-02-23 22:02:07 fixed working voltage = 13602023-02-23 22:02:07 fixed frequency is 5452023-02-23 22:02:07 Chain [0] PCB Version: 0x01302023-02-23 22:02:07 Chain [0] BOM Version: 0x00102023-02-23 22:02:07 Chain [1] PCB Version: 0x01302023-02-23 22:02:07 Chain [1] BOM Version: 0x00102023-02-23 22:02:07 Chain [2] PCB Version: 0x01302023-02-23 22:02:07 Chain [2] BOM Version: 0x00102023-02-23 22:02:07 Fan check passed.2023-02-23 22:02:07 uart_trans addr:0xb6c9f000.2023-02-23 22:02:08 chain[0] PIC jump to app2023-02-23 22:02:10 Check chain[0] PIC fw version=0x892023-02-23 22:02:11 chain[1] PIC jump to app2023-02-23 22:02:12 Check chain[1] PIC fw version=0x892023-02-23 22:02:13 chain[2] PIC jump to app2023-02-23 22:02:15 Check chain[2] PIC fw version=0x892023-02-23 22:02:15 create thread pic_heart_beat_thread2023-02-23 22:02:15 max sensor num = 42023-02-23 22:02:15 STATUS_INITED: soc init done!2023-02-23 22:02:15 temperature_monitor_thread start...2023-02-23 22:14:21 reload pool, need recalculate2023-02-23 22:14:21 set_start_time_point total_tv_start_sys=762 total_tv_end_sys=7632023-02-23 22:23:02 reload pool, need recalculate2023-02-23 22:23:02 set_start_time_point total_tv_start_sys=1283 total_tv_end_sys=12842023-02-23 23:18:58 reload pool, need recalculate2023-02-23 23:18:58 set_start_time_point total_tv_start_sys=4639 total_tv_end_sys=46402023-02-23 23:21:13 reload pool, need recalculate2023-02-23 23:21:13 set_start_time_point total_tv_start_sys=4774 total_tv_end_sys=47752023-02-23 23:23:54 reload pool, need recalculate2023-02-23 23:23:54 set_start_time_point total_tv_start_sys=4935 total_tv_end_sys=49362023-02-23 23:40:52 reload pool, need recalculate2023-02-23 23:40:52 set_start_time_point total_tv_start_sys=5953 total_tv_end_sys=5954first put logs in codeNext put in a different poolpool           =   btc.viabtc.io:3333miner        =   philskysteve.888password   =   123enter the one above for all 3 pools.see if it worksif it works you have a bad pool for the pool you are using.do not mine for any long time with the pool I gave you as it is my test pool you would be mining for me.if you mine for 1 day with the address above I would earn about 7 bucks.you only need test for 1 hour to be sure it works I would earn 7/24 = 29 cents",
      "score": 0,
      "upvotes": 0,
      "downvotes": 0
    },
    {
      "author": "BitMaxz",
      "created_time": "February 24, 2023, 04:31:35 PM",
      "body": "Have you replaced a new hashboard?According to your logs, it shows a mixed hashboard, and looks like the problem is related to the serial number according to this logs belowCode:2000-01-01 00:00:10 Open miner sn file /config/sn errorDid you replace the hashboard with a new one? or did you buy this unit as used?I hope that next time use the # button to properly put all logs on insert code tag.",
      "score": 0,
      "upvotes": 0,
      "downvotes": 0
    },
    {
      "author": "Newbie59",
      "created_time": "February 24, 2023, 05:05:20 PM",
      "body": "OK thank you both, think I see how to use #. Have tried several pools already. The machine was supposedly new, came from China via HC, bought on NewEgg... Having difficulty navigating this on my cell. Will come back on laptop. Thank you again",
      "score": 0,
      "upvotes": 0,
      "downvotes": 0
    },
    {
      "author": "BitMaxz",
      "created_time": "February 24, 2023, 10:50:54 PM",
      "body": "Quote from: Newbie59 on February 24, 2023, 05:05:20 PMOK thank you both, think I see how to use #. Have tried several pools already. The machine was supposedly new, came from China via HC, bought on NewEgg... Having difficulty navigating this on my cell. Will come back on laptop. Thank you again Who is the seller on Newegg did you buy this unit?If it's from other sellers there is a possibility they sent you a defective unit with a different hashboard.About the # button, you can find it when editing your post like what we did from our posts above try to edit your thread and put them all under the code tag, or use pastebin.com and paste the URL here.I think you can burn Braiins OS to try if all hashboard are working fine it can bypass mixed hashboard.",
      "score": 0,
      "upvotes": 0,
      "downvotes": 0
    },
    {
      "author": "mikeywith",
      "created_time": "February 24, 2023, 11:50:05 PM",
      "body": "Quote from: Newbie59 on February 24, 2023, 03:37:21 PMDriving me nuts... after changing pool address to IP and restarting I get Normal Network for 15 seconds on Miner Dashboard.What IP? do you mean putting the pool's IP address instead of the stratum URL? please post some pictures of the pool details you entered and the status page/dashboard.as for this line in the kernel logCode:2000-01-01 00:00:10 Open miner sn file /config/sn errorYou can just ignore it for now, I don't see anything critically wrong in the kernel log you posted, and I also think it's incomplete for some reason.**To post pictures, simply upload them to this website https://imgbb.com/ and paste the links.",
      "score": 0,
      "upvotes": 0,
      "downvotes": 0
    },
    {
      "author": "Newbie59",
      "created_time": "February 26, 2023, 04:36:58 PM",
      "body": "Thank you All! Newbie error, had a security feature in my router blocking the connection. All good now. So I hear ANTPOOL is bad and I should mine on another pool...",
      "score": 0,
      "upvotes": 0,
      "downvotes": 0
    },
    {
      "author": "BitMaxz",
      "created_time": "February 26, 2023, 11:31:23 PM",
      "body": "Quote from: Newbie59 on February 26, 2023, 04:36:58 PMThank you All! Newbie error, had a security feature in my router blocking the connection. All good now. So I hear ANTPOOL is bad and I should mine on another pool...Antpool is not bad since they are pool related to Bitcoin mining most of the Antivirus/malware block this even ISP/routers. Changing DNS or dropping down the router firewall or switching to another pool should fix any network-related issue. It's weird it looks like it works even with mixed hashboard.",
      "score": 0,
      "upvotes": 0,
      "downvotes": 0
    },
    {
      "author": "askmannn",
      "created_time": "May 17, 2023, 05:21:51 AM",
      "body": "Quote from: Newbie59 on February 26, 2023, 04:36:58 PMThank you All! Newbie error, had a security feature in my router blocking the connection. All good now. So I hear ANTPOOL is bad and I should mine on another pool...Hello . I'm newbie too. i am having the same problem right now. Can you explain in detail how you solved the problem? thanks for your help.",
      "score": 0,
      "upvotes": 0,
      "downvotes": 0
    },
    {
      "author": "BitMaxz",
      "created_time": "May 17, 2023, 06:35:41 AM",
      "body": "Quote from: askmannn on May 17, 2023, 05:21:51 AMQuote from: Newbie59 on February 26, 2023, 04:36:58 PMThank you All! Newbie error, had a security feature in my router blocking the connection. All good now. So I hear ANTPOOL is bad and I should mine on another pool...Hello . I'm newbie too. i am having the same problem right now. Can you explain in detail how you solved the problem? thanks for your help.Based on what he said the issue comes from the router that prevents the miner to connect to mining pool.You can also try to switch your miner to static IP and then add DNS to bypass those firewall on the router or setup your router to disable firewall.",
      "score": 0,
      "upvotes": 0,
      "downvotes": 0
    },
    {
      "author": "mikeywith",
      "created_time": "May 18, 2023, 12:05:31 AM",
      "body": "Quote from: askmannn on May 17, 2023, 05:21:51 AMHello . I'm newbie too. i am having the same problem right now. Can you explain in detail how you solved the problem? thanks for your help.You are not having the same issue, you are having a similar issue, and thus the solution is probably different, it's very uncommon to have a router that would block mining pools for no apparent reason, so OP's case was very special and you shouldn't follow his path without having done your own troubleshooting, so go ahead and start your own topic, make sure you provide the following:-Image of the status page.-Image of pool settings.-Kernel log.",
      "score": 0,
      "upvotes": 0,
      "downvotes": 0
    },
    {
      "author": "digital.manjam",
      "created_time": "October 21, 2023, 05:16:08 PM",
      "body": "Hello Guys, i m having same issue, 5 new unboxed miners S19j PRO won't connect to mining pool through my 4g Box router,log stops in  \" 2023-02-23 22:02:15 temperature_monitor_thread start... \" As well , I tried to change my connection by sharing a wifi hotspot to my desktop then my desktop shares internet through LAN network,  it workes for 1 day (i stopped to enhance air ventilation), after that i stopped workingkeeps showing Network abnormal, even thus i tried to change DNS in my router, also in my asics settings  to cloudflares one 1.1.1.1 rather that 8.8.8.8, i also used a VPN on my hotspot phone, nothingi used a VPN on my desktop not a chance as wellI tried to use stratum-ping to ping my mining pools from the desktop, it works fine 0% lossthis makes no sense for me as IT engineer    Any help please ?i m stuck with 5 miner and have no clue how to fix this,",
      "score": 0,
      "upvotes": 0,
      "downvotes": 0
    },
    {
      "author": "BitMaxz",
      "created_time": "October 22, 2023, 02:25:28 PM",
      "body": "Quote from: digital.manjam on October 21, 2023, 05:16:08 PM~snip~Can you share the whole miner logs here don't forget to put them inside the insert code tag and post them hereWould you confirm on the miner's logs if it's \"Antminer BHB42XXX\" Because Bitmain said it is an abnormal firmware you will need to flash it with the right firmware.To know how to flash it with the right firmware follow this guide below.- https://support.bitmain.com/hc/en-us/articles/21427190625945-Factory-firmware-problem-handling-The-miner-of-the-mining-pool-is-TEST-and-cannot-be-modified-",
      "score": 0,
      "upvotes": 0,
      "downvotes": 0
    },
    {
      "author": "digital.manjam",
      "created_time": "October 24, 2023, 07:38:39 AM",
      "body": "Quote from: BitMaxz on October 22, 2023, 02:25:28 PMQuote from: digital.manjam on October 21, 2023, 05:16:08 PM~snip~Can you share the whole miner logs here don't forget to put them inside the insert code tag and post them hereWould you confirm on the miner's logs if it's \"Antminer BHB42XXX\" Because Bitmain said it is an abnormal firmware you will need to flash it with the right firmware.To know how to flash it with the right firmware follow this guide below.- https://support.bitmain.com/hc/en-us/articles/21427190625945-Factory-firmware-problem-handling-The-miner-of-the-mining-pool-is-TEST-and-cannot-be-modified-Hi , here is the full log bellow,I flashed firmware with SD card, and from Web Gui with latest releases with no a chance as well.NB : using my phone hotspot+ VPN , then sharing internet from wifi to lan with a laptop , it worked fine for almost 24H , then stopped working.this is the exact same situation for all 5 brand new minersso i think it's due to ISP blocking mining traffic,using f2pool , qntpool and even binance pool, not a chancestratum ping to mining pool throjgh my laptop works fine, but the asic couldn't reach it so it maybe due to ISP, if this could help anyone having same issue.Code:[    0.000000@0] Booting Linux on physical CPU 0x0[    0.000000@0] Linux version 4.9.113 (jenkins@nomd-nomd-fwc-bj) (gcc version 6.3.1 20170109 (Linaro GCC 6.3-2017.02) ) #1 SMP PREEMPT Wed Jun 28 18:23:21 CST 2023[    0.000000@0] Boot CPU: AArch64 Processor [410fd034][    0.000000@0] earlycon: aml_uart0 at MMIO 0x00000000ff803000 (options '')[    0.000000@0] bootconsole [aml_uart0] enabled[    0.000000@0] efi: Getting EFI parameters from FDT:[    0.000000@0] efi: UEFI not found.[    0.000000@0]  07400000 - 07500000,     1024 KB, ramoops@0x07400000[    0.000000@0] __reserved_mem_alloc_size, start:0x0000000005000000, end:0x0000000005400000, len:4 MiB[    0.000000@0]  05000000 - 05400000,     4096 KB, linux,secmon[    0.000000@0] cma: Reserved 16 MiB at 0x000000000f000000[    0.000000@0] On node 0 totalpages: 65536[    0.000000@0]   DMA zone: 1024 pages used for memmap[    0.000000@0]   DMA zone: 0 pages reserved[    0.000000@0]   DMA zone: 65536 pages, LIFO batch:15[    0.000000@0] psci: probing for conduit method from DT.[    0.000000@0] psci: PSCIv1.0 detected in firmware.[    0.000000@0] psci: Using standard PSCI v0.2 function IDs[    0.000000@0] psci: MIGRATE_INFO_TYPE not supported.[    0.000000@0] psci: SMC Calling Convention v1.1[    0.000000@0] percpu: Embedded 25 pages/cpu @ffffffc00ef53000 s64536 r8192 d29672 u102400[    0.000000@0] pcpu-alloc: s64536 r8192 d29672 u102400 alloc=25*4096[    0.000000@0] pcpu-alloc: [0] 0 [0] 1 [0] 2 [0] 3 [    0.000000@0] Detected VIPT I-cache on CPU0[    0.000000@0] CPU features: enabling workaround for ARM erratum 845719[    0.000000@0] Built 1 zonelists in Zone order, mobility grouping on.  Total pages: 64512[    0.000000@0] Kernel command line: init=/init console=ttyS0,115200 no_console_suspend earlycon=aml_uart,0xff803000 ramoops.pstore_en=1 ramoops.record_size=0x8000 ramoops.console_size=0x4000 logo=,loaded,androidboot.selinux=enforcing androidboot.firstboot=1 jtag=disable androidboot.hardware=amlogic androidboot.bootloader=U-Boot 2015.01 androidboot.build.expect.baseband=N/A androidboot.serialno=1234567890 androidboot.rpmb_state=0 rootfstype=ramfs init=/sbin/init[    0.000000@0] PID hash table entries: 1024 (order: 1, 8192 bytes)[    0.000000@0] Dentry cache hash table entries: 32768 (order: 6, 262144 bytes)[    0.000000@0] Inode-cache hash table entries: 16384 (order: 5, 131072 bytes)[    0.000000@0] Memory: 211680K/262144K available (8764K kernel code, 1194K rwdata, 2424K rodata, 3648K init, 1017K bss, 29984K reserved, 20480K cma-reserved)[    0.000000@0] Virtual kernel memory layout:[    0.000000@0]     modules : 0xffffff8000000000 - 0xffffff8008000000   (   128 MB)[    0.000000@0]     vmalloc : 0xffffff8008000000 - 0xffffffbebfff0000   (   250 GB)[    0.000000@0]       .text : 0xffffff8009080000 - 0xffffff8009910000   (  8768 KB)[    0.000000@0]     .rodata : 0xffffff8009910000 - 0xffffff8009b80000   (  2496 KB)[    0.000000@0]       .init : 0xffffff8009b80000 - 0xffffff8009f10000   (  3648 KB)[    0.000000@0]       .data : 0xffffff8009f10000 - 0xffffff800a03aa00   (  1195 KB)[    0.000000@0]        .bss : 0xffffff800a03aa00 - 0xffffff800a139034   (  1018 KB)[    0.000000@0]     fixed   : 0xffffffbefe7fb000 - 0xffffffbefec00000   (  4116 KB)[    0.000000@0]     PCI I/O : 0xffffffbefee00000 - 0xffffffbeffe00000   (    16 MB)[    0.000000@0]     vmemmap : 0xffffffbf00000000 - 0xffffffc000000000   (     4 GB maximum)[    0.000000@0]               0xffffffbf00000000 - 0xffffffbf00400000   (     4 MB actual)[    0.000000@0]     memory  : 0xffffffc000000000 - 0xffffffc010000000   (   256 MB)[    0.000000@0] SLUB: HWalign=64, Order=0-3, MinObjects=0, CPUs=4, Nodes=1[    0.000000@0] Preemptible hierarchical RCU implementation.[    0.000000@0]  Build-time adjustment of leaf fanout to 64.[    0.000000@0]  RCU restricting CPUs from NR_CPUS=8 to nr_cpu_ids=4.[    0.000000@0] RCU: Adjusting geometry for rcu_fanout_leaf=64, nr_cpu_ids=4[    0.000000@0] NR_IRQS:64 nr_irqs:64 0[    0.000000@0] irq_meson_gpio: 100 to 8 gpio interrupt mux initialized[    0.000000@0] axg_aoclkc_init: register ao clk ok![    0.000000@0] axg_amlogic_init_sdemmc: register amlogic sdemmc clk[    0.000000@0] axg_amlogic_init_sdemmc: register amlogic sdemmc clk[    0.000000@0] axg_amlogic_init_media: register meson media clk[    0.000000@0] axg_amlogic_init_misc: register amlogic axg misc clks[    0.000000@0] axg_amlogic_init_misc: register amlogic sdemmc clk[    0.000000@0] axg_clkc_init initialization complete[    0.000000@0] arm_arch_timer: Architected cp15 timer(s) running at 24.00MHz (phys).[    0.000000@0] clocksource: arch_sys_counter: mask: 0xffffffffffffff max_cycles: 0x588fe9dc0, max_idle_ns: 440795202592 ns[    0.000003@0] sched_clock: 56 bits at 24MHz, resolution 41ns, wraps every 4398046511097ns[    0.008253@0] meson_bc_timer: mclk->mux_reg =ffffff800800a190,mclk->reg =ffffff800800c194[    0.016902@0] Console: colour dummy device 80x25[    0.021106@0] Calibrating delay loop (skipped), value calculated using timer frequency.. 48.00 BogoMIPS (lpj=96000)[    0.031586@0] pid_max: default: 32768 minimum: 301[    0.036436@0] thread_stack_cache_init, vmap:ffffffc00e5af600, bitmap:ffffffc00e5a3000, cache page:e5e0[    0.045773@0] thread_stack_cache_init, allocation vm area:ffffffc00e5d94c0, addr:ffffff8020000000, size:20001000[    0.056005@0] cpu 0, vmap_stack:[ffffffc00ef5c960-ffffffc00ef60950][    0.062304@0] cpu 0, irq_stack: [ffffffc00ef53060-ffffffc00ef57050][    0.068604@0] cpu 1, vmap_stack:[ffffffc00ef75960-ffffffc00ef79950][    0.074904@0] cpu 1, irq_stack: [ffffffc00ef6c060-ffffffc00ef70050][    0.081204@0] cpu 2, vmap_stack:[ffffffc00ef8e960-ffffffc00ef92950][    0.087504@0] cpu 2, irq_stack: [ffffffc00ef85060-ffffffc00ef89050][    0.093804@0] cpu 3, vmap_stack:[ffffffc00efa7960-ffffffc00efab950][    0.100104@0] cpu 3, irq_stack: [ffffffc00ef9e060-ffffffc00efa2050][    0.106464@0] Security Framework initialized[    0.110695@0] SELinux:  Initializing.[    0.114388@0] SELinux:  Starting in permissive mode[    0.114425@0] Mount-cache hash table entries: 512 (order: 0, 4096 bytes)[    0.121107@0] Mountpoint-cache hash table entries: 512 (order: 0, 4096 bytes)[    0.128838@0] ftrace: allocating 30061 entries in 118 pages[    0.187067@0] sched-energy: CPU device node has no sched-energy-costs[    0.187882@0] CPU0: update cpu_capacity 1024[    0.192209@0] ASID allocator initialised with 32768 entries[    0.230344@0] secmon: can't fine clear_range[    0.230549@0] EFI services will not be available.[    0.233811@0] Meson chip version = RevC (25:C - 23:0)[    0.267485@1] Detected VIPT I-cache on CPU1[    0.267544@1] CPU1: update cpu_capacity 1024[    0.267546@1] CPU1: Booted secondary processor [410fd034][    0.295548@2] Detected VIPT I-cache on CPU2[    0.295601@2] CPU2: update cpu_capacity 1024[    0.295603@2] CPU2: Booted secondary processor [410fd034][    0.323612@3] Detected VIPT I-cache on CPU3[    0.323662@3] CPU3: update cpu_capacity 1024[    0.323664@3] CPU3: Booted secondary processor [410fd034][    0.323752@0] Brought up 4 CPUs[    0.362976@0] SMP: Total of 4 processors activated.[    0.367885@0] CPU features: detected feature: 32-bit EL0 Support[    0.373921@0] CPU features: detected feature: Kernel page table isolation (KPTI)[    0.384475@0] CPU: All CPU(s) started at EL2[    0.385661@0] alternatives: patching kernel code[    0.390964@1] addr:ffffff802007be10 is in kernel, size fix 4096->10, data:mode=0755[    0.398189@0] devtmpfs: initialized[    0.413227@0] DMI not present or invalid.[    0.413639@0] clocksource: jiffies: mask: 0xffffffff max_cycles: 0xffffffff, max_idle_ns: 7645041785100000 ns[    0.421597@0] futex hash table entries: 1024 (order: 4, 65536 bytes)[    0.428169@0] pinctrl core: initialized pinctrl subsystem[    0.434562@0] NET: Registered protocol family 16[    0.458122@0] cpuidle: using governor menu[    0.458635@0] vdso: 2 pages (1 code @ ffffff8009917000, 1 data @ ffffff8009f14000)[    0.464226@0] hw-breakpoint: found 6 breakpoint and 2 watchpoint registers.[    0.471647@0] DMA: preallocated 256 KiB pool for atomic allocations[    0.477831@0] clkmsr: clkmsr: driver init[    0.481830@0] aml_watch_point_probe, in, wp:2[    0.487260@0] pstore: using zlib compression[    0.490686@0] console [pstore-1] enabled[    0.494113@0] pstore: Registered ramoops as persistent store backend[    0.500513@0] ramoops: attached 0x100000@0x7400000, ecc: 0/0[    0.514877@0] aml_iomap: amlogic iomap probe done[    0.521758@0] clkmsr: msr_clk_reg0=ffffff800817e004,msr_clk_reg2=ffffff80081d100c[    0.523696@0] clkmsr ffd18004.meson_clk_msr: failed to get msr ring reg0[    0.613136@0] usbcore: registered new interface driver usbfs[    0.613299@0] usbcore: registered new interface driver hub[    0.618927@0] usbcore: registered new device driver usb[    0.624244@0] pps_core: LinuxPPS API ver. 1 registered[    0.629161@0] pps_core: Software ver. 5.3.6 - Copyright 2005-2007 Rodolfo Giometti <giometti@linux.it>[    0.638539@0] PTP clock support registered[    0.642913@0] dmi: Firmware registration failed.[    0.647880@0] secmon: reserve_mem_size:0x300000[    0.651925@0] secmon secmon: assigned reserved memory node linux,secmon[    0.658780@0] secmon: get page:ffffffbf00140000, 5000[    0.663529@0] secmon: share in base: 0xffffffc0050fe000, share out base: 0xffffffc0050ff000[    0.671902@0] secmon: phy_in_base: 0x50fe000, phy_out_base: 0x50ff000[    0.679775@0] NetLabel: Initializing[    0.681951@0] NetLabel:  domain hash size = 128[    0.686538@0] NetLabel:  protocols = UNLABELED CIPSOv4[    0.691790@0] NetLabel:  unlabeled traffic allowed by default[    0.698412@0] clocksource: Switched to clocksource arch_sys_counter[    0.825180@0] VFS: Disk quotas dquot_6.6.0[    0.825328@0] VFS: Dquot-cache hash table entries: 512 (order 0, 4096 bytes)[    0.851365@2] NET: Registered protocol family 2[    0.852427@2] TCP established hash table entries: 2048 (order: 2, 16384 bytes)[    0.857615@2] TCP bind hash table entries: 2048 (order: 3, 32768 bytes)[    0.864276@2] TCP: Hash tables configured (established 2048 bind 2048)[    0.870901@2] UDP hash table entries: 256 (order: 1, 8192 bytes)[    0.876826@2] UDP-Lite hash table entries: 256 (order: 1, 8192 bytes)[    0.883562@2] NET: Registered protocol family 1[    0.888518@2] RPC: Registered named UNIX socket transport module.[    0.893963@2] RPC: Registered udp transport module.[    0.898847@2] RPC: Registered tcp transport module.[    0.903736@2] RPC: Registered tcp NFSv4.1 backchannel transport module.[    0.912918@2] Unpacking initramfs...[    1.414490@3] Initramfs unpacking failed: junk in compressed archive[    1.421300@3] Freeing initrd memory: 6584K[    1.422234@3] hw perfevents: clusterb_enabled = 0[    1.424559@3] hw perfevents: cpumasks 0xf, 0x0[    1.429007@3] hw perfevents: cluster A irq = 7[    1.433574@3] hw perfevents: enabled with armv8_pmuv3 PMU driver, 7 counters available[    1.443728@3] audit: initializing netlink subsys (disabled)[    1.447127@3] audit: type=2000 audit(1.260:1): initialized[    1.454483@3] workingset: timestamp_bits=62 max_order=16 bucket_order=0[    1.478557@3] squashfs: version 4.0 (2009/01/31) Phillip Lougher[    1.481476@3] NFS: Registering the id_resolver key type[    1.484276@3] Key type id_resolver registered[    1.488583@3] Key type id_legacy registered[    1.493224@3] fuse init (API version 7.26)[    1.498640@3] SELinux:  Registering netfilter hooks[    1.504804@3] NET: Registered protocol family 38[    1.504865@3] Key type asymmetric registered[    1.508111@3] Asymmetric key parser 'x509' registered[    1.513601@3] Block layer SCSI generic (bsg) driver version 0.4 loaded (major 248)[    1.520805@3] io scheduler noop registered (default)[    1.525782@3] io scheduler deadline registered[    1.530688@3] io scheduler cfq registered[    1.550953@0] random: fast init done[    1.551053@0] random: crng init done[    1.552494@3] Unable to detect cache hierarchy for CPU 0[    1.589985@3] loop: module loaded[    1.591482@3] zram: Added device: zram0[    1.591884@3] mtdoops: mtd device (mtddev=name/number) must be supplied[    1.598696@3] libphy: Fixed MDIO Bus: probed[    1.603424@3] tun: Universal TUN/TAP device driver, 1.6[    1.607736@3] tun: (C) 1999-2004 Max Krasnyansky <maxk@qualcomm.com>[    1.615981@3]  ee eth reset:Addr = ffffff80081fd008[    1.623425@3] meson6-dwmac ff3f0000.ethernet: no reset control found[    1.625377@3] stmmac - user ID: 0x11, Synopsys ID: 0x37[    1.630655@3]  Ring mode enabled[    1.633858@3]  DMA HW capability register supported[    1.638609@3]  Normal descriptors[    1.641907@3]  RX Checksum Offload Engine supported[    1.646824@3]  COE Type 2[    1.649431@3]  TX Checksum insertion supported[    1.653918@3]  Wake-Up On Lan supported[    1.657853@3]  Enable RX Mitigation via HW Watchdog Timer[    1.676643@3] libphy: stmmac: probed[    1.676696@3] eth%d: PHY ID 00000128 at 0 IRQ POLL (stmmac-0:00) active[    1.681255@3] eth%d: PHY ID 00000128 at 3 IRQ POLL (stmmac-0:03)[    1.689162@3] PPP generic driver version 2.4.2[    1.692177@3] PPP BSD Compression module registered[    1.696683@3] PPP Deflate Compression module registered[    1.701921@3] PPP MPPE Compression module registered[    1.706896@3] NET: Registered protocol family 24[    1.712355@3] ehci_hcd: USB 2.0 'Enhanced' Host Controller (EHCI) Driver[    1.718291@3] ohci_hcd: USB 1.1 'Open' Host Controller (OHCI) Driver[    1.725322@3] usbcore: registered new interface driver cdc_acm[    1.730537@3] cdc_acm: USB Abstract Control Model driver for USB modems and ISDN adapters[    1.738956@3] usbcore: registered new interface driver usbserial[    1.745667@1] mousedev: PS/2 mouse device common for all mice[    1.751083@1] usbcore: registered new interface driver xpad[    1.756493@3] i2c /dev entries driver[    1.761220@3] cpu cpu0: bL_cpufreq_init: CPU 0 initialized[    1.765521@3] arm_big_little: bL_cpufreq_register: Registered platform driver: scpi[    1.776474@3] ff803000.serial: clock gate not found[    1.777998@3] meson_uart ff803000.serial: ==uart0 reg addr = ffffff800830d000[    1.785244@3] ff803000.serial: ttyS0 at MMIO 0xff803000 (irq = 13, base_baud = 1500000) is a meson_uart[    1.800147@3] meson_uart ff803000.serial: ttyS0 use xtal(24M) 24000000 change 0 to 115200[    1.802856@3] console [ttyS0] enabled[    1.810066@3] bootconsole [aml_uart0] disabled[    1.819726@0] ff804000.serial: clock gate not found[    1.823854@0] meson_uart ff804000.serial: ==uart3 reg addr = ffffff8008321000[    1.830975@0] ff804000.serial: ttyS3 at MMIO 0xff804000 (irq = 14, base_baud = 1500000) is a meson_uart[    1.841330@2] meson_uart ffd24000.serial: ==uart1 reg addr = ffffff8008323000[    1.847472@2] ffd24000.serial: ttyS1 at MMIO 0xffd24000 (irq = 25, base_baud = 1500000) is a meson_uart[    1.857627@3] meson_uart ffd23000.serial: ==uart2 reg addr = ffffff8008325000[    1.863936@3] ffd23000.serial: ttyS2 at MMIO 0xffd23000 (irq = 26, base_baud = 1500000) is a meson_uart[    1.874974@0] amlogic-new-usb2 ffe09000.usb2phy: USB2 phy probe:phy_mem:0xffe09000, iomap phy_base:0xffffff8008348000[    1.884192@0] amlogic-new-usb3 ffe09080.usb3phy: This phy has no usb port[    1.890705@0] amlogic-new-usb3 ffe09080.usb3phy: USB3 phy probe:phy_mem:0xffe09080, iomap phy_base:0xffffff800834c080[    1.905670@0] i2c i2c-1: of_i2c: modalias failure on /soc/aobus@ff800000/i2c@5000/mcu6350@40[    1.909527@0] i2c i2c-1: Failed to create I2C device for /soc/aobus@ff800000/i2c@5000/mcu6350@40[    1.921803@0] aml_dma ff63e000.aml_dma: Aml dma[    1.924976@0] aml_aes_dma ff63e000.aml_dma:aml_aes: Aml AES_dma[    1.930036@0] aml_sha_dma ff63e000.aml_dma:aml_sha: Aml SHA1/SHA224/SHA256 dma[    1.936345@0] efusekeynum: 4[    1.938731@0] efusekeyname:             mac offset:     0 size:     6[    1.945118@0] efusekeyname:          mac_bt offset:     6 size:     6[    1.951558@0] efusekeyname:        mac_wifi offset:    12 size:     6[    1.957954@0] efusekeyname:            usid offset:    18 size:    16[    1.964781@1] efuse efuse: probe OK![    1.970210@1] meson-mmc: mmc driver version: 3.02, 2017-05-15: New Emmc Host Controller[    1.977500@1] meson-mmc: >>>>>>>>hostbase ffffff8008358000, dmode [    1.982606@1] meson-mmc: actual_clock :400000, HHI_nand: 0x80[    1.987768@1] meson-mmc: [meson_mmc_clk_set_rate_v3] after clock: 0x1000033c[    2.034558@1] meson-mmc: meson_mmc_probe() : success![    2.034812@1] amlogic mtd driver init[    2.038867@1] prase_get_dtb_nand_parameter:128,parse dts start[    2.043625@1] bl mode descrete[    2.046507@1] fip_copies 4[    2.049170@1] fip_size 0x200000[    2.052310@1] nand_clk_ctrl 0xffe07000[    2.056033@1] prase_get_dtb_nand_parameter:234,parse dts end[    2.061701@1] nand_clk_ctrl 0xffe07000[    2.065423@1] nand register base ffffff80083df800, nand clock register ffffff80083e1000[    2.074164@1] plat->aml_nand_device ffffff800a005c10[    2.078351@1] m3_nand_probe() aml_nand_device ffffff800a005c10[    2.084396@1] NAND device id: 98 da 90 15 76 16[    2.088629@1] NAND device: Manufacturer ID: [    2.092697@1]  0x98, Chip ID: 0x98 (Toshiba A revision NAND 2Gib TC58NVG1S3HBAI4 )[    2.100259@1] oob_fill_cnt =32 oob_size =64, bch_bytes =14[    2.105693@1] ecc mode:6 ecc_page_num=2 eep_need_oobsize=16[    2.111242@1] plane_num=1 writesize=0x800 ecc.size=0x200 bch_mode=1[    2.117486@1] mtd->oobavail: 0x8[    2.120881@1] aml_nand_init 2119: plat-name:bootloader[    2.125806@1] Creating 1 MTD partitions on \"bootloader\":[    2.131094@1] 0x000000000000-0x000000200000 : \"bootloader\"[    2.139842@1] bootloader initialized ok[    2.140354@1] plat->aml_nand_device ffffff800a005c10[    2.145326@1] m3_nand_probe() aml_nand_device ffffff800a005c10[    2.151470@1] NAND device id: 98 da 90 15 76 16[    2.155627@1] NAND device: Manufacturer ID: [    2.159700@1]  0x98, Chip ID: 0x98 (Toshiba A revision NAND 2Gib TC58NVG1S3HBAI4 )[    2.167253@1] oob_fill_cnt =32 oob_size =64, bch_bytes =14[    2.172694@1] ecc mode:6 ecc_page_num=2 eep_need_oobsize=16[    2.178235@1] plane_num=1 writesize=0x800 ecc.size=0x200 bch_mode=1[    2.184488@1] mtd->oobavail: 0x8[    2.187913@1] aml_nand_init 2119: plat-name:nandnormal[    2.192843@1] bbt_start=20[    2.195482@1] env_start=24[    2.198147@1] key_start=32[    2.200853@1] dtb_start=40[    2.203537@1] ddr_start=44[    2.206211@1] nbbt: info size=0x800 max_scan_blk=24, start_blk=20[    2.212749@1] get_free_node 43: bitmap=0[    2.216196@1] get_free_node 55: bitmap=1[    2.220298@1] get_free_node 43: bitmap=1[    2.223994@1] get_free_node 55: bitmap=3[    2.228098@1] get_free_node 43: bitmap=3[    2.231793@1] get_free_node 55: bitmap=7[    2.235694@1] nbbt : phy_blk_addr=20, ec=0, phy_page_addr=0, timestamp=1[    2.242364@1] nbbt free list:[    2.245312@1] blockN=21, ec=-1, dirty_flag=0[    2.249558@1] blockN=22, ec=-1, dirty_flag=0[    2.253802@1] blockN=23, ec=-1, dirty_flag=0[    2.258052@1] aml_nand_scan_rsv_info 1141: page_num=1[    2.263487@1] nbbt valid addr: 280000[    2.266732@1] aml_nand_bbt_check 1306 bbt is valid, reading.[    2.272354@1] aml_nand_read_rsv_info:423,read nbbt info at 280000[    2.278627@1] nenv: info size=0x10000 max_scan_blk=32, start_blk=24[    2.285068@1] get_free_node 43: bitmap=7[    2.288560@1] get_free_node 55: bitmap=f[    2.292665@1] get_free_node 43: bitmap=f[    2.296360@1] get_free_node 55: bitmap=1f[    2.300551@1] get_free_node 43: bitmap=1f[    2.304333@1] get_free_node 55: bitmap=3f[    2.308525@1] get_free_node 43: bitmap=3f[    2.312306@1] get_free_node 55: bitmap=7f[    2.316498@1] get_free_node 43: bitmap=7f[    2.320277@1] get_free_node 55: bitmap=ff[    2.324471@1] get_free_node 43: bitmap=ff[    2.328253@1] get_free_node 55: bitmap=1ff[    2.332531@1] get_free_node 43: bitmap=1ff[    2.336400@1] get_free_node 55: bitmap=3ff[    2.340473@1] nenv : phy_blk_addr=24, ec=0, phy_page_addr=0, timestamp=1[    2.347144@1] nenv free list:[    2.350075@1] blockN=25, ec=-1, dirty_flag=0[    2.354338@1] blockN=26, ec=-1, dirty_flag=0[    2.358585@1] blockN=27, ec=-1, dirty_flag=0[    2.362831@1] blockN=28, ec=-1, dirty_flag=0[    2.367078@1] blockN=29, ec=-1, dirty_flag=0[    2.371325@1] blockN=30, ec=-1, dirty_flag=0[    2.375571@1] blockN=31, ec=-1, dirty_flag=0[    2.379818@1] aml_nand_scan_rsv_info 1141: page_num=32[    2.397895@1] nenv valid addr: 310000[    2.397928@1] nkey: info size=0x8000 max_scan_blk=40, start_blk=32[    2.402298@1] get_free_node 43: bitmap=3ff[    2.406167@1] get_free_node 55: bitmap=7ff[    2.410452@1] get_free_node 43: bitmap=7ff[    2.414295@1] get_free_node 55: bitmap=fff[    2.418606@1] get_free_node 43: bitmap=fff[    2.422460@1] get_free_node 55: bitmap=1fff[    2.426824@1] get_free_node 43: bitmap=1fff[    2.430779@1] get_free_node 55: bitmap=3fff[    2.435144@1] get_free_node 43: bitmap=3fff[    2.439100@1] get_free_node 55: bitmap=7fff[    2.443465@1] get_free_node 43: bitmap=7fff[    2.447420@1] get_free_node 55: bitmap=ffff[    2.451784@1] get_free_node 43: bitmap=ffff[    2.455740@1] get_free_node 55: bitmap=1ffff[    2.460190@1] get_free_node 43: bitmap=1ffff[    2.464233@1] get_free_node 55: bitmap=3ffff[    2.468480@1] nkey : phy_blk_addr=-1, ec=0, phy_page_addr=0, timestamp=0[    2.475151@1] nkey free list:[    2.478081@1] blockN=32, ec=-1, dirty_flag=0[    2.482345@1] blockN=33, ec=-1, dirty_flag=0[    2.486591@1] blockN=34, ec=-1, dirty_flag=0[    2.490838@1] blockN=35, ec=-1, dirty_flag=0[    2.495085@1] blockN=36, ec=-1, dirty_flag=0[    2.499331@1] blockN=37, ec=-1, dirty_flag=0[    2.503578@1] blockN=38, ec=-1, dirty_flag=0[    2.507824@1] blockN=39, ec=-1, dirty_flag=0[    2.512071@1] aml_nand_scan_rsv_info 1141: page_num=16[    2.517183@1] nkey valid addr: fffffffffffe0000[    2.521692@1] aml_nand_key_check 1251 NO key exist[    2.526467@1] ndtb: info size=0x20000 max_scan_blk=44, start_blk=40[    2.533108@1] get_free_node 43: bitmap=3ffff[    2.536947@1] get_free_node 55: bitmap=7ffff[    2.541397@1] get_free_node 43: bitmap=7ffff[    2.545440@1] get_free_node 55: bitmap=fffff[    2.549891@1] get_free_node 43: bitmap=fffff[    2.553933@1] get_free_node 55: bitmap=1fffff[    2.558266@1] ndtb : phy_blk_addr=40, ec=0, phy_page_addr=0, timestamp=1[    2.564937@1] ndtb free list:[    2.567885@1] blockN=41, ec=-1, dirty_flag=0[    2.572131@1] blockN=42, ec=-1, dirty_flag=0[    2.576378@1] blockN=43, ec=-1, dirty_flag=0[    2.580625@1] aml_nand_scan_rsv_info 1141: page_num=64[    2.598702@1] ndtb valid addr: 500000[    2.598736@1] nddr: info size=0x20000 max_scan_blk=46, start_blk=44[    2.603192@1] get_free_node 43: bitmap=1fffff[    2.607319@1] get_free_node 55: bitmap=3fffff[    2.611858@1] get_free_node 43: bitmap=3fffff[    2.615987@1] get_free_node 55: bitmap=7fffff[    2.620320@1] nddr : phy_blk_addr=-1, ec=0, phy_page_addr=0, timestamp=0[    2.626990@1] nddr free list:[    2.629921@1] blockN=44, ec=-1, dirty_flag=0[    2.634185@1] blockN=45, ec=-1, dirty_flag=0[    2.638432@1] aml_nand_scan_rsv_info 1141: page_num=64[    2.643545@1] nddr valid addr: fffffffffffe0000[    2.648049@1] aml_nand_ddr_check 1281 NO ddr exist[    2.652822@1] tpl: off 8388608, size 8388608[    2.750618@1]  NAND bbt detect factory Bad block at c000000[    2.750669@1] aml_nand_add_partition:394 factory bad addr=600[    2.756348@1]  NAND bbt detect factory Bad block at c020000[    2.761847@1] aml_nand_add_partition:394 factory bad addr=601[    2.801437@1] Creating 6 MTD partitions on \"nandnormal\":[    2.801484@1] 0x000000800000-0x000001000000 : \"tpl\"[    2.812927@0] 0x000001000000-0x000001200000 : \"misc\"[    2.816600@3] 0x000001200000-0x000002200000 : \"recovery\"[    2.828454@0] 0x000002200000-0x000004200000 : \"boot\"[    2.847880@0] 0x000004200000-0x000004700000 : \"config\"[    2.852535@0] 0x000004700000-0x000010000000 : \"nvdata\"[    2.917275@0]  NAND bbt detect factory Bad block at c000000[    2.917394@0]  NAND bbt detect factory Bad block at c020000[    2.959192@3] nandnormal initialized ok[    2.959300@3] aml_ubootenv_init: register env chardev[    2.963010@3] aml_ubootenv_init: register env chardev OK[    2.967976@3] amlnf_dtb_init: register dtb cdev[    2.972814@3] amlnf_dtb_init: register dtd cdev OK[    2.977058@3] mtd_nand_probe 267 , err = 0[    2.982189@0] aml_vrtc rtc: rtc core: registered aml_vrtc as rtc0[    2.987635@0] input: aml_vkeypad as /devices/platform/rtc/input/input0[    2.994646@2] unifykey: storage in base: 0xffffffc005000000[    2.999225@2] unifykey: storage out base: 0xffffffc005040000[    3.004864@2] unifykey: storage block base: 0xffffffc005080000[    3.010634@2] unifykey: probe done![    3.014848@2] unifykey: no efuse-version set, use default value: -1[    3.020353@2] unifykey: key unify config unifykey-num is 6[    3.025897@2] unifykey: key unify fact unifykey-num is 6[    3.031098@2] unifykey: unifykey_devno: f200000[    3.036091@3] unifykey: device unifykeys created ok[    3.040600@3] unifykey: aml_unifykeys_init done![    3.045476@3] sysled: module init[    3.048964@3] meson_wdt ffd0f0d0.watchdog: start watchdog[    3.053737@3] meson_wdt ffd0f0d0.watchdog: creat work queue for watch dog[    3.061121@1] meson_wdt ffd0f0d0.watchdog: AML Watchdog Timer probed done[    3.069807@2] dmc_monitor_probe[    3.075609@2] defendkey defendkey: Reserved memory is not enough![    3.076422@2] defendkey: probe of defendkey failed with error -22[    3.082791@2] GACT probability NOT on[    3.086117@2] Mirror/redirect action on[    3.089968@2] u32 classifier[    3.092830@2]     Actions configured[    3.096360@2] Netfilter messages via NETLINK v0.30.[    3.101628@2] nf_conntrack version 0.5.0 (2048 buckets, 8192 max)[    3.107843@2] ctnetlink v0.93: registering with nfnetlink.[    3.113671@2] xt_time: kernel timezone is -0000[    3.117416@2] ipip: IPv4 and MPLS over IPv4 tunneling driver[    3.124065@2] ip_tables: (C) 2000-2006 Netfilter Core Team[    3.128737@2] arp_tables: arp_tables: (C) 2002 David S. Miller[    3.134228@2] Initializing XFRM netlink socket[    3.139743@2] NET: Registered protocol family 10[    3.145667@2] mip6: Mobile IPv6[    3.146295@2] ip6_tables: (C) 2000-2006 Netfilter Core Team[    3.152285@2] sit: IPv6, IPv4 and MPLS over IPv4 tunneling driver[    3.160284@2] NET: Registered protocol family 17[    3.162547@2] NET: Registered protocol family 15[    3.167138@2] bridge: filtering via arp/ip/ip6tables is no longer available by default. Update your scripts to load br_netfilter if you need this.[    3.180319@2] l2tp_core: L2TP core driver, V2.0[    3.184678@2] l2tp_ppp: PPPoL2TP kernel driver, V2.0[    3.189598@2] l2tp_ip: L2TP IP encapsulation support (L2TPv3)[    3.195357@2] l2tp_netlink: L2TP netlink interface[    3.200163@2] l2tp_eth: L2TP ethernet pseudowire support (L2TPv3)[    3.206237@2] l2tp_debugfs: L2TP debugfs support[    3.210762@2] l2tp_ip6: L2TP IP encapsulation support for IPv6 (L2TPv3)[    3.217400@2] NET: Registered protocol family 35[    3.222328@2] Key type dns_resolver registered[    3.226938@2] Registered swp emulation handler[    3.230785@2] Registered cp15_barrier emulation handler[    3.235979@2] Registered setend emulation handler[    3.240722@2] disable EAS feature[    3.245329@0] registered taskstats version 1[    3.261783@3] dwc3 ff500000.dwc3: Configuration mismatch. dr_mode forced to host[    3.768249@3] xhci-hcd xhci-hcd.0.auto: xHCI Host Controller[    3.768336@3] xhci-hcd xhci-hcd.0.auto: new USB bus registered, assigned bus number 1[    3.776619@3] xhci-hcd xhci-hcd.0.auto: hcc params 0x0220f664 hci version 0x100 quirks 0x02010010[    3.785083@3] xhci-hcd xhci-hcd.0.auto: irq 22, io mem 0xff500000[    3.792662@2] hub 1-0:1.0: USB hub found[    3.795023@2] hub 1-0:1.0: 1 port detected[    3.799609@2] xhci-hcd xhci-hcd.0.auto: xHCI Host Controller[    3.804655@2] xhci-hcd xhci-hcd.0.auto: new USB bus registered, assigned bus number 2[    3.812532@2] usb usb2: We don't know the algorithms for LPM for this host, disabling LPM.[    3.822040@3] hub 2-0:1.0: USB hub found[    3.824656@3] hub 2-0:1.0: config failed, hub doesn't have any ports! (err -19)[    3.831915@3] usb usb2: Unsupported the hub[    3.836763@3] aml_vrtc rtc: setting system clock to 2023-10-18 07:51:42 UTC (1697615502)[    3.844750@3] dwc_otg ff400000.dwc2_a: dwc_otg_driver_probe(ffffffc00d177000)[    3.844826@3] dwc_otg: usb0: type: 2 speed: 0, config: 0, dma: 0, id: 0, phy: ffe09000, ctrl: 0[    3.852714@3] dwc_otg ff400000.dwc2_a: base=0xffffff8008580000[    3.852727@3] dwc_otg ff400000.dwc2_a: dwc_otg_device=0xffffffc00bae5600[    3.953156@1] dwc_otg: Core Release: 3.10a[    3.953210@1] dwc_otg: Setting default values for core params[    3.957407@1] dwc_otg: curmode: 0, host_only: 0[    3.961910@1] dwc_otg ff400000.dwc2_a: DMA config: BURST_DEFAULT[    3.974420@1] dwc_otg: Using Buffer DMA mode[    3.974458@1] dwc_otg: OTG VER PARAM: 1, OTG VER FLAG: 1[    3.978342@1] dwc_otg: Working on port type = SLAVE[    3.983219@1] dwc_otg: Dedicated Tx FIFOs mode[    3.990170@0] thermal thermal_zone0: binding zone soc_thermal with cdev thermal-cpufreq-0 failed:-22[    3.996925@0] cpucore_cooling_register, max_cpu_core_num:4[    4.009507@0] gxbb_pm: enter meson_pm_probe![    4.009564@0] no vddio3v3_en pin[    4.011259@0] pm-meson aml_pm: Can't get switch_clk81[    4.016312@0] gxbb_pm: meson_pm_probe done[    4.021231@0] meson_uart ff803000.serial: ttyS0 use xtal(24M) 24000000 change 115200 to 115200[    4.027654@0] Freeing unused kernel memory: 3648K[    4.042005@0] meson_uart ff803000.serial: ttyS0 use xtal(24M) 24000000 change 115200 to 115200[    4.294590@2] ubi0: attaching mtd5[    4.314095@2] ubi0: scanning is finished[    4.319575@0] ubi0: attached mtd5 (name \"config\", size 5 MiB)[    4.319706@0] ubi0: PEB size: 131072 bytes (128 KiB), LEB size: 126976 bytes[    4.326770@0] ubi0: min./max. I/O unit sizes: 2048/2048, sub-page size 2048[    4.333672@0] ubi0: VID header offset: 2048 (aligned 2048), data offset: 4096[    4.340784@0] ubi0: good PEBs: 40, bad PEBs: 0, corrupted PEBs: 0[    4.346842@0] ubi0: user volume: 1, internal volumes: 1, max. volumes count: 128[    4.354218@0] ubi0: max/mean erase counter: 5/2, WL threshold: 4096, image sequence number: 1725370958[    4.363482@0] ubi0: available PEBs: 0, total reserved PEBs: 40, PEBs reserved for bad PEB handling: 4[    4.372693@2] ubi0: background thread \"ubi_bgt0d\" started, PID 1077[    4.385784@1] UBIFS (ubi0:0): background thread \"ubifs_bgt0_0\" started, PID 1081[    4.426334@0] UBIFS (ubi0:0): UBIFS: mounted UBI device 0, volume 0, name \"config_data\"[    4.428757@0] UBIFS (ubi0:0): LEB size: 126976 bytes (124 KiB), min./max. I/O unit sizes: 2048 bytes/2048 bytes[    4.438801@0] UBIFS (ubi0:0): FS size: 2793472 bytes (2 MiB, 22 LEBs), journal size 1015809 bytes (0 MiB, 6 LEBs)[    4.449005@0] UBIFS (ubi0:0): reserved for root: 131942 bytes (128 KiB)[    4.455604@0] UBIFS (ubi0:0): media format: w4/r0 (latest is w4/r0), UUID CF8119AE-E704-4BBF-AD3C-8AFDF0D27E24, small LPT model[    4.479929@1] ubi2: attaching mtd6[    4.945096@1]  NAND bbt detect factory Bad block at c000000[    4.945221@1]  NAND bbt detect factory Bad block at c020000[    5.195610@1] ubi2: scanning is finished[    5.203166@0] ubi2: attached mtd6 (name \"nvdata\", size 185 MiB)[    5.203472@0] ubi2: PEB size: 131072 bytes (128 KiB), LEB size: 126976 bytes[    5.210524@0] ubi2: min./max. I/O unit sizes: 2048/2048, sub-page size 2048[    5.217449@0] ubi2: VID header offset: 2048 (aligned 2048), data offset: 4096[    5.224542@0] ubi2: good PEBs: 1478, bad PEBs: 2, corrupted PEBs: 0[    5.230790@0] ubi2: user volume: 1, internal volumes: 1, max. volumes count: 128[    5.238149@0] ubi2: max/mean erase counter: 2/1, WL threshold: 4096, image sequence number: 1804497592[    5.247430@0] ubi2: available PEBs: 0, total reserved PEBs: 1478, PEBs reserved for bad PEB handling: 2[    5.256801@2] ubi2: background thread \"ubi_bgt2d\" started, PID 1089[    5.269668@0] UBIFS (ubi2:0): background thread \"ubifs_bgt2_0\" started, PID 1093[    5.301518@3] UBIFS (ubi2:0): UBIFS: mounted UBI device 2, volume 0, name \"nvdada_log\"[    5.303878@3] UBIFS (ubi2:0): LEB size: 126976 bytes (124 KiB), min./max. I/O unit sizes: 2048 bytes/2048 bytes[    5.313886@3] UBIFS (ubi2:0): FS size: 185384960 bytes (176 MiB, 1460 LEBs), journal size 9269248 bytes (8 MiB, 73 LEBs)[    5.324724@3] UBIFS (ubi2:0): reserved for root: 4952683 bytes (4836 KiB)[    5.331477@3] UBIFS (ubi2:0): media format: w4/r0 (latest is w4/r0), UUID 4AD90BC7-5FDA-4137-8CF1-8EEB63B9714E, small LPT model[    5.660674@2] eth0: device MAC address 02:a7:6b:d7:f9:d4[    5.744236@0] meson6-dwmac ff3f0000.ethernet eth0: fail to init PTP.[    5.745590@0] IPv6: ADDRCONF(NETDEV_UP): eth0: link is not ready[    6.011647@2] uart_trans: loading out-of-tree module taints kernel.[    6.013957@2] register uart_trans chrdev success.[    6.017737@2] meson_uart ff804000.serial: ttyS3 use xtal(24M) 24000000 change 0 to 9600[    6.025097@2] tty port open success [/dev/ttyS3]![    6.029713@2] meson_uart ff804000.serial: ttyS3 use xtal(24M) 24000000 change 9600 to 115200[    6.038231@2] init sucess for tty struct (246:3)  [/dev/ttyS3][    6.044369@2] meson_uart ffd23000.serial: ttyS2 use xtal(24M) 24000000 change 0 to 9600[    6.051931@2] tty port open success [/dev/ttyS2]![    6.056554@2] meson_uart ffd23000.serial: ttyS2 use xtal(24M) 24000000 change 9600 to 115200[    6.065007@2] init sucess for tty struct (246:2)  [/dev/ttyS2][    6.071079@2] meson_uart ffd24000.serial: ttyS1 use xtal(24M) 24000000 change 0 to 9600[    6.078746@2] tty port open success [/dev/ttyS1]![    6.083425@2] meson_uart ffd24000.serial: ttyS1 use xtal(24M) 24000000 change 9600 to 115200[    6.091863@2] init sucess for tty struct (246:1)  [/dev/ttyS1][    6.098561@0] create workqueue success![    7.798646@0] meson6-dwmac ff3f0000.ethernet eth0: Link is Up - 100Mbps/Full - flow control off[    7.801772@0] IPv6: ADDRCONF(NETDEV_CHANGE): eth0: link becomes ready[   27.049353@1] uart trans dev open.[   27.049461@1] uart_buf virt addr = 0xffffffc00b540000[   27.052220@1] uart_buf phys addr = 0x0b540000[   27.056516@1] uart_buf pfn       = 0x0000b540[   27.061307@1] uart trans stop send work timer.[   27.065484@1] uart trans set chain exist bits:0x7.[   27.070082@1] uart trans set work queue count 768.[   64.585976@0] nf_conntrack: default automatic helper assignment has been turned off for security reasons and CT-based  firewall rule not found. Use the iptables CT target to attach helpers instead.===========================================Miner log===========================================2023-10-18 07:51:49 Open miner sn file /config/sn error2023-10-18 07:51:49 Miner compile time: Wed Jun 28 17:54:07 CST 2023 type: Antminer BHB42XXX sn :2023-10-18 07:51:50 This is fix-freq version2023-10-18 07:51:50 Miner compile time: Wed Jun 28 17:54:07 CST 2023 type: Antminer BHB42XXX2023-10-18 07:51:50 commit version: 1180224 2023-06-28 17:51:54, build by: jenkins 2023-06-28 18:13:052023-10-18 07:51:50 opt_multi_version     = 12023-10-18 07:51:50 opt_bitmain_ab        = 12023-10-18 07:51:50 mid_auto_gen          = 12023-10-18 07:51:50 opt_bitmain_work_mode = 02023-10-18 07:51:50 port 439 already exported2023-10-18 07:51:50 port 454 already exported2023-10-18 07:51:50 port 440 already exported2023-10-18 07:51:50 port 455 already exported2023-10-18 07:51:50 port 441 already exported2023-10-18 07:51:50 port 456 already exported2023-10-18 07:51:50 port 438 already exported2023-10-18 07:51:50 port 453 already exported2023-10-18 07:51:50 port 446 already exported2023-10-18 07:51:50 port 445 already exported2023-10-18 07:51:50 Note: front fan is power on!2023-10-18 07:51:50 Note: rear fan is power on!2023-10-18 07:51:50 start the http log.2023-10-18 07:51:50 httpListenThread start ret=02023-10-18 07:51:50 start listen on 6060 ...2023-10-18 07:51:50 bad chain id = 32023-10-18 07:51:53 bad chain id = 32023-10-18 07:51:56 ==========================capability start==========================2023-10-18 07:51:56 board num = 32023-10-18 07:51:56 board id = 0, chain num = 12023-10-18 07:51:56  chain id = 02023-10-18 07:51:56 board id = 1, chain num = 12023-10-18 07:51:56  chain id = 12023-10-18 07:51:56 board id = 2, chain num = 12023-10-18 07:51:56  chain id = 22023-10-18 07:51:56 ==========================capability end============================2023-10-18 07:51:56 chain num = 32023-10-18 07:51:56 skip loading levels for now2023-10-18 07:52:00 load chain 0 eeprom data2023-10-18 07:52:03 load chain 1 eeprom data2023-10-18 07:52:06 load chain 2 eeprom data2023-10-18 07:52:06 miner type: Antminer S19j Pro+2023-10-18 07:52:06 multi machine mode2023-10-18 07:52:06 load machine BHB42612 conf2023-10-18 07:52:06 machine : BHB42612 2023-10-18 07:52:06 chain_num 4, chain_domain_num 40, chain_asic_num 120, domain_asic_num 32023-10-18 07:52:06 get mix boardname[0][BHB42612], name:BHB426122023-10-18 07:52:06 fan_eft : 0  fan_pwm : 1002023-10-18 07:52:06 create thread get_nonce_and_register_thread2023-10-18 07:52:06 fixed working voltage = 13602023-10-18 07:52:06 fixed frequency is 6602023-10-18 07:52:06 Chain [0] PCB Version: 0x01002023-10-18 07:52:06 Chain [0] BOM Version: 0x00102023-10-18 07:52:06 Chain [1] PCB Version: 0x01002023-10-18 07:52:06 Chain [1] BOM Version: 0x00102023-10-18 07:52:06 Chain [2] PCB Version: 0x01002023-10-18 07:52:06 Chain [2] BOM Version: 0x00102023-10-18 07:52:06 bad chain id = 32023-10-18 07:52:06 Fan check passed.2023-10-18 07:52:06 uart_trans addr:0xf74d9000.2023-10-18 07:52:06 max sensor num = 42023-10-18 07:52:06 STATUS_INITED: soc init done!2023-10-18 07:52:06 temperature_monitor_thread start...",
      "score": 0,
      "upvotes": 0,
      "downvotes": 0
    },
    {
      "author": "mikeywith",
      "created_time": "October 24, 2023, 11:28:27 AM",
      "body": "Quote from: digital.manjam on October 24, 2023, 07:38:39 AMNB : using my phone hotspot+ VPN , then sharing internet from wifi to lan with a laptop , it worked fine for almost 24H , then stopped working.this is the exact same situation for all 5 brand new minersSo they ran just fine behind that VPN for 24 hours and then what happened? your ISP magically decryption the connection and found out that you were connecting to a mining pool and then they did what? it doesn't add up, if your ISP blocked your connection to the VPN then nothing would be accessible not just the mining pools.I would start by using a different mining pool to make sure it isn't the other way around, i.e. it's not the pool that's blocking you.",
      "score": 0,
      "upvotes": 0,
      "downvotes": 0
    },
    {
      "author": "BitMaxz",
      "created_time": "October 24, 2023, 02:00:23 PM",
      "body": "Quote from: digital.manjam on October 24, 2023, 07:38:39 AMNB : using my phone hotspot+ VPN , then sharing internet from wifi to lan with a laptop , it worked fine for almost 24H , then stopped working.this is the exact same situation for all 5 brand new minersso i think it's due to ISP blocking mining traffic,using f2pool , qntpool and even binance pool, not a chancestratum ping to mining pool throjgh my laptop works fine, but the asic couldn't reach it so it maybe due to ISP, if this could help anyone having same issue.If you've successfully flashed them then the issue is in your network or router setup.As you said in your previous post these units are connected from the desktop there might IP problem between the 4g box to the desktop and then the desktop to these units. Since your internet on the desktop is working then the desktop to share internet through the LAN network where these 5 units are connected might have a problem.What I see here is an IP conflict or maybe the PC might have a limit restriction.Better check the network and sharing center of your desktop and maybe the sharing connection to other users is disabled.Or for easy fix why not buy a router instead and connect it directly to your 4g box and connect all miners to the router just don't forget to set all units to DHCP mode.",
      "score": 0,
      "upvotes": 0,
      "downvotes": 0
    }
  ]
}