{
  "id": "topic_5447136",
  "title": "kungen12321",
  "author": "kungen12321",
  "created_time": "April 01, 2023, 09:29:55 AMLast edit: April 02, 2023, 07:46:47 PM by kungen12321",
  "content": "Hi Guys!I have an antminer S17+ that start up just fine but doesn`t start hash.I will attach the kernel/system log so maybe someone can give me some advise what can be wrong.Thanks in advance!/MagnusQuoteKernel log0.266318] pinctrl core: initialized pinctrl subsystem[    0.267654] NET: Registered protocol family 16[    0.269660] DMA: preallocated 256 KiB pool for atomic coherent allocations[    0.300297] cpuidle: using governor ladder[    0.320275] cpuidle: using governor menu[    0.332969] zynq-ocm f800c000.ocmc: ZYNQ OCM pool: 256 KiB @ 0xd0880000[    0.333398] zynq-pinctrl 700.pinctrl: zynq pinctrl initialized[    0.391089] GPIO IRQ not connected[    0.391106] XGpio: /amba_pl/gpio@41200000: registered, base is 902[    0.391288] GPIO IRQ not connected[    0.391300] XGpio: /amba_pl/gpio@41210000: registered, base is 897[    0.391534] XGpio: /amba_pl/gpio@41220000: registered, base is 895[    0.392377] vgaarb: loaded[    0.392860] SCSI subsystem initialized[    0.393247] usbcore: registered new interface driver usbfs[    0.393334] usbcore: registered new interface driver hub[    0.393438] usbcore: registered new device driver usb[    0.393987] media: Linux media interface: v0.10[    0.394067] Linux video capture interface: v2.00[    0.394158] pps_core: LinuxPPS API ver. 1 registered[    0.394170] pps_core: Software ver. 5.3.6 - Copyright 2005-2007 Rodolfo Giometti <giometti@linux.it>[    0.394218] PTP clock support registered[    0.394323] EDAC MC: Ver: 3.0.0[    0.401103] Advanced Linux Sound Architecture Driver Initialized.[    0.402421] clocksource: Switched to clocksource arm_global_timer[    0.411299] NET: Registered protocol family 2[    0.412138] TCP established hash table entries: 2048 (order: 1, 8192 bytes)[    0.412179] TCP bind hash table entries: 2048 (order: 2, 16384 bytes)[    0.412226] TCP: Hash tables configured (established 2048 bind 2048)[    0.412279] UDP hash table entries: 256 (order: 1, 8192 bytes)[    0.412366] UDP-Lite hash table entries: 256 (order: 1, 8192 bytes)[    0.412580] NET: Registered protocol family 1[    0.413093] RPC: Registered named UNIX socket transport module.[    0.413105] RPC: Registered udp transport module.[    0.413114] RPC: Registered tcp transport module.[    0.413122] RPC: Registered tcp NFSv4.1 backchannel transport module.[    0.413152] PCI: CLS 0 bytes, default 64[    0.413384] Trying to unpack rootfs image as initramfs...[    0.413627] rootfs image is not initramfs (junk in compressed archive); looks like an initrd[    0.490281] Freeing initrd memory: 17716K (c6eb3000 - c8000000)[    0.491692] futex hash table entries: 512 (order: 3, 32768 bytes)[    0.502680] squashfs: version 4.0 (2009/01/31) Phillip Lougher[    0.515116] io scheduler noop registered[    0.515139] io scheduler deadline registered[    0.515192] io scheduler cfq registered (default)[    0.517197] dma-pl330 f8003000.dmac: Loaded driver for PL330 DMAC-241330[    0.517217] dma-pl330 f8003000.dmac:    DBUFF-128x8bytes Num_Chans-8 Num_Peri-4 Num_Events-16[    0.517954] Serial: 8250/16550 driver, 2 ports, IRQ sharing disabled[    0.519351] e0000000.serial: ttyPS0 at MMIO 0xe0000000 (irq = 143, base_baud = 6249999) is a xuartps[    1.177812] console [ttyPS0] enabled[    1.181971] xdevcfg f8007000.devcfg: ioremap 0xf8007000 to d0826000[    1.188710] [drm] Initialized drm 1.1.0 20060810[    1.199027] brd: module loaded[    1.208264] loop: module loaded[    1.214283] CAN device driver interface[    1.219775] libphy: MACB_mii_bus: probed[    1.302437] macb e000b000.ethernet eth0: Cadence GEM rev 0x00020118 at 0xe000b000 irq 145 (c6:e9:b7:3c:7f:ae)[    1.312322] macb e000b000.ethernet eth0: attached PHY driver [Generic PHY] (mii_bus:phy_addr=e000b000.etherne:00, irq=-1)[    1.323551] e1000e: Intel(R) PRO/1000 Network Driver - 3.2.6-k[    1.329297] e1000e: Copyright(c) 1999 - 2015 Intel Corporation.[    1.340983] ehci_hcd: USB 2.0 'Enhanced' Host Controller (EHCI) Driver[    1.347479] ehci-pci: EHCI PCI platform driver[    1.352038] usbcore: registered new interface driver usb-storage[    1.359553] mousedev: PS/2 mouse device common for all mice[    1.375498] i2c /dev entries driver[    1.382648] EDAC MC: ECC not enabled[    1.386407] Xilinx Zynq CpuIdle Driver started[    1.391074] sdhci: Secure Digital Host Controller Interface driver[    1.397214] sdhci: Copyright(c) Pierre Ossman[    1.401518] sdhci-pltfm: SDHCI platform and OF driver helper[    1.407531] sdhci-arasan e0100000.mmc: No vmmc regulator found[    1.413311] sdhci-arasan e0100000.mmc: No vqmmc regulator found[    1.452328] mmc0: SDHCI controller on e0100000.mmc [e0100000.mmc] using ADMA[    1.460239] ledtrig-cpu: registered to indicate activity on CPUs[    1.466577] usbcore: registered new interface driver usbhid[    1.472066] usbhid: USB HID core driver[    1.476869] nand: device found, Manufacturer ID: 0x2c, Chip ID: 0xda[    1.483172] nand: Micron MT29F2G08ABAEAWP[    1.487130] nand: 256 MiB, SLC, erase size: 128 KiB, page size: 2048, OOB size: 64[    1.494707] nand: WARNING: pl35x-nand: the ECC used on your system is too weak compared to the one required by the NAND chip[    1.501784] mmc0: new high speed SDXC card at address b368[    1.511635] Bad block table found at page 131008, version 0x01[    1.512475] mmcblk0: mmc0:b368 NCard 58.2 GiB [    1.513781]  mmcblk0: p1 p2 p3[    1.525337] Bad block table found at page 130944, version 0x01[    1.531401] 11 cmdlinepart partitions found on MTD device pl35x-nand[    1.537693] Creating 11 MTD partitions on \"pl35x-nand\":[    1.542906] 0x000000000000-0x000000080000 : \"boot\"[    1.548691] 0x000000080000-0x000000300000 : \"uboot\"[    1.554528] 0x000000300000-0x000000500000 : \"fpga1\"[    1.560333] 0x000000500000-0x000000700000 : \"fpga2\"[    1.566201] 0x000000700000-0x000000780000 : \"uboot_env\"[    1.582341] 0x000000780000-0x000000800000 : \"miner_cfg\"[    1.588446] 0x000000800000-0x000001e00000 : \"recovery\"[    1.604667] 0x000001e00000-0x000007d00000 : \"firmware1\"[    1.621410] 0x000007d00000-0x00000dc00000 : \"firmware2\"[    1.638209] 0x00000dc00000-0x000010000000 : \"factory\"[    1.654429] 0x000004800000-0x000005000000 : \"antminer_configs\"[    1.674062] nf_conntrack version 0.5.0 (3930 buckets, 15720 max)[    1.681808] NET: Registered protocol family 10[    1.687451] sit: IPv6 over IPv4 tunneling driver[    1.692823] NET: Registered protocol family 17[    1.697244] bridge: automatic filtering via arp/ip/ip6tables has been deprecated. Update your scripts to load br_netfilter if you need this.[    1.709815] can: controller area network core (rev 20120528 abi 9)[    1.716014] NET: Registered protocol family 29[    1.720381] can: raw protocol (rev 20120528)[    1.724659] can: broadcast manager protocol (rev 20120528 t)[    1.730280] can: netlink gateway (rev 20130117) max_hops=1[    1.735973] 8021q: 802.1Q VLAN Support v1.8[    1.740385] Registering SWP/SWPB emulation handler[    1.746650] hctosys: unable to open rtc device (rtc0)[    1.756090] ALSA device list:[    1.758975]   No soundcards found.[    1.762839] RAMDISK: squashfs filesystem found at block 0[    1.768185] RAMDISK: Loading 17714KiB [1 disk] into ram disk... |/-\\|/-\\|/-\\|/-\\|/-\\|/-\\|/-\\|/-\\|/-\\|/-\\|/-\\|/-\\|/-\\|/-\\|/-\\|/-\\|/-\\|/-\\|/-\\|/-\\|/-\\|/-\\|/-\\|/-\\|/-\\|/-\\|/-\\|/-\\|/-\\|/-\\|/-\\|/-\\|/-\\|/-\\|/-\\|/-\\|/-\\|/-\\|/-\\|/-\\|/-\\|/-\\|/-\\|/-\\|/-\\|/-\\|/-\\|/-\\|/-\\|/-\\|/-\\|/-\\|/-\\|/-\\|/-\\|/-\\|/-\\|/-\\|/-\\|/-\\|/-\\|/-\\|/-\\|/-\\|/-\\|/-\\|/-\\|/-\\|/-\\|/-\\|/-\\|/-\\|/-\\|/-\\|/-\\|/-\\|/-\\|/-\\|/-\\|/-\\|/-\\|/-\\|/-\\|/-\\|/-\\|/-\\|/-\\|/-\\|/-\\|/-\\|/-\\|/-\\|/-\\|/-\\|/-\\|/-\\|/-\\|/-\\|/-\\|/-\\|/-\\|/-\\|/-\\|/-\\|/-\\|/-\\|/-\\|/-\\|/-\\|/-\\|/-\\|/-\\|/-\\|/-\\|/-\\|/-\\|/-\\|/-\\|/-\\|/-\\|/-\\|/-\\|/-\\|/-\\|/-\\|/-\\|/-\\|/-\\|/-\\|/-\\|/-\\|/-\\|/-\\|/-\\|/-\\|/-\\|/-\\|/-\\|/-\\|/-\\|/-\\|/-\\|/-\\|/-\\|/-\\|/-\\|/-\\|/-\\|/-\\|/-\\|/-\\|/-\\|/-\\|/-\\|/-\\|/-\\|/-\\|/-\\|/-\\|/-\\|/-\\|/-\\|/-\\|/-\\|/-\\|/-\\|/-\\|/-\\|/-\\|/-\\|/-\\|/-\\|/-\\|/-\\|/-\\|/-\\|/-\\|/-\\|/-\\|/-\\|/-\\|/-\\|/-\\|/-\\|/-\\|/-\\|/-\\|/-\\|/-\\|/-\\|/-\\|/-\\|/-\\|/-\\|/-\\|/-\\|/-\\|/-\\|/-\\|/-\\|/-\\|/-\\|/-\\|/-\\|/-\\|/-\\|/-\\|/-\\|/-\\|/-\\|/-\\|/-\\|/-\\|/-\\|/-\\|/-\\|/-\\|/-\\|/-\\|/-\\|/-\\|/-\\|/-\\|/-\\|/-\\|/-\\|/-\\|/-\\|/-\\|/-\\|/-\\|/-\\|/-\\|/-\\|/-\\|/-\\|/-\\|/-\\|/-\\|/-\\|/-\\|/-\\|/-\\|/-\\|/-\\|/-\\|/-\\|/-\\|/-\\|/-\\|/-\\|/-\\|/-\\|/-\\|/-\\|/-\\|/-\\|/-\\|/-\\|/-\\|/-\\|/-\\|/-\\|/-\\|/-\\|/-\\|/-\\|/-\\|/-\\|/-\\|/-\\|/-\\|/-\\|/-\\|/-\\|/-\\|/-\\done.[    2.222686] VFS: Mounted root (squashfs filesystem) readonly on device 1:0.[    2.229896] Freeing unused kernel memory: 260K (c0747000 - c0788000)[    2.636781] init: Console is alive[    2.640271] init: - watchdog -[    2.997173] kmodloader: loading kernel modules from /etc/modules-boot.d/*[    3.078899] kmodloader: done loading kernel modules from /etc/modules-boot.d/*[    3.087441] init: - preinit -[    3.455937] EXT4-fs (mmcblk0p2): couldn't mount as ext3 due to feature incompatibilities[    3.521217] EXT4-fs (mmcblk0p2): recovery complete[    3.528504] EXT4-fs (mmcblk0p2): mounted filesystem with ordered data mode. Opts: (null)[    3.589705] ubi0: attaching mtd10[    3.593654] random: procd urandom read with 4 bits of entropy available[    3.622381] ubi0: scanning is finished[    3.632799] ubi0: attached mtd10 (name \"antminer_configs\", size 8 MiB)[    3.639246] ubi0: PEB size: 131072 bytes (128 KiB), LEB size: 126976 bytes[    3.646123] ubi0: min./max. I/O unit sizes: 2048/2048, sub-page size 2048[    3.652892] ubi0: VID header offset: 2048 (aligned 2048), data offset: 4096[    3.659816] ubi0: good PEBs: 64, bad PEBs: 0, corrupted PEBs: 0[    3.665733] ubi0: user volume: 1, internal volumes: 1, max. volumes count: 128[    3.672947] ubi0: max/mean erase counter: 8/3, WL threshold: 4096, image sequence number: 262741923[    3.681951] ubi0: available PEBs: 0, total reserved PEBs: 64, PEBs reserved for bad PEB handling: 40[    3.691121] ubi0: background thread \"ubi_bgt0d\" started, PID 856[    3.725861] UBIFS (ubi0:0): recovery needed[    3.755675] UBIFS (ubi0:0): recovery deferred[    3.760015] UBIFS (ubi0:0): UBIFS: mounted UBI device 0, volume 0, name \"configs\", R/O mode[    3.768307] UBIFS (ubi0:0): LEB size: 126976 bytes (124 KiB), min./max. I/O unit sizes: 2048 bytes/2048 bytes[    3.778202] UBIFS (ubi0:0): FS size: 1396736 bytes (1 MiB, 11 LEBs), journal size 888833 bytes (0 MiB, 5 LEBs)[    3.788205] UBIFS (ubi0:0): reserved for root: 65970 bytes (64 KiB)[    3.794435] UBIFS (ubi0:0): media format: w4/r0 (latest is w4/r0), UUID A9E8BDA4-70DE-45D9-83BE-2DD9F129C0C6, small LPT model[    4.417014] IPv6: ADDRCONF(NETDEV_UP): eth0: link is not ready[    6.302493] macb e000b000.ethernet eth0: unable to generate target frequency: 25000000 Hz[    6.310599] macb e000b000.ethernet eth0: link up (100/Full)[    6.316190] IPv6: ADDRCONF(NETDEV_CHANGE): eth0: link becomes ready[    7.592750] mount_root: rootdisk overlay filesystem has not been formatted yet[    8.155431] EXT4-fs (loop0): mounted filesystem with ordered data mode. Opts: (null)[    8.696633] block: attempting to load /etc/config/fstab[    8.764075] EXT4-fs (mmcblk0p2): mounted filesystem with ordered data mode. Opts: [    8.862495] mount_root: switched to extroot[    8.869016] urandom-seed: Seeding with /etc/urandom.seed[    8.940386] procd: - early -[    8.943303] procd: - watchdog -[    9.312345] macb e000b000.ethernet eth0: link down[    9.570543] procd: - watchdog -[    9.573857] procd: - ubus -[    9.733271] procd: - init -[   10.029412] kmodloader: loading kernel modules from /etc/modules.d/*[   10.105587] tun: Universal TUN/TAP device driver, 1.6[   10.110565] tun: (C) 1999-2004 Max Krasnyansky <maxk@qualcomm.com>[   10.120023] ip6_tables: (C) 2000-2006 Netfilter Core Team[   10.133157] ip_tables: (C) 2000-2006 Netfilter Core Team[   10.273815] xt_time: kernel timezone is -0000[   10.284315] kmodloader: done loading kernel modules from /etc/modules.d/*[   13.126769] device eth0 entered promiscuous mode[   13.144067] IPv6: ADDRCONF(NETDEV_UP): br-lan: link is not ready[   13.322669] macb e000b000.ethernet eth0: unable to generate target frequency: 25000000 Hz[   13.330796] macb e000b000.ethernet eth0: link up (100/Full)[   13.336443] br-lan: port 1(eth0) entered forwarding state[   13.341830] br-lan: port 1(eth0) entered forwarding state[   13.347703] IPv6: ADDRCONF(NETDEV_CHANGE): br-lan: link becomes ready[   14.238747] random: nonblocking pool is initialized[   14.911737] Detecting miner model...[   15.332334] br-lan: port 1(eth0) entered forwarding state[   16.611557] [2m2023-04-02T19:11:27.690053Z[0m [32m INFO[0m [2mbosminer_plus_tuner[0m[2m:[0m Detected architecture Antminer X17/X19[   21.857334] [2m2023-04-02T19:11:32.936027Z[0m [32m INFO[0m [2mbosminer_plus_tuner::arch[0m[2m:[0m Detected Hash Board #0:[   21.857334] +--------------------+-------------------------+[   21.857334] |S/N                 |FXDZYH7AIABJE0E23        |[   21.857334] |BOM version         |01.00                    |[   21.857334] |PCB version         |01.00                    |[   21.857334] |Voltage   (Avg.)    |19.40 V                  |[   21.857334] |Frequency (Avg.)    |602 MHz                  |[   21.857334] |Hashrate            |25637.00 GH/s            |[   21.857334] +--------------------+-------------------------+[   21.857334] [   21.860768] Antminer S17+[   21.918176] [2m2023-04-02T19:11:32.936157Z[0m [32m INFO[0m [2mbosminer_plus_tuner::arch[0m[2m:[0m Detected Hash Board #1:[   21.918176] +--------------------+-------------------------+[   21.918176] |S/N                 |FXDZYH7AIABJE0V1N        |[   21.918176] |BOM version         |01.00                    |[   21.918176] |PCB version         |01.00                    |[   21.918176] |Voltage   (Avg.)    |19.60 V                  |[   21.918176] |Frequency (Avg.)    |570 MHz                  |[   21.918176] |Hashrate            |24275.00 GH/s            |[   21.918176] +--------------------+-------------------------+[   21.918176] [   21.976534] [2m2023-04-02T19:11:32.936226Z[0m [32m INFO[0m [2mbosminer_plus_tuner::arch[0m[2m:[0m Detected Hash Board #2:[   21.976534] +--------------------+-------------------------+[   21.976534] |S/N                 |FXDZYH7AIABJE0V1P        |[   21.976534] |BOM version         |01.00                    |[   21.976534] |PCB version         |01.00                    |[   21.976534] |Voltage   (Avg.)    |19.60 V                  |[   21.976534] |Frequency (Avg.)    |572 MHz                  |[   21.976534] |Hashrate            |24360.00 GH/s            |[   21.976534] +--------------------+-------------------------+[   21.976534]",
  "score": 0,
  "upvotes": 0,
  "downvotes": 0,
  "url": "https://bitcointalk.org/index.php?topic=5447136",
  "comments": [
    {
      "author": "BitMaxz",
      "created_time": "April 01, 2023, 04:27:35 PM",
      "body": "It looks fine have you set up the pool with the correct stratum URL and user and pass?If yes would you mind erasing everything and setting up it again make sure it doesn't have any extra spaces because it may lead to connection failure to the pool server.If it didn't work reflash the unit make sure to re-download the firmware and make sure only use a normal browser downloader don't use the internet download manager to avoid firmware corruption.",
      "score": 0,
      "upvotes": 0,
      "downvotes": 0
    },
    {
      "author": "kungen12321",
      "created_time": "April 02, 2023, 07:52:04 PM",
      "body": "Have been careful with the pool addresses, also deleted and wrote new ones but no improvement. Miner refuses to start hashing. Have also tried with another PSU and control board but without success. I feel sooo frustrated, after have spending so many hours without any progress:(LÄNKTEXT",
      "score": 0,
      "upvotes": 0,
      "downvotes": 0
    },
    {
      "author": "BitMaxz",
      "created_time": "April 03, 2023, 04:28:58 PM",
      "body": "Quote from: kungen12321 on April 02, 2023, 07:52:04 PMHave been careful with the pool addresses, also deleted and wrote new ones but no improvement. Miner refuses to start hashing. Have also tried with another PSU and control board but without success. I feel sooo frustrated, after have spending so many hours without any progress:(What exactly is your miner's current firmware? Does it look like a Braiins OS? I'm not so familiar with Braiins Logs but would you mind trying to reflash it back to stock firmware so that we can troubleshoot the issue of your miner?Once you revert it to stock firmware set it again and let it run for a few minutes before you copy the whole kernel logs and update here.",
      "score": 0,
      "upvotes": 0,
      "downvotes": 0
    }
  ]
}