{
  "id": "topic_5446543",
  "title": "miguelik",
  "author": "miguelik",
  "created_time": "March 27, 2023, 07:38:46 PMLast edit: March 28, 2023, 08:22:35 AM by miguelik",
  "content": "Hi forum,I just got my hands on a T9 miner which has 2 boards workingI reseted and connected and unconnected everything but not working... anyone thinks it's worth giving it a try at repairing it? Thanks!!These are the logs:Code:[    0.000000] Booting Linux on physical CPU 0x0[    0.000000] Linux version 3.14.0-xilinx-gb190cb0-dirty (lzq@armdev2) (gcc version 4.8.3 20140320 (prerelease) (Sourcery CodeBench Lite 2014.05-23) ) #57 SMP PREEMPT Fri Dec 9 14:49:22 CST 2016[    0.000000] CPU: ARMv7 Processor [413fc090] revision 0 (ARMv7), cr=18c5387d[    0.000000] CPU: PIPT / VIPT nonaliasing data cache, VIPT aliasing instruction cache[    0.000000] Machine model: Xilinx Zynq[    0.000000] cma: CMA: reserved 128 MiB at 27800000[    0.000000] Memory policy: Data cache writealloc[    0.000000] On node 0 totalpages: 258048[    0.000000] free_area_init_node: node 0, pgdat c0740a40, node_mem_map e6fd8000[    0.000000]   Normal zone: 1520 pages used for memmap[    0.000000]   Normal zone: 0 pages reserved[    0.000000]   Normal zone: 194560 pages, LIFO batch:31[    0.000000]   HighMem zone: 496 pages used for memmap[    0.000000]   HighMem zone: 63488 pages, LIFO batch:15[    0.000000] PERCPU: Embedded 8 pages/cpu @e6fc0000 s9088 r8192 d15488 u32768[    0.000000] pcpu-alloc: s9088 r8192 d15488 u32768 alloc=8*4096[    0.000000] pcpu-alloc: [0] 0 [0] 1 [    0.000000] Built 1 zonelists in Zone order, mobility grouping on.  Total pages: 256528[    0.000000] Kernel command line: noinitrd mem=1008M console=ttyPS0,115200 root=ubi0:rootfs ubi.mtd=1 rootfstype=ubifs rw rootwait[    0.000000] PID hash table entries: 4096 (order: 2, 16384 bytes)[    0.000000] Dentry cache hash table entries: 131072 (order: 7, 524288 bytes)[    0.000000] Inode-cache hash table entries: 65536 (order: 6, 262144 bytes)[    0.000000] Memory: 884148K/1032192K available (5032K kernel code, 283K rwdata, 1916K rodata, 204K init, 258K bss, 148044K reserved, 253952K highmem)[    0.000000] Virtual kernel memory layout:[    0.000000]     vector  : 0xffff0000 - 0xffff1000   (   4 kB)[    0.000000]     fixmap  : 0xfff00000 - 0xfffe0000   ( 896 kB)[    0.000000]     vmalloc : 0xf0000000 - 0xff000000   ( 240 MB)[    0.000000]     lowmem  : 0xc0000000 - 0xef800000   ( 760 MB)[    0.000000]     pkmap   : 0xbfe00000 - 0xc0000000   (   2 MB)[    0.000000]     modules : 0xbf000000 - 0xbfe00000   (  14 MB)[    0.000000]       .text : 0xc0008000 - 0xc06d1374   (6949 kB)[    0.000000]       .init : 0xc06d2000 - 0xc0705380   ( 205 kB)[    0.000000]       .data : 0xc0706000 - 0xc074cf78   ( 284 kB)[    0.000000]        .bss : 0xc074cf84 - 0xc078d9fc   ( 259 kB)[    0.000000] Preemptible hierarchical RCU implementation.[    0.000000]  Dump stacks of tasks blocking RCU-preempt GP.[    0.000000]  RCU restricting CPUs from NR_CPUS=4 to nr_cpu_ids=2.[    0.000000] RCU: Adjusting geometry for rcu_fanout_leaf=16, nr_cpu_ids=2[    0.000000] NR_IRQS:16 nr_irqs:16 16[    0.000000] ps7-slcr mapped to f0004000[    0.000000] zynq_clock_init: clkc starts at f0004100[    0.000000] Zynq clock init[    0.000015] sched_clock: 64 bits at 333MHz, resolution 3ns, wraps every 3298534883328ns[    0.000305] ps7-ttc #0 at f0006000, irq=43[    0.000615] Console: colour dummy device 80x30[    0.000650] Calibrating delay loop... 1332.01 BogoMIPS (lpj=6660096)[    0.090250] pid_max: default: 32768 minimum: 301[    0.090468] Mount-cache hash table entries: 2048 (order: 1, 8192 bytes)[    0.090490] Mountpoint-cache hash table entries: 2048 (order: 1, 8192 bytes)[    0.092643] CPU: Testing write buffer coherency: ok[    0.092987] CPU0: thread -1, cpu 0, socket 0, mpidr 80000000[    0.093048] Setting up static identity map for 0x4c4af8 - 0x4c4b50[    0.093271] L310 cache controller enabled[    0.093290] l2x0: 8 ways, CACHE_ID 0x410000c8, AUX_CTRL 0x72760000, Cache size: 512 kB[    0.171034] CPU1: Booted secondary processor[    0.260226] CPU1: thread -1, cpu 1, socket 0, mpidr 80000001[    0.260357] Brought up 2 CPUs[    0.260376] SMP: Total of 2 processors activated.[    0.260385] CPU: All CPU(s) started in SVC mode.[    0.261035] devtmpfs: initialized[    0.263449] VFP support v0.3: implementor 41 architecture 3 part 30 variant 9 rev 4[    0.264653] regulator-dummy: no parameters[    0.272345] NET: Registered protocol family 16[    0.274642] DMA: preallocated 256 KiB pool for atomic coherent allocations[    0.276917] cpuidle: using governor ladder[    0.276929] cpuidle: using governor menu[    0.284303] syscon f8000000.ps7-slcr: regmap [mem 0xf8000000-0xf8000fff] registered[    0.285801] hw-breakpoint: found 5 (+1 reserved) breakpoint and 1 watchpoint registers.[    0.285815] hw-breakpoint: maximum watchpoint size is 4 bytes.[    0.285930] zynq-ocm f800c000.ps7-ocmc: ZYNQ OCM pool: 256 KiB @ 0xf0080000[    0.307352] bio: create slab <bio-0> at 0[    0.308743] vgaarb: loaded[    0.309469] SCSI subsystem initialized[    0.310462] usbcore: registered new interface driver usbfs[    0.310637] usbcore: registered new interface driver hub[    0.310859] usbcore: registered new device driver usb[    0.312144] media: Linux media interface: v0.10[    0.312303] Linux video capture interface: v2.00[    0.312543] pps_core: LinuxPPS API ver. 1 registered[    0.312555] pps_core: Software ver. 5.3.6 - Copyright 2005-2007 Rodolfo Giometti <giometti@linux.it>[    0.312684] PTP clock support registered[    0.313033] EDAC MC: Ver: 3.0.0[    0.314061] Advanced Linux Sound Architecture Driver Initialized.[    0.316442] DMA-API: preallocated 4096 debug entries[    0.316456] DMA-API: debugging enabled by kernel config[    0.316538] Switched to clocksource arm_global_timer[    0.336764] NET: Registered protocol family 2[    0.337422] TCP established hash table entries: 8192 (order: 3, 32768 bytes)[    0.337520] TCP bind hash table entries: 8192 (order: 4, 65536 bytes)[    0.337679] TCP: Hash tables configured (established 8192 bind 8192)[    0.337750] TCP: reno registered[    0.337769] UDP hash table entries: 512 (order: 2, 16384 bytes)[    0.337819] UDP-Lite hash table entries: 512 (order: 2, 16384 bytes)[    0.338088] NET: Registered protocol family 1[    0.338449] RPC: Registered named UNIX socket transport module.[    0.338461] RPC: Registered udp transport module.[    0.338469] RPC: Registered tcp transport module.[    0.338478] RPC: Registered tcp NFSv4.1 backchannel transport module.[    0.338491] PCI: CLS 0 bytes, default 64[    0.338938] hw perfevents: enabled with ARMv7 Cortex-A9 PMU driver, 7 counters available[    0.340957] futex hash table entries: 512 (order: 3, 32768 bytes)[    0.342335] bounce pool size: 64 pages[    0.343228] jffs2: version 2.2. (NAND) © 2001-2006 Red Hat, Inc.[    0.343431] msgmni has been set to 1486[    0.344219] io scheduler noop registered[    0.344232] io scheduler deadline registered[    0.344271] io scheduler cfq registered (default)[    0.351793] dma-pl330 f8003000.ps7-dma: Loaded driver for PL330 DMAC-2364208[    0.351813] dma-pl330 f8003000.ps7-dma:  DBUFF-128x8bytes Num_Chans-8 Num_Peri-4 Num_Events-16[    0.473628] e0001000.serial: ttyPS0 at MMIO 0xe0001000 (irq = 82, base_baud = 3124999) is a xuartps[    1.046266] console [ttyPS0] enabled[    1.050552] xdevcfg f8007000.ps7-dev-cfg: ioremap 0xf8007000 to f0068000[    1.058190] [drm] Initialized drm 1.1.0 20060810[    1.075026] brd: module loaded[    1.084408] loop: module loaded[    1.093828] e1000e: Intel(R) PRO/1000 Network Driver - 2.3.2-k[    1.099663] e1000e: Copyright(c) 1999 - 2013 Intel Corporation.[    1.107429] libphy: XEMACPS mii bus: probed[    1.111800] ------------- phy_id = 0x3625e62[    1.116527] xemacps e000b000.ps7-ethernet: pdev->id -1, baseaddr 0xe000b000, irq 54[    1.125451] ehci_hcd: USB 2.0 'Enhanced' Host Controller (EHCI) Driver[    1.132294] ehci-pci: EHCI PCI platform driver[    1.139614] zynq-dr e0002000.ps7-usb: Unable to init USB phy, missing?[    1.146399] usbcore: registered new interface driver usb-storage[    1.153317] mousedev: PS/2 mouse device common for all mice[    1.159483] i2c /dev entries driver[    1.166377] zynq-edac f8006000.ps7-ddrc: ecc not enabled[    1.171900] cpufreq_cpu0: failed to get cpu0 regulator: -19[    1.177816] Xilinx Zynq CpuIdle Driver started[    1.182661] sdhci: Secure Digital Host Controller Interface driver[    1.188860] sdhci: Copyright(c) Pierre Ossman[    1.193132] sdhci-pltfm: SDHCI platform and OF driver helper[    1.199957] mmc0: no vqmmc regulator found[    1.203967] mmc0: no vmmc regulator found[    1.246564] mmc0: SDHCI controller on e0100000.ps7-sdio [e0100000.ps7-sdio] using ADMA[    1.255240] usbcore: registered new interface driver usbhid[    1.260753] usbhid: USB HID core driver[    1.265447] nand: device found, Manufacturer ID: 0x2c, Chip ID: 0xda[    1.271731] nand: Micron MT29F2G08ABAEAWP[    1.275707] nand: 256MiB, SLC, page size: 2048, OOB size: 64[    1.281663] Bad block table found at page 131008, version 0x01[    1.287890] Bad block table found at page 130944, version 0x01[    1.293944] 3 ofpart partitions found on MTD device pl353-nand[    1.299711] Creating 3 MTD partitions on \"pl353-nand\":[    1.304815] 0x000000000000-0x000002000000 : \"BOOT.bin-env-dts-kernel\"[    1.312884] 0x000002000000-0x00000b000000 : \"angstram-rootfs\"[    1.320200] 0x00000b000000-0x000010000000 : \"upgrade-rootfs\"[    1.329137] TCP: cubic registered[    1.332371] NET: Registered protocol family 17[    1.337108] Registering SWP/SWPB emulation handler[    1.342967] regulator-dummy: disabling[    1.347311] UBI: attaching mtd1 to ubi0[    1.872381] UBI: scanning is finished[    1.884009] UBI: attached mtd1 (name \"angstram-rootfs\", size 144 MiB) to ubi0[    1.891086] UBI: PEB size: 131072 bytes (128 KiB), LEB size: 126976 bytes[    1.897847] UBI: min./max. I/O unit sizes: 2048/2048, sub-page size 2048[    1.904512] UBI: VID header offset: 2048 (aligned 2048), data offset: 4096[    1.911390] UBI: good PEBs: 1152, bad PEBs: 0, corrupted PEBs: 0[    1.917370] UBI: user volume: 1, internal volumes: 1, max. volumes count: 128[    1.924477] UBI: max/mean erase counter: 4/1, WL threshold: 4096, image sequence number: 40244519[    1.933346] UBI: available PEBs: 0, total reserved PEBs: 1152, PEBs reserved for bad PEB handling: 40[    1.942563] UBI: background thread \"ubi_bgt0d\" started, PID 1080[    1.942569] drivers/rtc/hctosys.c: unable to open rtc device (rtc0)[    1.946491] ALSA device list:[    1.946495]   No soundcards found.[    1.962931] UBIFS: background thread \"ubifs_bgt0_0\" started, PID 1082[    1.991991] UBIFS: recovery needed[    2.093355] UBIFS: recovery completed[    2.097047] UBIFS: mounted UBI device 0, volume 0, name \"rootfs\"[    2.102972] UBIFS: LEB size: 126976 bytes (124 KiB), min./max. I/O unit sizes: 2048 bytes/2048 bytes[    2.112106] UBIFS: FS size: 128626688 bytes (122 MiB, 1013 LEBs), journal size 9023488 bytes (8 MiB, 72 LEBs)[    2.121991] UBIFS: reserved for root: 0 bytes (0 KiB)[    2.127029] UBIFS: media format: w4/r0 (latest is w4/r0), UUID D40982C6-E2F1-47EC-B21D-1B00F21DDB2A, small LPT model[    2.138320] VFS: Mounted root (ubifs filesystem) on device 0:11.[    2.145031] devtmpfs: mounted[    2.148159] Freeing unused kernel memory: 204K (c06d2000 - c0705000)[    2.982790] random: dd urandom read with 0 bits of entropy available[    3.376566] [    3.376566] bcm54xx_config_init[    3.986572] [    3.986572] bcm54xx_config_init[    7.987408] xemacps e000b000.ps7-ethernet: Set clk to 124999998 Hz[    7.993511] xemacps e000b000.ps7-ethernet: link up (1000/FULL)[   22.814035] In axi fpga driver![   22.817131] request_mem_region OK![   22.820495] AXI fpga dev virtual address is 0xf01fe000[   22.825600] *base_vir_addr = 0x8c510[   22.840850] In fpga mem driver![   22.843967] request_mem_region OK![   22.847584] fpga mem virtual address is 0xf3000000[   23.655973] [   23.655973] bcm54xx_config_init[   24.285900] [   24.285900] bcm54xx_config_init[   28.286326] xemacps e000b000.ps7-ethernet: Set clk to 124999998 Hz[   28.292432] xemacps e000b000.ps7-ethernet: link up (1000/FULL)This is XILINX board. Totalram:       1039794176Detect 1GB control board of XILINXDETECT HW version=0008c510Miner Type = T9AsicType = 1387real AsicNum = 57use critical mode to search freq...get PLUG ON=0x000000e0Find hashboard on Chain[5]Find hashboard on Chain[6]Find hashboard on Chain[7]set_reset_allhashboard = 0x0000ffffCheck chain[5] PIC fw version=0x03Check chain[6] PIC fw version=0x03Check chain[7] PIC fw version=0x03has freq in PIC, will disable freq setting.chain[5] has freq in PIC and will jump over...Chain[5] has core num in PICChain[5] ASIC[14] has core num=1Chain[5] ASIC[17] has core num=1Chain[5] ASIC[29] has core num=1Chain[5] ASIC[32] has core num=2Chain[5] ASIC[43] has core num=1Check chain[5] PIC fw version=0x03has freq in PIC, will disable freq setting.chain[6] has freq in PIC and will jump over...Chain[6] has core num in PICChain[6] ASIC[12] has core num=14Chain[6] ASIC[13] has core num=1Chain[6] ASIC[14] has core num=1Chain[6] ASIC[36] has core num=5Check chain[6] PIC fw version=0x03has freq in PIC, will disable freq setting.chain[7] has freq in PIC and will jump over...Chain[7] has core num in PICChain[7] ASIC[15] has core num=1Chain[7] ASIC[16] has core num=2Chain[7] ASIC[21] has core num=1Chain[7] ASIC[26] has core num=11Chain[7] ASIC[32] has core num=1Chain[7] ASIC[35] has core num=5Chain[7] ASIC[37] has core num=1Chain[7] ASIC[44] has core num=1Chain[7] ASIC[55] has core num=14Check chain[7] PIC fw version=0x03get PIC voltage=177 on chain[5], value=840get PIC voltage=177 on chain[6], value=840get PIC voltage=10 on chain[7], value=970set_reset_allhashboard = 0x00000000chain[5] temp offset record: 29,-4,2,-4,0,0,0,0chain[6] temp offset record: 29,-5,2,-4,0,0,0,0chain[7] temp offset record: 29,-3,2,-4,0,0,0,0set_reset_allhashboard = 0x0000ffffset_reset_allhashboard = 0x00000000CRC error counter=0set command mode to VIL--- check asic numberset_baud=0The min freq=700set real timeout 52, need sleep=379392After TEST CRC error counter=0search freq for 1 times, completed chain = 3, total chain num = 3 set_reset_allhashboard = 0x0000ffffset_reset_allhashboard = 0x00000000restart Miner chance num=2waiting for receive_func to exit!waiting for pic heart to exit!Start bmminer ...Detect 1GB control board of XILINXMiner Type = T9set_reset_allhashboard = 0x0000ffffset_reset_allhashboard = 0x00000000set_reset_allhashboard = 0x0000ffffset_reset_allhashboard = 0x0000ffffChain[J6] has backup chain_voltage=840Chain[J6] test patten OK temp=59Check chain[5] PIC fw version=0x03Chain[J7] has backup chain_voltage=840Chain[J7] test patten OK temp=63Check chain[6] PIC fw version=0x03Chain[J8] has backup chain_voltage=840Chain[J8] test patten OK temp=61Check chain[7] PIC fw version=0x03Chain[J6] orignal chain_voltage_pic=177 value=840Chain[J7] orignal chain_voltage_pic=177 value=840Chain[J8] orignal chain_voltage_pic=10 value=970Chain[J8] will use backup chain_voltage_pic=840 [177]Chain[J8] get working chain_voltage_pic=177set_reset_allhashboard = 0x0000ffffset_reset_allhashboard = 0x00000000Chain[J6] has 57 asicChain[J7] has 57 asicChain[J8] has 0 asicset_reset_hashboard = 0x00000080set_reset_hashboard = 0x00000000retry Chain[J8] has 0 asicset_reset_hashboard = 0x00000080set_reset_hashboard = 0x00000000retry Chain[J8] has 0 asicset_reset_hashboard = 0x00000080set_reset_hashboard = 0x00000000retry Chain[J8] has 0 asicset_reset_hashboard = 0x00000080set_reset_hashboard = 0x00000000retry Chain[J8] has 0 asicset_reset_hashboard = 0x00000080set_reset_hashboard = 0x00000000retry Chain[J8] has 0 asicset_reset_hashboard = 0x00000080set_reset_hashboard = 0x00000000retry Chain[J8] has 0 asicChain[J6] has core num in PICChain[J6] ASIC[14] has core num=1Chain[J6] ASIC[17] has core num=1Chain[J6] ASIC[29] has core num=1Chain[J6] ASIC[32] has core num=2Chain[J6] ASIC[43] has core num=1Chain[J7] has core num in PICChain[J7] ASIC[12] has core num=14Chain[J7] ASIC[13] has core num=1Chain[J7] ASIC[14] has core num=1Chain[J7] ASIC[36] has core num=5miner total rate=8428GH/s fixed rate=8000GH/sread PIC voltage=970 on chain[5]Chain:5 chipnum=57Chain[J6] voltage added=0.1VChain:5 temp offset=-4Chain:5 base freq=550Asic[ 0]:593 Asic[ 1]:600 Asic[ 2]:600 Asic[ 3]:587 Asic[ 4]:600 Asic[ 5]:600 Asic[ 6]:593 Asic[ 7]:581 Asic[ 8]:600 Asic[ 9]:593 Asic[10]:575 Asic[11]:600 Asic[12]:593 Asic[13]:600 Asic[14]:562 Asic[15]:600 Asic[16]:600 Asic[17]:556 Asic[18]:600 Asic[19]:600 Asic[20]:600 Asic[21]:600 Asic[22]:600 Asic[23]:600 Asic[24]:600 Asic[25]:600 Asic[26]:600 Asic[27]:600 Asic[28]:600 Asic[29]:550 Asic[30]:600 Asic[31]:600 Asic[32]:550 Asic[33]:600 Asic[34]:600 Asic[35]:600 Asic[36]:600 Asic[37]:587 Asic[38]:600 Asic[39]:600 Asic[40]:600 Asic[41]:593 Asic[42]:600 Asic[43]:556 Asic[44]:600 Asic[45]:600 Asic[46]:600 Asic[47]:600 Asic[48]:600 Asic[49]:600 Asic[50]:600 Asic[51]:600 Asic[52]:600 Asic[53]:600 Asic[54]:600 Asic[55]:600 Asic[56]:600 Chain:5 max freq=600Chain:5 min freq=550read PIC voltage=970 on chain[6]Chain:6 chipnum=57Chain[J7] voltage added=0.1VChain:6 temp offset=-5Chain:6 base freq=693Asic[ 0]:706 Asic[ 1]:706 Asic[ 2]:706 Asic[ 3]:706 Asic[ 4]:706 Asic[ 5]:706 Asic[ 6]:706 Asic[ 7]:706 Asic[ 8]:706 Asic[ 9]:706 Asic[10]:706 Asic[11]:706 Asic[12]:693 Asic[13]:706 Asic[14]:706 Asic[15]:706 Asic[16]:706 Asic[17]:706 Asic[18]:706 Asic[19]:706 Asic[20]:706 Asic[21]:706 Asic[22]:706 Asic[23]:706 Asic[24]:706 Asic[25]:706 Asic[26]:706 Asic[27]:706 Asic[28]:706 Asic[29]:706 Asic[30]:706 Asic[31]:706 Asic[32]:706 Asic[33]:706 Asic[34]:706 Asic[35]:706 Asic[36]:700 Asic[37]:706 Asic[38]:706 Asic[39]:706 Asic[40]:706 Asic[41]:706 Asic[42]:706 Asic[43]:706 Asic[44]:706 Asic[45]:706 Asic[46]:706 Asic[47]:706 Asic[48]:706 Asic[49]:706 Asic[50]:706 Asic[51]:706 Asic[52]:706 Asic[53]:706 Asic[54]:706 Asic[55]:706 Asic[56]:706 Chain:6 max freq=706Chain:6 min freq=693Miner fix freq ...read PIC voltage=970 on chain[5]Chain:5 chipnum=57Chain[J6] voltage added=0.1VChain:5 temp offset=-4Chain:5 base freq=550Asic[ 0]:593 Asic[ 1]:600 Asic[ 2]:600 Asic[ 3]:587 Asic[ 4]:600 Asic[ 5]:600 Asic[ 6]:593 Asic[ 7]:581 Asic[ 8]:600 Asic[ 9]:593 Asic[10]:575 Asic[11]:600 Asic[12]:593 Asic[13]:600 Asic[14]:562 Asic[15]:600 Asic[16]:600 Asic[17]:556 Asic[18]:600 Asic[19]:600 Asic[20]:600 Asic[21]:600 Asic[22]:600 Asic[23]:600 Asic[24]:600 Asic[25]:600 Asic[26]:600 Asic[27]:600 Asic[28]:600 Asic[29]:550 Asic[30]:600 Asic[31]:600 Asic[32]:550 Asic[33]:600 Asic[34]:600 Asic[35]:600 Asic[36]:600 Asic[37]:587 Asic[38]:600 Asic[39]:600 Asic[40]:600 Asic[41]:593 Asic[42]:600 Asic[43]:556 Asic[44]:600 Asic[45]:600 Asic[46]:600 Asic[47]:600 Asic[48]:600 Asic[49]:600 Asic[50]:600 Asic[51]:600 Asic[52]:600 Asic[53]:600 Asic[54]:600 Asic[55]:600 Asic[56]:600 Chain:5 max freq=600Chain:5 min freq=550read PIC voltage=970 on chain[6]Chain:6 chipnum=57Chain[J7] voltage added=0.1VChain:6 temp offset=-5Chain:6 base freq=693Asic[ 0]:706 Asic[ 1]:706 Asic[ 2]:706 Asic[ 3]:706 Asic[ 4]:706 Asic[ 5]:706 Asic[ 6]:706 Asic[ 7]:706 Asic[ 8]:706 Asic[ 9]:706 Asic[10]:706 Asic[11]:706 Asic[12]:693 Asic[13]:706 Asic[14]:706 Asic[15]:706 Asic[16]:706 Asic[17]:706 Asic[18]:706 Asic[19]:706 Asic[20]:706 Asic[21]:706 Asic[22]:706 Asic[23]:706 Asic[24]:706 Asic[25]:706 Asic[26]:706 Asic[27]:706 Asic[28]:706 Asic[29]:706 Asic[30]:706 Asic[31]:706 Asic[32]:706 Asic[33]:706 Asic[34]:706 Asic[35]:706 Asic[36]:700 Asic[37]:706 Asic[38]:706 Asic[39]:706 Asic[40]:706 Asic[41]:706 Asic[42]:706 Asic[43]:706 Asic[44]:706 Asic[45]:706 Asic[46]:706 Asic[47]:706 Asic[48]:706 Asic[49]:706 Asic[50]:706 Asic[51]:706 Asic[52]:706 Asic[53]:706 Asic[54]:706 Asic[55]:706 Asic[56]:706 Chain:6 max freq=706Chain:6 min freq=693max freq = 706set baud=1Chain[J6] PIC temp offset=29,-4,2,-4,0,0,0,0Chain[J6] chip[112] use PIC middle temp offset=-4 typeID=55New offset Chain[5] chip[112] local:28 remote:31 offset:27 Chain[J6] chip[112] get middle temp offset=27 typeID=55Chain[J6] chip[4] use PIC middle temp offset=-4 typeID=55New offset Chain[5] chip[4] local:27 remote:30 offset:27 Chain[J6] chip[4] get middle temp offset=27 typeID=55Chain[J7] PIC temp offset=29,-5,2,-4,0,0,0,0Chain[J7] chip[112] use PIC middle temp offset=-5 typeID=55New offset Chain[6] chip[112] local:29 remote:34 offset:25 Chain[J7] chip[112] get middle temp offset=25 typeID=55Chain[J7] chip[4] use PIC middle temp offset=-4 typeID=55New offset Chain[6] chip[4] local:29 remote:34 offset:25 Chain[J7] chip[4] get middle temp offset=25 typeID=55Chain[J6] set working voltage=840 [177]Chain[J7] set working voltage=840 [177]do heat board 8xPatten for 1 timesCheck voltage total rate=8428get PIC voltage=840 [177] on chain[5], check: must be < 970get PIC voltage=840 [177] on chain[6], check: must be < 970start send works on chain[5]start send works on chain[6]get send work num :51984 on Chain[5]get send work num :51984 on Chain[6]wait recv nonce on chain[5]wait recv nonce on chain[6]get nonces on chain[5]require nonce number:912require validnonce number:51984asic[00]=912 asic[01]=912 asic[02]=912 asic[03]=912 asic[04]=912 asic[05]=912 asic[06]=912 asic[07]=912 asic[08]=912 asic[09]=912 asic[10]=912 asic[11]=912 asic[12]=912 asic[13]=912 asic[14]=912 asic[15]=912 asic[16]=912 asic[17]=912 asic[18]=912 asic[19]=912 asic[20]=912 asic[21]=912 asic[22]=912 asic[23]=912 asic[24]=912 asic[25]=912 asic[26]=912 asic[27]=912 asic[28]=912 asic[29]=912 asic[30]=912 asic[31]=912 asic[32]=912 asic[33]=912 asic[34]=912 asic[35]=912 asic[36]=912 asic[37]=912 asic[38]=912 asic[39]=912 asic[40]=912 asic[41]=912 asic[42]=912 asic[43]=912 asic[44]=912 asic[45]=912 asic[46]=912 asic[47]=912 asic[48]=912 asic[49]=912 asic[50]=912 asic[51]=912 asic[52]=912 asic[53]=912 asic[54]=912 asic[55]=912 asic[56]=912 Below ASIC's core didn't receive all the nonce, they should receive 8 nonce each!freq[00]=593 freq[01]=600 freq[02]=600 freq[03]=587 freq[04]=600 freq[05]=600 freq[06]=593 freq[07]=581 freq[08]=600 freq[09]=593 freq[10]=575 freq[11]=600 freq[12]=593 freq[13]=600 freq[14]=562 freq[15]=600 freq[16]=600 freq[17]=556 freq[18]=600 freq[19]=600 freq[20]=600 freq[21]=600 freq[22]=600 freq[23]=600 freq[24]=600 freq[25]=600 freq[26]=600 freq[27]=600 freq[28]=600 freq[29]=550 freq[30]=600 freq[31]=600 freq[32]=550 freq[33]=600 freq[34]=600 freq[35]=600 freq[36]=600 freq[37]=587 freq[38]=600 freq[39]=600 freq[40]=600 freq[41]=593 freq[42]=600 freq[43]=556 freq[44]=600 freq[45]=600 freq[46]=600 freq[47]=600 freq[48]=600 freq[49]=600 freq[50]=600 freq[51]=600 freq[52]=600 freq[53]=600 freq[54]=600 freq[55]=600 freq[56]=600 total valid nonce number:51984total send work number:51984require valid nonce number:51984repeated_nonce_num:0err_nonce_num:20009last_nonce_num:37795get nonces on chain[6]require nonce number:912require validnonce number:51984asic[00]=912 asic[01]=912 asic[02]=912 asic[03]=912 asic[04]=912 asic[05]=912 asic[06]=912 asic[07]=912 asic[08]=912 asic[09]=912 asic[10]=912 asic[11]=912 asic[12]=912 asic[13]=912 asic[14]=912 asic[15]=912 asic[16]=912 asic[17]=912 asic[18]=912 asic[19]=912 asic[20]=912 asic[21]=912 asic[22]=912 asic[23]=912 asic[24]=912 asic[25]=912 asic[26]=912 asic[27]=912 asic[28]=912 asic[29]=912 asic[30]=912 asic[31]=912 asic[32]=912 asic[33]=912 asic[34]=912 asic[35]=912 asic[36]=912 asic[37]=912 asic[38]=912 asic[39]=912 asic[40]=912 asic[41]=912 asic[42]=912 asic[43]=912 asic[44]=912 asic[45]=912 asic[46]=912 asic[47]=912 asic[48]=912 asic[49]=912 asic[50]=912 asic[51]=912 asic[52]=912 asic[53]=912 asic[54]=912 asic[55]=912 asic[56]=912 Below ASIC's core didn't receive all the nonce, they should receive 8 nonce each!freq[00]=706 freq[01]=706 freq[02]=706 freq[03]=706 freq[04]=706 freq[05]=706 freq[06]=706 freq[07]=706 freq[08]=706 freq[09]=706 freq[10]=706 freq[11]=706 freq[12]=693 freq[13]=706 freq[14]=706 freq[15]=706 freq[16]=706 freq[17]=706 freq[18]=706 freq[19]=706 freq[20]=706 freq[21]=706 freq[22]=706 freq[23]=706 freq[24]=706 freq[25]=706 freq[26]=706 freq[27]=706 freq[28]=706 freq[29]=706 freq[30]=706 freq[31]=706 freq[32]=706 freq[33]=706 freq[34]=706 freq[35]=706 freq[36]=700 freq[37]=706 freq[38]=706 freq[39]=706 freq[40]=706 freq[41]=706 freq[42]=706 freq[43]=706 freq[44]=706 freq[45]=706 freq[46]=706 freq[47]=706 freq[48]=706 freq[49]=706 freq[50]=706 freq[51]=706 freq[52]=706 freq[53]=706 freq[54]=706 freq[55]=706 freq[56]=706 total valid nonce number:51984total send work number:51984require valid nonce number:51984repeated_nonce_num:0err_nonce_num:23646last_nonce_num:9527chain[5]: All chip cores are opened OK!Test Patten on chain[5]: OK!chain[6]: All chip cores are opened OK!Test Patten on chain[6]: OK!setStartTimePoint total_tv_start_sys=188 total_tv_end_sys=189restartNum = 2 , auto-reinit enabled...do read_temp_func once...do check_asic_reg 0x08get RT hashrate from Chain[5]: (asic index start from 1-57)Asic[01]=72.8800 Asic[02]=73.4840 Asic[03]=71.5210 Asic[04]=67.0750 Asic[05]=68.7190 Asic[06]=68.3330 Asic[07]=67.6620 Asic[08]=166.580 Asic[09]=69.5080 Asic[10]=71.4700 Asic[11]=65.6990 Asic[12]=69.8260 Asic[13]=65.0450 Asic[14]=70.0610 Asic[15]=68.2660 Asic[16]=70.7490 Asic[17]=72.3260 Asic[18]=65.3470 Asic[19]=72.6110 Asic[20]=66.4370 Asic[21]=99.1030 Asic[22]=70.7320 Asic[23]=68.9370 Asic[24]=77.2590 Asic[25]=68.7860 Asic[26]=67.6620 Asic[27]=69.1890 Asic[28]=68.7360 Asic[29]=66.6720 Asic[30]=63.7190 Asic[31]=64.5920 Asic[32]=70.3970 Asic[33]=63.0150 Asic[34]=70.2120 Asic[35]=69.6920 Asic[36]=70.7320 Asic[37]=66.4200 Asic[38]=67.4610 Asic[39]=68.4670 Asic[40]=70.6990 Asic[41]=68.8530 Asic[42]=69.4570 Asic[43]=69.8600 Asic[44]=66.0350 Asic[45]=63.0650 Asic[46]=67.0240 Asic[47]=66.8230 Asic[48]=69.8090 Asic[49]=69.6750 Asic[50]=111.669 Asic[51]=75.6820 Asic[52]=78.3490 Asic[53]=93.4490 Asic[54]=71.8230 Asic[55]=69.9770 Asic[56]=66.7390 Asic[57]=69.3900 get RT hashrate from Chain[6]: (asic index start from 1-57)Asic[01]=77.3420 Asic[02]=84.4900 Asic[03]=79.1040 Asic[04]=80.6310 Asic[05]=77.7280 Asic[06]=80.3120 Asic[07]=82.3250 Asic[08]=101.904 Asic[09]=81.1510 Asic[10]=76.5200 Asic[11]=83.1140 Asic[12]=79.2550 Asic[13]=76.1010 Asic[14]=80.6140 Asic[15]=79.7920 Asic[16]=80.1780 Asic[17]=78.7690 Asic[18]=80.5300 Asic[19]=81.3520 Asic[20]=80.2450 Asic[21]=86.3520 Asic[22]=83.7180 Asic[23]=81.2680 Asic[24]=81.9060 Asic[25]=80.4800 Asic[26]=86.0830 Asic[27]=86.0160 Asic[28]=80.9330 Asic[29]=82.6110 Asic[30]=81.1680 Asic[31]=79.1040 Asic[32]=81.1510 Asic[33]=83.0800 Asic[34]=78.9200 Asic[35]=81.7720 Asic[36]=81.0500 Asic[37]=83.0470 Asic[38]=85.2450 Asic[39]=76.7890 Asic[40]=84.1880 Asic[41]=79.0710 Asic[42]=84.2880 Asic[43]=81.9060 Asic[44]=85.8820 Asic[45]=79.3890 Asic[46]=80.5130 Asic[47]=78.2990 Asic[48]=75.0440 Asic[49]=82.1070 Asic[50]=80.5470 Asic[51]=86.4860 Asic[52]=81.7380 Asic[53]=83.5330 Asic[54]=85.4120 Asic[55]=81.5030 Asic[56]=78.0300 Asic[57]=82.1910 Check Chain[J6] ASIC RT error: (asic index start from 1-57)Asic[08]=166.580000Asic[50]=111.669000Check Chain[J7] ASIC RT error: (asic index start from 1-57)Asic[08]=101.904000Done check_asic_regdo read temp on Chain[5]Chain[5] Chip[29] TempTypeID=55 middle offset=27Chain[5] Chip[29] local Temp=54Chain[5] Chip[29] middle Temp=68Chain[5] Chip[2] TempTypeID=55 middle offset=27Chain[5] Chip[2] local Temp=53Chain[5] Chip[2] middle Temp=68Done read temp on Chain[5]do read temp on Chain[6]Chain[6] Chip[29] TempTypeID=55 middle offset=25Chain[6] Chip[29] local Temp=57Chain[6] Chip[29] middle Temp=69Chain[6] Chip[2] TempTypeID=55 middle offset=25Chain[6] Chip[2] local Temp=59Chain[6] Chip[2] middle Temp=74Done read temp on Chain[6]set FAN speed according to: temp_highest=74 temp_top1[PWM_T]=74 temp_top1[TEMP_POS_LOCAL]=59 temp_change=1 fix_fan_steps=-6set normal FAN speed... with fix_fan_steps=-7FAN PWM: 54read_temp_func Done!CRC error counter=1",
  "score": 0,
  "upvotes": 0,
  "downvotes": 0,
  "url": "https://bitcointalk.org/index.php?topic=5446543",
  "comments": [
    {
      "author": "BitMaxz",
      "created_time": "March 27, 2023, 11:39:37 PM",
      "body": "The 3rd hashboard has 0 ASIC according to the logs above.Have you tried to swap the cables from the known working to the 3rd hashboard? If not try it first.If the 3rd hashboard still didn't work then check this troubleshooting guide from zeusbtc below- https://www.zeusbtc.com/manuals/Antminer-T9-plus-Hash-Board-Repair-Guide.asp",
      "score": 0,
      "upvotes": 0,
      "downvotes": 0
    },
    {
      "author": "mikeywith",
      "created_time": "March 28, 2023, 02:21:21 AM",
      "body": "Quote from: miguelik on March 27, 2023, 07:38:46 PMChain[J6] has 57 asicChain[J7] has 57 asicChain[J8] has 0 asicThe Antminer T9 has a total of 171 chips, which means every single hashboard has 57 of them (unlike the S9 which has 63 each), the 3rd board which should be most left when standing in front of the miner (you can check the label on the control board it will be labeled there, either as J8 or something that represents the last number like 1,2,3 it will be 3).Check if that board is connected, check both the data/ribbon cable and the power cable from the PSU, swap hash boards and see if the kernel log changes, if not, try to flash the control board with a different firmware, if all fails, it means one of the chips is dead and needs fixing, which isn't an easy thing to do.And by the way, please use the code tag next time to post your kernel log.",
      "score": 0,
      "upvotes": 0,
      "downvotes": 0
    },
    {
      "author": "philipma1957",
      "created_time": "March 28, 2023, 02:42:20 AM",
      "body": "Quote from: miguelik on March 27, 2023, 07:38:46 PMHi forum,I just got my hands on a T9 miner which has 2 boards workingI reseted and connected and unconnected everything but not working... anyone thinks it's worth giving it a try at repairing it? Thanks!!These are the logs:Code:[    0.000000] Booting Linux on physical CPU 0x0[    0.000000] Linux version 3.14.0-xilinx-gb190cb0-dirty (lzq@armdev2) (gcc version 4.8.3 20140320 (prerelease) (Sourcery CodeBench Lite 2014.05-23) ) #57 SMP PREEMPT Fri Dec 9 14:49:22 CST 2016[    0.000000] CPU: ARMv7 Processor [413fc090] revision 0 (ARMv7), cr=18c5387d[    0.000000] CPU: PIPT / VIPT nonaliasing data cache, VIPT aliasing instruction cache[    0.000000] Machine model: Xilinx Zynq[    0.000000] cma: CMA: reserved 128 MiB at 27800000[    0.000000] Memory policy: Data cache writealloc[    0.000000] On node 0 totalpages: 258048[    0.000000] free_area_init_node: node 0, pgdat c0740a40, node_mem_map e6fd8000[    0.000000]   Normal zone: 1520 pages used for memmap[    0.000000]   Normal zone: 0 pages reserved[    0.000000]   Normal zone: 194560 pages, LIFO batch:31[    0.000000]   HighMem zone: 496 pages used for memmap[    0.000000]   HighMem zone: 63488 pages, LIFO batch:15[    0.000000] PERCPU: Embedded 8 pages/cpu @e6fc0000 s9088 r8192 d15488 u32768[    0.000000] pcpu-alloc: s9088 r8192 d15488 u32768 alloc=8*4096[    0.000000] pcpu-alloc: [0] 0 [0] 1 [    0.000000] Built 1 zonelists in Zone order, mobility grouping on.  Total pages: 256528[    0.000000] Kernel command line: noinitrd mem=1008M console=ttyPS0,115200 root=ubi0:rootfs ubi.mtd=1 rootfstype=ubifs rw rootwait[    0.000000] PID hash table entries: 4096 (order: 2, 16384 bytes)[    0.000000] Dentry cache hash table entries: 131072 (order: 7, 524288 bytes)[    0.000000] Inode-cache hash table entries: 65536 (order: 6, 262144 bytes)[    0.000000] Memory: 884148K/1032192K available (5032K kernel code, 283K rwdata, 1916K rodata, 204K init, 258K bss, 148044K reserved, 253952K highmem)[    0.000000] Virtual kernel memory layout:[    0.000000]     vector  : 0xffff0000 - 0xffff1000   (   4 kB)[    0.000000]     fixmap  : 0xfff00000 - 0xfffe0000   ( 896 kB)[    0.000000]     vmalloc : 0xf0000000 - 0xff000000   ( 240 MB)[    0.000000]     lowmem  : 0xc0000000 - 0xef800000   ( 760 MB)[    0.000000]     pkmap   : 0xbfe00000 - 0xc0000000   (   2 MB)[    0.000000]     modules : 0xbf000000 - 0xbfe00000   (  14 MB)[    0.000000]       .text : 0xc0008000 - 0xc06d1374   (6949 kB)[    0.000000]       .init : 0xc06d2000 - 0xc0705380   ( 205 kB)[    0.000000]       .data : 0xc0706000 - 0xc074cf78   ( 284 kB)[    0.000000]        .bss : 0xc074cf84 - 0xc078d9fc   ( 259 kB)[    0.000000] Preemptible hierarchical RCU implementation.[    0.000000]  Dump stacks of tasks blocking RCU-preempt GP.[    0.000000]  RCU restricting CPUs from NR_CPUS=4 to nr_cpu_ids=2.[    0.000000] RCU: Adjusting geometry for rcu_fanout_leaf=16, nr_cpu_ids=2[    0.000000] NR_IRQS:16 nr_irqs:16 16[    0.000000] ps7-slcr mapped to f0004000[    0.000000] zynq_clock_init: clkc starts at f0004100[    0.000000] Zynq clock init[    0.000015] sched_clock: 64 bits at 333MHz, resolution 3ns, wraps every 3298534883328ns[    0.000305] ps7-ttc #0 at f0006000, irq=43[    0.000615] Console: colour dummy device 80x30[    0.000650] Calibrating delay loop... 1332.01 BogoMIPS (lpj=6660096)[    0.090250] pid_max: default: 32768 minimum: 301[    0.090468] Mount-cache hash table entries: 2048 (order: 1, 8192 bytes)[    0.090490] Mountpoint-cache hash table entries: 2048 (order: 1, 8192 bytes)[    0.092643] CPU: Testing write buffer coherency: ok[    0.092987] CPU0: thread -1, cpu 0, socket 0, mpidr 80000000[    0.093048] Setting up static identity map for 0x4c4af8 - 0x4c4b50[    0.093271] L310 cache controller enabled[    0.093290] l2x0: 8 ways, CACHE_ID 0x410000c8, AUX_CTRL 0x72760000, Cache size: 512 kB[    0.171034] CPU1: Booted secondary processor[    0.260226] CPU1: thread -1, cpu 1, socket 0, mpidr 80000001[    0.260357] Brought up 2 CPUs[    0.260376] SMP: Total of 2 processors activated.[    0.260385] CPU: All CPU(s) started in SVC mode.[    0.261035] devtmpfs: initialized[    0.263449] VFP support v0.3: implementor 41 architecture 3 part 30 variant 9 rev 4[    0.264653] regulator-dummy: no parameters[    0.272345] NET: Registered protocol family 16[    0.274642] DMA: preallocated 256 KiB pool for atomic coherent allocations[    0.276917] cpuidle: using governor ladder[    0.276929] cpuidle: using governor menu[    0.284303] syscon f8000000.ps7-slcr: regmap [mem 0xf8000000-0xf8000fff] registered[    0.285801] hw-breakpoint: found 5 (+1 reserved) breakpoint and 1 watchpoint registers.[    0.285815] hw-breakpoint: maximum watchpoint size is 4 bytes.[    0.285930] zynq-ocm f800c000.ps7-ocmc: ZYNQ OCM pool: 256 KiB @ 0xf0080000[    0.307352] bio: create slab <bio-0> at 0[    0.308743] vgaarb: loaded[    0.309469] SCSI subsystem initialized[    0.310462] usbcore: registered new interface driver usbfs[    0.310637] usbcore: registered new interface driver hub[    0.310859] usbcore: registered new device driver usb[    0.312144] media: Linux media interface: v0.10[    0.312303] Linux video capture interface: v2.00[    0.312543] pps_core: LinuxPPS API ver. 1 registered[    0.312555] pps_core: Software ver. 5.3.6 - Copyright 2005-2007 Rodolfo Giometti <giometti@linux.it>[    0.312684] PTP clock support registered[    0.313033] EDAC MC: Ver: 3.0.0[    0.314061] Advanced Linux Sound Architecture Driver Initialized.[    0.316442] DMA-API: preallocated 4096 debug entries[    0.316456] DMA-API: debugging enabled by kernel config[    0.316538] Switched to clocksource arm_global_timer[    0.336764] NET: Registered protocol family 2[    0.337422] TCP established hash table entries: 8192 (order: 3, 32768 bytes)[    0.337520] TCP bind hash table entries: 8192 (order: 4, 65536 bytes)[    0.337679] TCP: Hash tables configured (established 8192 bind 8192)[    0.337750] TCP: reno registered[    0.337769] UDP hash table entries: 512 (order: 2, 16384 bytes)[    0.337819] UDP-Lite hash table entries: 512 (order: 2, 16384 bytes)[    0.338088] NET: Registered protocol family 1[    0.338449] RPC: Registered named UNIX socket transport module.[    0.338461] RPC: Registered udp transport module.[    0.338469] RPC: Registered tcp transport module.[    0.338478] RPC: Registered tcp NFSv4.1 backchannel transport module.[    0.338491] PCI: CLS 0 bytes, default 64[    0.338938] hw perfevents: enabled with ARMv7 Cortex-A9 PMU driver, 7 counters available[    0.340957] futex hash table entries: 512 (order: 3, 32768 bytes)[    0.342335] bounce pool size: 64 pages[    0.343228] jffs2: version 2.2. (NAND) © 2001-2006 Red Hat, Inc.[    0.343431] msgmni has been set to 1486[    0.344219] io scheduler noop registered[    0.344232] io scheduler deadline registered[    0.344271] io scheduler cfq registered (default)[    0.351793] dma-pl330 f8003000.ps7-dma: Loaded driver for PL330 DMAC-2364208[    0.351813] dma-pl330 f8003000.ps7-dma:  DBUFF-128x8bytes Num_Chans-8 Num_Peri-4 Num_Events-16[    0.473628] e0001000.serial: ttyPS0 at MMIO 0xe0001000 (irq = 82, base_baud = 3124999) is a xuartps[    1.046266] console [ttyPS0] enabled[    1.050552] xdevcfg f8007000.ps7-dev-cfg: ioremap 0xf8007000 to f0068000[    1.058190] [drm] Initialized drm 1.1.0 20060810[    1.075026] brd: module loaded[    1.084408] loop: module loaded[    1.093828] e1000e: Intel(R) PRO/1000 Network Driver - 2.3.2-k[    1.099663] e1000e: Copyright(c) 1999 - 2013 Intel Corporation.[    1.107429] libphy: XEMACPS mii bus: probed[    1.111800] ------------- phy_id = 0x3625e62[    1.116527] xemacps e000b000.ps7-ethernet: pdev->id -1, baseaddr 0xe000b000, irq 54[    1.125451] ehci_hcd: USB 2.0 'Enhanced' Host Controller (EHCI) Driver[    1.132294] ehci-pci: EHCI PCI platform driver[    1.139614] zynq-dr e0002000.ps7-usb: Unable to init USB phy, missing?[    1.146399] usbcore: registered new interface driver usb-storage[    1.153317] mousedev: PS/2 mouse device common for all mice[    1.159483] i2c /dev entries driver[    1.166377] zynq-edac f8006000.ps7-ddrc: ecc not enabled[    1.171900] cpufreq_cpu0: failed to get cpu0 regulator: -19[    1.177816] Xilinx Zynq CpuIdle Driver started[    1.182661] sdhci: Secure Digital Host Controller Interface driver[    1.188860] sdhci: Copyright(c) Pierre Ossman[    1.193132] sdhci-pltfm: SDHCI platform and OF driver helper[    1.199957] mmc0: no vqmmc regulator found[    1.203967] mmc0: no vmmc regulator found[    1.246564] mmc0: SDHCI controller on e0100000.ps7-sdio [e0100000.ps7-sdio] using ADMA[    1.255240] usbcore: registered new interface driver usbhid[    1.260753] usbhid: USB HID core driver[    1.265447] nand: device found, Manufacturer ID: 0x2c, Chip ID: 0xda[    1.271731] nand: Micron MT29F2G08ABAEAWP[    1.275707] nand: 256MiB, SLC, page size: 2048, OOB size: 64[    1.281663] Bad block table found at page 131008, version 0x01[    1.287890] Bad block table found at page 130944, version 0x01[    1.293944] 3 ofpart partitions found on MTD device pl353-nand[    1.299711] Creating 3 MTD partitions on \"pl353-nand\":[    1.304815] 0x000000000000-0x000002000000 : \"BOOT.bin-env-dts-kernel\"[    1.312884] 0x000002000000-0x00000b000000 : \"angstram-rootfs\"[    1.320200] 0x00000b000000-0x000010000000 : \"upgrade-rootfs\"[    1.329137] TCP: cubic registered[    1.332371] NET: Registered protocol family 17[    1.337108] Registering SWP/SWPB emulation handler[    1.342967] regulator-dummy: disabling[    1.347311] UBI: attaching mtd1 to ubi0[    1.872381] UBI: scanning is finished[    1.884009] UBI: attached mtd1 (name \"angstram-rootfs\", size 144 MiB) to ubi0[    1.891086] UBI: PEB size: 131072 bytes (128 KiB), LEB size: 126976 bytes[    1.897847] UBI: min./max. I/O unit sizes: 2048/2048, sub-page size 2048[    1.904512] UBI: VID header offset: 2048 (aligned 2048), data offset: 4096[    1.911390] UBI: good PEBs: 1152, bad PEBs: 0, corrupted PEBs: 0[    1.917370] UBI: user volume: 1, internal volumes: 1, max. volumes count: 128[    1.924477] UBI: max/mean erase counter: 4/1, WL threshold: 4096, image sequence number: 40244519[    1.933346] UBI: available PEBs: 0, total reserved PEBs: 1152, PEBs reserved for bad PEB handling: 40[    1.942563] UBI: background thread \"ubi_bgt0d\" started, PID 1080[    1.942569] drivers/rtc/hctosys.c: unable to open rtc device (rtc0)[    1.946491] ALSA device list:[    1.946495]   No soundcards found.[    1.962931] UBIFS: background thread \"ubifs_bgt0_0\" started, PID 1082[    1.991991] UBIFS: recovery needed[    2.093355] UBIFS: recovery completed[    2.097047] UBIFS: mounted UBI device 0, volume 0, name \"rootfs\"[    2.102972] UBIFS: LEB size: 126976 bytes (124 KiB), min./max. I/O unit sizes: 2048 bytes/2048 bytes[    2.112106] UBIFS: FS size: 128626688 bytes (122 MiB, 1013 LEBs), journal size 9023488 bytes (8 MiB, 72 LEBs)[    2.121991] UBIFS: reserved for root: 0 bytes (0 KiB)[    2.127029] UBIFS: media format: w4/r0 (latest is w4/r0), UUID D40982C6-E2F1-47EC-B21D-1B00F21DDB2A, small LPT model[    2.138320] VFS: Mounted root (ubifs filesystem) on device 0:11.[    2.145031] devtmpfs: mounted[    2.148159] Freeing unused kernel memory: 204K (c06d2000 - c0705000)[    2.982790] random: dd urandom read with 0 bits of entropy available[    3.376566] [    3.376566] bcm54xx_config_init[    3.986572] [    3.986572] bcm54xx_config_init[    7.987408] xemacps e000b000.ps7-ethernet: Set clk to 124999998 Hz[    7.993511] xemacps e000b000.ps7-ethernet: link up (1000/FULL)[   22.814035] In axi fpga driver![   22.817131] request_mem_region OK![   22.820495] AXI fpga dev virtual address is 0xf01fe000[   22.825600] *base_vir_addr = 0x8c510[   22.840850] In fpga mem driver![   22.843967] request_mem_region OK![   22.847584] fpga mem virtual address is 0xf3000000[   23.655973] [   23.655973] bcm54xx_config_init[   24.285900] [   24.285900] bcm54xx_config_init[   28.286326] xemacps e000b000.ps7-ethernet: Set clk to 124999998 Hz[   28.292432] xemacps e000b000.ps7-ethernet: link up (1000/FULL)This is XILINX board. Totalram:       1039794176Detect 1GB control board of XILINXDETECT HW version=0008c510Miner Type = T9AsicType = 1387real AsicNum = 57use critical mode to search freq...get PLUG ON=0x000000e0Find hashboard on Chain[5]Find hashboard on Chain[6]Find hashboard on Chain[7]set_reset_allhashboard = 0x0000ffffCheck chain[5] PIC fw version=0x03Check chain[6] PIC fw version=0x03Check chain[7] PIC fw version=0x03has freq in PIC, will disable freq setting.chain[5] has freq in PIC and will jump over...Chain[5] has core num in PICChain[5] ASIC[14] has core num=1Chain[5] ASIC[17] has core num=1Chain[5] ASIC[29] has core num=1Chain[5] ASIC[32] has core num=2Chain[5] ASIC[43] has core num=1Check chain[5] PIC fw version=0x03has freq in PIC, will disable freq setting.chain[6] has freq in PIC and will jump over...Chain[6] has core num in PICChain[6] ASIC[12] has core num=14Chain[6] ASIC[13] has core num=1Chain[6] ASIC[14] has core num=1Chain[6] ASIC[36] has core num=5Check chain[6] PIC fw version=0x03has freq in PIC, will disable freq setting.chain[7] has freq in PIC and will jump over...Chain[7] has core num in PICChain[7] ASIC[15] has core num=1Chain[7] ASIC[16] has core num=2Chain[7] ASIC[21] has core num=1Chain[7] ASIC[26] has core num=11Chain[7] ASIC[32] has core num=1Chain[7] ASIC[35] has core num=5Chain[7] ASIC[37] has core num=1Chain[7] ASIC[44] has core num=1Chain[7] ASIC[55] has core num=14Check chain[7] PIC fw version=0x03get PIC voltage=177 on chain[5], value=840get PIC voltage=177 on chain[6], value=840get PIC voltage=10 on chain[7], value=970set_reset_allhashboard = 0x00000000chain[5] temp offset record: 29,-4,2,-4,0,0,0,0chain[6] temp offset record: 29,-5,2,-4,0,0,0,0chain[7] temp offset record: 29,-3,2,-4,0,0,0,0set_reset_allhashboard = 0x0000ffffset_reset_allhashboard = 0x00000000CRC error counter=0set command mode to VIL--- check asic numberset_baud=0The min freq=700set real timeout 52, need sleep=379392After TEST CRC error counter=0search freq for 1 times, completed chain = 3, total chain num = 3 set_reset_allhashboard = 0x0000ffffset_reset_allhashboard = 0x00000000restart Miner chance num=2waiting for receive_func to exit!waiting for pic heart to exit!Start bmminer ...Detect 1GB control board of XILINXMiner Type = T9set_reset_allhashboard = 0x0000ffffset_reset_allhashboard = 0x00000000set_reset_allhashboard = 0x0000ffffset_reset_allhashboard = 0x0000ffffChain[J6] has backup chain_voltage=840Chain[J6] test patten OK temp=59Check chain[5] PIC fw version=0x03Chain[J7] has backup chain_voltage=840Chain[J7] test patten OK temp=63Check chain[6] PIC fw version=0x03Chain[J8] has backup chain_voltage=840Chain[J8] test patten OK temp=61Check chain[7] PIC fw version=0x03Chain[J6] orignal chain_voltage_pic=177 value=840Chain[J7] orignal chain_voltage_pic=177 value=840Chain[J8] orignal chain_voltage_pic=10 value=970Chain[J8] will use backup chain_voltage_pic=840 [177]Chain[J8] get working chain_voltage_pic=177set_reset_allhashboard = 0x0000ffffset_reset_allhashboard = 0x00000000Chain[J6] has 57 asicChain[J7] has 57 asicChain[J8] has 0 asicset_reset_hashboard = 0x00000080set_reset_hashboard = 0x00000000retry Chain[J8] has 0 asicset_reset_hashboard = 0x00000080set_reset_hashboard = 0x00000000retry Chain[J8] has 0 asicset_reset_hashboard = 0x00000080set_reset_hashboard = 0x00000000retry Chain[J8] has 0 asicset_reset_hashboard = 0x00000080set_reset_hashboard = 0x00000000retry Chain[J8] has 0 asicset_reset_hashboard = 0x00000080set_reset_hashboard = 0x00000000retry Chain[J8] has 0 asicset_reset_hashboard = 0x00000080set_reset_hashboard = 0x00000000retry Chain[J8] has 0 asicChain[J6] has core num in PICChain[J6] ASIC[14] has core num=1Chain[J6] ASIC[17] has core num=1Chain[J6] ASIC[29] has core num=1Chain[J6] ASIC[32] has core num=2Chain[J6] ASIC[43] has core num=1Chain[J7] has core num in PICChain[J7] ASIC[12] has core num=14Chain[J7] ASIC[13] has core num=1Chain[J7] ASIC[14] has core num=1Chain[J7] ASIC[36] has core num=5miner total rate=8428GH/s fixed rate=8000GH/sread PIC voltage=970 on chain[5]Chain:5 chipnum=57Chain[J6] voltage added=0.1VChain:5 temp offset=-4Chain:5 base freq=550Asic[ 0]:593 Asic[ 1]:600 Asic[ 2]:600 Asic[ 3]:587 Asic[ 4]:600 Asic[ 5]:600 Asic[ 6]:593 Asic[ 7]:581 Asic[ 8]:600 Asic[ 9]:593 Asic[10]:575 Asic[11]:600 Asic[12]:593 Asic[13]:600 Asic[14]:562 Asic[15]:600 Asic[16]:600 Asic[17]:556 Asic[18]:600 Asic[19]:600 Asic[20]:600 Asic[21]:600 Asic[22]:600 Asic[23]:600 Asic[24]:600 Asic[25]:600 Asic[26]:600 Asic[27]:600 Asic[28]:600 Asic[29]:550 Asic[30]:600 Asic[31]:600 Asic[32]:550 Asic[33]:600 Asic[34]:600 Asic[35]:600 Asic[36]:600 Asic[37]:587 Asic[38]:600 Asic[39]:600 Asic[40]:600 Asic[41]:593 Asic[42]:600 Asic[43]:556 Asic[44]:600 Asic[45]:600 Asic[46]:600 Asic[47]:600 Asic[48]:600 Asic[49]:600 Asic[50]:600 Asic[51]:600 Asic[52]:600 Asic[53]:600 Asic[54]:600 Asic[55]:600 Asic[56]:600 Chain:5 max freq=600Chain:5 min freq=550read PIC voltage=970 on chain[6]Chain:6 chipnum=57Chain[J7] voltage added=0.1VChain:6 temp offset=-5Chain:6 base freq=693Asic[ 0]:706 Asic[ 1]:706 Asic[ 2]:706 Asic[ 3]:706 Asic[ 4]:706 Asic[ 5]:706 Asic[ 6]:706 Asic[ 7]:706 Asic[ 8]:706 Asic[ 9]:706 Asic[10]:706 Asic[11]:706 Asic[12]:693 Asic[13]:706 Asic[14]:706 Asic[15]:706 Asic[16]:706 Asic[17]:706 Asic[18]:706 Asic[19]:706 Asic[20]:706 Asic[21]:706 Asic[22]:706 Asic[23]:706 Asic[24]:706 Asic[25]:706 Asic[26]:706 Asic[27]:706 Asic[28]:706 Asic[29]:706 Asic[30]:706 Asic[31]:706 Asic[32]:706 Asic[33]:706 Asic[34]:706 Asic[35]:706 Asic[36]:700 Asic[37]:706 Asic[38]:706 Asic[39]:706 Asic[40]:706 Asic[41]:706 Asic[42]:706 Asic[43]:706 Asic[44]:706 Asic[45]:706 Asic[46]:706 Asic[47]:706 Asic[48]:706 Asic[49]:706 Asic[50]:706 Asic[51]:706 Asic[52]:706 Asic[53]:706 Asic[54]:706 Asic[55]:706 Asic[56]:706 Chain:6 max freq=706Chain:6 min freq=693Miner fix freq ...read PIC voltage=970 on chain[5]Chain:5 chipnum=57Chain[J6] voltage added=0.1VChain:5 temp offset=-4Chain:5 base freq=550Asic[ 0]:593 Asic[ 1]:600 Asic[ 2]:600 Asic[ 3]:587 Asic[ 4]:600 Asic[ 5]:600 Asic[ 6]:593 Asic[ 7]:581 Asic[ 8]:600 Asic[ 9]:593 Asic[10]:575 Asic[11]:600 Asic[12]:593 Asic[13]:600 Asic[14]:562 Asic[15]:600 Asic[16]:600 Asic[17]:556 Asic[18]:600 Asic[19]:600 Asic[20]:600 Asic[21]:600 Asic[22]:600 Asic[23]:600 Asic[24]:600 Asic[25]:600 Asic[26]:600 Asic[27]:600 Asic[28]:600 Asic[29]:550 Asic[30]:600 Asic[31]:600 Asic[32]:550 Asic[33]:600 Asic[34]:600 Asic[35]:600 Asic[36]:600 Asic[37]:587 Asic[38]:600 Asic[39]:600 Asic[40]:600 Asic[41]:593 Asic[42]:600 Asic[43]:556 Asic[44]:600 Asic[45]:600 Asic[46]:600 Asic[47]:600 Asic[48]:600 Asic[49]:600 Asic[50]:600 Asic[51]:600 Asic[52]:600 Asic[53]:600 Asic[54]:600 Asic[55]:600 Asic[56]:600 Chain:5 max freq=600Chain:5 min freq=550read PIC voltage=970 on chain[6]Chain:6 chipnum=57Chain[J7] voltage added=0.1VChain:6 temp offset=-5Chain:6 base freq=693Asic[ 0]:706 Asic[ 1]:706 Asic[ 2]:706 Asic[ 3]:706 Asic[ 4]:706 Asic[ 5]:706 Asic[ 6]:706 Asic[ 7]:706 Asic[ 8]:706 Asic[ 9]:706 Asic[10]:706 Asic[11]:706 Asic[12]:693 Asic[13]:706 Asic[14]:706 Asic[15]:706 Asic[16]:706 Asic[17]:706 Asic[18]:706 Asic[19]:706 Asic[20]:706 Asic[21]:706 Asic[22]:706 Asic[23]:706 Asic[24]:706 Asic[25]:706 Asic[26]:706 Asic[27]:706 Asic[28]:706 Asic[29]:706 Asic[30]:706 Asic[31]:706 Asic[32]:706 Asic[33]:706 Asic[34]:706 Asic[35]:706 Asic[36]:700 Asic[37]:706 Asic[38]:706 Asic[39]:706 Asic[40]:706 Asic[41]:706 Asic[42]:706 Asic[43]:706 Asic[44]:706 Asic[45]:706 Asic[46]:706 Asic[47]:706 Asic[48]:706 Asic[49]:706 Asic[50]:706 Asic[51]:706 Asic[52]:706 Asic[53]:706 Asic[54]:706 Asic[55]:706 Asic[56]:706 Chain:6 max freq=706Chain:6 min freq=693max freq = 706set baud=1Chain[J6] PIC temp offset=29,-4,2,-4,0,0,0,0Chain[J6] chip[112] use PIC middle temp offset=-4 typeID=55New offset Chain[5] chip[112] local:28 remote:31 offset:27 Chain[J6] chip[112] get middle temp offset=27 typeID=55Chain[J6] chip[4] use PIC middle temp offset=-4 typeID=55New offset Chain[5] chip[4] local:27 remote:30 offset:27 Chain[J6] chip[4] get middle temp offset=27 typeID=55Chain[J7] PIC temp offset=29,-5,2,-4,0,0,0,0Chain[J7] chip[112] use PIC middle temp offset=-5 typeID=55New offset Chain[6] chip[112] local:29 remote:34 offset:25 Chain[J7] chip[112] get middle temp offset=25 typeID=55Chain[J7] chip[4] use PIC middle temp offset=-4 typeID=55New offset Chain[6] chip[4] local:29 remote:34 offset:25 Chain[J7] chip[4] get middle temp offset=25 typeID=55Chain[J6] set working voltage=840 [177]Chain[J7] set working voltage=840 [177]do heat board 8xPatten for 1 timesCheck voltage total rate=8428get PIC voltage=840 [177] on chain[5], check: must be < 970get PIC voltage=840 [177] on chain[6], check: must be < 970start send works on chain[5]start send works on chain[6]get send work num :51984 on Chain[5]get send work num :51984 on Chain[6]wait recv nonce on chain[5]wait recv nonce on chain[6]get nonces on chain[5]require nonce number:912require validnonce number:51984asic[00]=912 asic[01]=912 asic[02]=912 asic[03]=912 asic[04]=912 asic[05]=912 asic[06]=912 asic[07]=912 asic[08]=912 asic[09]=912 asic[10]=912 asic[11]=912 asic[12]=912 asic[13]=912 asic[14]=912 asic[15]=912 asic[16]=912 asic[17]=912 asic[18]=912 asic[19]=912 asic[20]=912 asic[21]=912 asic[22]=912 asic[23]=912 asic[24]=912 asic[25]=912 asic[26]=912 asic[27]=912 asic[28]=912 asic[29]=912 asic[30]=912 asic[31]=912 asic[32]=912 asic[33]=912 asic[34]=912 asic[35]=912 asic[36]=912 asic[37]=912 asic[38]=912 asic[39]=912 asic[40]=912 asic[41]=912 asic[42]=912 asic[43]=912 asic[44]=912 asic[45]=912 asic[46]=912 asic[47]=912 asic[48]=912 asic[49]=912 asic[50]=912 asic[51]=912 asic[52]=912 asic[53]=912 asic[54]=912 asic[55]=912 asic[56]=912 Below ASIC's core didn't receive all the nonce, they should receive 8 nonce each!freq[00]=593 freq[01]=600 freq[02]=600 freq[03]=587 freq[04]=600 freq[05]=600 freq[06]=593 freq[07]=581 freq[08]=600 freq[09]=593 freq[10]=575 freq[11]=600 freq[12]=593 freq[13]=600 freq[14]=562 freq[15]=600 freq[16]=600 freq[17]=556 freq[18]=600 freq[19]=600 freq[20]=600 freq[21]=600 freq[22]=600 freq[23]=600 freq[24]=600 freq[25]=600 freq[26]=600 freq[27]=600 freq[28]=600 freq[29]=550 freq[30]=600 freq[31]=600 freq[32]=550 freq[33]=600 freq[34]=600 freq[35]=600 freq[36]=600 freq[37]=587 freq[38]=600 freq[39]=600 freq[40]=600 freq[41]=593 freq[42]=600 freq[43]=556 freq[44]=600 freq[45]=600 freq[46]=600 freq[47]=600 freq[48]=600 freq[49]=600 freq[50]=600 freq[51]=600 freq[52]=600 freq[53]=600 freq[54]=600 freq[55]=600 freq[56]=600 total valid nonce number:51984total send work number:51984require valid nonce number:51984repeated_nonce_num:0err_nonce_num:20009last_nonce_num:37795get nonces on chain[6]require nonce number:912require validnonce number:51984asic[00]=912 asic[01]=912 asic[02]=912 asic[03]=912 asic[04]=912 asic[05]=912 asic[06]=912 asic[07]=912 asic[08]=912 asic[09]=912 asic[10]=912 asic[11]=912 asic[12]=912 asic[13]=912 asic[14]=912 asic[15]=912 asic[16]=912 asic[17]=912 asic[18]=912 asic[19]=912 asic[20]=912 asic[21]=912 asic[22]=912 asic[23]=912 asic[24]=912 asic[25]=912 asic[26]=912 asic[27]=912 asic[28]=912 asic[29]=912 asic[30]=912 asic[31]=912 asic[32]=912 asic[33]=912 asic[34]=912 asic[35]=912 asic[36]=912 asic[37]=912 asic[38]=912 asic[39]=912 asic[40]=912 asic[41]=912 asic[42]=912 asic[43]=912 asic[44]=912 asic[45]=912 asic[46]=912 asic[47]=912 asic[48]=912 asic[49]=912 asic[50]=912 asic[51]=912 asic[52]=912 asic[53]=912 asic[54]=912 asic[55]=912 asic[56]=912 Below ASIC's core didn't receive all the nonce, they should receive 8 nonce each!freq[00]=706 freq[01]=706 freq[02]=706 freq[03]=706 freq[04]=706 freq[05]=706 freq[06]=706 freq[07]=706 freq[08]=706 freq[09]=706 freq[10]=706 freq[11]=706 freq[12]=693 freq[13]=706 freq[14]=706 freq[15]=706 freq[16]=706 freq[17]=706 freq[18]=706 freq[19]=706 freq[20]=706 freq[21]=706 freq[22]=706 freq[23]=706 freq[24]=706 freq[25]=706 freq[26]=706 freq[27]=706 freq[28]=706 freq[29]=706 freq[30]=706 freq[31]=706 freq[32]=706 freq[33]=706 freq[34]=706 freq[35]=706 freq[36]=700 freq[37]=706 freq[38]=706 freq[39]=706 freq[40]=706 freq[41]=706 freq[42]=706 freq[43]=706 freq[44]=706 freq[45]=706 freq[46]=706 freq[47]=706 freq[48]=706 freq[49]=706 freq[50]=706 freq[51]=706 freq[52]=706 freq[53]=706 freq[54]=706 freq[55]=706 freq[56]=706 total valid nonce number:51984total send work number:51984require valid nonce number:51984repeated_nonce_num:0err_nonce_num:23646last_nonce_num:9527chain[5]: All chip cores are opened OK!Test Patten on chain[5]: OK!chain[6]: All chip cores are opened OK!Test Patten on chain[6]: OK!setStartTimePoint total_tv_start_sys=188 total_tv_end_sys=189restartNum = 2 , auto-reinit enabled...do read_temp_func once...do check_asic_reg 0x08get RT hashrate from Chain[5]: (asic index start from 1-57)Asic[01]=72.8800 Asic[02]=73.4840 Asic[03]=71.5210 Asic[04]=67.0750 Asic[05]=68.7190 Asic[06]=68.3330 Asic[07]=67.6620 Asic[08]=166.580 Asic[09]=69.5080 Asic[10]=71.4700 Asic[11]=65.6990 Asic[12]=69.8260 Asic[13]=65.0450 Asic[14]=70.0610 Asic[15]=68.2660 Asic[16]=70.7490 Asic[17]=72.3260 Asic[18]=65.3470 Asic[19]=72.6110 Asic[20]=66.4370 Asic[21]=99.1030 Asic[22]=70.7320 Asic[23]=68.9370 Asic[24]=77.2590 Asic[25]=68.7860 Asic[26]=67.6620 Asic[27]=69.1890 Asic[28]=68.7360 Asic[29]=66.6720 Asic[30]=63.7190 Asic[31]=64.5920 Asic[32]=70.3970 Asic[33]=63.0150 Asic[34]=70.2120 Asic[35]=69.6920 Asic[36]=70.7320 Asic[37]=66.4200 Asic[38]=67.4610 Asic[39]=68.4670 Asic[40]=70.6990 Asic[41]=68.8530 Asic[42]=69.4570 Asic[43]=69.8600 Asic[44]=66.0350 Asic[45]=63.0650 Asic[46]=67.0240 Asic[47]=66.8230 Asic[48]=69.8090 Asic[49]=69.6750 Asic[50]=111.669 Asic[51]=75.6820 Asic[52]=78.3490 Asic[53]=93.4490 Asic[54]=71.8230 Asic[55]=69.9770 Asic[56]=66.7390 Asic[57]=69.3900 get RT hashrate from Chain[6]: (asic index start from 1-57)Asic[01]=77.3420 Asic[02]=84.4900 Asic[03]=79.1040 Asic[04]=80.6310 Asic[05]=77.7280 Asic[06]=80.3120 Asic[07]=82.3250 Asic[08]=101.904 Asic[09]=81.1510 Asic[10]=76.5200 Asic[11]=83.1140 Asic[12]=79.2550 Asic[13]=76.1010 Asic[14]=80.6140 Asic[15]=79.7920 Asic[16]=80.1780 Asic[17]=78.7690 Asic[18]=80.5300 Asic[19]=81.3520 Asic[20]=80.2450 Asic[21]=86.3520 Asic[22]=83.7180 Asic[23]=81.2680 Asic[24]=81.9060 Asic[25]=80.4800 Asic[26]=86.0830 Asic[27]=86.0160 Asic[28]=80.9330 Asic[29]=82.6110 Asic[30]=81.1680 Asic[31]=79.1040 Asic[32]=81.1510 Asic[33]=83.0800 Asic[34]=78.9200 Asic[35]=81.7720 Asic[36]=81.0500 Asic[37]=83.0470 Asic[38]=85.2450 Asic[39]=76.7890 Asic[40]=84.1880 Asic[41]=79.0710 Asic[42]=84.2880 Asic[43]=81.9060 Asic[44]=85.8820 Asic[45]=79.3890 Asic[46]=80.5130 Asic[47]=78.2990 Asic[48]=75.0440 Asic[49]=82.1070 Asic[50]=80.5470 Asic[51]=86.4860 Asic[52]=81.7380 Asic[53]=83.5330 Asic[54]=85.4120 Asic[55]=81.5030 Asic[56]=78.0300 Asic[57]=82.1910 Check Chain[J6] ASIC RT error: (asic index start from 1-57)Asic[08]=166.580000Asic[50]=111.669000Check Chain[J7] ASIC RT error: (asic index start from 1-57)Asic[08]=101.904000Done check_asic_regdo read temp on Chain[5]Chain[5] Chip[29] TempTypeID=55 middle offset=27Chain[5] Chip[29] local Temp=54Chain[5] Chip[29] middle Temp=68Chain[5] Chip[2] TempTypeID=55 middle offset=27Chain[5] Chip[2] local Temp=53Chain[5] Chip[2] middle Temp=68Done read temp on Chain[5]do read temp on Chain[6]Chain[6] Chip[29] TempTypeID=55 middle offset=25Chain[6] Chip[29] local Temp=57Chain[6] Chip[29] middle Temp=69Chain[6] Chip[2] TempTypeID=55 middle offset=25Chain[6] Chip[2] local Temp=59Chain[6] Chip[2] middle Temp=74Done read temp on Chain[6]set FAN speed according to: temp_highest=74 temp_top1[PWM_T]=74 temp_top1[TEMP_POS_LOCAL]=59 temp_change=1 fix_fan_steps=-6set normal FAN speed... with fix_fan_steps=-7FAN PWM: 54read_temp_func Done!CRC error counter=1I did the code for you.10 th is about  75 cents a day with free power 6.6 th is about 50 cents a day with free power.so if you fix the board and have free power you make 25 cents a day",
      "score": 0,
      "upvotes": 0,
      "downvotes": 0
    },
    {
      "author": "miguelik",
      "created_time": "March 28, 2023, 08:23:33 AM",
      "body": "Thank you all very much! I'll start by swapping cables, and thanks for the link !",
      "score": 0,
      "upvotes": 0,
      "downvotes": 0
    },
    {
      "author": "miguelik",
      "created_time": "March 28, 2023, 08:24:28 AM",
      "body": "Quote from: philipma1957 on March 28, 2023, 02:42:20 AMQuote from: miguelik on March 27, 2023, 07:38:46 PMHi forum,I just got my hands on a T9 miner which has 2 boards workingI reseted and connected and unconnected everything but not working... anyone thinks it's worth giving it a try at repairing it? Thanks!!These are the logs:Code:[    0.000000] Booting Linux on physical CPU 0x0[    0.000000] Linux version 3.14.0-xilinx-gb190cb0-dirty (lzq@armdev2) (gcc version 4.8.3 20140320 (prerelease) (Sourcery CodeBench Lite 2014.05-23) ) #57 SMP PREEMPT Fri Dec 9 14:49:22 CST 2016[    0.000000] CPU: ARMv7 Processor [413fc090] revision 0 (ARMv7), cr=18c5387d[    0.000000] CPU: PIPT / VIPT nonaliasing data cache, VIPT aliasing instruction cache[    0.000000] Machine model: Xilinx Zynq[    0.000000] cma: CMA: reserved 128 MiB at 27800000[    0.000000] Memory policy: Data cache writealloc[    0.000000] On node 0 totalpages: 258048[    0.000000] free_area_init_node: node 0, pgdat c0740a40, node_mem_map e6fd8000[    0.000000]   Normal zone: 1520 pages used for memmap[    0.000000]   Normal zone: 0 pages reserved[    0.000000]   Normal zone: 194560 pages, LIFO batch:31[    0.000000]   HighMem zone: 496 pages used for memmap[    0.000000]   HighMem zone: 63488 pages, LIFO batch:15[    0.000000] PERCPU: Embedded 8 pages/cpu @e6fc0000 s9088 r8192 d15488 u32768[    0.000000] pcpu-alloc: s9088 r8192 d15488 u32768 alloc=8*4096[    0.000000] pcpu-alloc: [0] 0 [0] 1 [    0.000000] Built 1 zonelists in Zone order, mobility grouping on.  Total pages: 256528[    0.000000] Kernel command line: noinitrd mem=1008M console=ttyPS0,115200 root=ubi0:rootfs ubi.mtd=1 rootfstype=ubifs rw rootwait[    0.000000] PID hash table entries: 4096 (order: 2, 16384 bytes)[    0.000000] Dentry cache hash table entries: 131072 (order: 7, 524288 bytes)[    0.000000] Inode-cache hash table entries: 65536 (order: 6, 262144 bytes)[    0.000000] Memory: 884148K/1032192K available (5032K kernel code, 283K rwdata, 1916K rodata, 204K init, 258K bss, 148044K reserved, 253952K highmem)[    0.000000] Virtual kernel memory layout:[    0.000000]     vector  : 0xffff0000 - 0xffff1000   (   4 kB)[    0.000000]     fixmap  : 0xfff00000 - 0xfffe0000   ( 896 kB)[    0.000000]     vmalloc : 0xf0000000 - 0xff000000   ( 240 MB)[    0.000000]     lowmem  : 0xc0000000 - 0xef800000   ( 760 MB)[    0.000000]     pkmap   : 0xbfe00000 - 0xc0000000   (   2 MB)[    0.000000]     modules : 0xbf000000 - 0xbfe00000   (  14 MB)[    0.000000]       .text : 0xc0008000 - 0xc06d1374   (6949 kB)[    0.000000]       .init : 0xc06d2000 - 0xc0705380   ( 205 kB)[    0.000000]       .data : 0xc0706000 - 0xc074cf78   ( 284 kB)[    0.000000]        .bss : 0xc074cf84 - 0xc078d9fc   ( 259 kB)[    0.000000] Preemptible hierarchical RCU implementation.[    0.000000]  Dump stacks of tasks blocking RCU-preempt GP.[    0.000000]  RCU restricting CPUs from NR_CPUS=4 to nr_cpu_ids=2.[    0.000000] RCU: Adjusting geometry for rcu_fanout_leaf=16, nr_cpu_ids=2[    0.000000] NR_IRQS:16 nr_irqs:16 16[    0.000000] ps7-slcr mapped to f0004000[    0.000000] zynq_clock_init: clkc starts at f0004100[    0.000000] Zynq clock init[    0.000015] sched_clock: 64 bits at 333MHz, resolution 3ns, wraps every 3298534883328ns[    0.000305] ps7-ttc #0 at f0006000, irq=43[    0.000615] Console: colour dummy device 80x30[    0.000650] Calibrating delay loop... 1332.01 BogoMIPS (lpj=6660096)[    0.090250] pid_max: default: 32768 minimum: 301[    0.090468] Mount-cache hash table entries: 2048 (order: 1, 8192 bytes)[    0.090490] Mountpoint-cache hash table entries: 2048 (order: 1, 8192 bytes)[    0.092643] CPU: Testing write buffer coherency: ok[    0.092987] CPU0: thread -1, cpu 0, socket 0, mpidr 80000000[    0.093048] Setting up static identity map for 0x4c4af8 - 0x4c4b50[    0.093271] L310 cache controller enabled[    0.093290] l2x0: 8 ways, CACHE_ID 0x410000c8, AUX_CTRL 0x72760000, Cache size: 512 kB[    0.171034] CPU1: Booted secondary processor[    0.260226] CPU1: thread -1, cpu 1, socket 0, mpidr 80000001[    0.260357] Brought up 2 CPUs[    0.260376] SMP: Total of 2 processors activated.[    0.260385] CPU: All CPU(s) started in SVC mode.[    0.261035] devtmpfs: initialized[    0.263449] VFP support v0.3: implementor 41 architecture 3 part 30 variant 9 rev 4[    0.264653] regulator-dummy: no parameters[    0.272345] NET: Registered protocol family 16[    0.274642] DMA: preallocated 256 KiB pool for atomic coherent allocations[    0.276917] cpuidle: using governor ladder[    0.276929] cpuidle: using governor menu[    0.284303] syscon f8000000.ps7-slcr: regmap [mem 0xf8000000-0xf8000fff] registered[    0.285801] hw-breakpoint: found 5 (+1 reserved) breakpoint and 1 watchpoint registers.[    0.285815] hw-breakpoint: maximum watchpoint size is 4 bytes.[    0.285930] zynq-ocm f800c000.ps7-ocmc: ZYNQ OCM pool: 256 KiB @ 0xf0080000[    0.307352] bio: create slab <bio-0> at 0[    0.308743] vgaarb: loaded[    0.309469] SCSI subsystem initialized[    0.310462] usbcore: registered new interface driver usbfs[    0.310637] usbcore: registered new interface driver hub[    0.310859] usbcore: registered new device driver usb[    0.312144] media: Linux media interface: v0.10[    0.312303] Linux video capture interface: v2.00[    0.312543] pps_core: LinuxPPS API ver. 1 registered[    0.312555] pps_core: Software ver. 5.3.6 - Copyright 2005-2007 Rodolfo Giometti <giometti@linux.it>[    0.312684] PTP clock support registered[    0.313033] EDAC MC: Ver: 3.0.0[    0.314061] Advanced Linux Sound Architecture Driver Initialized.[    0.316442] DMA-API: preallocated 4096 debug entries[    0.316456] DMA-API: debugging enabled by kernel config[    0.316538] Switched to clocksource arm_global_timer[    0.336764] NET: Registered protocol family 2[    0.337422] TCP established hash table entries: 8192 (order: 3, 32768 bytes)[    0.337520] TCP bind hash table entries: 8192 (order: 4, 65536 bytes)[    0.337679] TCP: Hash tables configured (established 8192 bind 8192)[    0.337750] TCP: reno registered[    0.337769] UDP hash table entries: 512 (order: 2, 16384 bytes)[    0.337819] UDP-Lite hash table entries: 512 (order: 2, 16384 bytes)[    0.338088] NET: Registered protocol family 1[    0.338449] RPC: Registered named UNIX socket transport module.[    0.338461] RPC: Registered udp transport module.[    0.338469] RPC: Registered tcp transport module.[    0.338478] RPC: Registered tcp NFSv4.1 backchannel transport module.[    0.338491] PCI: CLS 0 bytes, default 64[    0.338938] hw perfevents: enabled with ARMv7 Cortex-A9 PMU driver, 7 counters available[    0.340957] futex hash table entries: 512 (order: 3, 32768 bytes)[    0.342335] bounce pool size: 64 pages[    0.343228] jffs2: version 2.2. (NAND) © 2001-2006 Red Hat, Inc.[    0.343431] msgmni has been set to 1486[    0.344219] io scheduler noop registered[    0.344232] io scheduler deadline registered[    0.344271] io scheduler cfq registered (default)[    0.351793] dma-pl330 f8003000.ps7-dma: Loaded driver for PL330 DMAC-2364208[    0.351813] dma-pl330 f8003000.ps7-dma:  DBUFF-128x8bytes Num_Chans-8 Num_Peri-4 Num_Events-16[    0.473628] e0001000.serial: ttyPS0 at MMIO 0xe0001000 (irq = 82, base_baud = 3124999) is a xuartps[    1.046266] console [ttyPS0] enabled[    1.050552] xdevcfg f8007000.ps7-dev-cfg: ioremap 0xf8007000 to f0068000[    1.058190] [drm] Initialized drm 1.1.0 20060810[    1.075026] brd: module loaded[    1.084408] loop: module loaded[    1.093828] e1000e: Intel(R) PRO/1000 Network Driver - 2.3.2-k[    1.099663] e1000e: Copyright(c) 1999 - 2013 Intel Corporation.[    1.107429] libphy: XEMACPS mii bus: probed[    1.111800] ------------- phy_id = 0x3625e62[    1.116527] xemacps e000b000.ps7-ethernet: pdev->id -1, baseaddr 0xe000b000, irq 54[    1.125451] ehci_hcd: USB 2.0 'Enhanced' Host Controller (EHCI) Driver[    1.132294] ehci-pci: EHCI PCI platform driver[    1.139614] zynq-dr e0002000.ps7-usb: Unable to init USB phy, missing?[    1.146399] usbcore: registered new interface driver usb-storage[    1.153317] mousedev: PS/2 mouse device common for all mice[    1.159483] i2c /dev entries driver[    1.166377] zynq-edac f8006000.ps7-ddrc: ecc not enabled[    1.171900] cpufreq_cpu0: failed to get cpu0 regulator: -19[    1.177816] Xilinx Zynq CpuIdle Driver started[    1.182661] sdhci: Secure Digital Host Controller Interface driver[    1.188860] sdhci: Copyright(c) Pierre Ossman[    1.193132] sdhci-pltfm: SDHCI platform and OF driver helper[    1.199957] mmc0: no vqmmc regulator found[    1.203967] mmc0: no vmmc regulator found[    1.246564] mmc0: SDHCI controller on e0100000.ps7-sdio [e0100000.ps7-sdio] using ADMA[    1.255240] usbcore: registered new interface driver usbhid[    1.260753] usbhid: USB HID core driver[    1.265447] nand: device found, Manufacturer ID: 0x2c, Chip ID: 0xda[    1.271731] nand: Micron MT29F2G08ABAEAWP[    1.275707] nand: 256MiB, SLC, page size: 2048, OOB size: 64[    1.281663] Bad block table found at page 131008, version 0x01[    1.287890] Bad block table found at page 130944, version 0x01[    1.293944] 3 ofpart partitions found on MTD device pl353-nand[    1.299711] Creating 3 MTD partitions on \"pl353-nand\":[    1.304815] 0x000000000000-0x000002000000 : \"BOOT.bin-env-dts-kernel\"[    1.312884] 0x000002000000-0x00000b000000 : \"angstram-rootfs\"[    1.320200] 0x00000b000000-0x000010000000 : \"upgrade-rootfs\"[    1.329137] TCP: cubic registered[    1.332371] NET: Registered protocol family 17[    1.337108] Registering SWP/SWPB emulation handler[    1.342967] regulator-dummy: disabling[    1.347311] UBI: attaching mtd1 to ubi0[    1.872381] UBI: scanning is finished[    1.884009] UBI: attached mtd1 (name \"angstram-rootfs\", size 144 MiB) to ubi0[    1.891086] UBI: PEB size: 131072 bytes (128 KiB), LEB size: 126976 bytes[    1.897847] UBI: min./max. I/O unit sizes: 2048/2048, sub-page size 2048[    1.904512] UBI: VID header offset: 2048 (aligned 2048), data offset: 4096[    1.911390] UBI: good PEBs: 1152, bad PEBs: 0, corrupted PEBs: 0[    1.917370] UBI: user volume: 1, internal volumes: 1, max. volumes count: 128[    1.924477] UBI: max/mean erase counter: 4/1, WL threshold: 4096, image sequence number: 40244519[    1.933346] UBI: available PEBs: 0, total reserved PEBs: 1152, PEBs reserved for bad PEB handling: 40[    1.942563] UBI: background thread \"ubi_bgt0d\" started, PID 1080[    1.942569] drivers/rtc/hctosys.c: unable to open rtc device (rtc0)[    1.946491] ALSA device list:[    1.946495]   No soundcards found.[    1.962931] UBIFS: background thread \"ubifs_bgt0_0\" started, PID 1082[    1.991991] UBIFS: recovery needed[    2.093355] UBIFS: recovery completed[    2.097047] UBIFS: mounted UBI device 0, volume 0, name \"rootfs\"[    2.102972] UBIFS: LEB size: 126976 bytes (124 KiB), min./max. I/O unit sizes: 2048 bytes/2048 bytes[    2.112106] UBIFS: FS size: 128626688 bytes (122 MiB, 1013 LEBs), journal size 9023488 bytes (8 MiB, 72 LEBs)[    2.121991] UBIFS: reserved for root: 0 bytes (0 KiB)[    2.127029] UBIFS: media format: w4/r0 (latest is w4/r0), UUID D40982C6-E2F1-47EC-B21D-1B00F21DDB2A, small LPT model[    2.138320] VFS: Mounted root (ubifs filesystem) on device 0:11.[    2.145031] devtmpfs: mounted[    2.148159] Freeing unused kernel memory: 204K (c06d2000 - c0705000)[    2.982790] random: dd urandom read with 0 bits of entropy available[    3.376566] [    3.376566] bcm54xx_config_init[    3.986572] [    3.986572] bcm54xx_config_init[    7.987408] xemacps e000b000.ps7-ethernet: Set clk to 124999998 Hz[    7.993511] xemacps e000b000.ps7-ethernet: link up (1000/FULL)[   22.814035] In axi fpga driver![   22.817131] request_mem_region OK![   22.820495] AXI fpga dev virtual address is 0xf01fe000[   22.825600] *base_vir_addr = 0x8c510[   22.840850] In fpga mem driver![   22.843967] request_mem_region OK![   22.847584] fpga mem virtual address is 0xf3000000[   23.655973] [   23.655973] bcm54xx_config_init[   24.285900] [   24.285900] bcm54xx_config_init[   28.286326] xemacps e000b000.ps7-ethernet: Set clk to 124999998 Hz[   28.292432] xemacps e000b000.ps7-ethernet: link up (1000/FULL)This is XILINX board. Totalram:       1039794176Detect 1GB control board of XILINXDETECT HW version=0008c510Miner Type = T9AsicType = 1387real AsicNum = 57use critical mode to search freq...get PLUG ON=0x000000e0Find hashboard on Chain[5]Find hashboard on Chain[6]Find hashboard on Chain[7]set_reset_allhashboard = 0x0000ffffCheck chain[5] PIC fw version=0x03Check chain[6] PIC fw version=0x03Check chain[7] PIC fw version=0x03has freq in PIC, will disable freq setting.chain[5] has freq in PIC and will jump over...Chain[5] has core num in PICChain[5] ASIC[14] has core num=1Chain[5] ASIC[17] has core num=1Chain[5] ASIC[29] has core num=1Chain[5] ASIC[32] has core num=2Chain[5] ASIC[43] has core num=1Check chain[5] PIC fw version=0x03has freq in PIC, will disable freq setting.chain[6] has freq in PIC and will jump over...Chain[6] has core num in PICChain[6] ASIC[12] has core num=14Chain[6] ASIC[13] has core num=1Chain[6] ASIC[14] has core num=1Chain[6] ASIC[36] has core num=5Check chain[6] PIC fw version=0x03has freq in PIC, will disable freq setting.chain[7] has freq in PIC and will jump over...Chain[7] has core num in PICChain[7] ASIC[15] has core num=1Chain[7] ASIC[16] has core num=2Chain[7] ASIC[21] has core num=1Chain[7] ASIC[26] has core num=11Chain[7] ASIC[32] has core num=1Chain[7] ASIC[35] has core num=5Chain[7] ASIC[37] has core num=1Chain[7] ASIC[44] has core num=1Chain[7] ASIC[55] has core num=14Check chain[7] PIC fw version=0x03get PIC voltage=177 on chain[5], value=840get PIC voltage=177 on chain[6], value=840get PIC voltage=10 on chain[7], value=970set_reset_allhashboard = 0x00000000chain[5] temp offset record: 29,-4,2,-4,0,0,0,0chain[6] temp offset record: 29,-5,2,-4,0,0,0,0chain[7] temp offset record: 29,-3,2,-4,0,0,0,0set_reset_allhashboard = 0x0000ffffset_reset_allhashboard = 0x00000000CRC error counter=0set command mode to VIL--- check asic numberset_baud=0The min freq=700set real timeout 52, need sleep=379392After TEST CRC error counter=0search freq for 1 times, completed chain = 3, total chain num = 3 set_reset_allhashboard = 0x0000ffffset_reset_allhashboard = 0x00000000restart Miner chance num=2waiting for receive_func to exit!waiting for pic heart to exit!Start bmminer ...Detect 1GB control board of XILINXMiner Type = T9set_reset_allhashboard = 0x0000ffffset_reset_allhashboard = 0x00000000set_reset_allhashboard = 0x0000ffffset_reset_allhashboard = 0x0000ffffChain[J6] has backup chain_voltage=840Chain[J6] test patten OK temp=59Check chain[5] PIC fw version=0x03Chain[J7] has backup chain_voltage=840Chain[J7] test patten OK temp=63Check chain[6] PIC fw version=0x03Chain[J8] has backup chain_voltage=840Chain[J8] test patten OK temp=61Check chain[7] PIC fw version=0x03Chain[J6] orignal chain_voltage_pic=177 value=840Chain[J7] orignal chain_voltage_pic=177 value=840Chain[J8] orignal chain_voltage_pic=10 value=970Chain[J8] will use backup chain_voltage_pic=840 [177]Chain[J8] get working chain_voltage_pic=177set_reset_allhashboard = 0x0000ffffset_reset_allhashboard = 0x00000000Chain[J6] has 57 asicChain[J7] has 57 asicChain[J8] has 0 asicset_reset_hashboard = 0x00000080set_reset_hashboard = 0x00000000retry Chain[J8] has 0 asicset_reset_hashboard = 0x00000080set_reset_hashboard = 0x00000000retry Chain[J8] has 0 asicset_reset_hashboard = 0x00000080set_reset_hashboard = 0x00000000retry Chain[J8] has 0 asicset_reset_hashboard = 0x00000080set_reset_hashboard = 0x00000000retry Chain[J8] has 0 asicset_reset_hashboard = 0x00000080set_reset_hashboard = 0x00000000retry Chain[J8] has 0 asicset_reset_hashboard = 0x00000080set_reset_hashboard = 0x00000000retry Chain[J8] has 0 asicChain[J6] has core num in PICChain[J6] ASIC[14] has core num=1Chain[J6] ASIC[17] has core num=1Chain[J6] ASIC[29] has core num=1Chain[J6] ASIC[32] has core num=2Chain[J6] ASIC[43] has core num=1Chain[J7] has core num in PICChain[J7] ASIC[12] has core num=14Chain[J7] ASIC[13] has core num=1Chain[J7] ASIC[14] has core num=1Chain[J7] ASIC[36] has core num=5miner total rate=8428GH/s fixed rate=8000GH/sread PIC voltage=970 on chain[5]Chain:5 chipnum=57Chain[J6] voltage added=0.1VChain:5 temp offset=-4Chain:5 base freq=550Asic[ 0]:593 Asic[ 1]:600 Asic[ 2]:600 Asic[ 3]:587 Asic[ 4]:600 Asic[ 5]:600 Asic[ 6]:593 Asic[ 7]:581 Asic[ 8]:600 Asic[ 9]:593 Asic[10]:575 Asic[11]:600 Asic[12]:593 Asic[13]:600 Asic[14]:562 Asic[15]:600 Asic[16]:600 Asic[17]:556 Asic[18]:600 Asic[19]:600 Asic[20]:600 Asic[21]:600 Asic[22]:600 Asic[23]:600 Asic[24]:600 Asic[25]:600 Asic[26]:600 Asic[27]:600 Asic[28]:600 Asic[29]:550 Asic[30]:600 Asic[31]:600 Asic[32]:550 Asic[33]:600 Asic[34]:600 Asic[35]:600 Asic[36]:600 Asic[37]:587 Asic[38]:600 Asic[39]:600 Asic[40]:600 Asic[41]:593 Asic[42]:600 Asic[43]:556 Asic[44]:600 Asic[45]:600 Asic[46]:600 Asic[47]:600 Asic[48]:600 Asic[49]:600 Asic[50]:600 Asic[51]:600 Asic[52]:600 Asic[53]:600 Asic[54]:600 Asic[55]:600 Asic[56]:600 Chain:5 max freq=600Chain:5 min freq=550read PIC voltage=970 on chain[6]Chain:6 chipnum=57Chain[J7] voltage added=0.1VChain:6 temp offset=-5Chain:6 base freq=693Asic[ 0]:706 Asic[ 1]:706 Asic[ 2]:706 Asic[ 3]:706 Asic[ 4]:706 Asic[ 5]:706 Asic[ 6]:706 Asic[ 7]:706 Asic[ 8]:706 Asic[ 9]:706 Asic[10]:706 Asic[11]:706 Asic[12]:693 Asic[13]:706 Asic[14]:706 Asic[15]:706 Asic[16]:706 Asic[17]:706 Asic[18]:706 Asic[19]:706 Asic[20]:706 Asic[21]:706 Asic[22]:706 Asic[23]:706 Asic[24]:706 Asic[25]:706 Asic[26]:706 Asic[27]:706 Asic[28]:706 Asic[29]:706 Asic[30]:706 Asic[31]:706 Asic[32]:706 Asic[33]:706 Asic[34]:706 Asic[35]:706 Asic[36]:700 Asic[37]:706 Asic[38]:706 Asic[39]:706 Asic[40]:706 Asic[41]:706 Asic[42]:706 Asic[43]:706 Asic[44]:706 Asic[45]:706 Asic[46]:706 Asic[47]:706 Asic[48]:706 Asic[49]:706 Asic[50]:706 Asic[51]:706 Asic[52]:706 Asic[53]:706 Asic[54]:706 Asic[55]:706 Asic[56]:706 Chain:6 max freq=706Chain:6 min freq=693Miner fix freq ...read PIC voltage=970 on chain[5]Chain:5 chipnum=57Chain[J6] voltage added=0.1VChain:5 temp offset=-4Chain:5 base freq=550Asic[ 0]:593 Asic[ 1]:600 Asic[ 2]:600 Asic[ 3]:587 Asic[ 4]:600 Asic[ 5]:600 Asic[ 6]:593 Asic[ 7]:581 Asic[ 8]:600 Asic[ 9]:593 Asic[10]:575 Asic[11]:600 Asic[12]:593 Asic[13]:600 Asic[14]:562 Asic[15]:600 Asic[16]:600 Asic[17]:556 Asic[18]:600 Asic[19]:600 Asic[20]:600 Asic[21]:600 Asic[22]:600 Asic[23]:600 Asic[24]:600 Asic[25]:600 Asic[26]:600 Asic[27]:600 Asic[28]:600 Asic[29]:550 Asic[30]:600 Asic[31]:600 Asic[32]:550 Asic[33]:600 Asic[34]:600 Asic[35]:600 Asic[36]:600 Asic[37]:587 Asic[38]:600 Asic[39]:600 Asic[40]:600 Asic[41]:593 Asic[42]:600 Asic[43]:556 Asic[44]:600 Asic[45]:600 Asic[46]:600 Asic[47]:600 Asic[48]:600 Asic[49]:600 Asic[50]:600 Asic[51]:600 Asic[52]:600 Asic[53]:600 Asic[54]:600 Asic[55]:600 Asic[56]:600 Chain:5 max freq=600Chain:5 min freq=550read PIC voltage=970 on chain[6]Chain:6 chipnum=57Chain[J7] voltage added=0.1VChain:6 temp offset=-5Chain:6 base freq=693Asic[ 0]:706 Asic[ 1]:706 Asic[ 2]:706 Asic[ 3]:706 Asic[ 4]:706 Asic[ 5]:706 Asic[ 6]:706 Asic[ 7]:706 Asic[ 8]:706 Asic[ 9]:706 Asic[10]:706 Asic[11]:706 Asic[12]:693 Asic[13]:706 Asic[14]:706 Asic[15]:706 Asic[16]:706 Asic[17]:706 Asic[18]:706 Asic[19]:706 Asic[20]:706 Asic[21]:706 Asic[22]:706 Asic[23]:706 Asic[24]:706 Asic[25]:706 Asic[26]:706 Asic[27]:706 Asic[28]:706 Asic[29]:706 Asic[30]:706 Asic[31]:706 Asic[32]:706 Asic[33]:706 Asic[34]:706 Asic[35]:706 Asic[36]:700 Asic[37]:706 Asic[38]:706 Asic[39]:706 Asic[40]:706 Asic[41]:706 Asic[42]:706 Asic[43]:706 Asic[44]:706 Asic[45]:706 Asic[46]:706 Asic[47]:706 Asic[48]:706 Asic[49]:706 Asic[50]:706 Asic[51]:706 Asic[52]:706 Asic[53]:706 Asic[54]:706 Asic[55]:706 Asic[56]:706 Chain:6 max freq=706Chain:6 min freq=693max freq = 706set baud=1Chain[J6] PIC temp offset=29,-4,2,-4,0,0,0,0Chain[J6] chip[112] use PIC middle temp offset=-4 typeID=55New offset Chain[5] chip[112] local:28 remote:31 offset:27 Chain[J6] chip[112] get middle temp offset=27 typeID=55Chain[J6] chip[4] use PIC middle temp offset=-4 typeID=55New offset Chain[5] chip[4] local:27 remote:30 offset:27 Chain[J6] chip[4] get middle temp offset=27 typeID=55Chain[J7] PIC temp offset=29,-5,2,-4,0,0,0,0Chain[J7] chip[112] use PIC middle temp offset=-5 typeID=55New offset Chain[6] chip[112] local:29 remote:34 offset:25 Chain[J7] chip[112] get middle temp offset=25 typeID=55Chain[J7] chip[4] use PIC middle temp offset=-4 typeID=55New offset Chain[6] chip[4] local:29 remote:34 offset:25 Chain[J7] chip[4] get middle temp offset=25 typeID=55Chain[J6] set working voltage=840 [177]Chain[J7] set working voltage=840 [177]do heat board 8xPatten for 1 timesCheck voltage total rate=8428get PIC voltage=840 [177] on chain[5], check: must be < 970get PIC voltage=840 [177] on chain[6], check: must be < 970start send works on chain[5]start send works on chain[6]get send work num :51984 on Chain[5]get send work num :51984 on Chain[6]wait recv nonce on chain[5]wait recv nonce on chain[6]get nonces on chain[5]require nonce number:912require validnonce number:51984asic[00]=912 asic[01]=912 asic[02]=912 asic[03]=912 asic[04]=912 asic[05]=912 asic[06]=912 asic[07]=912 asic[08]=912 asic[09]=912 asic[10]=912 asic[11]=912 asic[12]=912 asic[13]=912 asic[14]=912 asic[15]=912 asic[16]=912 asic[17]=912 asic[18]=912 asic[19]=912 asic[20]=912 asic[21]=912 asic[22]=912 asic[23]=912 asic[24]=912 asic[25]=912 asic[26]=912 asic[27]=912 asic[28]=912 asic[29]=912 asic[30]=912 asic[31]=912 asic[32]=912 asic[33]=912 asic[34]=912 asic[35]=912 asic[36]=912 asic[37]=912 asic[38]=912 asic[39]=912 asic[40]=912 asic[41]=912 asic[42]=912 asic[43]=912 asic[44]=912 asic[45]=912 asic[46]=912 asic[47]=912 asic[48]=912 asic[49]=912 asic[50]=912 asic[51]=912 asic[52]=912 asic[53]=912 asic[54]=912 asic[55]=912 asic[56]=912 Below ASIC's core didn't receive all the nonce, they should receive 8 nonce each!freq[00]=593 freq[01]=600 freq[02]=600 freq[03]=587 freq[04]=600 freq[05]=600 freq[06]=593 freq[07]=581 freq[08]=600 freq[09]=593 freq[10]=575 freq[11]=600 freq[12]=593 freq[13]=600 freq[14]=562 freq[15]=600 freq[16]=600 freq[17]=556 freq[18]=600 freq[19]=600 freq[20]=600 freq[21]=600 freq[22]=600 freq[23]=600 freq[24]=600 freq[25]=600 freq[26]=600 freq[27]=600 freq[28]=600 freq[29]=550 freq[30]=600 freq[31]=600 freq[32]=550 freq[33]=600 freq[34]=600 freq[35]=600 freq[36]=600 freq[37]=587 freq[38]=600 freq[39]=600 freq[40]=600 freq[41]=593 freq[42]=600 freq[43]=556 freq[44]=600 freq[45]=600 freq[46]=600 freq[47]=600 freq[48]=600 freq[49]=600 freq[50]=600 freq[51]=600 freq[52]=600 freq[53]=600 freq[54]=600 freq[55]=600 freq[56]=600 total valid nonce number:51984total send work number:51984require valid nonce number:51984repeated_nonce_num:0err_nonce_num:20009last_nonce_num:37795get nonces on chain[6]require nonce number:912require validnonce number:51984asic[00]=912 asic[01]=912 asic[02]=912 asic[03]=912 asic[04]=912 asic[05]=912 asic[06]=912 asic[07]=912 asic[08]=912 asic[09]=912 asic[10]=912 asic[11]=912 asic[12]=912 asic[13]=912 asic[14]=912 asic[15]=912 asic[16]=912 asic[17]=912 asic[18]=912 asic[19]=912 asic[20]=912 asic[21]=912 asic[22]=912 asic[23]=912 asic[24]=912 asic[25]=912 asic[26]=912 asic[27]=912 asic[28]=912 asic[29]=912 asic[30]=912 asic[31]=912 asic[32]=912 asic[33]=912 asic[34]=912 asic[35]=912 asic[36]=912 asic[37]=912 asic[38]=912 asic[39]=912 asic[40]=912 asic[41]=912 asic[42]=912 asic[43]=912 asic[44]=912 asic[45]=912 asic[46]=912 asic[47]=912 asic[48]=912 asic[49]=912 asic[50]=912 asic[51]=912 asic[52]=912 asic[53]=912 asic[54]=912 asic[55]=912 asic[56]=912 Below ASIC's core didn't receive all the nonce, they should receive 8 nonce each!freq[00]=706 freq[01]=706 freq[02]=706 freq[03]=706 freq[04]=706 freq[05]=706 freq[06]=706 freq[07]=706 freq[08]=706 freq[09]=706 freq[10]=706 freq[11]=706 freq[12]=693 freq[13]=706 freq[14]=706 freq[15]=706 freq[16]=706 freq[17]=706 freq[18]=706 freq[19]=706 freq[20]=706 freq[21]=706 freq[22]=706 freq[23]=706 freq[24]=706 freq[25]=706 freq[26]=706 freq[27]=706 freq[28]=706 freq[29]=706 freq[30]=706 freq[31]=706 freq[32]=706 freq[33]=706 freq[34]=706 freq[35]=706 freq[36]=700 freq[37]=706 freq[38]=706 freq[39]=706 freq[40]=706 freq[41]=706 freq[42]=706 freq[43]=706 freq[44]=706 freq[45]=706 freq[46]=706 freq[47]=706 freq[48]=706 freq[49]=706 freq[50]=706 freq[51]=706 freq[52]=706 freq[53]=706 freq[54]=706 freq[55]=706 freq[56]=706 total valid nonce number:51984total send work number:51984require valid nonce number:51984repeated_nonce_num:0err_nonce_num:23646last_nonce_num:9527chain[5]: All chip cores are opened OK!Test Patten on chain[5]: OK!chain[6]: All chip cores are opened OK!Test Patten on chain[6]: OK!setStartTimePoint total_tv_start_sys=188 total_tv_end_sys=189restartNum = 2 , auto-reinit enabled...do read_temp_func once...do check_asic_reg 0x08get RT hashrate from Chain[5]: (asic index start from 1-57)Asic[01]=72.8800 Asic[02]=73.4840 Asic[03]=71.5210 Asic[04]=67.0750 Asic[05]=68.7190 Asic[06]=68.3330 Asic[07]=67.6620 Asic[08]=166.580 Asic[09]=69.5080 Asic[10]=71.4700 Asic[11]=65.6990 Asic[12]=69.8260 Asic[13]=65.0450 Asic[14]=70.0610 Asic[15]=68.2660 Asic[16]=70.7490 Asic[17]=72.3260 Asic[18]=65.3470 Asic[19]=72.6110 Asic[20]=66.4370 Asic[21]=99.1030 Asic[22]=70.7320 Asic[23]=68.9370 Asic[24]=77.2590 Asic[25]=68.7860 Asic[26]=67.6620 Asic[27]=69.1890 Asic[28]=68.7360 Asic[29]=66.6720 Asic[30]=63.7190 Asic[31]=64.5920 Asic[32]=70.3970 Asic[33]=63.0150 Asic[34]=70.2120 Asic[35]=69.6920 Asic[36]=70.7320 Asic[37]=66.4200 Asic[38]=67.4610 Asic[39]=68.4670 Asic[40]=70.6990 Asic[41]=68.8530 Asic[42]=69.4570 Asic[43]=69.8600 Asic[44]=66.0350 Asic[45]=63.0650 Asic[46]=67.0240 Asic[47]=66.8230 Asic[48]=69.8090 Asic[49]=69.6750 Asic[50]=111.669 Asic[51]=75.6820 Asic[52]=78.3490 Asic[53]=93.4490 Asic[54]=71.8230 Asic[55]=69.9770 Asic[56]=66.7390 Asic[57]=69.3900 get RT hashrate from Chain[6]: (asic index start from 1-57)Asic[01]=77.3420 Asic[02]=84.4900 Asic[03]=79.1040 Asic[04]=80.6310 Asic[05]=77.7280 Asic[06]=80.3120 Asic[07]=82.3250 Asic[08]=101.904 Asic[09]=81.1510 Asic[10]=76.5200 Asic[11]=83.1140 Asic[12]=79.2550 Asic[13]=76.1010 Asic[14]=80.6140 Asic[15]=79.7920 Asic[16]=80.1780 Asic[17]=78.7690 Asic[18]=80.5300 Asic[19]=81.3520 Asic[20]=80.2450 Asic[21]=86.3520 Asic[22]=83.7180 Asic[23]=81.2680 Asic[24]=81.9060 Asic[25]=80.4800 Asic[26]=86.0830 Asic[27]=86.0160 Asic[28]=80.9330 Asic[29]=82.6110 Asic[30]=81.1680 Asic[31]=79.1040 Asic[32]=81.1510 Asic[33]=83.0800 Asic[34]=78.9200 Asic[35]=81.7720 Asic[36]=81.0500 Asic[37]=83.0470 Asic[38]=85.2450 Asic[39]=76.7890 Asic[40]=84.1880 Asic[41]=79.0710 Asic[42]=84.2880 Asic[43]=81.9060 Asic[44]=85.8820 Asic[45]=79.3890 Asic[46]=80.5130 Asic[47]=78.2990 Asic[48]=75.0440 Asic[49]=82.1070 Asic[50]=80.5470 Asic[51]=86.4860 Asic[52]=81.7380 Asic[53]=83.5330 Asic[54]=85.4120 Asic[55]=81.5030 Asic[56]=78.0300 Asic[57]=82.1910 Check Chain[J6] ASIC RT error: (asic index start from 1-57)Asic[08]=166.580000Asic[50]=111.669000Check Chain[J7] ASIC RT error: (asic index start from 1-57)Asic[08]=101.904000Done check_asic_regdo read temp on Chain[5]Chain[5] Chip[29] TempTypeID=55 middle offset=27Chain[5] Chip[29] local Temp=54Chain[5] Chip[29] middle Temp=68Chain[5] Chip[2] TempTypeID=55 middle offset=27Chain[5] Chip[2] local Temp=53Chain[5] Chip[2] middle Temp=68Done read temp on Chain[5]do read temp on Chain[6]Chain[6] Chip[29] TempTypeID=55 middle offset=25Chain[6] Chip[29] local Temp=57Chain[6] Chip[29] middle Temp=69Chain[6] Chip[2] TempTypeID=55 middle offset=25Chain[6] Chip[2] local Temp=59Chain[6] Chip[2] middle Temp=74Done read temp on Chain[6]set FAN speed according to: temp_highest=74 temp_top1[PWM_T]=74 temp_top1[TEMP_POS_LOCAL]=59 temp_change=1 fix_fan_steps=-6set normal FAN speed... with fix_fan_steps=-7FAN PWM: 54read_temp_func Done!CRC error counter=1I did the code for you.10 th is about  75 cents a day with free power 6.6 th is about 50 cents a day with free power.so if you fix the board and have free power you make 25 cents a dayYes... It's not worth it living in Spain... But it's a nice hobby",
      "score": 0,
      "upvotes": 0,
      "downvotes": 0
    }
  ]
}