{
  "id": "topic_5440424",
  "title": "agbermejo",
  "author": "agbermejo",
  "created_time": "February 19, 2023, 01:27:20 PM",
  "content": "Hi ,I have a S19a pro and after of upgrade dosent work.I try to change the eeprom and differetnt firmware , vnish,and nopthing.My 3 hashboards is BHB42651 .my log is:reemptible hierarchical RCU implementation.   Build-time adjustment of leaf fanout to 32.   RCU restricting CPUs from NR_CPUS=4 to nr_cpu_ids=2.RCU: Adjusting geometry for rcu_fanout_leaf=32, nr_cpu_ids=2NR_IRQS:16 nr_irqs:16 16efuse mapped to cf800000ps7-slcr mapped to cf802000L2C: platform modifies aux control register: 0x72360000 -> 0x72760000L2C: DT/platform modifies aux control register: 0x72360000 -> 0x72760000L2C-310 erratum 769419 enabledL2C-310 enabling early BRESP for Cortex-A9L2C-310 full line of zeros enabled for Cortex-A9L2C-310 ID prefetch enabled, offset 1 linesL2C-310 dynamic clock gating enabled, standby mode enabledL2C-310 cache controller enabled, 8 ways, 512 kBL2C-310: CACHE_ID 0x410000c8, AUX_CTRL 0x76760001zynq_clock_init: clkc starts at cf802100Zynq clock initsched_clock: 64 bits at 333MHz, resolution 3ns, wraps every 4398046511103nsclocksource: arm_global_timer: mask: 0xffffffffffffffff max_cycles: 0x4ce07af025, max_idle_ns: 440795209040 nsSwitching to timer-based delay loop, resolution 3nsclocksource: ttc_clocksource: mask: 0xffff max_cycles: 0xffff, max_idle_ns: 537538477 nsps7-ttc #0 at cf80a000, irq=18Console: colour dummy device 80x30Calibrating delay loop (skipped), value calculated using timer frequency.. 666.66 BogoMIPS (lpj=3333333)pid_max: default: 32768 minimum: 301Mount-cache hash table entries: 1024 (order: 0, 4096 bytes)Mountpoint-cache hash table entries: 1024 (order: 0, 4096 bytes)CPU: Testing write buffer coherency: okCPU0: thread -1, cpu 0, socket 0, mpidr 80000000Setting up static identity map for 0x100000 - 0x100058CPU1: failed to boot: -1Brought up 1 CPUsSMP: Total of 1 processors activated (666.66 BogoMIPS).CPU: All CPU(s) started in SVC mode.devtmpfs: initializedVFP support v0.3: implementor 41 architecture 3 part 30 variant 9 rev 4clocksource: jiffies: mask: 0xffffffff max_cycles: 0xffffffff, max_idle_ns: 19112604462750000 nspinctrl core: initialized pinctrl subsystemNET: Registered protocol family 16DMA: preallocated 256 KiB pool for atomic coherent allocationscpuidle: using governor menuhw-breakpoint: found 5 (+1 reserved) breakpoint and 1 watchpoint registers.hw-breakpoint: maximum watchpoint size is 4 bytes.zynq-ocm f800c000.ps7-ocmc: ZYNQ OCM pool: 256 KiB @ 0xcf880000vgaarb: loadedSCSI subsystem initializedusbcore: registered new interface driver usbfsusbcore: registered new interface driver hubusbcore: registered new device driver usbmedia: Linux media interface: v0.10Linux video capture interface: v2.00pps_core: LinuxPPS API ver. 1 registeredpps_core: Software ver. 5.3.6 - Copyright 2005-2007 Rodolfo Giometti <giometti@linux.it>PTP clock support registeredEDAC MC: Ver: 3.0.0Advanced Linux Sound Architecture Driver Initialized.clocksource: Switched to clocksource arm_global_timerNET: Registered protocol family 2TCP established hash table entries: 2048 (order: 1, 8192 bytes)TCP bind hash table entries: 2048 (order: 2, 16384 bytes)TCP: Hash tables configured (established 2048 bind 2048)UDP hash table entries: 256 (order: 1, 8192 bytes)UDP-Lite hash table entries: 256 (order: 1, 8192 bytes)NET: Registered protocol family 1RPC: Registered named UNIX socket transport module.RPC: Registered udp transport module.RPC: Registered tcp transport module.RPC: Registered tcp NFSv4.1 backchannel transport module.PCI: CLS 0 bytes, default 64Trying to unpack rootfs image as initramfs...rootfs image is not initramfs (no cpio magic); looks like an initrdFreeing initrd memory: 6700K (cd46f000 - cdafa000)hw perfevents: enabled with armv7_cortex_a9 PMU driver, 7 counters availablefutex hash table entries: 512 (order: 3, 32768 bytes)workingset: timestamp_bits=28 max_order=16 bucket_order=0jffs2: version 2.2. (NAND) (SUMMARY)  © 2001-2006 Red Hat, Inc.io scheduler noop registeredio scheduler deadline registeredio scheduler cfq registered (default)dma-pl330 f8003000.ps7-dma: Loaded driver for PL330 DMAC-241330dma-pl330 f8003000.ps7-dma:    DBUFF-128x8bytes Num_Chans-8 Num_Peri-4 Num_Events-16e0000000.serial: ttyPS0 at MMIO 0xe0000000 (irq = 159, base_baud = 6249999) is a xuartpsconsole [ttyPS0] enabledxdevcfg f8007000.ps7-dev-cfg: ioremap 0xf8007000 to cf86e000[drm] Initialized drm 1.1.0 20060810brd: module loadedloop: module loadedCAN device driver interfacegpiod_set_value: invalid GPIOlibphy: MACB_mii_bus: probedmacb e000b000.ethernet eth0: Cadence GEM rev 0x00020118 at 0xe000b000 irq 31 (00:0a:35:00:00:00)Generic PHY e000b000.etherne:00: attached PHY driver [Generic PHY] (mii_bus:phy_addr=e000b000.etherne:00, irq=-1)e1000e: Intel(R) PRO/1000 Network Driver - 3.2.6-ke1000e: Copyright(c) 1999 - 2015 Intel Corporation.ehci_hcd: USB 2.0 'Enhanced' Host Controller (EHCI) Driverehci-pci: EHCI PCI platform driverusbcore: registered new interface driver usb-storagemousedev: PS/2 mouse device common for all micei2c /dev entries drivercdns-i2c e0005000.ps7_i2c: 100 kHz mmio e0005000 irq 154Xilinx Zynq CpuIdle Driver startedsdhci: Secure Digital Host Controller Interface driversdhci: Copyright(c) Pierre Ossmansdhci-pltfm: SDHCI platform and OF driver helpermmc0: SDHCI controller on e0100000.ps7-sdio [e0100000.ps7-sdio] using ADMAledtrig-cpu: registered to indicate activity on CPUsusbcore: registered new interface driver usbhidusbhid: USB HID core drivernand: disable subpage writenand: device found, Manufacturer ID: 0x2c, Chip ID: 0xdanand: Micron MT29F2G08ABAEAWPnand: 256 MiB, SLC, erase size: 128 KiB, page size: 2048, OOB size: 64nand: NAND_ECC_HWnand: NAND_ECC_HW_SYNDROMEmtd->writesize = 2048ecc->strength = 1ecc->size = 2048mtd->writesize = 2048chip->ecc_strength_ds = 4chip->ecc_step_ds = 512nand: WARNING: pl35x-nand: the ECC used on your system is too weak compared to the one required by the NAND chipBad block table found at page 131008, version 0x01Bad block table found at page 130944, version 0x018 ofpart partitions found on MTD device pl35x-nandCreating 8 MTD partitions on \"pl35x-nand\":0x000000000000-0x000002800000 : \"BOOT.bin-dts-marker-kernel\"0x000002800000-0x000004800000 : \"ramfs\"0x000004800000-0x000005000000 : \"configs\"0x000005000000-0x000005200000 : \"sig\"0x000005200000-0x000006000000 : \"reserve1\"0x000006000000-0x000007000000 : \"upgrade-ramfs\"0x000007000000-0x00000a800000 : \"upgrade-file\"0x00000a800000-0x000010000000 : \"reserve2\"nf_conntrack version 0.5.0 (3635 buckets, 14540 max)ip_tables: (C) 2000-2006 Netfilter Core TeamNET: Registered protocol family 10ip6_tables: (C) 2000-2006 Netfilter Core Teamsit: IPv6 over IPv4 tunneling driverNET: Registered protocol family 17can: controller area network core (rev 20120528 abi 9)NET: Registered protocol family 29can: raw protocol (rev 20120528)can: broadcast manager protocol (rev 20120528 t)can: netlink gateway (rev 20130117) max_hops=1zynq_pm_ioremap: no compatible node found for 'xlnx,zynq-ddrc-a05'zynq_pm_late_init: Unable to map DDRC IO memory.Registering SWP/SWPB emulation handlerhctosys: unable to open rtc device (rtc0)ALSA device list:  No soundcards found.RAMDISK: gzip image found at block 0EXT4-fs (ram0): couldn't mount as ext3 due to feature incompatibilitiesEXT4-fs warning (device ram0): ext4_update_dynamic_rev:746: updating to rev 1 because of new feature flag, running e2fsck is recommendedEXT4-fs (ram0): mounted filesystem without journal. Opts: (null)VFS: Mounted root (ext4 filesystem) on device 1:0.devtmpfs: mountedFreeing unused kernel memory: 1024K (c0a00000 - c0b00000)EXT4-fs (ram0): re-mounted. Opts: block_validity,delalloc,barrier,user_xattr,errors=remount-rodevpts: called with bogus optionsubi0: attaching mtd2ubi0: scanning is finishedubi0: attached mtd2 (name \"configs\", size 8 MiB)ubi0: PEB size: 131072 bytes (128 KiB), LEB size: 126976 bytesubi0: min./max. I/O unit sizes: 2048/2048, sub-page size 2048ubi0: VID header offset: 2048 (aligned 2048), data offset: 4096ubi0: good PEBs: 64, bad PEBs: 0, corrupted PEBs: 0ubi0: user volume: 1, internal volumes: 1, max. volumes count: 128ubi0: max/mean erase counter: 29/12, WL threshold: 4096, image sequence number: 262741923ubi0: available PEBs: 36, total reserved PEBs: 28, PEBs reserved for bad PEB handling: 4ubi0: background thread \"ubi_bgt0d\" started, PID 729UBIFS (ubi0:0): background thread \"ubifs_bgt0_0\" started, PID 733UBIFS (ubi0:0): recovery neededUBIFS (ubi0:0): recovery completedUBIFS (ubi0:0): UBIFS: mounted UBI device 0, volume 0, name \"configs\"UBIFS (ubi0:0): LEB size: 126976 bytes (124 KiB), min./max. I/O unit sizes: 2048 bytes/2048 bytesUBIFS (ubi0:0): FS size: 1396736 bytes (1 MiB, 11 LEBs), journal size 888833 bytes (0 MiB, 5 LEBs)UBIFS (ubi0:0): reserved for root: 65970 bytes (64 KiB)UBIFS (ubi0:0): media format: w4/r0 (latest is w4/r0), UUID A9E8BDA4-70DE-45D9-83BE-2DD9F129C0C6, small LPT modelubi2: attaching mtd4ubi2: scanning is finishedubi2: attached mtd4 (name \"reserve1\", size 14 MiB)ubi2: PEB size: 131072 bytes (128 KiB), LEB size: 126976 bytesubi2: min./max. I/O unit sizes: 2048/2048, sub-page size 2048ubi2: VID header offset: 2048 (aligned 2048), data offset: 4096ubi2: good PEBs: 112, bad PEBs: 0, corrupted PEBs: 0ubi2: user volume: 1, internal volumes: 1, max. volumes count: 128ubi2: max/mean erase counter: 2/1, WL threshold: 4096, image sequence number: 3292977184ubi2: available PEBs: 0, total reserved PEBs: 112, PEBs reserved for bad PEB handling: 4ubi2: background thread \"ubi_bgt2d\" started, PID 740UBIFS (ubi2:0): background thread \"ubifs_bgt2_0\" started, PID 744UBIFS (ubi2:0): recovery neededUBIFS (ubi2:0): recovery completedUBIFS (ubi2:0): UBIFS: mounted UBI device 2, volume 0, name \"misc\"UBIFS (ubi2:0): LEB size: 126976 bytes (124 KiB), min./max. I/O unit sizes: 2048 bytes/2048 bytesUBIFS (ubi2:0): FS size: 11935744 bytes (11 MiB, 94 LEBs), journal size 1015809 bytes (0 MiB, 6 LEBs)UBIFS (ubi2:0): reserved for root: 563754 bytes (550 KiB)UBIFS (ubi2:0): media format: w4/r0 (latest is w4/r0), UUID D1EE19B7-F9D1-45EB-A99E-6E1D7B7EAD4C, small LPT modelubi3: attaching mtd7ubi3: scanning is finishedubi3: attached mtd7 (name \"reserve2\", size 88 MiB)ubi3: PEB size: 131072 bytes (128 KiB), LEB size: 126976 bytesubi3: min./max. I/O unit sizes: 2048/2048, sub-page size 2048ubi3: VID header offset: 2048 (aligned 2048), data offset: 4096ubi3: good PEBs: 700, bad PEBs: 4, corrupted PEBs: 0ubi3: user volume: 1, internal volumes: 1, max. volumes count: 128ubi3: max/mean erase counter: 1/0, WL threshold: 4096, image sequence number: 1751136565ubi3: available PEBs: 0, total reserved PEBs: 700, PEBs reserved for bad PEB handling: 0ubi3: background thread \"ubi_bgt3d\" started, PID 751UBIFS (ubi3:0): background thread \"ubifs_bgt3_0\" started, PID 755UBIFS (ubi3:0): recovery neededUBIFS (ubi3:0): recovery completedUBIFS (ubi3:0): UBIFS: mounted UBI device 3, volume 0, name \"nvdada_log\"UBIFS (ubi3:0): LEB size: 126976 bytes (124 KiB), min./max. I/O unit sizes: 2048 bytes/2048 bytesUBIFS (ubi3:0): FS size: 86978560 bytes (82 MiB, 685 LEBs), journal size 4317184 bytes (4 MiB, 34 LEBs)UBIFS (ubi3:0): reserved for root: 4108212 bytes (4011 KiB)UBIFS (ubi3:0): media format: w4/r0 (latest is w4/r0), UUID 6991F7EC-46A0-4EE9-A9AD-722A43EFA076, small LPT modelIPv6: ADDRCONF(NETDEV_UP): eth0: link is not readyIPv6: ADDRCONF(NETDEV_UP): eth0: link is not readyrandom: avahi-daemon urandom read with 2 bits of entropy availablemacb e000b000.ethernet eth0: unable to generate target frequency: 25000000 Hzmacb e000b000.ethernet eth0: link up (100/Full)IPv6: ADDRCONF(NETDEV_CHANGE): eth0: link becomes readyIn axi fpga driver!request_mem_region OK!AXI fpga dev virtual address is 0xcfc7c000*base_vir_addr = 0xb031In fpga mem driver!request_mem_region OK!fpga mem virtual address is 0xd2000000===========================================Miner log===========================================1970-01-01 00:00:10 Open miner sn file /config/sn error1970-01-01 00:00:10 Miner compile time: Tue Dec  6 18:31:05 CST 2022 type: Antminer S19a Pro sn :1970-01-01 00:00:11 This is fix-freq version1970-01-01 00:00:11 Miner compile time: Tue Dec  6 18:31:05 CST 2022 type: Antminer S19a Pro1970-01-01 00:00:11 commit version: dd076742 2022-10-27 22:42:25, build by: jenkins 2022-12-06 18:41:541970-01-01 00:00:11 opt_multi_version     = 11970-01-01 00:00:11 opt_bitmain_ab        = 11970-01-01 00:00:11 mid_auto_gen          = 01970-01-01 00:00:11 opt_bitmain_work_mode = 01970-01-01 00:00:11 mmap fpga_mem_addr_hal = 0xb58000001970-01-01 00:00:11 HASH_ON_PLUG V9 = 0x71970-01-01 00:00:11 Note: front fan is power on!1970-01-01 00:00:11 Note: rear fan is power on!1970-01-01 00:00:11 start the http log.1970-01-01 00:00:11 httpListenThread start ret=01970-01-01 00:00:11 start listen on 6060 ...1970-01-01 00:00:11 load machine BHB28501 conf1970-01-01 00:00:11 machine : BHB28501 1970-01-01 00:00:11 chain_num 4, chain_domain_num 10, chain_asic_num 100, domain_asic_num 101970-01-01 00:00:11 asic 29, wind 0, y 101970-01-01 00:00:11 air in1970-01-01 00:00:11 asic 70, wind 0, y 101970-01-01 00:00:11 air in1970-01-01 00:00:11 asic 20, wind 0, y 11970-01-01 00:00:11 air out1970-01-01 00:00:11 asic 79, wind 0, y 11970-01-01 00:00:11 air out2023-02-19 13:19:18 miner ID : 802824045710481c2023-02-19 13:19:18 FPGA Version = 0xB0312023-02-19 13:19:18 HASH_ON_PLUG V9 = 0x72023-02-19 13:19:18 ==========================capability start==========================2023-02-19 13:19:18 board num = 32023-02-19 13:19:18 board id = 0, chain num = 12023-02-19 13:19:18    chain id = 02023-02-19 13:19:18 board id = 1, chain num = 12023-02-19 13:19:18    chain id = 12023-02-19 13:19:18 board id = 2, chain num = 12023-02-19 13:19:18    chain id = 22023-02-19 13:19:18 ==========================capability end============================2023-02-19 13:19:18 chain num = 32023-02-19 13:19:20 [chain 0]2023-02-19 13:19:20 0x0000 11 52 C1 1B DA 5C C5 F8   64 C6 55 39 6C D5 F9 B0 2023-02-19 13:19:20 0x0010 95 B3 70 80 5B 5D 3D 56   35 56 7B 52 F4 DC 9B 43 2023-02-19 13:19:20 0x0020 33 CC 3B DA 2E 21 FA 60   D7 83 6D 45 6E D3 B2 FF 2023-02-19 13:19:20 0x0030 20 17 22 A1 C8 7C 7E 20   80 63 24 2B 5D 1A C7 55 2023-02-19 13:19:20 0x0040 FD 9B 00 5F 08 A3 1E 7A   8A 19 E5 83 1A FF D0 90 2023-02-19 13:19:20 0x0050 30 9C FF FF FF FF FF FF   FF FF FF FF FF FF FF FF 2023-02-19 13:19:20 0x0060 FF FF FF FF FF FF FF FF   FF FF FF FF FF FF FF FF 2023-02-19 13:19:20 0x0070 FF FF FF FF FF FF FF FF   FF FF FF FF FF FF FF FF 2023-02-19 13:19:20 0x0080 FF FF FF FF FF FF FF FF   FF FF FF FF FF FF FF FF 2023-02-19 13:19:20 0x0090 FF FF FF FF FF FF FF FF   FF FF FF FF FF FF FF FF 2023-02-19 13:19:20 0x00A0 FF FF FF FF FF FF FF FF   FF FF FF FF FF FF FF FF 2023-02-19 13:19:20 0x00B0 FF FF FF FF FF FF FF FF   FF FF FF FF FF FF FF FF 2023-02-19 13:19:20 0x00C0 FF FF FF FF FF FF FF FF   FF FF FF FF FF FF FF FF 2023-02-19 13:19:20 0x00D0 FF FF FF FF FF FF FF FF   FF FF FF FF FF FF FF FF 2023-02-19 13:19:20 0x00E0 FF FF FF FF FF FF FF FF   FF FF FF FF FF FF FF FF 2023-02-19 13:19:20 0x00F0 FF FF FF FF FF FF FF FF   FF FF FF FF FF FF FF 5A 2023-02-19 13:19:20 2023-02-19 13:19:22 [chain 1]2023-02-19 13:19:22 0x0000 11 52 C1 1B DA 5C C5 F8   64 C6 55 39 6C D5 F9 B0 2023-02-19 13:19:22 0x0010 95 B3 70 80 5B 5D 3D 56   35 56 7B 52 F4 DC 9B 43 2023-02-19 13:19:22 0x0020 33 CC 3B DA 2E 21 FA 60   D7 83 6D 45 6E D3 B2 FF 2023-02-19 13:19:22 0x0030 20 17 22 A1 C8 7C 7E 20   80 63 24 2B 5D 1A C7 55 2023-02-19 13:19:22 0x0040 FD 9B 00 5F 08 A3 1E 7A   8A 19 E5 83 1A FF D0 90 2023-02-19 13:19:22 0x0050 30 9C FF FF FF FF FF FF   FF FF FF FF FF FF FF FF 2023-02-19 13:19:22 0x0060 FF FF FF FF FF FF FF FF   FF FF FF FF FF FF FF FF 2023-02-19 13:19:22 0x0070 FF FF FF FF FF FF FF FF   FF FF FF FF FF FF FF FF 2023-02-19 13:19:22 0x0080 FF FF FF FF FF FF FF FF   FF FF FF FF FF FF FF FF 2023-02-19 13:19:22 0x0090 FF FF FF FF FF FF FF FF   FF FF FF FF FF FF FF FF 2023-02-19 13:19:22 0x00A0 FF FF FF FF FF FF FF FF   FF FF FF FF FF FF FF FF 2023-02-19 13:19:22 0x00B0 FF FF FF FF FF FF FF FF   FF FF FF FF FF FF FF FF 2023-02-19 13:19:22 0x00C0 FF FF FF FF FF FF FF FF   FF FF FF FF FF FF FF FF 2023-02-19 13:19:22 0x00D0 FF FF FF FF FF FF FF FF   FF FF FF FF FF FF FF FF 2023-02-19 13:19:22 0x00E0 FF FF FF FF FF FF FF FF   FF FF FF FF FF FF FF FF 2023-02-19 13:19:22 0x00F0 FF FF FF FF FF FF FF FF   FF FF FF FF FF FF FF 5A 2023-02-19 13:19:22 2023-02-19 13:19:24 [chain 2]2023-02-19 13:19:24 0x0000 11 52 C1 1B DA 5C C5 F8   64 C6 55 39 6C D5 F9 B0 2023-02-19 13:19:24 0x0010 95 B3 70 80 5B 5D 3D 56   35 56 7B 52 F4 DC 9B 43 2023-02-19 13:19:24 0x0020 33 CC 3B DA 2E 21 FA 60   D7 83 6D 45 6E D3 B2 FF 2023-02-19 13:19:24 0x0030 20 17 22 A1 C8 7C 7E 20   80 63 24 2B 5D 1A C7 55 2023-02-19 13:19:24 0x0040 FD 9B 00 5F 08 A3 1E 7A   8A 19 E5 83 1A FF D0 90 2023-02-19 13:19:24 0x0050 30 9C FF FF FF FF FF FF   FF FF FF FF FF FF FF FF 2023-02-19 13:19:24 0x0060 FF FF FF FF FF FF FF FF   FF FF FF FF FF FF FF FF 2023-02-19 13:19:24 0x0070 FF FF FF FF FF FF FF FF   FF FF FF FF FF FF FF FF 2023-02-19 13:19:24 0x0080 FF FF FF FF FF FF FF FF   FF FF FF FF FF FF FF FF 2023-02-19 13:19:24 0x0090 FF FF FF FF FF FF FF FF   FF FF FF FF FF FF FF FF 2023-02-19 13:19:24 0x00A0 FF FF FF FF FF FF FF FF   FF FF FF FF FF FF FF FF 2023-02-19 13:19:24 0x00B0 FF FF FF FF FF FF FF FF   FF FF FF FF FF FF FF FF 2023-02-19 13:19:24 0x00C0 FF FF FF FF FF FF FF FF   FF FF FF FF FF FF FF FF 2023-02-19 13:19:24 0x00D0 FF FF FF FF FF FF FF FF   FF FF FF FF FF FF FF FF 2023-02-19 13:19:24 0x00E0 FF FF FF FF FF FF FF FF   FF FF FF FF FF FF FF FF 2023-02-19 13:19:24 0x00F0 FF FF FF FF FF FF FF FF   FF FF FF FF FF FF FF 5A 2023-02-19 13:19:24 2023-02-19 13:19:24 fan_eft : 0  fan_pwm : 1002023-02-19 13:19:24 create thread2023-02-19 13:19:24 fixed working voltage = 12902023-02-19 13:19:24 Chain  PCB Version: 0x01002023-02-19 13:19:24 Chain  BOM Version: 0x01002023-02-19 13:19:24 Chain [1] PCB Version: 0x01002023-02-19 13:19:24 Chain [1] BOM Version: 0x01002023-02-19 13:19:24 Chain [2] PCB Version: 0x01002023-02-19 13:19:24 Chain [2] BOM Version: 0x01002023-02-19 13:19:28 Fan check passed.2023-02-19 13:19:28 _bitmain_pic_reset_common failed! read_back_data[0] = 0x5a, read_back_data[1] = 0x5a2023-02-19 13:19:29 chain[0] PIC jump to app2023-02-19 13:19:29 _bitmain_pic_start_app_common failed! read_back_data[0] = 0x5a, read_back_data[1] = 0x5a2023-02-19 13:19:30 _bitmain_pic_get_sw_ver_common failed!2023-02-19 13:19:30 Dumping 5 read return data bytes from 0xbee08100:2023-02-19 13:19:30 5a 2023-02-19 13:19:30 5a 2023-02-19 13:19:30 5a 2023-02-19 13:19:30 5a 2023-02-19 13:19:30 5a 2023-02-19 13:19:30    2023-02-19 13:19:30    2023-02-19 13:19:30    2023-02-19 13:19:30    2023-02-19 13:19:30    2023-02-19 13:19:30    2023-02-19 13:19:30    2023-02-19 13:19:30    2023-02-19 13:19:30    2023-02-19 13:19:30    2023-02-19 13:19:30    2023-02-19 13:19:30 Z2023-02-19 13:19:30 Z2023-02-19 13:19:30 Z2023-02-19 13:19:30 Z2023-02-19 13:19:30 Z2023-02-19 13:19:30  2023-02-19 13:19:30  2023-02-19 13:19:30  2023-02-19 13:19:30  2023-02-19 13:19:30  2023-02-19 13:19:30  2023-02-19 13:19:30  2023-02-19 13:19:30  2023-02-19 13:19:30  2023-02-19 13:19:30  2023-02-19 13:19:30  2023-02-19 13:19:30 2023-02-19 13:19:30 Check chain[0] PIC fw version=0x800002002023-02-19 13:19:30 _bitmain_pic_disable_dc_dc_common failed! read_back_data[0] = 0x5a, read_back_data[1] = 0x5a2023-02-19 13:19:31 _bitmain_pic_reset_common failed! read_back_data[0] = 0x5a, read_back_data[1] = 0x5a2023-02-19 13:19:31 chain[1] PIC jump to app2023-02-19 13:19:32 _bitmain_pic_start_app_common failed! read_back_data[0] = 0x5a, read_back_data[1] = 0x5a2023-02-19 13:19:33 _bitmain_pic_get_sw_ver_common failed!2023-02-19 13:19:33 Dumping 5 read return data bytes from 0xbee08100:2023-02-19 13:19:33 5a 2023-02-19 13:19:33 5a 2023-02-19 13:19:33 5a 2023-02-19 13:19:33 5a 2023-02-19 13:19:33 5a 2023-02-19 13:19:33    2023-02-19 13:19:33    2023-02-19 13:19:33    2023-02-19 13:19:33    2023-02-19 13:19:33    2023-02-19 13:19:33    2023-02-19 13:19:33    2023-02-19 13:19:33    2023-02-19 13:19:33    2023-02-19 13:19:33    2023-02-19 13:19:33    2023-02-19 13:19:33 Z2023-02-19 13:19:33 Z2023-02-19 13:19:33 Z2023-02-19 13:19:33 Z2023-02-19 13:19:33 Z2023-02-19 13:19:33  2023-02-19 13:19:33  2023-02-19 13:19:33  2023-02-19 13:19:33  2023-02-19 13:19:33  2023-02-19 13:19:33  2023-02-19 13:19:33  2023-02-19 13:19:33  2023-02-19 13:19:33  2023-02-19 13:19:33  2023-02-19 13:19:33  2023-02-19 13:19:33 2023-02-19 13:19:33 Check chain[1] PIC fw version=0x800002002023-02-19 13:19:33 _bitmain_pic_disable_dc_dc_common failed! read_back_data[0] = 0x5a, read_back_data[1] = 0x5a2023-02-19 13:19:33 _bitmain_pic_reset_common failed! read_back_data[0] = 0x5a, read_back_data[1] = 0x5a2023-02-19 13:19:34 chain[2] PIC jump to app2023-02-19 13:19:35 _bitmain_pic_start_app_common failed! read_back_data[0] = 0x5a, read_back_data[1] = 0x5a2023-02-19 13:19:35 _bitmain_pic_get_sw_ver_common failed!2023-02-19 13:19:35 Dumping 5 read return data bytes from 0xbee08100:2023-02-19 13:19:35 5a 2023-02-19 13:19:35 5a 2023-02-19 13:19:35 5a 2023-02-19 13:19:35 5a 2023-02-19 13:19:35 5a 2023-02-19 13:19:35    2023-02-19 13:19:35    2023-02-19 13:19:35    2023-02-19 13:19:35    2023-02-19 13:19:35    2023-02-19 13:19:35    2023-02-19 13:19:35    2023-02-19 13:19:35    2023-02-19 13:19:35    2023-02-19 13:19:35    2023-02-19 13:19:35    2023-02-19 13:19:35 Z2023-02-19 13:19:35 Z2023-02-19 13:19:35 Z2023-02-19 13:19:35 Z2023-02-19 13:19:35 Z2023-02-19 13:19:35  2023-02-19 13:19:35  2023-02-19 13:19:35  2023-02-19 13:19:35  2023-02-19 13:19:35  2023-02-19 13:19:35  2023-02-19 13:19:35  2023-02-19 13:19:35  2023-02-19 13:19:35  2023-02-19 13:19:35  2023-02-19 13:19:35  2023-02-19 13:19:35 2023-02-19 13:19:35 Check chain[2] PIC fw version=0x800002002023-02-19 13:19:36 _bitmain_pic_disable_dc_dc_common failed! read_back_data[0] = 0x5a, read_back_data[1] = 0x5a2023-02-19 13:19:36 create thread2023-02-19 13:19:36 max sensor num = 42023-02-19 13:19:36 temperature_monitor_thread start...2023-02-19 13:19:38 _bitmain_pic_heart_beat_common failed!2023-02-19 13:19:38 Dumping 6 read return data bytes from 0xb49fddf8:2023-02-19 13:19:38 00 2023-02-19 13:19:38 00 2023-02-19 13:19:38 00 2023-02-19 13:19:38 00 2023-02-19 13:19:38 00 2023-02-19 13:19:38 00 2023-02-19 13:19:38    2023-02-19 13:19:38    2023-02-19 13:19:38    2023-02-19 13:19:38    2023-02-19 13:19:38    2023-02-19 13:19:38    2023-02-19 13:19:38    2023-02-19 13:19:38    2023-02-19 13:19:38    2023-02-19 13:19:38    2023-02-19 13:19:38 .2023-02-19 13:19:38 .2023-02-19 13:19:38 .2023-02-19 13:19:38 .2023-02-19 13:19:38 .2023-02-19 13:19:38 .2023-02-19 13:19:38  2023-02-19 13:19:38  2023-02-19 13:19:38  2023-02-19 13:19:38  2023-02-19 13:19:38  2023-02-19 13:19:38  2023-02-19 13:19:38  2023-02-19 13:19:38  2023-02-19 13:19:38  2023-02-19 13:19:38  2023-02-19 13:19:38 2023-02-19 13:19:38 _read_an6_voltage failed! read_back_data[0] = 0xf5, read_back_data[1] = 0xf5, read_back_data[2] = 0xf52023-02-19 13:19:40 _bitmain_pic_heart_beat_common failed!2023-02-19 13:19:40 Dumping 6 read return data bytes from 0xb49fddf8:2023-02-19 13:19:40 00 2023-02-19 13:19:40 00 2023-02-19 13:19:40 00 2023-02-19 13:19:40 00 2023-02-19 13:19:40 00 2023-02-19 13:19:40 00 2023-02-19 13:19:40    2023-02-19 13:19:40    2023-02-19 13:19:40    2023-02-19 13:19:40    2023-02-19 13:19:40    2023-02-19 13:19:40    2023-02-19 13:19:40    2023-02-19 13:19:40    2023-02-19 13:19:40    2023-02-19 13:19:40    2023-02-19 13:19:40 .2023-02-19 13:19:40 .2023-02-19 13:19:40 .2023-02-19 13:19:40 .2023-02-19 13:19:40 .2023-02-19 13:19:40 .2023-02-19 13:19:40  2023-02-19 13:19:40  2023-02-19 13:19:40  2023-02-19 13:19:40  2023-02-19 13:19:40  2023-02-19 13:19:40  2023-02-19 13:19:40  2023-02-19 13:19:40  2023-02-19 13:19:40  2023-02-19 13:19:40  2023-02-19 13:19:40 2023-02-19 13:19:40 power type version: 0x00712023-02-19 13:19:40 Enter sleep to make sure power release finish.2023-02-19 13:19:40 _read_an6_voltage failed! read_back_data[0] = 0x00, read_back_data[1] = 0x00, read_back_data[2] = 0x002023-02-19 13:19:40 _bitmain_pic_heart_beat_common failed!2023-02-19 13:19:40 Dumping 6 read return data bytes from 0xb49fddf8:2023-02-19 13:19:40 00 2023-02-19 13:19:40 00 2023-02-19 13:19:40 00 2023-02-19 13:19:40 00 2023-02-19 13:19:40 00 2023-02-19 13:19:40 00 2023-02-19 13:19:40    2023-02-19 13:19:40    2023-02-19 13:19:40    2023-02-19 13:19:40    2023-02-19 13:19:40    2023-02-19 13:19:40    2023-02-19 13:19:40    2023-02-19 13:19:40    2023-02-19 13:19:40    2023-02-19 13:19:40    2023-02-19 13:19:40 .2023-02-19 13:19:40 .2023-02-19 13:19:40 .2023-02-19 13:19:40 .2023-02-19 13:19:40 .2023-02-19 13:19:40 .2023-02-19 13:19:40  2023-02-19 13:19:40  2023-02-19 13:19:40  2023-02-19 13:19:40  2023-02-19 13:19:40  2023-02-19 13:19:40  2023-02-19 13:19:40  2023-02-19 13:19:40  2023-02-19 13:19:40  2023-02-19 13:19:40  2023-02-19 13:19:40 2023-02-19 13:19:41 _read_an6_voltage failed! read_back_data[0] = 0x00, read_back_data[1] = 0x00, read_back_data[2] = 0x002023-02-19 13:19:51 _bitmain_pic_heart_beat_common failed!2023-02-19 13:19:51 Dumping 6 read return data bytes from 0xb49fddf8:2023-02-19 13:19:51 00 2023-02-19 13:19:51 00 2023-02-19 13:19:51 00 2023-02-19 13:19:51 00 2023-02-19 13:19:51 00 2023-02-19 13:19:51 00 2023-02-19 13:19:51    2023-02-19 13:19:51    2023-02-19 13:19:51    2023-02-19 13:19:51    2023-02-19 13:19:51    2023-02-19 13:19:51    2023-02-19 13:19:51    2023-02-19 13:19:51    2023-02-19 13:19:51    2023-02-19 13:19:51    2023-02-19 13:19:51 .2023-02-19 13:19:51 .2023-02-19 13:19:51 .2023-02-19 13:19:51 .2023-02-19 13:19:51 .2023-02-19 13:19:51 .2023-02-19 13:19:51  2023-02-19 13:19:51  2023-02-19 13:19:51  2023-02-19 13:19:51  2023-02-19 13:19:51  2023-02-19 13:19:51  2023-02-19 13:19:51  2023-02-19 13:19:51  2023-02-19 13:19:51  2023-02-19 13:19:51  2023-02-19 13:19:51 2023-02-19 13:19:52 _read_an6_voltage failed! read_back_data[0] = 0x00, read_back_data[1] = 0x00, read_back_data[2] = 0x002023-02-19 13:19:52 _bitmain_pic_heart_beat_common failed!2023-02-19 13:19:52 Dumping 6 read return data bytes from 0xb49fddf8:2023-02-19 13:19:52 00 2023-02-19 13:19:52 00 2023-02-19 13:19:52 00 2023-02-19 13:19:52 00 2023-02-19 13:19:52 00 2023-02-19 13:19:52 00 2023-02-19 13:19:52    2023-02-19 13:19:52    2023-02-19 13:19:52    2023-02-19 13:19:52    2023-02-19 13:19:52    2023-02-19 13:19:52    2023-02-19 13:19:52    2023-02-19 13:19:52    2023-02-19 13:19:52    2023-02-19 13:19:52    2023-02-19 13:19:52 .2023-02-19 13:19:52 .2023-02-19 13:19:52 .2023-02-19 13:19:52 .2023-02-19 13:19:52 .2023-02-19 13:19:52 .2023-02-19 13:19:52  2023-02-19 13:19:52  2023-02-19 13:19:52  2023-02-19 13:19:52  2023-02-19 13:19:52  2023-02-19 13:19:52  2023-02-19 13:19:52  2023-02-19 13:19:52  2023-02-19 13:19:52  2023-02-19 13:19:52  2023-02-19 13:19:52 2023-02-19 13:19:52 _read_an6_voltage failed! read_back_data[0] = 0x00, read_back_data[1] = 0x00, read_back_data[2] = 0x002023-02-19 13:19:53 _bitmain_pic_heart_beat_common failed!2023-02-19 13:19:53 Dumping 6 read return data bytes from 0xb49fddf8:2023-02-19 13:19:53 00 2023-02-19 13:19:53 00 2023-02-19 13:19:53 00 2023-02-19 13:19:53 00 2023-02-19 13:19:53 00 2023-02-19 13:19:53 00 2023-02-19 13:19:53    2023-02-19 13:19:53    2023-02-19 13:19:53    2023-02-19 13:19:53    2023-02-19 13:19:53    2023-02-19 13:19:53    2023-02-19 13:19:53    2023-02-19 13:19:53    2023-02-19 13:19:53    2023-02-19 13:19:53    2023-02-19 13:19:53 .2023-02-19 13:19:53 .2023-02-19 13:19:53 .2023-02-19 13:19:53 .2023-02-19 13:19:53 .2023-02-19 13:19:53 .2023-02-19 13:19:53  2023-02-19 13:19:53  2023-02-19 13:19:53  2023-02-19 13:19:53  2023-02-19 13:19:53  2023-02-19 13:19:53  2023-02-19 13:19:53  2023-02-19 13:19:53  2023-02-19 13:19:53  2023-02-19 13:19:53  2023-02-19 13:19:53 2023-02-19 13:19:53 _read_an6_voltage failed! read_back_data[0] = 0x00, read_back_data[1] = 0x00, read_back_data[2] = 0x002023-02-19 13:20:03 _bitmain_pic_heart_beat_common failed!2023-02-19 13:20:03 Dumping 6 read return data bytes from 0xb49fddf8:2023-02-19 13:20:03 00 2023-02-19 13:20:03 00 2023-02-19 13:20:03 00 2023-02-19 13:20:03 00 2023-02-19 13:20:03 00 2023-02-19 13:20:03 00 2023-02-19 13:20:03    2023-02-19 13:20:03    2023-02-19 13:20:03    2023-02-19 13:20:03    2023-02-19 13:20:03    2023-02-19 13:20:03    2023-02-19 13:20:03    2023-02-19 13:20:03    2023-02-19 13:20:03    2023-02-19 13:20:03    2023-02-19 13:20:03 .2023-02-19 13:20:03 .2023-02-19 13:20:03 .2023-02-19 13:20:03 .2023-02-19 13:20:03 .2023-02-19 13:20:03 .2023-02-19 13:20:03  2023-02-19 13:20:03  2023-02-19 13:20:03  2023-02-19 13:20:03  2023-02-19 13:20:03  2023-02-19 13:20:03  2023-02-19 13:20:03  2023-02-19 13:20:03  2023-02-19 13:20:03  2023-02-19 13:20:03  2023-02-19 13:20:03 2023-02-19 13:20:04 _read_an6_voltage failed! read_back_data[0] = 0x00, read_back_data[1] = 0x00, read_back_data[2] = 0x002023-02-19 13:20:04 _bitmain_pic_heart_beat_common failed!2023-02-19 13:20:04 Dumping 6 read return data bytes from 0xb49fddf8:2023-02-19 13:20:04 00 2023-02-19 13:20:04 00 2023-02-19 13:20:04 00 2023-02-19 13:20:04 00 2023-02-19 13:20:04 00 2023-02-19 13:20:04 00 2023-02-19 13:20:04    2023-02-19 13:20:04    2023-02-19 13:20:04    2023-02-19 13:20:04    2023-02-19 13:20:04    2023-02-19 13:20:04    2023-02-19 13:20:04    2023-02-19 13:20:04    2023-02-19 13:20:04    2023-02-19 13:20:04    2023-02-19 13:20:04 .2023-02-19 13:20:04 .2023-02-19 13:20:04 .2023-02-19 13:20:04 .2023-02-19 13:20:04 .2023-02-19 13:20:04 .2023-02-19 13:20:04  2023-02-19 13:20:04  2023-02-19 13:20:04  2023-02-19 13:20:04  2023-02-19 13:20:04  2023-02-19 13:20:04  2023-02-19 13:20:04  2023-02-19 13:20:04  2023-02-19 13:20:04  2023-02-19 13:20:04  2023-02-19 13:20:04 2023-02-19 13:20:05 _read_an6_voltage failed! read_back_data[0] = 0x00, read_back_data[1] = 0x00, read_back_data[2] = 0x002023-02-19 13:20:05 _bitmain_pic_heart_beat_common failed!2023-02-19 13:20:05 Dumping 6 read return data bytes from 0xb49fddf8:2023-02-19 13:20:05 00 2023-02-19 13:20:05 00 2023-02-19 13:20:05 00 2023-02-19 13:20:05 00 2023-02-19 13:20:05 00 2023-02-19 13:20:05 00 2023-02-19 13:20:05    2023-02-19 13:20:05    2023-02-19 13:20:05    2023-02-19 13:20:05    2023-02-19 13:20:05    2023-02-19 13:20:05    2023-02-19 13:20:05    2023-02-19 13:20:05    2023-02-19 13:20:05    2023-02-19 13:20:05    2023-02-19 13:20:05 .2023-02-19 13:20:05 .2023-02-19 13:20:05 .2023-02-19 13:20:05 .2023-02-19 13:20:05 .2023-02-19 13:20:05 .2023-02-19 13:20:05  2023-02-19 13:20:05  2023-02-19 13:20:05  2023-02-19 13:20:05  2023-02-19 13:20:05  2023-02-19 13:20:05  2023-02-19 13:20:05  2023-02-19 13:20:05  2023-02-19 13:20:05  2023-02-19 13:20:05  2023-02-19 13:20:05 2023-02-19 13:20:05 _read_an6_voltage failed! read_back_data[0] = 0x00, read_back_data[1] = 0x00, read_back_data[2] = 0x002023-02-19 13:20:11 Slept 30 seconds, diff = 0.2023-02-19 13:20:11 set_voltage_by_steps to 1500.2023-02-19 13:20:15 _read_an6_voltage failed! read_back_data[0] = 0x00, read_back_data[1] = 0x00, read_back_data[2] = 0x002023-02-19 13:20:16 _read_an6_voltage failed! read_back_data[0] = 0x00, read_back_data[1] = 0x00, read_back_data[2] = 0x002023-02-19 13:20:16 _read_an6_voltage failed! read_back_data[0] = 0x00, read_back_data[1] = 0x00, read_back_data[2] = 0x002023-02-19 13:20:16 power voltage can not meet the target2023-02-19 13:20:16 _bitmain_pic_heart_beat_common failed!2023-02-19 13:20:16 Dumping 6 read return data bytes from 0xb49fddf8:2023-02-19 13:20:16 00 2023-02-19 13:20:16 00 2023-02-19 13:20:16 00 2023-02-19 13:20:16 00 2023-02-19 13:20:16 00 2023-02-19 13:20:16 00 2023-02-19 13:20:16    2023-02-19 13:20:16    2023-02-19 13:20:16    2023-02-19 13:20:16    2023-02-19 13:20:16    2023-02-19 13:20:16    2023-02-19 13:20:16    2023-02-19 13:20:16    2023-02-19 13:20:16    2023-02-19 13:20:16    2023-02-19 13:20:16 .2023-02-19 13:20:16 .2023-02-19 13:20:16 .2023-02-19 13:20:16 .2023-02-19 13:20:16 .2023-02-19 13:20:16 .2023-02-19 13:20:16  2023-02-19 13:20:16  2023-02-19 13:20:16  2023-02-19 13:20:16  2023-02-19 13:20:16  2023-02-19 13:20:16  2023-02-19 13:20:16  2023-02-19 13:20:16  2023-02-19 13:20:16  2023-02-19 13:20:16  2023-02-19 13:20:16 2023-02-19 13:20:17 _read_an6_voltage failed! read_back_data[0] = 0x00, read_back_data[1] = 0x00, read_back_data[2] = 0x002023-02-19 13:20:17 _bitmain_pic_heart_beat_common failed!2023-02-19 13:20:17 Dumping 6 read return data bytes from 0xb49fddf8:2023-02-19 13:20:17 00 2023-02-19 13:20:17 00 2023-02-19 13:20:17 00 2023-02-19 13:20:17 00 2023-02-19 13:20:17 00 2023-02-19 13:20:17 00 2023-02-19 13:20:17    2023-02-19 13:20:17    2023-02-19 13:20:17    2023-02-19 13:20:17    2023-02-19 13:20:17    2023-02-19 13:20:17    2023-02-19 13:20:17    2023-02-19 13:20:17    2023-02-19 13:20:17    2023-02-19 13:20:17    2023-02-19 13:20:17 .2023-02-19 13:20:17 .2023-02-19 13:20:17 .2023-02-19 13:20:17 .2023-02-19 13:20:17 .2023-02-19 13:20:17 .2023-02-19 13:20:17  2023-02-19 13:20:17  2023-02-19 13:20:17  2023-02-19 13:20:17  2023-02-19 13:20:17  2023-02-19 13:20:17  2023-02-19 13:20:17  2023-02-19 13:20:17  2023-02-19 13:20:17  2023-02-19 13:20:17  2023-02-19 13:20:17 2023-02-19 13:20:17 _read_an6_voltage failed! read_back_data[0] = 0x00, read_back_data[1] = 0x00, read_back_data[2] = 0x002023-02-19 13:20:18 _read_an6_voltage failed! read_back_data[0] = 0x00, read_back_data[1] = 0x00, read_back_data[2] = 0x002023-02-19 13:20:18 _read_an6_voltage failed! read_back_data[0] = 0x00, read_back_data[1] = 0x00, read_back_data[2] = 0x002023-02-19 13:20:18 power voltage can not meet the target2023-02-19 13:20:18 _read_an6_voltage failed! read_back_data[0] = 0x00, read_back_data[1] = 0x00, read_back_data[2] = 0x002023-02-19 13:20:19 _bitmain_pic_heart_beat_common failed!2023-02-19 13:20:19 Dumping 6 read return data bytes from 0xb49fddf8:2023-02-19 13:20:19 00 2023-02-19 13:20:19 00 2023-02-19 13:20:19 00 2023-02-19 13:20:19 00 2023-02-19 13:20:19 00 2023-02-19 13:20:19 00 2023-02-19 13:20:19    2023-02-19 13:20:19    2023-02-19 13:20:19    2023-02-19 13:20:19    2023-02-19 13:20:19    2023-02-19 13:20:19    2023-02-19 13:20:19    2023-02-19 13:20:19    2023-02-19 13:20:19    2023-02-19 13:20:19    2023-02-19 13:20:19 .2023-02-19 13:20:19 .2023-02-19 13:20:19 .2023-02-19 13:20:19 .2023-02-19 13:20:19 .2023-02-19 13:20:19 .2023-02-19 13:20:19  2023-02-19 13:20:19  2023-02-19 13:20:19  2023-02-19 13:20:19  2023-02-19 13:20:19  2023-02-19 13:20:19  2023-02-19 13:20:19  2023-02-19 13:20:19  2023-02-19 13:20:19  2023-02-19 13:20:19  2023-02-19 13:20:19 2023-02-19 13:20:19 _read_an6_voltage failed! read_back_data[0] = 0x00, read_back_data[1] = 0x00, read_back_data[2] = 0x002023-02-19 13:20:20 _read_an6_voltage failed! read_back_data[0] = 0x00, read_back_data[1] = 0x00, read_back_data[2] = 0x002023-02-19 13:20:20 _read_an6_voltage failed! read_back_data[0] = 0x00, read_back_data[1] = 0x00, read_back_data[2] = 0x002023-02-19 13:20:20 _read_an6_voltage failed! read_back_data[0] = 0x00, read_back_data[1] = 0x00, read_back_data[2] = 0x002023-02-19 13:20:20 power voltage can not meet the target2023-02-19 13:20:20 Sweep error string = V:1.2023-02-19 13:20:20 ERROR_POWER_LOST: get power type version failed!2023-02-19 13:20:20 stop_mining: get power type version failed!2023-02-19 13:20:20 uninit_temp_info2023-02-19 13:20:20 do not read temp anymore...2023-02-19 13:20:20 cancel thread2023-02-19 13:20:20 cancel thread2023-02-19 13:20:20 ****power off hashboard****2023-02-19 13:20:20 temp monitor thread exit2023-02-19 13:20:21 _bitmain_pic_disable_dc_dc_common failed! read_back_data[0] = 0x00, read_back_data[1] = 0x002023-02-19 13:20:21 _bitmain_pic_disable_dc_dc_common failed! read_back_data[0] = 0x00, read_back_data[1] = 0x002023-02-19 13:20:21 _bitmain_pic_disable_dc_dc_common failed! read_back_data[0] = 0x00, read_back_data[1] = 0x002023-02-19 13:20:22 ERROR_SOC_INIT: soc init failed!2023-02-19 13:20:22 stop_mining: soc init failed!2023-02-19 13:20:22 ****power off hashboard****2023-02-19 13:20:22 start to init...2023-02-19 13:20:22 Version num 82023-02-19 13:20:22 Mask num 0xe0002023-02-19 13:20:22 Note: addrInterval or corenum is not initialized.2023-02-19 13:20:23 _bitmain_pic_disable_dc_dc_common failed! read_back_data[0] = 0x00, read_back_data[1] = 0x002023-02-19 13:20:23 _bitmain_pic_disable_dc_dc_common failed! read_back_data[0] = 0x00, read_back_data[1] = 0x002023-02-19 13:20:23 _bitmain_pic_disable_dc_dc_common failed! read_back_data[0] = 0x00, read_back_data[1] = 0x002023-02-19 13:20:24 STATUS_OKAY2023-02-19 13:20:24 set_start_time_point total_tv_start_sys=84 total_tv_end_sys=85Im crazy for this machine.....any idea??",
  "score": 0,
  "upvotes": 0,
  "downvotes": 0,
  "url": "https://bitcointalk.org/index.php?topic=5440424",
  "comments": [
    {
      "author": "philipma1957",
      "created_time": "February 19, 2023, 02:25:00 PM",
      "body": "Quote from: agbermejo on February 19, 2023, 01:27:20 PMHi ,I have a S19a pro and after of upgrade dosent work.I try to change the eeprom and differetnt firmware , vnish,and nopthing.My 3 hashboards is BHB42651 .my log is:Code:reemptible hierarchical RCU implementation. Build-time adjustment of leaf fanout to 32. RCU restricting CPUs from NR_CPUS=4 to nr_cpu_ids=2.RCU: Adjusting geometry for rcu_fanout_leaf=32, nr_cpu_ids=2NR_IRQS:16 nr_irqs:16 16efuse mapped to cf800000ps7-slcr mapped to cf802000L2C: platform modifies aux control register: 0x72360000 -> 0x72760000L2C: DT/platform modifies aux control register: 0x72360000 -> 0x72760000L2C-310 erratum 769419 enabledL2C-310 enabling early BRESP for Cortex-A9L2C-310 full line of zeros enabled for Cortex-A9L2C-310 ID prefetch enabled, offset 1 linesL2C-310 dynamic clock gating enabled, standby mode enabledL2C-310 cache controller enabled, 8 ways, 512 kBL2C-310: CACHE_ID 0x410000c8, AUX_CTRL 0x76760001zynq_clock_init: clkc starts at cf802100Zynq clock initsched_clock: 64 bits at 333MHz, resolution 3ns, wraps every 4398046511103nsclocksource: arm_global_timer: mask: 0xffffffffffffffff max_cycles: 0x4ce07af025, max_idle_ns: 440795209040 nsSwitching to timer-based delay loop, resolution 3nsclocksource: ttc_clocksource: mask: 0xffff max_cycles: 0xffff, max_idle_ns: 537538477 nsps7-ttc #0 at cf80a000, irq=18Console: colour dummy device 80x30Calibrating delay loop (skipped), value calculated using timer frequency.. 666.66 BogoMIPS (lpj=3333333)pid_max: default: 32768 minimum: 301Mount-cache hash table entries: 1024 (order: 0, 4096 bytes)Mountpoint-cache hash table entries: 1024 (order: 0, 4096 bytes)CPU: Testing write buffer coherency: okCPU0: thread -1, cpu 0, socket 0, mpidr 80000000Setting up static identity map for 0x100000 - 0x100058CPU1: failed to boot: -1Brought up 1 CPUsSMP: Total of 1 processors activated (666.66 BogoMIPS).CPU: All CPU(s) started in SVC mode.devtmpfs: initializedVFP support v0.3: implementor 41 architecture 3 part 30 variant 9 rev 4clocksource: jiffies: mask: 0xffffffff max_cycles: 0xffffffff, max_idle_ns: 19112604462750000 nspinctrl core: initialized pinctrl subsystemNET: Registered protocol family 16DMA: preallocated 256 KiB pool for atomic coherent allocationscpuidle: using governor menuhw-breakpoint: found 5 (+1 reserved) breakpoint and 1 watchpoint registers.hw-breakpoint: maximum watchpoint size is 4 bytes.zynq-ocm f800c000.ps7-ocmc: ZYNQ OCM pool: 256 KiB @ 0xcf880000vgaarb: loadedSCSI subsystem initializedusbcore: registered new interface driver usbfsusbcore: registered new interface driver hubusbcore: registered new device driver usbmedia: Linux media interface: v0.10Linux video capture interface: v2.00pps_core: LinuxPPS API ver. 1 registeredpps_core: Software ver. 5.3.6 - Copyright 2005-2007 Rodolfo Giometti <giometti@linux.it>PTP clock support registeredEDAC MC: Ver: 3.0.0Advanced Linux Sound Architecture Driver Initialized.clocksource: Switched to clocksource arm_global_timerNET: Registered protocol family 2TCP established hash table entries: 2048 (order: 1, 8192 bytes)TCP bind hash table entries: 2048 (order: 2, 16384 bytes)TCP: Hash tables configured (established 2048 bind 2048)UDP hash table entries: 256 (order: 1, 8192 bytes)UDP-Lite hash table entries: 256 (order: 1, 8192 bytes)NET: Registered protocol family 1RPC: Registered named UNIX socket transport module.RPC: Registered udp transport module.RPC: Registered tcp transport module.RPC: Registered tcp NFSv4.1 backchannel transport module.PCI: CLS 0 bytes, default 64Trying to unpack rootfs image as initramfs...rootfs image is not initramfs (no cpio magic); looks like an initrdFreeing initrd memory: 6700K (cd46f000 - cdafa000)hw perfevents: enabled with armv7_cortex_a9 PMU driver, 7 counters availablefutex hash table entries: 512 (order: 3, 32768 bytes)workingset: timestamp_bits=28 max_order=16 bucket_order=0jffs2: version 2.2. (NAND) (SUMMARY)  © 2001-2006 Red Hat, Inc.io scheduler noop registeredio scheduler deadline registeredio scheduler cfq registered (default)dma-pl330 f8003000.ps7-dma: Loaded driver for PL330 DMAC-241330dma-pl330 f8003000.ps7-dma:  DBUFF-128x8bytes Num_Chans-8 Num_Peri-4 Num_Events-16e0000000.serial: ttyPS0 at MMIO 0xe0000000 (irq = 159, base_baud = 6249999) is a xuartpsconsole [ttyPS0] enabledxdevcfg f8007000.ps7-dev-cfg: ioremap 0xf8007000 to cf86e000[drm] Initialized drm 1.1.0 20060810brd: module loadedloop: module loadedCAN device driver interfacegpiod_set_value: invalid GPIOlibphy: MACB_mii_bus: probedmacb e000b000.ethernet eth0: Cadence GEM rev 0x00020118 at 0xe000b000 irq 31 (00:0a:35:00:00:00)Generic PHY e000b000.etherne:00: attached PHY driver [Generic PHY] (mii_bus:phy_addr=e000b000.etherne:00, irq=-1)e1000e: Intel(R) PRO/1000 Network Driver - 3.2.6-ke1000e: Copyright(c) 1999 - 2015 Intel Corporation.ehci_hcd: USB 2.0 'Enhanced' Host Controller (EHCI) Driverehci-pci: EHCI PCI platform driverusbcore: registered new interface driver usb-storagemousedev: PS/2 mouse device common for all micei2c /dev entries drivercdns-i2c e0005000.ps7_i2c: 100 kHz mmio e0005000 irq 154Xilinx Zynq CpuIdle Driver startedsdhci: Secure Digital Host Controller Interface driversdhci: Copyright(c) Pierre Ossmansdhci-pltfm: SDHCI platform and OF driver helpermmc0: SDHCI controller on e0100000.ps7-sdio [e0100000.ps7-sdio] using ADMAledtrig-cpu: registered to indicate activity on CPUsusbcore: registered new interface driver usbhidusbhid: USB HID core drivernand: disable subpage writenand: device found, Manufacturer ID: 0x2c, Chip ID: 0xdanand: Micron MT29F2G08ABAEAWPnand: 256 MiB, SLC, erase size: 128 KiB, page size: 2048, OOB size: 64nand: NAND_ECC_HWnand: NAND_ECC_HW_SYNDROMEmtd->writesize = 2048ecc->strength = 1ecc->size = 2048mtd->writesize = 2048chip->ecc_strength_ds = 4chip->ecc_step_ds = 512nand: WARNING: pl35x-nand: the ECC used on your system is too weak compared to the one required by the NAND chipBad block table found at page 131008, version 0x01Bad block table found at page 130944, version 0x018 ofpart partitions found on MTD device pl35x-nandCreating 8 MTD partitions on \"pl35x-nand\":0x000000000000-0x000002800000 : \"BOOT.bin-dts-marker-kernel\"0x000002800000-0x000004800000 : \"ramfs\"0x000004800000-0x000005000000 : \"configs\"0x000005000000-0x000005200000 : \"sig\"0x000005200000-0x000006000000 : \"reserve1\"0x000006000000-0x000007000000 : \"upgrade-ramfs\"0x000007000000-0x00000a800000 : \"upgrade-file\"0x00000a800000-0x000010000000 : \"reserve2\"nf_conntrack version 0.5.0 (3635 buckets, 14540 max)ip_tables: (C) 2000-2006 Netfilter Core TeamNET: Registered protocol family 10ip6_tables: (C) 2000-2006 Netfilter Core Teamsit: IPv6 over IPv4 tunneling driverNET: Registered protocol family 17can: controller area network core (rev 20120528 abi 9)NET: Registered protocol family 29can: raw protocol (rev 20120528)can: broadcast manager protocol (rev 20120528 t)can: netlink gateway (rev 20130117) max_hops=1zynq_pm_ioremap: no compatible node found for 'xlnx,zynq-ddrc-a05'zynq_pm_late_init: Unable to map DDRC IO memory.Registering SWP/SWPB emulation handlerhctosys: unable to open rtc device (rtc0)ALSA device list:  No soundcards found.RAMDISK: gzip image found at block 0EXT4-fs (ram0): couldn't mount as ext3 due to feature incompatibilitiesEXT4-fs warning (device ram0): ext4_update_dynamic_rev:746: updating to rev 1 because of new feature flag, running e2fsck is recommendedEXT4-fs (ram0): mounted filesystem without journal. Opts: (null)VFS: Mounted root (ext4 filesystem) on device 1:0.devtmpfs: mountedFreeing unused kernel memory: 1024K (c0a00000 - c0b00000)EXT4-fs (ram0): re-mounted. Opts: block_validity,delalloc,barrier,user_xattr,errors=remount-rodevpts: called with bogus optionsubi0: attaching mtd2ubi0: scanning is finishedubi0: attached mtd2 (name \"configs\", size 8 MiB)ubi0: PEB size: 131072 bytes (128 KiB), LEB size: 126976 bytesubi0: min./max. I/O unit sizes: 2048/2048, sub-page size 2048ubi0: VID header offset: 2048 (aligned 2048), data offset: 4096ubi0: good PEBs: 64, bad PEBs: 0, corrupted PEBs: 0ubi0: user volume: 1, internal volumes: 1, max. volumes count: 128ubi0: max/mean erase counter: 29/12, WL threshold: 4096, image sequence number: 262741923ubi0: available PEBs: 36, total reserved PEBs: 28, PEBs reserved for bad PEB handling: 4ubi0: background thread \"ubi_bgt0d\" started, PID 729UBIFS (ubi0:0): background thread \"ubifs_bgt0_0\" started, PID 733UBIFS (ubi0:0): recovery neededUBIFS (ubi0:0): recovery completedUBIFS (ubi0:0): UBIFS: mounted UBI device 0, volume 0, name \"configs\"UBIFS (ubi0:0): LEB size: 126976 bytes (124 KiB), min./max. I/O unit sizes: 2048 bytes/2048 bytesUBIFS (ubi0:0): FS size: 1396736 bytes (1 MiB, 11 LEBs), journal size 888833 bytes (0 MiB, 5 LEBs)UBIFS (ubi0:0): reserved for root: 65970 bytes (64 KiB)UBIFS (ubi0:0): media format: w4/r0 (latest is w4/r0), UUID A9E8BDA4-70DE-45D9-83BE-2DD9F129C0C6, small LPT modelubi2: attaching mtd4ubi2: scanning is finishedubi2: attached mtd4 (name \"reserve1\", size 14 MiB)ubi2: PEB size: 131072 bytes (128 KiB), LEB size: 126976 bytesubi2: min./max. I/O unit sizes: 2048/2048, sub-page size 2048ubi2: VID header offset: 2048 (aligned 2048), data offset: 4096ubi2: good PEBs: 112, bad PEBs: 0, corrupted PEBs: 0ubi2: user volume: 1, internal volumes: 1, max. volumes count: 128ubi2: max/mean erase counter: 2/1, WL threshold: 4096, image sequence number: 3292977184ubi2: available PEBs: 0, total reserved PEBs: 112, PEBs reserved for bad PEB handling: 4ubi2: background thread \"ubi_bgt2d\" started, PID 740UBIFS (ubi2:0): background thread \"ubifs_bgt2_0\" started, PID 744UBIFS (ubi2:0): recovery neededUBIFS (ubi2:0): recovery completedUBIFS (ubi2:0): UBIFS: mounted UBI device 2, volume 0, name \"misc\"UBIFS (ubi2:0): LEB size: 126976 bytes (124 KiB), min./max. I/O unit sizes: 2048 bytes/2048 bytesUBIFS (ubi2:0): FS size: 11935744 bytes (11 MiB, 94 LEBs), journal size 1015809 bytes (0 MiB, 6 LEBs)UBIFS (ubi2:0): reserved for root: 563754 bytes (550 KiB)UBIFS (ubi2:0): media format: w4/r0 (latest is w4/r0), UUID D1EE19B7-F9D1-45EB-A99E-6E1D7B7EAD4C, small LPT modelubi3: attaching mtd7ubi3: scanning is finishedubi3: attached mtd7 (name \"reserve2\", size 88 MiB)ubi3: PEB size: 131072 bytes (128 KiB), LEB size: 126976 bytesubi3: min./max. I/O unit sizes: 2048/2048, sub-page size 2048ubi3: VID header offset: 2048 (aligned 2048), data offset: 4096ubi3: good PEBs: 700, bad PEBs: 4, corrupted PEBs: 0ubi3: user volume: 1, internal volumes: 1, max. volumes count: 128ubi3: max/mean erase counter: 1/0, WL threshold: 4096, image sequence number: 1751136565ubi3: available PEBs: 0, total reserved PEBs: 700, PEBs reserved for bad PEB handling: 0ubi3: background thread \"ubi_bgt3d\" started, PID 751UBIFS (ubi3:0): background thread \"ubifs_bgt3_0\" started, PID 755UBIFS (ubi3:0): recovery neededUBIFS (ubi3:0): recovery completedUBIFS (ubi3:0): UBIFS: mounted UBI device 3, volume 0, name \"nvdada_log\"UBIFS (ubi3:0): LEB size: 126976 bytes (124 KiB), min./max. I/O unit sizes: 2048 bytes/2048 bytesUBIFS (ubi3:0): FS size: 86978560 bytes (82 MiB, 685 LEBs), journal size 4317184 bytes (4 MiB, 34 LEBs)UBIFS (ubi3:0): reserved for root: 4108212 bytes (4011 KiB)UBIFS (ubi3:0): media format: w4/r0 (latest is w4/r0), UUID 6991F7EC-46A0-4EE9-A9AD-722A43EFA076, small LPT modelIPv6: ADDRCONF(NETDEV_UP): eth0: link is not readyIPv6: ADDRCONF(NETDEV_UP): eth0: link is not readyrandom: avahi-daemon urandom read with 2 bits of entropy availablemacb e000b000.ethernet eth0: unable to generate target frequency: 25000000 Hzmacb e000b000.ethernet eth0: link up (100/Full)IPv6: ADDRCONF(NETDEV_CHANGE): eth0: link becomes readyIn axi fpga driver!request_mem_region OK!AXI fpga dev virtual address is 0xcfc7c000*base_vir_addr = 0xb031In fpga mem driver!request_mem_region OK!fpga mem virtual address is 0xd2000000===========================================Miner log===========================================1970-01-01 00:00:10 Open miner sn file /config/sn error1970-01-01 00:00:10 Miner compile time: Tue Dec  6 18:31:05 CST 2022 type: Antminer S19a Pro sn :1970-01-01 00:00:11 This is fix-freq version1970-01-01 00:00:11 Miner compile time: Tue Dec  6 18:31:05 CST 2022 type: Antminer S19a Pro1970-01-01 00:00:11 commit version: dd076742 2022-10-27 22:42:25, build by: jenkins 2022-12-06 18:41:541970-01-01 00:00:11 opt_multi_version     = 11970-01-01 00:00:11 opt_bitmain_ab        = 11970-01-01 00:00:11 mid_auto_gen          = 01970-01-01 00:00:11 opt_bitmain_work_mode = 01970-01-01 00:00:11 mmap fpga_mem_addr_hal = 0xb58000001970-01-01 00:00:11 HASH_ON_PLUG V9 = 0x71970-01-01 00:00:11 Note: front fan is power on!1970-01-01 00:00:11 Note: rear fan is power on!1970-01-01 00:00:11 start the http log.1970-01-01 00:00:11 httpListenThread start ret=01970-01-01 00:00:11 start listen on 6060 ...1970-01-01 00:00:11 load machine BHB28501 conf1970-01-01 00:00:11 machine : BHB28501 1970-01-01 00:00:11 chain_num 4, chain_domain_num 10, chain_asic_num 100, domain_asic_num 101970-01-01 00:00:11 asic 29, wind 0, y 101970-01-01 00:00:11 air in1970-01-01 00:00:11 asic 70, wind 0, y 101970-01-01 00:00:11 air in1970-01-01 00:00:11 asic 20, wind 0, y 11970-01-01 00:00:11 air out1970-01-01 00:00:11 asic 79, wind 0, y 11970-01-01 00:00:11 air out2023-02-19 13:19:18 miner ID : 802824045710481c2023-02-19 13:19:18 FPGA Version = 0xB0312023-02-19 13:19:18 HASH_ON_PLUG V9 = 0x72023-02-19 13:19:18 ==========================capability start==========================2023-02-19 13:19:18 board num = 32023-02-19 13:19:18 board id = 0, chain num = 12023-02-19 13:19:18  chain id = 02023-02-19 13:19:18 board id = 1, chain num = 12023-02-19 13:19:18  chain id = 12023-02-19 13:19:18 board id = 2, chain num = 12023-02-19 13:19:18  chain id = 22023-02-19 13:19:18 ==========================capability end============================2023-02-19 13:19:18 chain num = 32023-02-19 13:19:20 [chain 0]2023-02-19 13:19:20 0x0000 11 52 C1 1B DA 5C C5 F8   64 C6 55 39 6C D5 F9 B0 2023-02-19 13:19:20 0x0010 95 B3 70 80 5B 5D 3D 56   35 56 7B 52 F4 DC 9B 43 2023-02-19 13:19:20 0x0020 33 CC 3B DA 2E 21 FA 60   D7 83 6D 45 6E D3 B2 FF 2023-02-19 13:19:20 0x0030 20 17 22 A1 C8 7C 7E 20   80 63 24 2B 5D 1A C7 55 2023-02-19 13:19:20 0x0040 FD 9B 00 5F 08 A3 1E 7A   8A 19 E5 83 1A FF D0 90 2023-02-19 13:19:20 0x0050 30 9C FF FF FF FF FF FF   FF FF FF FF FF FF FF FF 2023-02-19 13:19:20 0x0060 FF FF FF FF FF FF FF FF   FF FF FF FF FF FF FF FF 2023-02-19 13:19:20 0x0070 FF FF FF FF FF FF FF FF   FF FF FF FF FF FF FF FF 2023-02-19 13:19:20 0x0080 FF FF FF FF FF FF FF FF   FF FF FF FF FF FF FF FF 2023-02-19 13:19:20 0x0090 FF FF FF FF FF FF FF FF   FF FF FF FF FF FF FF FF 2023-02-19 13:19:20 0x00A0 FF FF FF FF FF FF FF FF   FF FF FF FF FF FF FF FF 2023-02-19 13:19:20 0x00B0 FF FF FF FF FF FF FF FF   FF FF FF FF FF FF FF FF 2023-02-19 13:19:20 0x00C0 FF FF FF FF FF FF FF FF   FF FF FF FF FF FF FF FF 2023-02-19 13:19:20 0x00D0 FF FF FF FF FF FF FF FF   FF FF FF FF FF FF FF FF 2023-02-19 13:19:20 0x00E0 FF FF FF FF FF FF FF FF   FF FF FF FF FF FF FF FF 2023-02-19 13:19:20 0x00F0 FF FF FF FF FF FF FF FF   FF FF FF FF FF FF FF 5A 2023-02-19 13:19:20 2023-02-19 13:19:22 [chain 1]2023-02-19 13:19:22 0x0000 11 52 C1 1B DA 5C C5 F8   64 C6 55 39 6C D5 F9 B0 2023-02-19 13:19:22 0x0010 95 B3 70 80 5B 5D 3D 56   35 56 7B 52 F4 DC 9B 43 2023-02-19 13:19:22 0x0020 33 CC 3B DA 2E 21 FA 60   D7 83 6D 45 6E D3 B2 FF 2023-02-19 13:19:22 0x0030 20 17 22 A1 C8 7C 7E 20   80 63 24 2B 5D 1A C7 55 2023-02-19 13:19:22 0x0040 FD 9B 00 5F 08 A3 1E 7A   8A 19 E5 83 1A FF D0 90 2023-02-19 13:19:22 0x0050 30 9C FF FF FF FF FF FF   FF FF FF FF FF FF FF FF 2023-02-19 13:19:22 0x0060 FF FF FF FF FF FF FF FF   FF FF FF FF FF FF FF FF 2023-02-19 13:19:22 0x0070 FF FF FF FF FF FF FF FF   FF FF FF FF FF FF FF FF 2023-02-19 13:19:22 0x0080 FF FF FF FF FF FF FF FF   FF FF FF FF FF FF FF FF 2023-02-19 13:19:22 0x0090 FF FF FF FF FF FF FF FF   FF FF FF FF FF FF FF FF 2023-02-19 13:19:22 0x00A0 FF FF FF FF FF FF FF FF   FF FF FF FF FF FF FF FF 2023-02-19 13:19:22 0x00B0 FF FF FF FF FF FF FF FF   FF FF FF FF FF FF FF FF 2023-02-19 13:19:22 0x00C0 FF FF FF FF FF FF FF FF   FF FF FF FF FF FF FF FF 2023-02-19 13:19:22 0x00D0 FF FF FF FF FF FF FF FF   FF FF FF FF FF FF FF FF 2023-02-19 13:19:22 0x00E0 FF FF FF FF FF FF FF FF   FF FF FF FF FF FF FF FF 2023-02-19 13:19:22 0x00F0 FF FF FF FF FF FF FF FF   FF FF FF FF FF FF FF 5A 2023-02-19 13:19:22 2023-02-19 13:19:24 [chain 2]2023-02-19 13:19:24 0x0000 11 52 C1 1B DA 5C C5 F8   64 C6 55 39 6C D5 F9 B0 2023-02-19 13:19:24 0x0010 95 B3 70 80 5B 5D 3D 56   35 56 7B 52 F4 DC 9B 43 2023-02-19 13:19:24 0x0020 33 CC 3B DA 2E 21 FA 60   D7 83 6D 45 6E D3 B2 FF 2023-02-19 13:19:24 0x0030 20 17 22 A1 C8 7C 7E 20   80 63 24 2B 5D 1A C7 55 2023-02-19 13:19:24 0x0040 FD 9B 00 5F 08 A3 1E 7A   8A 19 E5 83 1A FF D0 90 2023-02-19 13:19:24 0x0050 30 9C FF FF FF FF FF FF   FF FF FF FF FF FF FF FF 2023-02-19 13:19:24 0x0060 FF FF FF FF FF FF FF FF   FF FF FF FF FF FF FF FF 2023-02-19 13:19:24 0x0070 FF FF FF FF FF FF FF FF   FF FF FF FF FF FF FF FF 2023-02-19 13:19:24 0x0080 FF FF FF FF FF FF FF FF   FF FF FF FF FF FF FF FF 2023-02-19 13:19:24 0x0090 FF FF FF FF FF FF FF FF   FF FF FF FF FF FF FF FF 2023-02-19 13:19:24 0x00A0 FF FF FF FF FF FF FF FF   FF FF FF FF FF FF FF FF 2023-02-19 13:19:24 0x00B0 FF FF FF FF FF FF FF FF   FF FF FF FF FF FF FF FF 2023-02-19 13:19:24 0x00C0 FF FF FF FF FF FF FF FF   FF FF FF FF FF FF FF FF 2023-02-19 13:19:24 0x00D0 FF FF FF FF FF FF FF FF   FF FF FF FF FF FF FF FF 2023-02-19 13:19:24 0x00E0 FF FF FF FF FF FF FF FF   FF FF FF FF FF FF FF FF 2023-02-19 13:19:24 0x00F0 FF FF FF FF FF FF FF FF   FF FF FF FF FF FF FF 5A 2023-02-19 13:19:24 2023-02-19 13:19:24 fan_eft : 0  fan_pwm : 1002023-02-19 13:19:24 create thread2023-02-19 13:19:24 fixed working voltage = 12902023-02-19 13:19:24 Chain [0] PCB Version: 0x01002023-02-19 13:19:24 Chain [0] BOM Version: 0x01002023-02-19 13:19:24 Chain [1] PCB Version: 0x01002023-02-19 13:19:24 Chain [1] BOM Version: 0x01002023-02-19 13:19:24 Chain [2] PCB Version: 0x01002023-02-19 13:19:24 Chain [2] BOM Version: 0x01002023-02-19 13:19:28 Fan check passed.2023-02-19 13:19:28 _bitmain_pic_reset_common failed! read_back_data[0] = 0x5a, read_back_data[1] = 0x5a2023-02-19 13:19:29 chain[0] PIC jump to app2023-02-19 13:19:29 _bitmain_pic_start_app_common failed! read_back_data[0] = 0x5a, read_back_data[1] = 0x5a2023-02-19 13:19:30 _bitmain_pic_get_sw_ver_common failed!2023-02-19 13:19:30 Dumping 5 read return data bytes from 0xbee08100:2023-02-19 13:19:30 5a 2023-02-19 13:19:30 5a 2023-02-19 13:19:30 5a 2023-02-19 13:19:30 5a 2023-02-19 13:19:30 5a 2023-02-19 13:19:30    2023-02-19 13:19:30    2023-02-19 13:19:30    2023-02-19 13:19:30    2023-02-19 13:19:30    2023-02-19 13:19:30    2023-02-19 13:19:30    2023-02-19 13:19:30    2023-02-19 13:19:30    2023-02-19 13:19:30    2023-02-19 13:19:30    2023-02-19 13:19:30 Z2023-02-19 13:19:30 Z2023-02-19 13:19:30 Z2023-02-19 13:19:30 Z2023-02-19 13:19:30 Z2023-02-19 13:19:30  2023-02-19 13:19:30  2023-02-19 13:19:30  2023-02-19 13:19:30  2023-02-19 13:19:30  2023-02-19 13:19:30  2023-02-19 13:19:30  2023-02-19 13:19:30  2023-02-19 13:19:30  2023-02-19 13:19:30  2023-02-19 13:19:30  2023-02-19 13:19:30 2023-02-19 13:19:30 Check chain[0] PIC fw version=0x800002002023-02-19 13:19:30 _bitmain_pic_disable_dc_dc_common failed! read_back_data[0] = 0x5a, read_back_data[1] = 0x5a2023-02-19 13:19:31 _bitmain_pic_reset_common failed! read_back_data[0] = 0x5a, read_back_data[1] = 0x5a2023-02-19 13:19:31 chain[1] PIC jump to app2023-02-19 13:19:32 _bitmain_pic_start_app_common failed! read_back_data[0] = 0x5a, read_back_data[1] = 0x5a2023-02-19 13:19:33 _bitmain_pic_get_sw_ver_common failed!2023-02-19 13:19:33 Dumping 5 read return data bytes from 0xbee08100:2023-02-19 13:19:33 5a 2023-02-19 13:19:33 5a 2023-02-19 13:19:33 5a 2023-02-19 13:19:33 5a 2023-02-19 13:19:33 5a 2023-02-19 13:19:33    2023-02-19 13:19:33    2023-02-19 13:19:33    2023-02-19 13:19:33    2023-02-19 13:19:33    2023-02-19 13:19:33    2023-02-19 13:19:33    2023-02-19 13:19:33    2023-02-19 13:19:33    2023-02-19 13:19:33    2023-02-19 13:19:33    2023-02-19 13:19:33 Z2023-02-19 13:19:33 Z2023-02-19 13:19:33 Z2023-02-19 13:19:33 Z2023-02-19 13:19:33 Z2023-02-19 13:19:33  2023-02-19 13:19:33  2023-02-19 13:19:33  2023-02-19 13:19:33  2023-02-19 13:19:33  2023-02-19 13:19:33  2023-02-19 13:19:33  2023-02-19 13:19:33  2023-02-19 13:19:33  2023-02-19 13:19:33  2023-02-19 13:19:33  2023-02-19 13:19:33 2023-02-19 13:19:33 Check chain[1] PIC fw version=0x800002002023-02-19 13:19:33 _bitmain_pic_disable_dc_dc_common failed! read_back_data[0] = 0x5a, read_back_data[1] = 0x5a2023-02-19 13:19:33 _bitmain_pic_reset_common failed! read_back_data[0] = 0x5a, read_back_data[1] = 0x5a2023-02-19 13:19:34 chain[2] PIC jump to app2023-02-19 13:19:35 _bitmain_pic_start_app_common failed! read_back_data[0] = 0x5a, read_back_data[1] = 0x5a2023-02-19 13:19:35 _bitmain_pic_get_sw_ver_common failed!2023-02-19 13:19:35 Dumping 5 read return data bytes from 0xbee08100:2023-02-19 13:19:35 5a 2023-02-19 13:19:35 5a 2023-02-19 13:19:35 5a 2023-02-19 13:19:35 5a 2023-02-19 13:19:35 5a 2023-02-19 13:19:35    2023-02-19 13:19:35    2023-02-19 13:19:35    2023-02-19 13:19:35    2023-02-19 13:19:35    2023-02-19 13:19:35    2023-02-19 13:19:35    2023-02-19 13:19:35    2023-02-19 13:19:35    2023-02-19 13:19:35    2023-02-19 13:19:35    2023-02-19 13:19:35 Z2023-02-19 13:19:35 Z2023-02-19 13:19:35 Z2023-02-19 13:19:35 Z2023-02-19 13:19:35 Z2023-02-19 13:19:35  2023-02-19 13:19:35  2023-02-19 13:19:35  2023-02-19 13:19:35  2023-02-19 13:19:35  2023-02-19 13:19:35  2023-02-19 13:19:35  2023-02-19 13:19:35  2023-02-19 13:19:35  2023-02-19 13:19:35  2023-02-19 13:19:35  2023-02-19 13:19:35 2023-02-19 13:19:35 Check chain[2] PIC fw version=0x800002002023-02-19 13:19:36 _bitmain_pic_disable_dc_dc_common failed! read_back_data[0] = 0x5a, read_back_data[1] = 0x5a2023-02-19 13:19:36 create thread2023-02-19 13:19:36 max sensor num = 42023-02-19 13:19:36 temperature_monitor_thread start...2023-02-19 13:19:38 _bitmain_pic_heart_beat_common failed!2023-02-19 13:19:38 Dumping 6 read return data bytes from 0xb49fddf8:2023-02-19 13:19:38 00 2023-02-19 13:19:38 00 2023-02-19 13:19:38 00 2023-02-19 13:19:38 00 2023-02-19 13:19:38 00 2023-02-19 13:19:38 00 2023-02-19 13:19:38    2023-02-19 13:19:38    2023-02-19 13:19:38    2023-02-19 13:19:38    2023-02-19 13:19:38    2023-02-19 13:19:38    2023-02-19 13:19:38    2023-02-19 13:19:38    2023-02-19 13:19:38    2023-02-19 13:19:38    2023-02-19 13:19:38 .2023-02-19 13:19:38 .2023-02-19 13:19:38 .2023-02-19 13:19:38 .2023-02-19 13:19:38 .2023-02-19 13:19:38 .2023-02-19 13:19:38  2023-02-19 13:19:38  2023-02-19 13:19:38  2023-02-19 13:19:38  2023-02-19 13:19:38  2023-02-19 13:19:38  2023-02-19 13:19:38  2023-02-19 13:19:38  2023-02-19 13:19:38  2023-02-19 13:19:38  2023-02-19 13:19:38 2023-02-19 13:19:38 _read_an6_voltage failed! read_back_data[0] = 0xf5, read_back_data[1] = 0xf5, read_back_data[2] = 0xf52023-02-19 13:19:40 _bitmain_pic_heart_beat_common failed!2023-02-19 13:19:40 Dumping 6 read return data bytes from 0xb49fddf8:2023-02-19 13:19:40 00 2023-02-19 13:19:40 00 2023-02-19 13:19:40 00 2023-02-19 13:19:40 00 2023-02-19 13:19:40 00 2023-02-19 13:19:40 00 2023-02-19 13:19:40    2023-02-19 13:19:40    2023-02-19 13:19:40    2023-02-19 13:19:40    2023-02-19 13:19:40    2023-02-19 13:19:40    2023-02-19 13:19:40    2023-02-19 13:19:40    2023-02-19 13:19:40    2023-02-19 13:19:40    2023-02-19 13:19:40 .2023-02-19 13:19:40 .2023-02-19 13:19:40 .2023-02-19 13:19:40 .2023-02-19 13:19:40 .2023-02-19 13:19:40 .2023-02-19 13:19:40  2023-02-19 13:19:40  2023-02-19 13:19:40  2023-02-19 13:19:40  2023-02-19 13:19:40  2023-02-19 13:19:40  2023-02-19 13:19:40  2023-02-19 13:19:40  2023-02-19 13:19:40  2023-02-19 13:19:40  2023-02-19 13:19:40 2023-02-19 13:19:40 power type version: 0x00712023-02-19 13:19:40 Enter sleep to make sure power release finish.2023-02-19 13:19:40 _read_an6_voltage failed! read_back_data[0] = 0x00, read_back_data[1] = 0x00, read_back_data[2] = 0x002023-02-19 13:19:40 _bitmain_pic_heart_beat_common failed!2023-02-19 13:19:40 Dumping 6 read return data bytes from 0xb49fddf8:2023-02-19 13:19:40 00 2023-02-19 13:19:40 00 2023-02-19 13:19:40 00 2023-02-19 13:19:40 00 2023-02-19 13:19:40 00 2023-02-19 13:19:40 00 2023-02-19 13:19:40    2023-02-19 13:19:40    2023-02-19 13:19:40    2023-02-19 13:19:40    2023-02-19 13:19:40    2023-02-19 13:19:40    2023-02-19 13:19:40    2023-02-19 13:19:40    2023-02-19 13:19:40    2023-02-19 13:19:40    2023-02-19 13:19:40 .2023-02-19 13:19:40 .2023-02-19 13:19:40 .2023-02-19 13:19:40 .2023-02-19 13:19:40 .2023-02-19 13:19:40 .2023-02-19 13:19:40  2023-02-19 13:19:40  2023-02-19 13:19:40  2023-02-19 13:19:40  2023-02-19 13:19:40  2023-02-19 13:19:40  2023-02-19 13:19:40  2023-02-19 13:19:40  2023-02-19 13:19:40  2023-02-19 13:19:40  2023-02-19 13:19:40 2023-02-19 13:19:41 _read_an6_voltage failed! read_back_data[0] = 0x00, read_back_data[1] = 0x00, read_back_data[2] = 0x002023-02-19 13:19:51 _bitmain_pic_heart_beat_common failed!2023-02-19 13:19:51 Dumping 6 read return data bytes from 0xb49fddf8:2023-02-19 13:19:51 00 2023-02-19 13:19:51 00 2023-02-19 13:19:51 00 2023-02-19 13:19:51 00 2023-02-19 13:19:51 00 2023-02-19 13:19:51 00 2023-02-19 13:19:51    2023-02-19 13:19:51    2023-02-19 13:19:51    2023-02-19 13:19:51    2023-02-19 13:19:51    2023-02-19 13:19:51    2023-02-19 13:19:51    2023-02-19 13:19:51    2023-02-19 13:19:51    2023-02-19 13:19:51    2023-02-19 13:19:51 .2023-02-19 13:19:51 .2023-02-19 13:19:51 .2023-02-19 13:19:51 .2023-02-19 13:19:51 .2023-02-19 13:19:51 .2023-02-19 13:19:51  2023-02-19 13:19:51  2023-02-19 13:19:51  2023-02-19 13:19:51  2023-02-19 13:19:51  2023-02-19 13:19:51  2023-02-19 13:19:51  2023-02-19 13:19:51  2023-02-19 13:19:51  2023-02-19 13:19:51  2023-02-19 13:19:51 2023-02-19 13:19:52 _read_an6_voltage failed! read_back_data[0] = 0x00, read_back_data[1] = 0x00, read_back_data[2] = 0x002023-02-19 13:19:52 _bitmain_pic_heart_beat_common failed!2023-02-19 13:19:52 Dumping 6 read return data bytes from 0xb49fddf8:2023-02-19 13:19:52 00 2023-02-19 13:19:52 00 2023-02-19 13:19:52 00 2023-02-19 13:19:52 00 2023-02-19 13:19:52 00 2023-02-19 13:19:52 00 2023-02-19 13:19:52    2023-02-19 13:19:52    2023-02-19 13:19:52    2023-02-19 13:19:52    2023-02-19 13:19:52    2023-02-19 13:19:52    2023-02-19 13:19:52    2023-02-19 13:19:52    2023-02-19 13:19:52    2023-02-19 13:19:52    2023-02-19 13:19:52 .2023-02-19 13:19:52 .2023-02-19 13:19:52 .2023-02-19 13:19:52 .2023-02-19 13:19:52 .2023-02-19 13:19:52 .2023-02-19 13:19:52  2023-02-19 13:19:52  2023-02-19 13:19:52  2023-02-19 13:19:52  2023-02-19 13:19:52  2023-02-19 13:19:52  2023-02-19 13:19:52  2023-02-19 13:19:52  2023-02-19 13:19:52  2023-02-19 13:19:52  2023-02-19 13:19:52 2023-02-19 13:19:52 _read_an6_voltage failed! read_back_data[0] = 0x00, read_back_data[1] = 0x00, read_back_data[2] = 0x002023-02-19 13:19:53 _bitmain_pic_heart_beat_common failed!2023-02-19 13:19:53 Dumping 6 read return data bytes from 0xb49fddf8:2023-02-19 13:19:53 00 2023-02-19 13:19:53 00 2023-02-19 13:19:53 00 2023-02-19 13:19:53 00 2023-02-19 13:19:53 00 2023-02-19 13:19:53 00 2023-02-19 13:19:53    2023-02-19 13:19:53    2023-02-19 13:19:53    2023-02-19 13:19:53    2023-02-19 13:19:53    2023-02-19 13:19:53    2023-02-19 13:19:53    2023-02-19 13:19:53    2023-02-19 13:19:53    2023-02-19 13:19:53    2023-02-19 13:19:53 .2023-02-19 13:19:53 .2023-02-19 13:19:53 .2023-02-19 13:19:53 .2023-02-19 13:19:53 .2023-02-19 13:19:53 .2023-02-19 13:19:53  2023-02-19 13:19:53  2023-02-19 13:19:53  2023-02-19 13:19:53  2023-02-19 13:19:53  2023-02-19 13:19:53  2023-02-19 13:19:53  2023-02-19 13:19:53  2023-02-19 13:19:53  2023-02-19 13:19:53  2023-02-19 13:19:53 2023-02-19 13:19:53 _read_an6_voltage failed! read_back_data[0] = 0x00, read_back_data[1] = 0x00, read_back_data[2] = 0x002023-02-19 13:20:03 _bitmain_pic_heart_beat_common failed!2023-02-19 13:20:03 Dumping 6 read return data bytes from 0xb49fddf8:2023-02-19 13:20:03 00 2023-02-19 13:20:03 00 2023-02-19 13:20:03 00 2023-02-19 13:20:03 00 2023-02-19 13:20:03 00 2023-02-19 13:20:03 00 2023-02-19 13:20:03    2023-02-19 13:20:03    2023-02-19 13:20:03    2023-02-19 13:20:03    2023-02-19 13:20:03    2023-02-19 13:20:03    2023-02-19 13:20:03    2023-02-19 13:20:03    2023-02-19 13:20:03    2023-02-19 13:20:03    2023-02-19 13:20:03 .2023-02-19 13:20:03 .2023-02-19 13:20:03 .2023-02-19 13:20:03 .2023-02-19 13:20:03 .2023-02-19 13:20:03 .2023-02-19 13:20:03  2023-02-19 13:20:03  2023-02-19 13:20:03  2023-02-19 13:20:03  2023-02-19 13:20:03  2023-02-19 13:20:03  2023-02-19 13:20:03  2023-02-19 13:20:03  2023-02-19 13:20:03  2023-02-19 13:20:03  2023-02-19 13:20:03 2023-02-19 13:20:04 _read_an6_voltage failed! read_back_data[0] = 0x00, read_back_data[1] = 0x00, read_back_data[2] = 0x002023-02-19 13:20:04 _bitmain_pic_heart_beat_common failed!2023-02-19 13:20:04 Dumping 6 read return data bytes from 0xb49fddf8:2023-02-19 13:20:04 00 2023-02-19 13:20:04 00 2023-02-19 13:20:04 00 2023-02-19 13:20:04 00 2023-02-19 13:20:04 00 2023-02-19 13:20:04 00 2023-02-19 13:20:04    2023-02-19 13:20:04    2023-02-19 13:20:04    2023-02-19 13:20:04    2023-02-19 13:20:04    2023-02-19 13:20:04    2023-02-19 13:20:04    2023-02-19 13:20:04    2023-02-19 13:20:04    2023-02-19 13:20:04    2023-02-19 13:20:04 .2023-02-19 13:20:04 .2023-02-19 13:20:04 .2023-02-19 13:20:04 .2023-02-19 13:20:04 .2023-02-19 13:20:04 .2023-02-19 13:20:04  2023-02-19 13:20:04  2023-02-19 13:20:04  2023-02-19 13:20:04  2023-02-19 13:20:04  2023-02-19 13:20:04  2023-02-19 13:20:04  2023-02-19 13:20:04  2023-02-19 13:20:04  2023-02-19 13:20:04  2023-02-19 13:20:04 2023-02-19 13:20:05 _read_an6_voltage failed! read_back_data[0] = 0x00, read_back_data[1] = 0x00, read_back_data[2] = 0x002023-02-19 13:20:05 _bitmain_pic_heart_beat_common failed!2023-02-19 13:20:05 Dumping 6 read return data bytes from 0xb49fddf8:2023-02-19 13:20:05 00 2023-02-19 13:20:05 00 2023-02-19 13:20:05 00 2023-02-19 13:20:05 00 2023-02-19 13:20:05 00 2023-02-19 13:20:05 00 2023-02-19 13:20:05    2023-02-19 13:20:05    2023-02-19 13:20:05    2023-02-19 13:20:05    2023-02-19 13:20:05    2023-02-19 13:20:05    2023-02-19 13:20:05    2023-02-19 13:20:05    2023-02-19 13:20:05    2023-02-19 13:20:05    2023-02-19 13:20:05 .2023-02-19 13:20:05 .2023-02-19 13:20:05 .2023-02-19 13:20:05 .2023-02-19 13:20:05 .2023-02-19 13:20:05 .2023-02-19 13:20:05  2023-02-19 13:20:05  2023-02-19 13:20:05  2023-02-19 13:20:05  2023-02-19 13:20:05  2023-02-19 13:20:05  2023-02-19 13:20:05  2023-02-19 13:20:05  2023-02-19 13:20:05  2023-02-19 13:20:05  2023-02-19 13:20:05 2023-02-19 13:20:05 _read_an6_voltage failed! read_back_data[0] = 0x00, read_back_data[1] = 0x00, read_back_data[2] = 0x002023-02-19 13:20:11 Slept 30 seconds, diff = 0.2023-02-19 13:20:11 set_voltage_by_steps to 1500.2023-02-19 13:20:15 _read_an6_voltage failed! read_back_data[0] = 0x00, read_back_data[1] = 0x00, read_back_data[2] = 0x002023-02-19 13:20:16 _read_an6_voltage failed! read_back_data[0] = 0x00, read_back_data[1] = 0x00, read_back_data[2] = 0x002023-02-19 13:20:16 _read_an6_voltage failed! read_back_data[0] = 0x00, read_back_data[1] = 0x00, read_back_data[2] = 0x002023-02-19 13:20:16 power voltage can not meet the target2023-02-19 13:20:16 _bitmain_pic_heart_beat_common failed!2023-02-19 13:20:16 Dumping 6 read return data bytes from 0xb49fddf8:2023-02-19 13:20:16 00 2023-02-19 13:20:16 00 2023-02-19 13:20:16 00 2023-02-19 13:20:16 00 2023-02-19 13:20:16 00 2023-02-19 13:20:16 00 2023-02-19 13:20:16    2023-02-19 13:20:16    2023-02-19 13:20:16    2023-02-19 13:20:16    2023-02-19 13:20:16    2023-02-19 13:20:16    2023-02-19 13:20:16    2023-02-19 13:20:16    2023-02-19 13:20:16    2023-02-19 13:20:16    2023-02-19 13:20:16 .2023-02-19 13:20:16 .2023-02-19 13:20:16 .2023-02-19 13:20:16 .2023-02-19 13:20:16 .2023-02-19 13:20:16 .2023-02-19 13:20:16  2023-02-19 13:20:16  2023-02-19 13:20:16  2023-02-19 13:20:16  2023-02-19 13:20:16  2023-02-19 13:20:16  2023-02-19 13:20:16  2023-02-19 13:20:16  2023-02-19 13:20:16  2023-02-19 13:20:16  2023-02-19 13:20:16 2023-02-19 13:20:17 _read_an6_voltage failed! read_back_data[0] = 0x00, read_back_data[1] = 0x00, read_back_data[2] = 0x002023-02-19 13:20:17 _bitmain_pic_heart_beat_common failed!2023-02-19 13:20:17 Dumping 6 read return data bytes from 0xb49fddf8:2023-02-19 13:20:17 00 2023-02-19 13:20:17 00 2023-02-19 13:20:17 00 2023-02-19 13:20:17 00 2023-02-19 13:20:17 00 2023-02-19 13:20:17 00 2023-02-19 13:20:17    2023-02-19 13:20:17    2023-02-19 13:20:17    2023-02-19 13:20:17    2023-02-19 13:20:17    2023-02-19 13:20:17    2023-02-19 13:20:17    2023-02-19 13:20:17    2023-02-19 13:20:17    2023-02-19 13:20:17    2023-02-19 13:20:17 .2023-02-19 13:20:17 .2023-02-19 13:20:17 .2023-02-19 13:20:17 .2023-02-19 13:20:17 .2023-02-19 13:20:17 .2023-02-19 13:20:17  2023-02-19 13:20:17  2023-02-19 13:20:17  2023-02-19 13:20:17  2023-02-19 13:20:17  2023-02-19 13:20:17  2023-02-19 13:20:17  2023-02-19 13:20:17  2023-02-19 13:20:17  2023-02-19 13:20:17  2023-02-19 13:20:17 2023-02-19 13:20:17 _read_an6_voltage failed! read_back_data[0] = 0x00, read_back_data[1] = 0x00, read_back_data[2] = 0x002023-02-19 13:20:18 _read_an6_voltage failed! read_back_data[0] = 0x00, read_back_data[1] = 0x00, read_back_data[2] = 0x002023-02-19 13:20:18 _read_an6_voltage failed! read_back_data[0] = 0x00, read_back_data[1] = 0x00, read_back_data[2] = 0x002023-02-19 13:20:18 power voltage can not meet the target2023-02-19 13:20:18 _read_an6_voltage failed! read_back_data[0] = 0x00, read_back_data[1] = 0x00, read_back_data[2] = 0x002023-02-19 13:20:19 _bitmain_pic_heart_beat_common failed!2023-02-19 13:20:19 Dumping 6 read return data bytes from 0xb49fddf8:2023-02-19 13:20:19 00 2023-02-19 13:20:19 00 2023-02-19 13:20:19 00 2023-02-19 13:20:19 00 2023-02-19 13:20:19 00 2023-02-19 13:20:19 00 2023-02-19 13:20:19    2023-02-19 13:20:19    2023-02-19 13:20:19    2023-02-19 13:20:19    2023-02-19 13:20:19    2023-02-19 13:20:19    2023-02-19 13:20:19    2023-02-19 13:20:19    2023-02-19 13:20:19    2023-02-19 13:20:19    2023-02-19 13:20:19 .2023-02-19 13:20:19 .2023-02-19 13:20:19 .2023-02-19 13:20:19 .2023-02-19 13:20:19 .2023-02-19 13:20:19 .2023-02-19 13:20:19  2023-02-19 13:20:19  2023-02-19 13:20:19  2023-02-19 13:20:19  2023-02-19 13:20:19  2023-02-19 13:20:19  2023-02-19 13:20:19  2023-02-19 13:20:19  2023-02-19 13:20:19  2023-02-19 13:20:19  2023-02-19 13:20:19 2023-02-19 13:20:19 _read_an6_voltage failed! read_back_data[0] = 0x00, read_back_data[1] = 0x00, read_back_data[2] = 0x002023-02-19 13:20:20 _read_an6_voltage failed! read_back_data[0] = 0x00, read_back_data[1] = 0x00, read_back_data[2] = 0x002023-02-19 13:20:20 _read_an6_voltage failed! read_back_data[0] = 0x00, read_back_data[1] = 0x00, read_back_data[2] = 0x002023-02-19 13:20:20 _read_an6_voltage failed! read_back_data[0] = 0x00, read_back_data[1] = 0x00, read_back_data[2] = 0x002023-02-19 13:20:20 power voltage can not meet the target2023-02-19 13:20:20 Sweep error string = V:1.2023-02-19 13:20:20 ERROR_POWER_LOST: get power type version failed!2023-02-19 13:20:20 stop_mining: get power type version failed!2023-02-19 13:20:20 uninit_temp_info2023-02-19 13:20:20 do not read temp anymore...2023-02-19 13:20:20 cancel thread2023-02-19 13:20:20 cancel thread2023-02-19 13:20:20 ****power off hashboard****2023-02-19 13:20:20 temp monitor thread exit2023-02-19 13:20:21 _bitmain_pic_disable_dc_dc_common failed! read_back_data[0] = 0x00, read_back_data[1] = 0x002023-02-19 13:20:21 _bitmain_pic_disable_dc_dc_common failed! read_back_data[0] = 0x00, read_back_data[1] = 0x002023-02-19 13:20:21 _bitmain_pic_disable_dc_dc_common failed! read_back_data[0] = 0x00, read_back_data[1] = 0x002023-02-19 13:20:22 ERROR_SOC_INIT: soc init failed!2023-02-19 13:20:22 stop_mining: soc init failed!2023-02-19 13:20:22 ****power off hashboard****2023-02-19 13:20:22 start to init...2023-02-19 13:20:22 Version num 82023-02-19 13:20:22 Mask num 0xe0002023-02-19 13:20:22 Note: addrInterval or corenum is not initialized.2023-02-19 13:20:23 _bitmain_pic_disable_dc_dc_common failed! read_back_data[0] = 0x00, read_back_data[1] = 0x002023-02-19 13:20:23 _bitmain_pic_disable_dc_dc_common failed! read_back_data[0] = 0x00, read_back_data[1] = 0x002023-02-19 13:20:23 _bitmain_pic_disable_dc_dc_common failed! read_back_data[0] = 0x00, read_back_data[1] = 0x002023-02-19 13:20:24 STATUS_OKAY2023-02-19 13:20:24 set_start_time_point total_tv_start_sys=84 total_tv_end_sys=85Im crazy for this machine.....any idea??burn a braiins micro sd and try to run that.",
      "score": 0,
      "upvotes": 0,
      "downvotes": 0
    },
    {
      "author": "agbermejo",
      "created_time": "February 19, 2023, 03:12:23 PM",
      "body": "Hi,First I have to be sure that the BHB42651 hashboard belongs to S19a Pro, which I'm not sure. Where can I find out?thanks for reply.",
      "score": 0,
      "upvotes": 0,
      "downvotes": 0
    },
    {
      "author": "Rodemi",
      "created_time": "February 23, 2023, 02:17:01 AM",
      "body": "How did you determine that your hashboard is BHB42651? I only found BHB28501 in the logs. BHB42651 seems to be the s19j pro hash board.https://bitcointalk.org/index.php?topic=5418482.msg61191788#msg61191788",
      "score": 0,
      "upvotes": 0,
      "downvotes": 0
    },
    {
      "author": "Artemis3",
      "created_time": "February 23, 2023, 01:13:07 PM",
      "body": "Messing with the eeproms is a recipe for disaster. It is bad enough with those firmware mods doing it...Especially since you don't know how many sub-variants are really out there. This is no longer S17 walk in the park, don't rewrite eeproms ever, and stay away from shady fw that never deals with the hardware directly since all they do is leech on the work already done at factory...",
      "score": 0,
      "upvotes": 0,
      "downvotes": 0
    },
    {
      "author": "thierry4wd",
      "created_time": "February 23, 2023, 06:31:34 PMLast edit: February 23, 2023, 09:58:27 PM by thierry4wd",
      "body": "hello, your problem is a routine, you need re align eeprom and firmware ... i invite to you join my discord for discuss if you want fast reply.in first time, i need a picture of your hashboard (for see exactly what name on stickers) If you have really BHB42651 hashboard, restore original eeprom or download this on your hashboard Code:04 11 fd 06 8a 03 28 1a e1 d8 39 9e 0d ae 87 fb2a 73 1f ec 58 a0 64 f8 71 0e fc 57 a3 55 92 f1af b7 72 3e f7 87 47 64 23 bb 6f 3a 37 a7 28 fcf1 b5 1a fc 27 7c 02 ae fd d3 73 2c e2 4b 49 1bf7 88 db 5c 39 99 14 c6 cb 1c 95 61 ba 5c d3 87d3 d8 43 cd d3 0a cd 54 39 55 1e 45 bb 12 ad e99c 3a e6 f4 12 cf 23 ba 3e e8 8b 37 42 8a 64 bca5 ee ff ff ff ff ff ff ff ff ff ff ff ff ff ffff ff ff ff ff ff ff ff ff ff ff ff ff ff ff ffff ff ff ff ff ff ff ff ff ff ff ff ff ff ff ffff ff ff ff ff ff ff ff ff ff ff ff ff ff ff ffff ff ff ff ff ff ff ff ff ff ff ff ff ff ff ffff ff ff ff ff ff ff ff ff ff ff ff ff ff ff ffff ff ff ff ff ff ff ff ff ff ff ff ff ff ff ffff ff ff ff ff ff ff ff ff ff ff ff ff ff ff ffff ff ff ff ff ff ff ff ff ff ff ff ff ff ff 5a and install the good firmware, so go to bitmain, download S19Jpro SDCard, flash, and upload latest S19JPRO firmware. leave feedback",
      "score": 0,
      "upvotes": 0,
      "downvotes": 0
    },
    {
      "author": "BitMaxz",
      "created_time": "February 23, 2023, 10:48:41 PM",
      "body": "Quote from: Artemis3 on February 23, 2023, 01:13:07 PMMessing with the eeproms is a recipe for disaster. It is bad enough with those firmware mods doing it...That's always happens without original backup for eeproms it will end up like this.@OP next time always make a backup of eeproms because if you don't have original backup you can't able to recover the hashboard you must use original eeproms that works on the unit different eeproms will lead to many problems. Or else if you don't have any backup then you can switch to other firmware like Braiins OS that support hashboard even they do have different eeproms.",
      "score": 0,
      "upvotes": 0,
      "downvotes": 0
    },
    {
      "author": "thierry4wd",
      "created_time": "February 23, 2023, 10:52:14 PM",
      "body": "or simply use my methode ! really working... i play with it lot of time  Only needed name and serial match on 3 hashboard and firmware, so, in this case, if have really BHB42651, need original eeprom, i give it ... just copy same on this 3 hashboard",
      "score": 0,
      "upvotes": 0,
      "downvotes": 0
    },
    {
      "author": "Artemis3",
      "created_time": "February 27, 2023, 06:39:59 PM",
      "body": "thierry4wd some miners have been seen from factory with mixed hashboards, don't always rely on this method. I have no idea what using the wrong eeprom info could cause...BitMaxz endusers are not going to do backups of their eeproms unfortunately... That is why bosminer never touches them.",
      "score": 0,
      "upvotes": 0,
      "downvotes": 0
    },
    {
      "author": "thierry4wd",
      "created_time": "February 28, 2023, 04:08:01 PM",
      "body": "Quote from: Artemis3 on February 27, 2023, 06:39:59 PMthierry4wd some miners have been seen from factory with mixed hashboards, don't always rely on this method. I have no idea what using the wrong eeprom info could cause...BitMaxz endusers are not going to do backups of their eeproms unfortunately... That is why bosminer never touches them.precisely, but I have the habit, many times! and as I develop firmware, I know exactly how they work, I affirm with certainty, that it has no risk ...in the firmware, there is a file which lists all the possible hashboards for this model, in this specific case we talked about the S19Jpro, there is also another file which lists all the possible speeds (100 / 104 / 110th for example ), then , the PSU models ...if only one of all these parameters does not match, then the miner will not start!flashing another EEPROM has no adverse effect ... only 2 solutions, the miner will simply not start, or it will work a little faster or a little slower (frequency info)",
      "score": 0,
      "upvotes": 0,
      "downvotes": 0
    },
    {
      "author": "Artemis3",
      "created_time": "March 02, 2023, 05:44:37 PM",
      "body": "So what happens when you flash for example 42601 to 42603 or vice versa? Nothing? What about 42621 with 42631 or 42701 with 42801?In the past, i have seen some shady \"repairs\" where because they had all 3 eeproms corrupted they pick some random one and flash it in all three, see it work with factory fw and call it a day... I guess the least issue is being underclocked/overclocked as you say, but is there really nothing else?",
      "score": 0,
      "upvotes": 0,
      "downvotes": 0
    },
    {
      "author": "thierry4wd",
      "created_time": "March 06, 2023, 06:32:30 PM",
      "body": "Code:BHB42801             \"chain\": {                \"chain_num\": 4,                \"chain_row\": 8,                \"chain_column\": 11,                \"chain_domain_num\": 44,                \"chain_asic_num\": 88,                \"domain_asic_num\": 2,            \"miner\": \"BHB42801\",            \"levels\": [{                \"frequency\": 675,                \"voltage\": 1580            }, {                \"frequency\": 675,                \"voltage\": 1600            }, {                \"frequency\": 645,                \"voltage\": 1560            }, {                \"frequency\": 645,                \"voltage\": 1580            }, {                \"frequency\": 645,                \"voltage\": 1600            }, {                \"frequency\": 615,                \"voltage\": 1530            }, {                \"frequency\": 615,                \"voltage\": 1540            }, {                \"frequency\": 615,                \"voltage\": 1560            }, {                \"frequency\": 615,                \"voltage\": 1580            }, {                \"frequency\": 615,                \"voltage\": 1600            }, {                \"frequency\": 675,                \"voltage\": 1530            }, {                \"frequency\": 645,                \"voltage\": 1530            }, {                \"frequency\": 675,                \"voltage\": 1560            }]Code:BHB42701             \"chain\": {                \"chain_num\": 4,                \"chain_row\": 12,                \"chain_column\": 9,                \"chain_domain_num\": 36,                \"chain_asic_num\": 108,                \"domain_asic_num\": 3,            \"miner\": \"BHB42701\",            \"levels\": [{                \"frequency\": 575,                \"voltage\": 1240            }, {                \"frequency\": 575,                \"voltage\": 1260            }, {                \"frequency\": 550,                \"voltage\": 1240            }, {                \"frequency\": 550,                \"voltage\": 1260            }, {                \"frequency\": 525,                \"voltage\": 1240            }, {                \"frequency\": 525,                \"voltage\": 1260            }, {                \"frequency\": 500,                \"voltage\": 1220            }, {                \"frequency\": 500,                \"voltage\": 1240            }, {                \"frequency\": 500,                \"voltage\": 1260            }]Here is an extract of the codes .... have seen it although 42801 contains 88chips and that 42701 contains 108 ....So, if you swap eeprom, there will automatically be an error and therefore the miner will not start.Of course, if you flash a T19 eeprom on a S19Jpro... it just won't work! there will be an eeprom error...But if you flash 42701 on 42801, the miner will start, pass the eeprom test (because they are both listed in the S19Jpro firmware), but when it looks for the number of chips, it will only find 88 instead of 108, so error find all asic...On the other hand, flash BHB42631 on BHB42651, or the reverse, and it will work perfectly, and yes, they are simply the same hashboard! just a bitmain glitch to piss the world off...look on the hashboards, often there is the name GRAVE on the hashboard, then over it a simple label...that proves it, and of corse, if frequency and voltage stay in eeprom don't match with firmware, just not start and give error",
      "score": 0,
      "upvotes": 0,
      "downvotes": 0
    }
  ]
}