{
  "id": "topic_5450560",
  "title": "xioxian",
  "author": "xioxian",
  "created_time": "April 28, 2023, 09:17:51 PM",
  "content": "Hey guys, one of my S9s is showing these error codes and is hashing the quarter of what it should. Logs are below. Any ideas?https://pastebin.com/R6gb8iPHTIA!",
  "score": 0,
  "upvotes": 0,
  "downvotes": 0,
  "url": "https://bitcointalk.org/index.php?topic=5450560",
  "comments": [
    {
      "author": "BitMaxz",
      "created_time": "April 28, 2023, 10:59:24 PM",
      "body": "I'm not so familiar with BraiinsOS logs but would you mind to post both kernel and system logs?We can't determine the issue or else put it back to stock firmware so that we can troubleshoot the unit furthermore.Have you tried auto-tuning?",
      "score": 0,
      "upvotes": 0,
      "downvotes": 0
    },
    {
      "author": "xioxian",
      "created_time": "April 28, 2023, 11:32:07 PM",
      "body": "Sure thing. I played with the auto-tune, i used a fix overclock from a running s9 and i had no luck. It was risen to 10th upon switching to Unminable pool.SYSLOG:Code:Fri Apr 28 21:59:05 2023 user.notice : Added device handler type: tunnelFri Apr 28 21:59:05 2023 user.notice : Added device handler type: Network deviceFri Apr 28 21:59:05 2023 user.notice : Added device handler type: bridgeFri Apr 28 21:59:05 2023 user.notice : Added device handler type: macvlanFri Apr 28 21:59:05 2023 user.notice : Added device handler type: 8021adFri Apr 28 21:59:05 2023 user.notice : Added device handler type: 8021qFri Apr 28 21:59:05 2023 user.warn kernel: [   11.544725] Start post-upgrade process...Fri Apr 28 21:59:05 2023 daemon.warn netifd: You have delegated IPv6-prefixes but haven't assigned them to any interface. Did you forget to set option ip6assign on your lan-interfaces?Fri Apr 28 21:59:05 2023 kern.info kernel: [   11.771140] device eth0 entered promiscuous modeFri Apr 28 21:59:05 2023 kern.info kernel: [   11.790972] IPv6: ADDRCONF(NETDEV_UP): br-lan: link is not readyFri Apr 28 21:59:05 2023 daemon.notice netifd: Interface 'lan' is enabledFri Apr 28 21:59:05 2023 daemon.notice netifd: Interface 'lan6' is enabledFri Apr 28 21:59:05 2023 daemon.notice netifd: Interface 'loopback' is enabledFri Apr 28 21:59:05 2023 daemon.notice netifd: Interface 'loopback' is setting up nowFri Apr 28 21:59:05 2023 daemon.notice netifd: Interface 'loopback' is now upFri Apr 28 21:59:05 2023 daemon.notice netifd: Network device 'lo' link is upFri Apr 28 21:59:05 2023 daemon.notice netifd: Interface 'loopback' has link connectivity Fri Apr 28 21:59:05 2023 kern.info kernel: [   12.226136] macb e000b000.ethernet eth0: link up (100/Full)Fri Apr 28 21:59:05 2023 kern.info kernel: [   12.231676] br-lan: port 1(eth0) entered forwarding stateFri Apr 28 21:59:05 2023 kern.info kernel: [   12.237101] br-lan: port 1(eth0) entered forwarding stateFri Apr 28 21:59:05 2023 daemon.notice netifd: Network device 'eth0' link is upFri Apr 28 21:59:05 2023 kern.info kernel: [   12.255988] IPv6: ADDRCONF(NETDEV_CHANGE): br-lan: link becomes readyFri Apr 28 21:59:05 2023 daemon.notice netifd: bridge 'br-lan' link is upFri Apr 28 21:59:05 2023 daemon.notice netifd: Interface 'lan' has link connectivity Fri Apr 28 21:59:05 2023 daemon.notice netifd: Interface 'lan' is setting up nowFri Apr 28 21:59:05 2023 daemon.notice netifd: Interface 'lan6' has link connectivity Fri Apr 28 21:59:05 2023 daemon.notice netifd: Interface 'lan6' is setting up nowFri Apr 28 21:59:05 2023 daemon.notice netifd: Interface 'lan6' is now upFri Apr 28 21:59:06 2023 daemon.notice netifd: lan (1354): udhcpc: started, v1.25.1Fri Apr 28 21:59:06 2023 daemon.notice procd: /etc/rc.d/S50dropbear: mv: can't rename '/tmp/dropbear/dropbear_*': No such file or directoryFri Apr 28 21:59:06 2023 daemon.notice netifd: lan (1354): udhcpc: sending discoverFri Apr 28 21:59:06 2023 daemon.notice netifd: lan (1354): udhcpc: sending select for 192.168.0.115Fri Apr 28 21:59:06 2023 kern.notice kernel: [   12.654935] random: nonblocking pool is initializedFri Apr 28 21:59:06 2023 daemon.notice netifd: lan (1354): udhcpc: lease of 192.168.0.115 obtained, lease time 86400Fri Apr 28 21:59:06 2023 authpriv.info dropbear[1386]: Not backgroundingFri Apr 28 21:59:06 2023 daemon.notice netifd: Interface 'lan' is now upFri Apr 28 21:59:06 2023 user.notice firewall: Reloading firewall due to ifup of lan (br-lan)Fri Apr 28 21:59:07 2023 daemon.notice procd: /etc/rc.d/S99bosminer: mv: can't rename '/etc/bosminer.toml_tmp': No such file or directoryFri Apr 28 21:59:07 2023 kern.info kernel: [   14.235848] br-lan: port 1(eth0) entered forwarding stateFri Apr 28 21:59:07 2023 daemon.info procd: - init complete -Fri Apr 28 21:59:32 2023 daemon.info dnsmasq[1601]: started, version 2.78 cachesize 150Fri Apr 28 21:59:32 2023 daemon.info dnsmasq[1601]: DNS service limited to local subnetsFri Apr 28 21:59:32 2023 daemon.info dnsmasq[1601]: compile time options: IPv6 GNU-getopt no-DBus no-i18n no-IDN DHCP no-DHCPv6 no-Lua TFTP no-conntrack no-ipset no-auth no-DNSSEC no-ID loop-detect inotifyFri Apr 28 21:59:32 2023 daemon.info dnsmasq[1601]: using local addresses only for domain lanFri Apr 28 21:59:32 2023 daemon.info dnsmasq[1601]: reading /tmp/resolv.conf.autoFri Apr 28 21:59:32 2023 daemon.info dnsmasq[1601]: using local addresses only for domain lanFri Apr 28 21:59:32 2023 daemon.info dnsmasq[1601]: using nameserver 192.168.0.1#53Fri Apr 28 21:59:32 2023 daemon.info dnsmasq[1601]: read /etc/hosts - 4 addressesFri Apr 28 21:59:32 2023 daemon.info dnsmasq[1601]: read /tmp/hosts/dhcp.cfg02411c - 1 addressesFri Apr 28 21:59:33 2023 daemon.info dnsmasq[1601]: read /etc/hosts - 4 addressesFri Apr 28 21:59:33 2023 daemon.info dnsmasq[1601]: read /tmp/hosts/dhcp.cfg02411c - 1 addresses DMSG:Code:[    0.000000] Booting Linux on physical CPU 0x0[    0.000000] Linux version 4.4.0-xilinx-g3d0c3e6938c1-dirty (build@runner-ks6v8-dm-project-312-concurrent-0) (gcc version 5.4.0 (LEDE GCC 5.4.0 r3560-79f57e422d) ) #0 SMP PREEMPT Tue Sep 27 17:52:01 2022[    0.000000] CPU: ARMv7 Processor [413fc090] revision 0 (ARMv7), cr=18c5387d[    0.000000] CPU: PIPT / VIPT nonaliasing data cache, VIPT aliasing instruction cache[    0.000000] Machine model: AntMiner S9 Miner Control Board[    0.000000] cma: Reserved 16 MiB at 0x1f000000[    0.000000] Memory policy: Data cache writealloc[    0.000000] On node 0 totalpages: 131072[    0.000000] free_area_init_node: node 0, pgdat c07ba300, node_mem_map debf0000[    0.000000]   Normal zone: 1024 pages used for memmap[    0.000000]   Normal zone: 0 pages reserved[    0.000000]   Normal zone: 131072 pages, LIFO batch:31[    0.000000] PERCPU: Embedded 12 pages/cpu @debcc000 s18944 r8192 d22016 u49152[    0.000000] pcpu-alloc: s18944 r8192 d22016 u49152 alloc=12*4096[    0.000000] pcpu-alloc: [0] 0 [0] 1 [    0.000000] Built 1 zonelists in Zone order, mobility grouping on.  Total pages: 130048[    0.000000] Kernel command line: console=ttyPS0,115200 noinitrd ubi.mtd=7 ubi.block=0,1 root=/dev/ubiblock0_1 r rootfstype=squashfs rootwait mtdparts=pl35x-nand:512k(boot),2560k(uboot),2m(fpga1),2m(fpga2),512k(uboot_env),512k(miner_cfg),22m(recovery),95m(firmware1),95m(firmware2),36m(factory) earlyprintk[    0.000000] PID hash table entries: 2048 (order: 1, 8192 bytes)[    0.000000] Dentry cache hash table entries: 65536 (order: 6, 262144 bytes)[    0.000000] Inode-cache hash table entries: 32768 (order: 5, 131072 bytes)[    0.000000] Memory: 495060K/524288K available (5568K kernel code, 204K rwdata, 1844K rodata, 264K init, 221K bss, 12844K reserved, 16384K cma-reserved, 0K highmem)[    0.000000] Virtual kernel memory layout:[    0.000000]     vector  : 0xffff0000 - 0xffff1000   (   4 kB)[    0.000000]     fixmap  : 0xffc00000 - 0xfff00000   (3072 kB)[    0.000000]     vmalloc : 0xe0800000 - 0xff800000   ( 496 MB)[    0.000000]     lowmem  : 0xc0000000 - 0xe0000000   ( 512 MB)[    0.000000]     pkmap   : 0xbfe00000 - 0xc0000000   (   2 MB)[    0.000000]     modules : 0xbf000000 - 0xbfe00000   (  14 MB)[    0.000000]       .text : 0xc0008000 - 0xc07454fc   (7414 kB)[    0.000000]       .init : 0xc0746000 - 0xc0788000   ( 264 kB)[    0.000000]       .data : 0xc0788000 - 0xc07bb260   ( 205 kB)[    0.000000]        .bss : 0xc07bb260 - 0xc07f2984   ( 222 kB)[    0.000000] SLUB: HWalign=64, Order=0-3, MinObjects=0, CPUs=2, Nodes=1[    0.000000] Preemptible hierarchical RCU implementation.[    0.000000]  RCU restricting CPUs from NR_CPUS=4 to nr_cpu_ids=2.[    0.000000] RCU: Adjusting geometry for rcu_fanout_leaf=16, nr_cpu_ids=2[    0.000000] NR_IRQS:16 nr_irqs:16 16[    0.000000] slcr mapped to e0800000[    0.000000] L2C: platform modifies aux control register: 0x02060000 -> 0x32460000[    0.000000] L2C: DT/platform modifies aux control register: 0x02060000 -> 0x32460000[    0.000000] L2C-310 erratum 769419 enabled[    0.000000] L2C-310 enabling early BRESP for Cortex-A9[    0.000000] L2C-310 full line of zeros enabled for Cortex-A9[    0.000000] L2C-310 dynamic clock gating enabled, standby mode enabled[    0.000000] L2C-310 cache controller enabled, 8 ways, 512 kB[    0.000000] L2C-310: CACHE_ID 0x410000c8, AUX_CTRL 0x46460001[    0.000000] zynq_clock_init: clkc starts at e0800100[    0.000000] Zynq clock init[    0.000011] sched_clock: 64 bits at 333MHz, resolution 3ns, wraps every 4398046511103ns[    0.000034] clocksource: arm_global_timer: mask: 0xffffffffffffffff max_cycles: 0x4ce07af025, max_idle_ns: 440795209040 ns[    0.000135] clocksource: ttc_clocksource: mask: 0xffff max_cycles: 0xffff, max_idle_ns: 537538477 ns[    0.000165] timer #0 at e0808000, irq=17[    0.000429] Console: colour dummy device 80x30[    0.000450] Calibrating delay loop... 1332.01 BogoMIPS (lpj=6660096)[    0.090308] pid_max: default: 32768 minimum: 301[    0.090416] Mount-cache hash table entries: 1024 (order: 0, 4096 bytes)[    0.090430] Mountpoint-cache hash table entries: 1024 (order: 0, 4096 bytes)[    0.090929] CPU: Testing write buffer coherency: ok[    0.091135] CPU0: thread -1, cpu 0, socket 0, mpidr 80000000[    0.091224] Setting up static identity map for 0x8280 - 0x82d8[    0.260297] CPU1: thread -1, cpu 1, socket 0, mpidr 80000001[    0.260372] Brought up 2 CPUs[    0.260390] SMP: Total of 2 processors activated (2664.03 BogoMIPS).[    0.260398] CPU: All CPU(s) started in SVC mode.[    0.264133] VFP support v0.3: implementor 41 architecture 3 part 30 variant 9 rev 4[    0.264541] clocksource: jiffies: mask: 0xffffffff max_cycles: 0xffffffff, max_idle_ns: 19112604462750000 ns[    0.265438] pinctrl core: initialized pinctrl subsystem[    0.266727] NET: Registered protocol family 16[    0.268785] DMA: preallocated 256 KiB pool for atomic coherent allocations[    0.290287] cpuidle: using governor ladder[    0.320275] cpuidle: using governor menu[    0.330481] zynq-ocm f800c000.ocmc: ZYNQ OCM pool: 256 KiB @ 0xe0880000[    0.330890] zynq-pinctrl 700.pinctrl: zynq pinctrl initialized[    0.381047] GPIO IRQ not connected[    0.381064] XGpio: /amba_pl/gpio@41200000: registered, base is 897[    0.381257] GPIO IRQ not connected[    0.381269] XGpio: /amba_pl/gpio@41210000: registered, base is 884[    0.382132] vgaarb: loaded[    0.382586] SCSI subsystem initialized[    0.383028] usbcore: registered new interface driver usbfs[    0.383116] usbcore: registered new interface driver hub[    0.383222] usbcore: registered new device driver usb[    0.383593] media: Linux media interface: v0.10[    0.383674] Linux video capture interface: v2.00[    0.383766] pps_core: LinuxPPS API ver. 1 registered[    0.383778] pps_core: Software ver. 5.3.6 - Copyright 2005-2007 Rodolfo Giometti [    0.383824] PTP clock support registered[    0.383916] EDAC MC: Ver: 3.0.0[    0.384590] Advanced Linux Sound Architecture Driver Initialized.[    0.385801] clocksource: Switched to clocksource arm_global_timer[    0.395353] NET: Registered protocol family 2[    0.396297] TCP established hash table entries: 4096 (order: 2, 16384 bytes)[    0.396362] TCP bind hash table entries: 4096 (order: 3, 32768 bytes)[    0.396447] TCP: Hash tables configured (established 4096 bind 4096)[    0.396513] UDP hash table entries: 256 (order: 1, 8192 bytes)[    0.396547] UDP-Lite hash table entries: 256 (order: 1, 8192 bytes)[    0.396777] NET: Registered protocol family 1[    0.407135] RPC: Registered named UNIX socket transport module.[    0.407149] RPC: Registered udp transport module.[    0.407158] RPC: Registered tcp transport module.[    0.407167] RPC: Registered tcp NFSv4.1 backchannel transport module.[    0.407198] PCI: CLS 0 bytes, default 64[    0.408704] futex hash table entries: 512 (order: 3, 32768 bytes)[    0.419491] squashfs: version 4.0 (2009/01/31) Phillip Lougher[    0.421869] io scheduler noop registered[    0.421890] io scheduler deadline registered[    0.421941] io scheduler cfq registered (default)[    0.423720] dma-pl330 f8003000.dmac: Loaded driver for PL330 DMAC-241330[    0.423740] dma-pl330 f8003000.dmac:  DBUFF-128x8bytes Num_Chans-8 Num_Peri-4 Num_Events-16[    0.424391] Serial: 8250/16550 driver, 2 ports, IRQ sharing disabled[    0.425648] e0001000.serial: ttyPS0 at MMIO 0xe0001000 (irq = 143, base_baud = 6249999) is a xuartps[    1.054799] console [ttyPS0] enabled[    1.058934] xdevcfg f8007000.devcfg: ioremap 0xf8007000 to e081c000[    1.065591] [drm] Initialized drm 1.1.0 20060810[    1.076118] brd: module loaded[    1.085086] loop: module loaded[    1.091030] CAN device driver interface[    1.096479] libphy: MACB_mii_bus: probed[    1.175956] macb e000b000.ethernet eth0: Cadence GEM rev 0x00020118 at 0xe000b000 irq 145 (00:f1:8b:75:98:ec)[    1.185837] macb e000b000.ethernet eth0: attached PHY driver [Generic PHY] (mii_bus:phy_addr=e000b000.etherne:01, irq=-1)[    1.197025] e1000e: Intel(R) PRO/1000 Network Driver - 3.2.6-k[    1.202775] e1000e: Copyright(c) 1999 - 2015 Intel Corporation.[    1.213136] ehci_hcd: USB 2.0 'Enhanced' Host Controller (EHCI) Driver[    1.219628] ehci-pci: EHCI PCI platform driver[    1.224197] usbcore: registered new interface driver usb-storage[    1.231591] mousedev: PS/2 mouse device common for all mice[    1.237550] i2c /dev entries driver[    1.244165] EDAC MC: ECC not enabled[    1.248145] Xilinx Zynq CpuIdle Driver started[    1.252819] sdhci: Secure Digital Host Controller Interface driver[    1.259016] sdhci: Copyright(c) Pierre Ossman[    1.263294] sdhci-pltfm: SDHCI platform and OF driver helper[    1.270306] sdhci-arasan e0100000.sdhci: No vmmc regulator found[    1.276287] sdhci-arasan e0100000.sdhci: No vqmmc regulator found[    1.315871] mmc0: SDHCI controller on e0100000.sdhci [e0100000.sdhci] using ADMA[    1.324030] ledtrig-cpu: registered to indicate activity on CPUs[    1.330393] usbcore: registered new interface driver usbhid[    1.335900] usbhid: USB HID core driver[    1.340615] nand: device found, Manufacturer ID: 0x2c, Chip ID: 0xda[    1.346911] nand: Micron MT29F2G08ABAEAWP[    1.350877] nand: 256 MiB, SLC, erase size: 128 KiB, page size: 2048, OOB size: 64[    1.358448] nand: WARNING: pl35x-nand: the ECC used on your system is too weak compared to the one required by the NAND chip[    1.369892] Bad block table found at page 131008, version 0x01[    1.376064] Bad block table found at page 130944, version 0x01[    1.382099] 10 cmdlinepart partitions found on MTD device pl35x-nand[    1.388394] Creating 10 MTD partitions on \"pl35x-nand\":[    1.393575] 0x000000000000-0x000000080000 : \"boot\"[    1.399422] 0x000000080000-0x000000300000 : \"uboot\"[    1.405127] 0x000000300000-0x000000500000 : \"fpga1\"[    1.420899] 0x000000500000-0x000000700000 : \"fpga2\"[    1.436684] 0x000000700000-0x000000780000 : \"uboot_env\"[    1.452781] 0x000000780000-0x000000800000 : \"miner_cfg\"[    1.468897] 0x000000800000-0x000001e00000 : \"recovery\"[    1.485056] 0x000001e00000-0x000007d00000 : \"firmware1\"[    1.501790] 0x000007d00000-0x00000dc00000 : \"firmware2\"[    1.518553] 0x00000dc00000-0x000010000000 : \"factory\"[    1.537253] nf_conntrack version 0.5.0 (7991 buckets, 31964 max)[    1.545044] NET: Registered protocol family 10[    1.550698] sit: IPv6 over IPv4 tunneling driver[    1.556111] NET: Registered protocol family 17[    1.560529] bridge: automatic filtering via arp/ip/ip6tables has been deprecated. Update your scripts to load br_netfilter if you need this.[    1.573092] can: controller area network core (rev 20120528 abi 9)[    1.579297] NET: Registered protocol family 29[    1.583667] can: raw protocol (rev 20120528)[    1.587940] can: broadcast manager protocol (rev 20120528 t)[    1.593566] can: netlink gateway (rev 20130117) max_hops=1[    1.599266] 8021q: 802.1Q VLAN Support v1.8[    1.603759] Registering SWP/SWPB emulation handler[    1.610014] ubi0: attaching mtd7[    1.925497] ubi0: scanning is finished[    1.936431] ubi0: attached mtd7 (name \"firmware1\", size 95 MiB)[    1.942271] ubi0: PEB size: 131072 bytes (128 KiB), LEB size: 126976 bytes[    1.949151] ubi0: min./max. I/O unit sizes: 2048/2048, sub-page size 2048[    1.955919] ubi0: VID header offset: 2048 (aligned 2048), data offset: 4096[    1.962842] ubi0: good PEBs: 760, bad PEBs: 0, corrupted PEBs: 0[    1.968845] ubi0: user volume: 3, internal volumes: 1, max. volumes count: 128[    1.976054] ubi0: max/mean erase counter: 1/0, WL threshold: 4096, image sequence number: 620819561[    1.985063] ubi0: available PEBs: 0, total reserved PEBs: 760, PEBs reserved for bad PEB handling: 40[    1.994292] ubi0: background thread \"ubi_bgt0d\" started, PID 799[    2.005192] block ubiblock0_1: created from ubi0:1(rootfs)[    2.010645] hctosys: unable to open rtc device (rtc0)[    2.020140] ALSA device list:[    2.023026]   No soundcards found.[    2.028925] VFS: Mounted root (squashfs filesystem) readonly on device 254:0.[    2.036368] Freeing unused kernel memory: 264K (c0746000 - c0788000)[    2.507940] init: Console is alive[    2.511428] init: - watchdog -[    2.911621] kmodloader: loading kernel modules from /etc/modules-boot.d/*[    3.005987] kmodloader: done loading kernel modules from /etc/modules-boot.d/*[    3.019125] init: - preinit -[    3.624233] random: jshn urandom read with 0 bits of entropy available[    3.824376] IPv6: ADDRCONF(NETDEV_UP): eth0: link is not ready[    5.176241] macb e000b000.ethernet eth0: link up (100/Full)[    5.181750] IPv6: ADDRCONF(NETDEV_CHANGE): eth0: link becomes ready[    6.985882] UBIFS (ubi0:2): background thread \"ubifs_bgt0_2\" started, PID 876[    7.008912] UBIFS (ubi0:2): recovery needed[    7.081062] UBIFS (ubi0:2): recovery completed[    7.085504] UBIFS (ubi0:2): UBIFS: mounted UBI device 0, volume 2, name \"rootfs_data\"[    7.093287] UBIFS (ubi0:2): LEB size: 126976 bytes (124 KiB), min./max. I/O unit sizes: 2048 bytes/2048 bytes[    7.103165] UBIFS (ubi0:2): FS size: 69709824 bytes (66 MiB, 549 LEBs), journal size 3428352 bytes (3 MiB, 27 LEBs)[    7.113575] UBIFS (ubi0:2): reserved for root: 3292567 bytes (3215 KiB)[    7.120177] UBIFS (ubi0:2): media format: w4/r0 (latest is w4/r0), UUID A8EFEEFF-FBD2-4B81-AC73-AF0E7B4876DE, small LPT model[    7.133914] mount_root: switching to ubifs overlay[    7.149654] urandom-seed: Seeding with /etc/urandom.seed[    7.274798] procd: - early -[    7.277762] procd: - watchdog -[    7.927206] procd: - watchdog -[    7.930483] procd: - ubus -[    8.153810] procd: - init -[    8.222835] macb e000b000.ethernet eth0: link down[    8.479536] kmodloader: loading kernel modules from /etc/modules.d/*[    8.558464] tun: Universal TUN/TAP device driver, 1.6[    8.563441] tun: (C) 1999-2004 Max Krasnyansky [    8.572748] ip6_tables: (C) 2000-2006 Netfilter Core Team[    8.585591] ip_tables: (C) 2000-2006 Netfilter Core Team[    8.727235] xt_time: kernel timezone is -0000[    8.737569] kmodloader: done loading kernel modules from /etc/modules.d/*[   11.544725] Start post-upgrade process...[   11.771140] device eth0 entered promiscuous mode[   11.790972] IPv6: ADDRCONF(NETDEV_UP): br-lan: link is not ready[   12.226136] macb e000b000.ethernet eth0: link up (100/Full)[   12.231676] br-lan: port 1(eth0) entered forwarding state[   12.237101] br-lan: port 1(eth0) entered forwarding state[   12.255988] IPv6: ADDRCONF(NETDEV_CHANGE): br-lan: link becomes ready[   12.654935] random: nonblocking pool is initialized[   14.235848] br-lan: port 1(eth0) entered forwarding state",
      "score": 0,
      "upvotes": 0,
      "downvotes": 0
    },
    {
      "author": "xioxian",
      "created_time": "April 29, 2023, 02:11:52 AM",
      "body": "Here are the logs and kernels from stock firmware: Monitor:Code:Mem: 34520K used, 461072K free, 0K shrd, 837656K buff, 837704K cachedCPU:  0.0% usr  4.7% sys  0.0% nic 95.2% idle  0.0% io  0.0% irq  0.0% sirqLoad average: 0.01 0.04 0.03 1/57 2392PID  PPID USER     STAT   VSZ %VSZ CPU %CPU COMMAND2391  2390 root     R     2836  0.5   1  4.7 top -b -n 11974     1 root     S    64360 12.9   0  0.0 single-board-test2279     1 root     S    34996  7.0   1  0.0 /usr/bin/bmminer --version-file /usr/bin/compile_time --api-listen --default-config /config/bmminer.conf1459     1 root     S     3084  0.6   0  0.0 /usr/bin/ntpd -p /var/run/ntp.pid -g1406     1 root     S     2840  0.5   0  0.0 /sbin/getty 115200 ttyPS01407     1 root     S     2840  0.5   0  0.0 /sbin/getty 38400 tty11408     1 root     S     2836  0.5   1  0.0 {monitorcg} /bin/sh /sbin/monitorcg1450     1 root     S     2836  0.5   0  0.0 udhcpc -b -t 10 -A 10 -x hostname antMiner -i eth02390  1370 root     S     2836  0.5   0  0.0 /bin/sh /www/pages/cgi-bin/monitor.cgi2392  2390 root     S     2836  0.5   0  0.0 /bin/sh /www/pages/cgi-bin/monitor.cgi1370     1 root     S     2776  0.5   0  0.0 /usr/sbin/lighttpd -f /etc/lighttpd.conf1540  1408 root     S     2704  0.5   1  0.0 sleep 20m1362     1 avahi    S     2612  0.5   0  0.0 avahi-daemon: running [antMiner.local]1363  1362 avahi    S     2612  0.5   1  0.0 avahi-daemon: chroot helper1351     1 root     S     2092  0.4   0  0.0 /usr/sbin/dropbear -r /config/dropbear_rsa_host_key -p 221     0 root     S     1688  0.3   0  0.0 init [5]1114     1 root     S     1676  0.3   0  0.0 /usr/bin/monitor-ipsig1398     1 root     S     1672  0.3   1  0.0 /usr/bin/monitor-recobtn /usr/bin/factory_config_reset.sh1084     2 root     SW       0  0.0   0  0.0 [ubi_bgt0d]1005     2 root     SW       0  0.0   0  0.0 [kworker/0:1]7     2 root     SW       0  0.0   1  0.0 [rcu_preempt]6     2 root     SW       0  0.0   1  0.0 [kworker/u4:0]346     2 root     SW       0  0.0   1  0.0 [kworker/1:1]3     2 root     SW       0  0.0   0  0.0 [ksoftirqd/0]14     2 root     SW       0  0.0   1  0.0 [ksoftirqd/1]18     2 root     SW       0  0.0   1  0.0 [kdevtmpfs]1086     2 root     SW       0  0.0   1  0.0 [ubifs_bgt0_0]2     0 root     SW       0  0.0   1  0.0 [kthreadd]5     2 root     SW<      0  0.0   0  0.0 [kworker/0:0H]8     2 root     SW       0  0.0   0  0.0 [rcu_sched]9     2 root     SW       0  0.0   0  0.0 [rcu_bh]10     2 root     SW       0  0.0   0  0.0 [migration/0]11     2 root     SW       0  0.0   0  0.0 [watchdog/0]12     2 root     SW       0  0.0   1  0.0 [watchdog/1]13     2 root     SW       0  0.0   1  0.0 [migration/1]16     2 root     SW<      0  0.0   1  0.0 [kworker/1:0H]17     2 root     SW<      0  0.0   1  0.0 [khelper]218     2 root     SW<      0  0.0   0  0.0 [writeback]220     2 root     SW<      0  0.0   1  0.0 [bioset]222     2 root     SW<      0  0.0   1  0.0 [kblockd]238     2 root     SW       0  0.0   0  0.0 [khubd]253     2 root     SW<      0  0.0   0  0.0 [edac-poller]345     2 root     SW<      0  0.0   0  0.0 [rpciod]356     2 root     SW       0  0.0   1  0.0 [khungtaskd]361     2 root     SW       0  0.0   0  0.0 [kswapd0]362     2 root     SW       0  0.0   1  0.0 [fsnotify_mark]363     2 root     SW<      0  0.0   1  0.0 [nfsiod]1004     2 root     SW<      0  0.0   1  0.0 [xemacps]1020     2 root     SW<      0  0.0   0  0.0 [kpsmoused]1067     2 root     SW       0  0.0   1  0.0 [irq/39-f8007100]1079     2 root     SW<      0  0.0   1  0.0 [deferwq]1315     2 root     SW       0  0.0   1  0.0 [kworker/1:2]1418     2 root     SW       0  0.0   0  0.0 [kworker/0:2]1452     2 root     SW       0  0.0   1  0.0 [kworker/u4:2]1903     2 root     SW       0  0.0   1  0.0 [kworker/u4:1]KERNELSCode:[    0.000000] Booting Linux on physical CPU 0x0[    0.000000] Linux version 3.14.0-xilinx-g16220c3 (lzq@armdev2) (gcc version 4.8.3 20140320 (prerelease) (Sourcery CodeBench Lite 2014.05-23) ) #83 SMP PREEMPT Thu Jul 12 11:42:53 CST 2018[    0.000000] CPU: ARMv7 Processor [413fc090] revision 0 (ARMv7), cr=18c5387d[    0.000000] CPU: PIPT / VIPT nonaliasing data cache, VIPT aliasing instruction cache[    0.000000] Machine model: Xilinx Zynq[    0.000000] cma: CMA: reserved 128 MiB at 16800000[    0.000000] Memory policy: Data cache writealloc[    0.000000] On node 0 totalpages: 126976[    0.000000] free_area_init_node: node 0, pgdat c074ac00, node_mem_map debd8000[    0.000000]   Normal zone: 992 pages used for memmap[    0.000000]   Normal zone: 0 pages reserved[    0.000000]   Normal zone: 126976 pages, LIFO batch:31[    0.000000] PERCPU: Embedded 8 pages/cpu @debc1000 s9088 r8192 d15488 u32768[    0.000000] pcpu-alloc: s9088 r8192 d15488 u32768 alloc=8*4096[    0.000000] pcpu-alloc: [0] 0 [0] 1 [    0.000000] Built 1 zonelists in Zone order, mobility grouping on.  Total pages: 125984[    0.000000] Kernel command line: noinitrd mem=496M console=ttyPS0,115200 root=ubi0:rootfs ubi.mtd=1 rootfstype=ubifs rw rootwait[    0.000000] PID hash table entries: 2048 (order: 1, 8192 bytes)[    0.000000] Dentry cache hash table entries: 65536 (order: 6, 262144 bytes)[    0.000000] Inode-cache hash table entries: 32768 (order: 5, 131072 bytes)[    0.000000] Memory: 364316K/507904K available (5057K kernel code, 284K rwdata, 1928K rodata, 204K init, 258K bss, 143588K reserved, 0K highmem)[    0.000000] Virtual kernel memory layout:[    0.000000]     vector  : 0xffff0000 - 0xffff1000   (   4 kB)[    0.000000]     fixmap  : 0xfff00000 - 0xfffe0000   ( 896 kB)[    0.000000]     vmalloc : 0xdf800000 - 0xff000000   ( 504 MB)[    0.000000]     lowmem  : 0xc0000000 - 0xdf000000   ( 496 MB)[    0.000000]     pkmap   : 0xbfe00000 - 0xc0000000   (   2 MB)[    0.000000]     modules : 0xbf000000 - 0xbfe00000   (  14 MB)[    0.000000]       .text : 0xc0008000 - 0xc06da8ac   (6987 kB)[    0.000000]       .init : 0xc06db000 - 0xc070e380   ( 205 kB)[    0.000000]       .data : 0xc0710000 - 0xc0757138   ( 285 kB)[    0.000000]        .bss : 0xc0757144 - 0xc0797bfc   ( 259 kB)[    0.000000] Preemptible hierarchical RCU implementation.[    0.000000]  Dump stacks of tasks blocking RCU-preempt GP.[    0.000000]  RCU restricting CPUs from NR_CPUS=4 to nr_cpu_ids=2.[    0.000000] RCU: Adjusting geometry for rcu_fanout_leaf=16, nr_cpu_ids=2[    0.000000] NR_IRQS:16 nr_irqs:16 16[    0.000000] ps7-slcr mapped to df802000[    0.000000] zynq_clock_init: clkc starts at df802100[    0.000000] Zynq clock init[    0.000014] sched_clock: 64 bits at 333MHz, resolution 3ns, wraps every 3298534883328ns[    0.000294] ps7-ttc #0 at df804000, irq=43[    0.000596] Console: colour dummy device 80x30[    0.000625] Calibrating delay loop... 1332.01 BogoMIPS (lpj=6660096)[    0.090243] pid_max: default: 32768 minimum: 301[    0.090453] Mount-cache hash table entries: 1024 (order: 0, 4096 bytes)[    0.090472] Mountpoint-cache hash table entries: 1024 (order: 0, 4096 bytes)[    0.092636] CPU: Testing write buffer coherency: ok[    0.092947] CPU0: thread -1, cpu 0, socket 0, mpidr 80000000[    0.093004] Setting up static identity map for 0x4cb118 - 0x4cb170[    0.093225] L310 cache controller enabled[    0.093245] l2x0: 8 ways, CACHE_ID 0x410000c8, AUX_CTRL 0x72760000, Cache size: 512 kB[    0.170989] CPU1: Booted secondary processor[    0.260220] CPU1: thread -1, cpu 1, socket 0, mpidr 80000001[    0.260348] Brought up 2 CPUs[    0.260367] SMP: Total of 2 processors activated.[    0.260375] CPU: All CPU(s) started in SVC mode.[    0.261034] devtmpfs: initialized[    0.263465] VFP support v0.3: implementor 41 architecture 3 part 30 variant 9 rev 4[    0.264651] regulator-dummy: no parameters[    0.271993] NET: Registered protocol family 16[    0.274223] DMA: preallocated 256 KiB pool for atomic coherent allocations[    0.276486] cpuidle: using governor ladder[    0.276499] cpuidle: using governor menu[    0.283855] syscon f8000000.ps7-slcr: regmap [mem 0xf8000000-0xf8000fff] registered[    0.285369] hw-breakpoint: found 5 (+1 reserved) breakpoint and 1 watchpoint registers.[    0.285382] hw-breakpoint: maximum watchpoint size is 4 bytes.[    0.285491] zynq-ocm f800c000.ps7-ocmc: ZYNQ OCM pool: 256 KiB @ 0xdf880000[    0.307250] bio: create slab <bio-0> at 0[    0.308622] vgaarb: loaded[    0.309316] SCSI subsystem initialized[    0.310244] usbcore: registered new interface driver usbfs[    0.310897] usbcore: registered new interface driver hub[    0.311178] usbcore: registered new device driver usb[    0.311694] media: Linux media interface: v0.10[    0.311857] Linux video capture interface: v2.00[    0.312094] pps_core: LinuxPPS API ver. 1 registered[    0.312105] pps_core: Software ver. 5.3.6 - Copyright 2005-2007 Rodolfo Giometti <giometti@linux.it>[    0.312228] PTP clock support registered[    0.312590] EDAC MC: Ver: 3.0.0[    0.313781] Advanced Linux Sound Architecture Driver Initialized.[    0.316506] DMA-API: preallocated 4096 debug entries[    0.316520] DMA-API: debugging enabled by kernel config[    0.316586] Switched to clocksource arm_global_timer[    0.336529] NET: Registered protocol family 2[    0.337479] TCP established hash table entries: 4096 (order: 2, 16384 bytes)[    0.337536] TCP bind hash table entries: 4096 (order: 3, 32768 bytes)[    0.337622] TCP: Hash tables configured (established 4096 bind 4096)[    0.337666] TCP: reno registered[    0.337683] UDP hash table entries: 256 (order: 1, 8192 bytes)[    0.337714] UDP-Lite hash table entries: 256 (order: 1, 8192 bytes)[    0.337952] NET: Registered protocol family 1[    0.338291] RPC: Registered named UNIX socket transport module.[    0.338303] RPC: Registered udp transport module.[    0.338312] RPC: Registered tcp transport module.[    0.338320] RPC: Registered tcp NFSv4.1 backchannel transport module.[    0.338332] PCI: CLS 0 bytes, default 64[    0.338757] hw perfevents: enabled with ARMv7 Cortex-A9 PMU driver, 7 counters available[    0.340740] futex hash table entries: 512 (order: 3, 32768 bytes)[    0.342808] jffs2: version 2.2. (NAND) © 2001-2006 Red Hat, Inc.[    0.342997] msgmni has been set to 967[    0.343754] io scheduler noop registered[    0.343767] io scheduler deadline registered[    0.343807] io scheduler cfq registered (default)[    0.355657] dma-pl330 f8003000.ps7-dma: Loaded driver for PL330 DMAC-2364208[    0.355677] dma-pl330 f8003000.ps7-dma:  DBUFF-128x8bytes Num_Chans-8 Num_Peri-4 Num_Events-16[    0.478854] e0001000.serial: ttyPS0 at MMIO 0xe0001000 (irq = 82, base_baud = 3124999) is a xuartps[    1.046099] console [ttyPS0] enabled[    1.050363] xdevcfg f8007000.ps7-dev-cfg: ioremap 0xf8007000 to df866000[    1.057979] [drm] Initialized drm 1.1.0 20060810[    1.074935] brd: module loaded[    1.084287] loop: module loaded[    1.093701] e1000e: Intel(R) PRO/1000 Network Driver - 2.3.2-k[    1.099675] e1000e: Copyright(c) 1999 - 2013 Intel Corporation.[    1.107681] libphy: XEMACPS mii bus: probed[    1.112052] ------------- phy_id = 0x3625e62[    1.116953] xemacps e000b000.ps7-ethernet: pdev->id -1, baseaddr 0xe000b000, irq 54[    1.125560] ehci_hcd: USB 2.0 'Enhanced' Host Controller (EHCI) Driver[    1.132196] ehci-pci: EHCI PCI platform driver[    1.139503] zynq-dr e0002000.ps7-usb: Unable to init USB phy, missing?[    1.146299] usbcore: registered new interface driver usb-storage[    1.153168] mousedev: PS/2 mouse device common for all mice[    1.159299] i2c /dev entries driver[    1.166161] zynq-edac f8006000.ps7-ddrc: ecc not enabled[    1.171689] cpufreq_cpu0: failed to get cpu0 regulator: -19[    1.177598] Xilinx Zynq CpuIdle Driver started[    1.182435] sdhci: Secure Digital Host Controller Interface driver[    1.188574] sdhci: Copyright(c) Pierre Ossman[    1.192871] sdhci-pltfm: SDHCI platform and OF driver helper[    1.199745] mmc0: no vqmmc regulator found[    1.203759] mmc0: no vmmc regulator found[    1.246613] mmc0: SDHCI controller on e0100000.ps7-sdio [e0100000.ps7-sdio] using ADMA[    1.255296] usbcore: registered new interface driver usbhid[    1.260812] usbhid: USB HID core driver[    1.265515] nand: device found, Manufacturer ID: 0x2c, Chip ID: 0xda[    1.271807] nand: Micron MT29F2G08ABAEAWP[    1.275777] nand: 256MiB, SLC, page size: 2048, OOB size: 64[    1.281727] Bad block table found at page 131008, version 0x01[    1.287976] Bad block table found at page 130944, version 0x01[    1.294029] 3 ofpart partitions found on MTD device pl353-nand[    1.299799] Creating 3 MTD partitions on \"pl353-nand\":[    1.304902] 0x000000000000-0x000002000000 : \"BOOT.bin-env-dts-kernel\"[    1.312929] 0x000002000000-0x00000b000000 : \"angstram-rootfs\"[    1.320249] 0x00000b000000-0x000010000000 : \"upgrade-rootfs\"[    1.330964] TCP: cubic registered[    1.334202] NET: Registered protocol family 17[    1.338907] Registering SWP/SWPB emulation handler[    1.344782] regulator-dummy: disabling[    1.349101] UBI: attaching mtd1 to ubi0[    1.729909] UBI: scanning is finished[    1.741726] UBI: attached mtd1 (name \"angstram-rootfs\", size 144 MiB) to ubi0[    1.748801] UBI: PEB size: 131072 bytes (128 KiB), LEB size: 126976 bytes[    1.755545] UBI: min./max. I/O unit sizes: 2048/2048, sub-page size 2048[    1.762248] UBI: VID header offset: 2048 (aligned 2048), data offset: 4096[    1.769106] UBI: good PEBs: 1152, bad PEBs: 0, corrupted PEBs: 0[    1.775075] UBI: user volume: 1, internal volumes: 1, max. volumes count: 128[    1.782207] UBI: max/mean erase counter: 1/0, WL threshold: 4096, image sequence number: 347537888[    1.791150] UBI: available PEBs: 0, total reserved PEBs: 1152, PEBs reserved for bad PEB handling: 40[    1.800366] UBI: background thread \"ubi_bgt0d\" started, PID 1084[    1.800372] drivers/rtc/hctosys.c: unable to open rtc device (rtc0)[    1.804280] ALSA device list:[    1.804283]   No soundcards found.[    1.821098] UBIFS: background thread \"ubifs_bgt0_0\" started, PID 1086[    1.959466] UBIFS: mounted UBI device 0, volume 0, name \"rootfs\"[    1.965391] UBIFS: LEB size: 126976 bytes (124 KiB), min./max. I/O unit sizes: 2048 bytes/2048 bytes[    1.974523] UBIFS: FS size: 128626688 bytes (122 MiB, 1013 LEBs), journal size 9023488 bytes (8 MiB, 72 LEBs)[    1.984407] UBIFS: reserved for root: 0 bytes (0 KiB)[    1.989447] UBIFS: media format: w4/r0 (latest is w4/r0), UUID 6DB0ADD6-21CD-4224-902F-9EE5F976D1A6, small LPT model[    2.028259] VFS: Mounted root (ubifs filesystem) on device 0:11.[    2.049565] devtmpfs: mounted[    2.052670] Freeing unused kernel memory: 204K (c06db000 - c070e000)[    3.205480] random: dd urandom read with 1 bits of entropy available[    3.806627] [    3.806627] bcm54xx_config_init[    4.416622] [    4.416622] bcm54xx_config_init[    7.417463] xemacps e000b000.ps7-ethernet: Set clk to 24999999 Hz[    7.423550] xemacps e000b000.ps7-ethernet: link up (100/FULL)[   20.798175] In axi fpga driver![   20.801242] request_mem_region OK![   20.804632] AXI fpga dev virtual address is 0xdf9fe000[   20.809767] *base_vir_addr = 0xc51e[   20.825102] In fpga mem driver![   20.828228] request_mem_region OK![   20.831730] fpga mem virtual address is 0xe2000000[   21.596620] [   21.596620] bcm54xx_config_init[   22.226612] [   22.226612] bcm54xx_config_init[   25.227450] xemacps e000b000.ps7-ethernet: Set clk to 24999999 Hz[   25.233468] xemacps e000b000.ps7-ethernet: link up (100/FULL)[  302.083035] random: nonblocking pool is initializedlog_level = 4This is XILINX board. Totalram:       507486208Detect 512MB control board of XILINXmmap axi_fpga_addr = 0xb6f0c000axi_fpga_addr data = 0xc51emmap fpga_mem_addr = 0xb5d05000forceFreq=-1 forceFlag=0min work minertest[0]:912DETECT HW version=0000c51eminer ID : 8120d48966008814Miner Type = S9AsicType = 1387real AsicNum = 63use critical mode to search freq...get PLUG ON=0x000000e0Find hashboard on Chain[5]Find hashboard on Chain[6]Find hashboard on Chain[7]Check chain[5] PIC fw version=0x00Check chain[6] PIC fw version=0x03Check chain[7] PIC fw version=0x03read pic freq and badcore num...Error of set PIC FLASH addr: addr_H=f(3) addr_L=a0(3) on Chain[5]Error of set PIC FLASH addr: addr_H=f(3) addr_L=a0(3) on Chain[5]Error of set PIC FLASH addr: addr_H=f(3) addr_L=a0(3) on Chain[5]Error of set PIC FLASH addr: addr_H=f(3) addr_L=a0(3) on Chain[5]Error of set PIC FLASH addr: addr_H=f(3) addr_L=80(3) on Chain[5]Error of set PIC FLASH addr: addr_H=f(3) addr_L=80(3) on Chain[5]Error of set PIC FLASH addr: addr_H=f(3) addr_L=80(3) on Chain[5]Error of set PIC FLASH addr: addr_H=f(3) addr_L=80(3) on Chain[5]Error of set PIC FLASH addr: addr_H=f(3) addr_L=e8(3) on Chain[5]Error of set PIC FLASH addr: addr_H=f(3) addr_L=e8(3) on Chain[5]Error of set PIC FLASH addr: addr_H=f(3) addr_L=e8(3) on Chain[5]Error of set PIC FLASH addr: addr_H=f(3) addr_L=e8(3) on Chain[5]chain[5]: [3:3] [3:3] [3:3] [3:3] [3:3] [3:3] [3:3] [3:3]chain[5] has no freq in PIC! Will use default freq=500 and jump over...Check chain[5] PIC fw version=0x03read pic freq and badcore num...chain[6]: [63:22] [63:5] [63:24] [63:24] [63:64] [63:49] [63:255] [63:255]has freq in PIC, will disable freq setting.chain[6] has freq in PIC and will jump over...Chain[6] has core num in PICChain[6] ASIC[5] has core num=2Chain[6] ASIC[23] has core num=1Chain[6] ASIC[35] has core num=10Check chain[6] PIC fw version=0x03read pic freq and badcore num...chain[7]: [63:22] [63:5] [63:24] [63:24] [63:67] [63:39] [63:255] [63:255]has freq in PIC, will disable freq setting.chain[7] has freq in PIC and will jump over...Chain[7] has core num in PICChain[7] ASIC[13] has core num=15Chain[7] ASIC[30] has core num=1Chain[7] ASIC[42] has core num=15Check chain[7] PIC fw version=0x03get PIC voltage=3 on chain[5], value=940get PIC voltage=165 on chain[6], value=840get PIC voltage=165 on chain[7], value=840chain[5] temp offset record: -91,-91,-91,-91,-91,-91,-91,-91chain[5] temp chip I2C addr=0x98chain[5] has no middle temp, use special fix mode.chain[6] temp offset record: 62,0,0,0,0,0,35,28chain[6] temp chip I2C addr=0x98chain[6] has no middle temp, use special fix mode.chain[7] temp offset record: 62,0,0,0,0,0,35,28chain[7] temp chip I2C addr=0x98chain[7] has no middle temp, use special fix mode.total_exist_chain_num = 3CRC error counter=0set command mode to VIL--- check asic numberAfter Get ASIC NUM CRC error counter=0set_baud=0The min freq=700set real timeout 52, need sleep=379392After TEST CRC error counter=0search freq for 1 times, completed chain = 3, total chain num = 3 single_board_frq_tuning entermin_rate, des_rate, fix_volt:13800, 14000, 880force_freq not set, don't need tuningrestart Miner chance num=2waiting for receive_func to exit!waiting for pic heart to exit!bmminer not found= 2275 root       0:00 grep bmminerbmminer not found, restart bmminer ...This is user mode for miningDetect 512MB control board of XILINXMiner Type = S9Miner compile time: Wed Dec 5 15:12:44 CST 2018 type: Antminer S9set_reset_allhashboard = 0x0000ffffset_reset_allhashboard = 0x00000000set_reset_allhashboard = 0x0000ffffminer ID : 8120d48966008814set_reset_allhashboard = 0x0000ffffChecking fans!get fan[4] speed=5520get fan[5] speed=5760get fan[4] speed=5520get fan[5] speed=5760get fan[4] speed=5520get fan[5] speed=5760Error of set PIC FLASH addr: addr_H=f(0) addr_L=e8(0) on Chain[5]Error of set PIC FLASH addr: addr_H=f(0) addr_L=e8(0) on Chain[5]Error of set PIC FLASH addr: addr_H=f(0) addr_L=e8(0) on Chain[5]Error of set PIC FLASH addr: addr_H=f(0) addr_L=e8(0) on Chain[5]chain[5]: [0:0] [0:0] [0:0] [0:0] [0:0] [0:0] [0:0] [0:0]Error of set PIC FLASH addr: addr_H=f(0) addr_L=a0(0) on Chain[5]Error of set PIC FLASH addr: addr_H=f(0) addr_L=a0(0) on Chain[5]Error of set PIC FLASH addr: addr_H=f(0) addr_L=a0(0) on Chain[5]Error of set PIC FLASH addr: addr_H=f(0) addr_L=a0(0) on Chain[5]Error of set PIC FLASH addr: addr_H=f(0) addr_L=80(0) on Chain[5]Error of set PIC FLASH addr: addr_H=f(0) addr_L=80(0) on Chain[5]Error of set PIC FLASH addr: addr_H=f(0) addr_L=80(0) on Chain[5]",
      "score": 0,
      "upvotes": 0,
      "downvotes": 0
    },
    {
      "author": "hZti",
      "created_time": "April 29, 2023, 11:52:08 AM",
      "body": "What you should try is to set a lower maximum power target. Fir example 1300 Watts maximum. The issue is that Brains OS + does often put to much watts from the beginning. If you get good results with 1300 watts you can try to set higher wattages.If that does not work post again the error codes.",
      "score": 0,
      "upvotes": 0,
      "downvotes": 0
    },
    {
      "author": "xioxian",
      "created_time": "April 29, 2023, 04:08:26 PM",
      "body": "Ok, i set the watts to 1300 here are the logs:https://pastebin.com/yB8mGwMF",
      "score": 0,
      "upvotes": 0,
      "downvotes": 0
    },
    {
      "author": "xioxian",
      "created_time": "April 30, 2023, 03:13:56 AM",
      "body": "Solved, I swtiched around the control boards with a working S9, and its fully functional. Thanks, guys especially BitMaxz. You have made my first few weeks here a pleasure",
      "score": 0,
      "upvotes": 0,
      "downvotes": 0
    },
    {
      "author": "xioxian",
      "created_time": "April 30, 2023, 12:16:10 PM",
      "body": "I resoldered the elbow joints on the original connectors, it immediately shot up to 16TH.Is it possible oxidisation of the metal causes the connectors to not transmit current correctly to power the miner?",
      "score": 0,
      "upvotes": 0,
      "downvotes": 0
    },
    {
      "author": "hZti",
      "created_time": "May 03, 2023, 06:37:54 PM",
      "body": "Quote from: xioxian on April 30, 2023, 12:16:10 PMIs it possible oxidisation of the metal causes the connectors to not transmit current correctly to power the miner?Yes that is totally possible! You can measure if the voltage is correct/if the is a current. If everything works now then I would just leave it however. So this means that your broken control board is now working again fine?",
      "score": 0,
      "upvotes": 0,
      "downvotes": 0
    },
    {
      "author": "xioxian",
      "created_time": "May 08, 2023, 05:07:45 AM",
      "body": "No, it was a fault control board! Thanks for everyone's assistance.",
      "score": 0,
      "upvotes": 0,
      "downvotes": 0
    }
  ]
}