{
  "id": "topic_5398927",
  "title": "DSH90",
  "author": "DSH90",
  "created_time": "May 16, 2022, 06:33:42 PM",
  "content": "Hi, Looking for some help or ideas please, Hashboards work when tested individually and when tested in pairs, but will not work when all 3 three are connected?Real head-scratcher, last few lines of Kernel log below:2022-05-16 17:17:45 power_api.c:40:_get_avg_voltage: chain = 0, voltage = 21.1137802022-05-16 17:17:46 power_api.c:40:_get_avg_voltage: chain = 1, voltage = 21.1432192022-05-16 17:17:47 power_api.c:40:_get_avg_voltage: chain = 2, voltage = 21.2423852022-05-16 17:17:47 power_api.c:53:_get_avg_voltage: average_voltage = 21.1664612022-05-16 17:17:47 power_api.c:71:check_voltage: target_vol = 21.00, actural_vol = 21.17, check voltage passed.2022-05-16 17:17:47 uart.c:72:set_baud: set fpga_baud to 1152002022-05-16 17:17:59 driver-btm-api.c:1096:check_asic_number_with_power_on: Chain[0]: find 65 asic, times 02022-05-16 17:18:10 driver-btm-api.c:1096:check_asic_number_with_power_on: Chain[1]: find 65 asic, times 02022-05-16 17:18:21 driver-btm-api.c:1096:check_asic_number_with_power_on: Chain[2]: find 65 asic, times 02022-05-16 17:18:29 driver-hash-chip.c:266:set_uart_relay: set uart relay to 0x3300032022-05-16 17:18:29 driver-btm-api.c:397:set_order_clock: chain[0]: set order clock, stragegy 32022-05-16 17:18:29 driver-btm-api.c:397:set_order_clock: chain[1]: set order clock, stragegy 32022-05-16 17:18:29 driver-btm-api.c:397:set_order_clock: chain[2]: set order clock, stragegy 32022-05-16 17:18:30 driver-hash-chip.c:502:set_clock_delay_control: core_data = 0x342022-05-16 17:18:30 driver-btm-api.c:1854:check_clock_counter: freq 50 clock_counter_limit 62022-05-16 17:18:30 voltage[0] = 19402022-05-16 17:18:30 voltage[1] = 19702022-05-16 17:18:30 voltage[2] = 19602022-05-16 17:18:30 Voltage are different. Will exit.2022-05-16 17:18:30 driver-btm-api.c:216:set_miner_status: ERROR_SOC_INIT2022-05-16 17:18:30 driver-btm-api.c:156:stop_mining: stop mining: soc init failed!2022-05-16 17:18:30 thread.c:1101:cancel_read_nonce_reg_thread: cancel thread2022-05-16 17:18:30 driver-btm-api.c:141:killall_hashboard: ****power off hashboard****Any ideas please? thanks in advance...Also full Kernel Log below:Booting Linux on physical CPU 0x0Linux version 4.6.0-xilinx-gff8137b-dirty (lzq@armdev2) (gcc version 4.8.3 20140320 (prerelease) (Sourcery CodeBench Lite 2014.05-23) ) #25 SMP PREEMPT Fri
Nov 23 15:30:52 CST 2018CPU: ARMv7 Processor [413fc090] revision 0 (ARMv7), cr=18c5387dCPU: PIPT / VIPT nonaliasing data cache, VIPT aliasing instruction cacheMachine model: Xilinx Zynqcma: Reserved 16 MiB at 0x0e000000Memory policy: Data cache writeallocOn node 0 totalpages: 61440free_area_init_node: node 0, pgdat c0b39280, node_mem_map cde10000  Normal zone: 480 pages used for memmap  Normal zone: 0 pages reserved  Normal zone: 61440 pages, LIFO batch:15percpu: Embedded 12 pages/cpu @cddf1000 s19776 r8192 d21184 u49152pcpu-alloc: s19776 r8192 d21184 u49152 alloc=12*4096pcpu-alloc:  0  1 Built 1 zonelists in Zone order, mobility grouping on.  Total pages: 60960Kernel command line: mem=240M console=ttyPS0,115200 ramdisk_size=33554432 root=/dev/ram rw earlyprintkPID hash table entries: 1024 (order: 0, 4096 bytes)Dentry cache hash table entries: 32768 (order: 5, 131072 bytes)Inode-cache hash table entries: 16384 (order: 4, 65536 bytes)Memory: 203444K/245760K available (6345K kernel code, 231K rwdata, 1896K rodata, 1024K init, 223K bss, 25932K reserved, 16384K cma-reserved, 0K highmem)Virtual kernel memory layout:    vector  : 0xffff0000 - 0xffff1000   (   4 kB)    fixmap  : 0xffc00000 - 0xfff00000   (3072 kB)    vmalloc : 0xcf800000 - 0xff800000   ( 768 MB)    lowmem  : 0xc0000000 - 0xcf000000   ( 240 MB)    pkmap   : 0xbfe00000 - 0xc0000000   (   2 MB)    modules : 0xbf000000 - 0xbfe00000   (  14 MB)      .text : 0xc0008000 - 0xc090c424   (9234 kB)      .init : 0xc0a00000 - 0xc0b00000   (1024 kB)      .data : 0xc0b00000 - 0xc0b39fe0   ( 232 kB)       .bss : 0xc0b39fe0 - 0xc0b71c28   ( 224 kB)Preemptible hierarchical RCU implementation.   Build-time adjustment of leaf fanout to 32.   RCU restricting CPUs from NR_CPUS=4 to nr_cpu_ids=2.RCU: Adjusting geometry for rcu_fanout_leaf=32, nr_cpu_ids=2NR_IRQS:16 nr_irqs:16 16efuse mapped to cf800000ps7-slcr mapped to cf802000L2C: platform modifies aux control register: 0x72360000 -> 0x72760000L2C: DT/platform modifies aux control register: 0x72360000 -> 0x72760000L2C-310 erratum 769419 enabledL2C-310 enabling early BRESP for Cortex-A9L2C-310 full line of zeros enabled for Cortex-A9L2C-310 ID prefetch enabled, offset 1 linesL2C-310 dynamic clock gating enabled, standby mode enabledL2C-310 cache controller enabled, 8 ways, 512 kBL2C-310: CACHE_ID 0x410000c8, AUX_CTRL 0x76760001zynq_clock_init: clkc starts at cf802100Zynq clock initsched_clock: 64 bits at 333MHz, resolution 3ns, wraps every 4398046511103nsclocksource: arm_global_timer: mask: 0xffffffffffffffff max_cycles: 0x4ce07af025, max_idle_ns: 440795209040 nsSwitching to timer-based delay loop, resolution 3nsclocksource: ttc_clocksource: mask: 0xffff max_cycles: 0xffff, max_idle_ns: 537538477 nsps7-ttc #0 at cf80a000, irq=18Console: colour dummy device 80x30Calibrating delay loop (skipped), value calculated using timer frequency.. 666.66 BogoMIPS (lpj=3333333)pid_max: default: 32768 minimum: 301Mount-cache hash table entries: 1024 (order: 0, 4096 bytes)Mountpoint-cache hash table entries: 1024 (order: 0, 4096 bytes)CPU: Testing write buffer coherency: okCPU0: thread -1, cpu 0, socket 0, mpidr 80000000Setting up static identity map for 0x100000 - 0x100058CPU1: failed to boot: -1Brought up 1 CPUsSMP: Total of 1 processors activated (666.66 BogoMIPS).CPU: All CPU(s) started in SVC mode.devtmpfs: initializedVFP support v0.3: implementor 41 architecture 3 part 30 variant 9 rev 4clocksource: jiffies: mask: 0xffffffff max_cycles: 0xffffffff, max_idle_ns: 19112604462750000 nspinctrl core: initialized pinctrl subsystemNET: Registered protocol family 16DMA: preallocated 256 KiB pool for atomic coherent allocationscpuidle: using governor menuhw-breakpoint: found 5 (+1 reserved) breakpoint and 1 watchpoint registers.hw-breakpoint: maximum watchpoint size is 4 bytes.zynq-ocm f800c000.ps7-ocmc: ZYNQ OCM pool: 256 KiB @ 0xcf880000vgaarb: loadedSCSI subsystem initializedusbcore: registered new interface driver usbfsusbcore: registered new interface driver hubusbcore: registered new device driver usbmedia: Linux media interface: v0.10Linux video capture interface: v2.00pps_core: LinuxPPS API ver. 1 registeredpps_core: Software ver. 5.3.6 - Copyright 2005-2007 Rodolfo Giometti <giometti@linux.it>PTP clock support registeredEDAC MC: Ver: 3.0.0Advanced Linux Sound Architecture Driver Initialized.clocksource: Switched to clocksource arm_global_timerNET: Registered protocol family 2TCP established hash table entries: 2048 (order: 1, 8192 bytes)TCP bind hash table entries: 2048 (order: 2, 16384 bytes)TCP: Hash tables configured (established 2048 bind 2048)UDP hash table entries: 256 (order: 1, 8192 bytes)UDP-Lite hash table entries: 256 (order: 1, 8192 bytes)NET: Registered protocol family 1RPC: Registered named UNIX socket transport module.RPC: Registered udp transport module.RPC: Registered tcp transport module.RPC: Registered tcp NFSv4.1 backchannel transport module.PCI: CLS 0 bytes, default 64Trying to unpack rootfs image as initramfs...rootfs image is not initramfs (no cpio magic); looks like an initrdFreeing initrd memory: 12892K (cce6a000 - cdb01000)hw perfevents: enabled with armv7_cortex_a9 PMU driver, 7 counters availablefutex hash table entries: 512 (order: 3, 32768 bytes)workingset: timestamp_bits=28 max_order=16 bucket_order=0jffs2: version 2.2. (NAND) (SUMMARY)  © 2001-2006 Red Hat, Inc.io scheduler noop registeredio scheduler deadline registeredio scheduler cfq registered (default)dma-pl330 f8003000.ps7-dma: Loaded driver for PL330 DMAC-241330dma-pl330 f8003000.ps7-dma:    DBUFF-128x8bytes Num_Chans-8 Num_Peri-4 Num_Events-16e0000000.serial: ttyPS0 at MMIO 0xe0000000 (irq = 158, base_baud = 6249999) is a xuartpsconsole [ttyPS0] enabledxdevcfg f8007000.ps7-dev-cfg: ioremap 0xf8007000 to cf86e000[drm] Initialized drm 1.1.0 20060810brd: module loadedloop: module loadedCAN device driver interfacegpiod_set_value: invalid GPIOlibphy: MACB_mii_bus: probedmacb e000b000.ethernet eth0: Cadence GEM rev 0x00020118 at 0xe000b000 irq 31 (00:0a:35:00:00:00)Generic PHY e000b000.etherne:00: attached PHY driver [Generic PHY] (mii_bus:phy_addr=e000b000.etherne:00, irq=-1)e1000e: Intel(R) PRO/1000 Network Driver - 3.2.6-ke1000e: Copyright(c) 1999 - 2015 Intel Corporation.ehci_hcd: USB 2.0 'Enhanced' Host Controller (EHCI) Driverehci-pci: EHCI PCI platform driverusbcore: registered new interface driver usb-storagemousedev: PS/2 mouse device common for all micei2c /dev entries driverXilinx Zynq CpuIdle Driver startedsdhci: Secure Digital Host Controller Interface driversdhci: Copyright(c) Pierre Ossmansdhci-pltfm: SDHCI platform and OF driver helpermmc0: SDHCI controller on e0100000.ps7-sdio [e0100000.ps7-sdio] using ADMAledtrig-cpu: registered to indicate activity on CPUsusbcore: registered new interface driver usbhidusbhid: USB HID core drivernand: device found, Manufacturer ID: 0x2c, Chip ID: 0xdanand: Micron MT29F2G08ABAEAWPnand: 256 MiB, SLC, erase size: 128 KiB, page size: 2048, OOB size: 64nand: WARNING: pl35x-nand: the ECC used on your system is too weak compared to the one required by the NAND chipBad block table found at page 131008, version 0x01Bad block table found at page 130944, version 0x016 ofpart partitions found on MTD device pl35x-nandCreating 6 MTD partitions on \"pl35x-nand\":0x000000000000-0x000002800000 : \"BOOT.bin-env-dts-kernel\"0x000002800000-0x000004800000 : \"ramfs\"0x000004800000-0x000005000000 : \"configs\"0x000005000000-0x000006000000 : \"reserve\"0x000006000000-0x000008000000 : \"ramfs-bak\"0x000008000000-0x000010000000 : \"reserve1\"NET: Registered protocol family 10sit: IPv6 over IPv4 tunneling driverNET: Registered protocol family 17can: controller area network core (rev 20120528 abi 9)NET: Registered protocol family 29can: raw protocol (rev 20120528)can: broadcast manager protocol (rev 20120528 t)can: netlink gateway (rev 20130117) max_hops=1zynq_pm_ioremap: no compatible node found for 'xlnx,zynq-ddrc-a05'zynq_pm_late_init: Unable to map DDRC IO memory.Registering SWP/SWPB emulation handlerhctosys: unable to open rtc device (rtc0)ALSA device list:  No soundcards found.RAMDISK: gzip image found at block 0EXT4-fs (ram0): couldn't mount as ext3 due to feature incompatibilitiesEXT4-fs (ram0): mounted filesystem without journal. Opts: (null)VFS: Mounted root (ext4 filesystem) on device 1:0.devtmpfs: mountedFreeing unused kernel memory: 1024K (c0a00000 - c0b00000)EXT4-fs (ram0): re-mounted. Opts: block_validity,delalloc,barrier,user_xattrrandom: dd urandom read with 0 bits of entropy availableubi0: attaching mtd2ubi0: scanning is finishedubi0: attached mtd2 (name \"configs\", size 8 MiB)ubi0: PEB size: 131072 bytes (128 KiB), LEB size: 126976 bytesubi0: min./max. I/O unit sizes: 2048/2048, sub-page size 2048ubi0: VID header offset: 2048 (aligned 2048), data offset: 4096ubi0: good PEBs: 64, bad PEBs: 0, corrupted PEBs: 0ubi0: user volume: 1, internal volumes: 1, max. volumes count: 128ubi0: max/mean erase counter: 30/11, WL threshold: 4096, image sequence number: 3860806287ubi0: available PEBs: 0, total reserved PEBs: 64, PEBs reserved for bad PEB handling: 40ubi0: background thread \"ubi_bgt0d\" started, PID 708UBIFS (ubi0:0): background thread \"ubifs_bgt0_0\" started, PID 711UBIFS (ubi0:0): recovery neededUBIFS (ubi0:0): recovery completedUBIFS (ubi0:0): UBIFS: mounted UBI device 0, volume 0, name \"configs\"UBIFS (ubi0:0): LEB size: 126976 bytes (124 KiB), min./max. I/O unit sizes: 2048 bytes/2048 bytesUBIFS (ubi0:0): FS size: 1396736 bytes (1 MiB, 11 LEBs), journal size 888833 bytes (0 MiB, 5 LEBs)UBIFS (ubi0:0): reserved for root: 65970 bytes (64 KiB)UBIFS (ubi0:0): media format: w4/r0 (latest is w4/r0), UUID 2F0E3767-8BA7-49C4-96D4-31C62AF692D2, small LPT modelubi1: attaching mtd5ubi1: scanning is finishedubi1: attached mtd5 (name \"reserve1\", size 128 MiB)ubi1: PEB size: 131072 bytes (128 KiB), LEB size: 126976 bytesubi1: min./max. I/O unit sizes: 2048/2048, sub-page size 2048ubi1: VID header offset: 2048 (aligned 2048), data offset: 4096ubi1: good PEBs: 1020, bad PEBs: 4, corrupted PEBs: 0ubi1: user volume: 1, internal volumes: 1, max. volumes count: 128ubi1: max/mean erase counter: 4105/1513, WL threshold: 4096, image sequence number: 3563076859ubi1: available PEBs: 0, total reserved PEBs: 1020, PEBs reserved for bad PEB handling: 36ubi1: background thread \"ubi_bgt1d\" started, PID 720UBIFS (ubi1:0): background thread \"ubifs_bgt1_0\" started, PID 723UBIFS (ubi1:0): recovery neededUBIFS (ubi1:0): recovery completedUBIFS (ubi1:0): UBIFS: mounted UBI device 1, volume 0, name \"reserve1\"UBIFS (ubi1:0): LEB size: 126976 bytes (124 KiB), min./max. I/O unit sizes: 2048 bytes/2048 bytesUBIFS (ubi1:0): FS size: 123039744 bytes (117 MiB, 969 LEBs), journal size 6221824 bytes (5 MiB, 49 LEBs)UBIFS (ubi1:0): reserved for root: 4952683 bytes (4836 KiB)UBIFS (ubi1:0): media format: w4/r0 (latest is w4/r0), UUID A21581E4-693A-4BBF-A66A-FCE5ACD2EF7F, small LPT modelIPv6: ADDRCONF(NETDEV_UP): eth0: link is not readyIPv6: ADDRCONF(NETDEV_UP): eth0: link is not readymacb e000b000.ethernet eth0: unable to generate target frequency: 25000000 Hzmacb e000b000.ethernet eth0: link up (100/Full)IPv6: ADDRCONF(NETDEV_CHANGE): eth0: link becomes readyIn axi fpga driver!request_mem_region OK!AXI fpga dev virtual address is 0xcfb38000*base_vir_addr = 0xb023In fpga mem driver!request_mem_region OK!fpga mem virtual address is 0xd2000000random: nonblocking pool is initialized2022-05-16 17:16:12 driver-btm-api.c:741:init_freq_mode: This is scan-user version2022-05-16 17:16:12 driver-btm-api.c:2413:bitmain_soc_init: opt_multi_version     = 12022-05-16 17:16:12 driver-btm-api.c:2414:bitmain_soc_init: opt_bitmain_ab        = 12022-05-16 17:16:12 driver-btm-api.c:2415:bitmain_soc_init: opt_bitmain_work_mode = 02022-05-16 17:16:12 driver-btm-api.c:2416:bitmain_soc_init: Miner compile time: Tue Apr  7 14:11:08 CST 2020 type: Antminer S17+2022-05-16 17:16:12 driver-btm-api.c:2417:bitmain_soc_init: commit version: 0fa7066 2020-04-06 22:14:32, build by: lol 2020-04-07 14:17:532022-05-16 17:16:12 driver-btm-api.c:2045:show_sn: len:16, 8020a4c6751048142022-05-16 17:16:12 driver-btm-api.c:2423:bitmain_soc_init: show sn return 12022-05-16 17:16:12 driver-btm-api.c:2065:handle_sn_for_factory_mode: show sn return 12022-05-16 17:16:12 driver-btm-api.c:2103:handle_sn_for_factory_mode: read sn success, 8020a4c6751048142022-05-16 17:16:12 fan.c:279:front_fan_power_on: Note: front fan is power on!2022-05-16 17:16:12 fan.c:291:rear_fan_power_on: Note: rear fan is power on!2022-05-16 17:16:12 driver-btm-api.c:1276:miner_device_init: Detect 256MB control board of XILINX2022-05-16 17:16:12 driver-btm-api.c:1217:init_fan_parameter: fan_eft : 0  fan_pwm : 02022-05-16 17:16:18 driver-btm-api.c:1201:init_miner_version: miner ID : 8020a4c6751048142022-05-16 17:16:18 driver-btm-api.c:1207:init_miner_version: FPGA Version = 0xB0232022-05-16 17:16:24 driver-btm-api.c:799:get_product_id: product_id[0] = 02022-05-16 17:16:24 driver-btm-api.c:799:get_product_id: product_id[1] = 02022-05-16 17:16:24 driver-btm-api.c:799:get_product_id: product_id[2] = 02022-05-16 17:16:24 driver-btm-api.c:2196:update_conf_by_power_feedback: Power feedback is disabled2022-05-16 17:16:24 driver-btm-api.c:2164:get_calibration_voltage: calibration voltage flag is error data.2022-05-16 17:16:24 driver-btm-api.c:2230:update_conf_by_power_feedback: Note: no calibration voltage, default diff = 02022-05-16 17:16:24 frequency.c:1366:adjust_higer_max_vol_table: adjust_higer_max_vol_table, adjust_vol = 02022-05-16 17:16:24 thread.c:1066:create_read_nonce_reg_thread: create thread2022-05-16 17:16:30 driver-btm-api.c:1201:init_miner_version: miner ID : 8020a4c6751048142022-05-16 17:16:30 driver-btm-api.c:1207:init_miner_version: FPGA Version = 0xB0232022-05-16 17:16:35 driver-btm-api.c:799:get_product_id: product_id[0] = 02022-05-16 17:16:35 driver-btm-api.c:799:get_product_id: product_id[1] = 02022-05-16 17:16:35 driver-btm-api.c:799:get_product_id: product_id[2] = 02022-05-16 17:16:35 driver-btm-api.c:754:_set_project_type: project:02022-05-16 17:16:35 driver-btm-api.c:775:_set_project_type: Project type: Antminer S17+2022-05-16 17:16:35 driver-btm-api.c:786:dump_pcb_bom_version: Chain  PCB Version: 0x01002022-05-16 17:16:35 driver-btm-api.c:787:dump_pcb_bom_version: Chain  BOM Version: 0x01002022-05-16 17:16:35 driver-btm-api.c:786:dump_pcb_bom_version: Chain [1] PCB Version: 0x01002022-05-16 17:16:35 driver-btm-api.c:787:dump_pcb_bom_version: Chain [1] BOM Version: 0x01002022-05-16 17:16:35 driver-btm-api.c:786:dump_pcb_bom_version: Chain [2] PCB Version: 0x01002022-05-16 17:16:35 driver-btm-api.c:787:dump_pcb_bom_version: Chain [2] BOM Version: 0x01002022-05-16 17:16:37 driver-btm-api.c:2334:bitmain_board_init: Fan check passed.2022-05-16 17:16:38 board.c:36:jump_and_app_check_restore_pic: chain[0] PIC jump to app2022-05-16 17:16:40 board.c:40:jump_and_app_check_restore_pic: Check chain[0] PIC fw version=0x882022-05-16 17:16:41 board.c:36:jump_and_app_check_restore_pic: chain[1] PIC jump to app2022-05-16 17:16:43 board.c:40:jump_and_app_check_restore_pic: Check chain[1] PIC fw version=0x882022-05-16 17:16:44 board.c:36:jump_and_app_check_restore_pic: chain[2] PIC jump to app2022-05-16 17:16:46 board.c:40:jump_and_app_check_restore_pic: Check chain[2] PIC fw version=0x882022-05-16 17:16:46 thread.c:1061:create_pic_heart_beat_thread: create thread2022-05-16 17:16:46 power_api.c:213:power_init: Power init:2022-05-16 17:16:46 power_api.c:214:power_init: current_voltage_raw = 02022-05-16 17:16:46 power_api.c:215:power_init: highest_voltage_raw = 21002022-05-16 17:16:46 power_api.c:216:power_init: working_voltage_raw = 19502022-05-16 17:16:46 power_api.c:217:power_init: higher_voltage_raw  = 20402022-05-16 17:16:46 power_api.c:218:power_init: check_asic_voltage_raw  = 21002022-05-16 17:16:46 driver-btm-api.c:2344:bitmain_board_init: Enter 30s sleep to make sure power release finish.2022-05-16 17:16:46 power_api.c:186:power_off: init gpio9072022-05-16 17:17:18 power_api.c:324:set_to_highest_voltage_by_steps: Set to voltage raw 2100, step by step.2022-05-16 17:17:44 power_api.c:85:check_voltage_multi: retry time: 02022-05-16 17:17:45 power_api.c:40:_get_avg_voltage: chain = 0, voltage = 21.1137802022-05-16 17:17:46 power_api.c:40:_get_avg_voltage: chain = 1, voltage = 21.1432192022-05-16 17:17:47 power_api.c:40:_get_avg_voltage: chain = 2, voltage = 21.2423852022-05-16 17:17:47 power_api.c:53:_get_avg_voltage: average_voltage = 21.1664612022-05-16 17:17:47 power_api.c:71:check_voltage: target_vol = 21.00, actural_vol = 21.17, check voltage passed.2022-05-16 17:17:47 uart.c:72:set_baud: set fpga_baud to 1152002022-05-16 17:17:59 driver-btm-api.c:1096:check_asic_number_with_power_on: Chain[0]: find 65 asic, times 02022-05-16 17:18:10 driver-btm-api.c:1096:check_asic_number_with_power_on: Chain[1]: find 65 asic, times 02022-05-16 17:18:21 driver-btm-api.c:1096:check_asic_number_with_power_on: Chain[2]: find 65 asic, times 02022-05-16 17:18:29 driver-hash-chip.c:266:set_uart_relay: set uart relay to 0x3300032022-05-16 17:18:29 driver-btm-api.c:397:set_order_clock: chain[0]: set order clock, stragegy 32022-05-16 17:18:29 driver-btm-api.c:397:set_order_clock: chain[1]: set order clock, stragegy 32022-05-16 17:18:29 driver-btm-api.c:397:set_order_clock: chain[2]: set order clock, stragegy 32022-05-16 17:18:30 driver-hash-chip.c:502:set_clock_delay_control: core_data = 0x342022-05-16 17:18:30 driver-btm-api.c:1854:check_clock_counter: freq 50 clock_counter_limit 62022-05-16 17:18:30 voltage[0] = 19402022-05-16 17:18:30 voltage[1] = 19702022-05-16 17:18:30 voltage[2] = 19602022-05-16 17:18:30 Voltage are different. Will exit.2022-05-16 17:18:30 driver-btm-api.c:216:set_miner_status: ERROR_SOC_INIT2022-05-16 17:18:30 driver-btm-api.c:156:stop_mining: stop mining: soc init failed!2022-05-16 17:18:30 thread.c:1101:cancel_read_nonce_reg_thread: cancel thread2022-05-16 17:18:30 driver-btm-api.c:141:killall_hashboard: ****power off hashboard****",
  "score": 0,
  "upvotes": 0,
  "downvotes": 0,
  "url": "https://bitcointalk.org/index.php?topic=5398927",
  "comments": [
    {
      "author": "wndsnb",
      "created_time": "May 16, 2022, 08:48:28 PM",
      "body": "Quote from: DSH90 on May 16, 2022, 06:33:42 PM2022-05-16 17:18:30 voltage[0] = 19402022-05-16 17:18:30 voltage[1] = 19702022-05-16 17:18:30 voltage[2] = 19602022-05-16 17:18:30 Voltage are different. Will exit.Stock Bitmain firmware stores the chip tuning information along with the voltage it was tuned to run at in an eeprom on each hashboard. If the voltages are different between the boards, the firmware will not run.You can either buy a tool that will let you program the eeprom, or run aftermarket firmware like Brains or Vnish, both of which ignore all the data stored in the hashboard.",
      "score": 0,
      "upvotes": 0,
      "downvotes": 0
    },
    {
      "author": "BitMaxz",
      "created_time": "May 16, 2022, 10:19:57 PM",
      "body": "Does it seem that the two or all hashboard are replacements?You can't just able to run them without dumping the EEPROM from the original hashboard and flashing it to that replacement hashboard. You need a tool called Hashboard code editor to fix this issue read more about this below- https://www.zeusbtc.com/MinerDetails.asp?ID=236",
      "score": 0,
      "upvotes": 0,
      "downvotes": 0
    }
  ]
}