{
  "id": "topic_5433557",
  "title": "DiskjockeyED",
  "author": "DiskjockeyED",
  "created_time": "January 09, 2023, 05:37:15 AM",
  "content": "Hello guys!Happy new year Today? I repair a 0 asic hashboard. To begining, it was just a RI signal problem appear on chip 30, I just replace him.Now, RI signal is good in every row (1,8v).all CLK signal and everyone are on 0,9 (lowest is 0,896v). So I guess all its okay.all each core between next row are 0,4v (lowest is 0,394v). So its okay too ?But when I run the miner, he detect 0 ASIC. In miner status I got my pool, fan, and one line after antminer shows \"ASIC 0 ; IDEAL HS 0; REAL TIME HS 0;\" So I guess my hashboard is detected normaly ? I check my datacable, and PSU cable, all is good cuz with another hashboard everything is great.I post my kernel log here if anyone see something...ThanksCode:[    0.000000] Booting Linux on physical CPU 0x0[    0.000000] Linux version 3.14.0-xilinx-g16220c3 (lzq@armdev2) (gcc version 4.8.3 20140320 (prerelease) (Sourcery CodeBench Lite 2014.05-23) ) #83 SMP PREEMPT Thu Jul 12 11:42:53 CST 2018[    0.000000] CPU: ARMv7 Processor [413fc090] revision 0 (ARMv7), cr=18c5387d[    0.000000] CPU: PIPT / VIPT nonaliasing data cache, VIPT aliasing instruction cache[    0.000000] Machine model: Xilinx Zynq[    0.000000] cma: CMA: reserved 128 MiB at 16800000[    0.000000] Memory policy: Data cache writealloc[    0.000000] On node 0 totalpages: 126976[    0.000000] free_area_init_node: node 0, pgdat c074ac00, node_mem_map debd8000[    0.000000]   Normal zone: 992 pages used for memmap[    0.000000]   Normal zone: 0 pages reserved[    0.000000]   Normal zone: 126976 pages, LIFO batch:31[    0.000000] PERCPU: Embedded 8 pages/cpu @debc1000 s9088 r8192 d15488 u32768[    0.000000] pcpu-alloc: s9088 r8192 d15488 u32768 alloc=8*4096[    0.000000] pcpu-alloc: [0] 0 [0] 1 [    0.000000] Built 1 zonelists in Zone order, mobility grouping on.  Total pages: 125984[    0.000000] Kernel command line: noinitrd mem=496M console=ttyPS0,115200 root=ubi0:rootfs ubi.mtd=1 rootfstype=ubifs rw rootwait[    0.000000] PID hash table entries: 2048 (order: 1, 8192 bytes)[    0.000000] Dentry cache hash table entries: 65536 (order: 6, 262144 bytes)[    0.000000] Inode-cache hash table entries: 32768 (order: 5, 131072 bytes)[    0.000000] Memory: 364316K/507904K available (5057K kernel code, 284K rwdata, 1928K rodata, 204K init, 258K bss, 143588K reserved, 0K highmem)[    0.000000] Virtual kernel memory layout:[    0.000000]     vector  : 0xffff0000 - 0xffff1000   (   4 kB)[    0.000000]     fixmap  : 0xfff00000 - 0xfffe0000   ( 896 kB)[    0.000000]     vmalloc : 0xdf800000 - 0xff000000   ( 504 MB)[    0.000000]     lowmem  : 0xc0000000 - 0xdf000000   ( 496 MB)[    0.000000]     pkmap   : 0xbfe00000 - 0xc0000000   (   2 MB)[    0.000000]     modules : 0xbf000000 - 0xbfe00000   (  14 MB)[    0.000000]       .text : 0xc0008000 - 0xc06da8ac   (6987 kB)[    0.000000]       .init : 0xc06db000 - 0xc070e380   ( 205 kB)[    0.000000]       .data : 0xc0710000 - 0xc0757138   ( 285 kB)[    0.000000]        .bss : 0xc0757144 - 0xc0797bfc   ( 259 kB)[    0.000000] Preemptible hierarchical RCU implementation.[    0.000000]  Dump stacks of tasks blocking RCU-preempt GP.[    0.000000]  RCU restricting CPUs from NR_CPUS=4 to nr_cpu_ids=2.[    0.000000] RCU: Adjusting geometry for rcu_fanout_leaf=16, nr_cpu_ids=2[    0.000000] NR_IRQS:16 nr_irqs:16 16[    0.000000] ps7-slcr mapped to df802000[    0.000000] zynq_clock_init: clkc starts at df802100[    0.000000] Zynq clock init[    0.000014] sched_clock: 64 bits at 333MHz, resolution 3ns, wraps every 3298534883328ns[    0.000290] ps7-ttc #0 at df804000, irq=43[    0.000590] Console: colour dummy device 80x30[    0.000619] Calibrating delay loop... 1325.46 BogoMIPS (lpj=6627328)[    0.040195] pid_max: default: 32768 minimum: 301[    0.040400] Mount-cache hash table entries: 1024 (order: 0, 4096 bytes)[    0.040419] Mountpoint-cache hash table entries: 1024 (order: 0, 4096 bytes)[    0.042581] CPU: Testing write buffer coherency: ok[    0.042892] CPU0: thread -1, cpu 0, socket 0, mpidr 80000000[    0.042949] Setting up static identity map for 0x4cb118 - 0x4cb170[    0.043169] L310 cache controller enabled[    0.043189] l2x0: 8 ways, CACHE_ID 0x410000c8, AUX_CTRL 0x72760000, Cache size: 512 kB[    0.120983] CPU1: Booted secondary processor[    0.210216] CPU1: thread -1, cpu 1, socket 0, mpidr 80000001[    0.210347] Brought up 2 CPUs[    0.210366] SMP: Total of 2 processors activated.[    0.210375] CPU: All CPU(s) started in SVC mode.[    0.211044] devtmpfs: initialized[    0.213471] VFP support v0.3: implementor 41 architecture 3 part 30 variant 9 rev 4[    0.214663] regulator-dummy: no parameters[    0.222000] NET: Registered protocol family 16[    0.224213] DMA: preallocated 256 KiB pool for atomic coherent allocations[    0.226470] cpuidle: using governor ladder[    0.226483] cpuidle: using governor menu[    0.233836] syscon f8000000.ps7-slcr: regmap [mem 0xf8000000-0xf8000fff] registered[    0.235350] hw-breakpoint: found 5 (+1 reserved) breakpoint and 1 watchpoint registers.[    0.235363] hw-breakpoint: maximum watchpoint size is 4 bytes.[    0.235473] zynq-ocm f800c000.ps7-ocmc: ZYNQ OCM pool: 256 KiB @ 0xdf880000[    0.257233] bio: create slab <bio-0> at 0[    0.258606] vgaarb: loaded[    0.259301] SCSI subsystem initialized[    0.260318] usbcore: registered new interface driver usbfs[    0.260890] usbcore: registered new interface driver hub[    0.261165] usbcore: registered new device driver usb[    0.261682] media: Linux media interface: v0.10[    0.261845] Linux video capture interface: v2.00[    0.262084] pps_core: LinuxPPS API ver. 1 registered[    0.262096] pps_core: Software ver. 5.3.6 - Copyright 2005-2007 Rodolfo Giometti <giometti@linux.it>[    0.262217] PTP clock support registered[    0.262575] EDAC MC: Ver: 3.0.0[    0.263762] Advanced Linux Sound Architecture Driver Initialized.[    0.266483] DMA-API: preallocated 4096 debug entries[    0.266497] DMA-API: debugging enabled by kernel config[    0.266565] Switched to clocksource arm_global_timer[    0.286418] NET: Registered protocol family 2[    0.287129] TCP established hash table entries: 4096 (order: 2, 16384 bytes)[    0.287187] TCP bind hash table entries: 4096 (order: 3, 32768 bytes)[    0.287272] TCP: Hash tables configured (established 4096 bind 4096)[    0.287316] TCP: reno registered[    0.287333] UDP hash table entries: 256 (order: 1, 8192 bytes)[    0.287364] UDP-Lite hash table entries: 256 (order: 1, 8192 bytes)[    0.287607] NET: Registered protocol family 1[    0.287946] RPC: Registered named UNIX socket transport module.[    0.287959] RPC: Registered udp transport module.[    0.287967] RPC: Registered tcp transport module.[    0.287976] RPC: Registered tcp NFSv4.1 backchannel transport module.[    0.287988] PCI: CLS 0 bytes, default 64[    0.288407] hw perfevents: enabled with ARMv7 Cortex-A9 PMU driver, 7 counters available[    0.290401] futex hash table entries: 512 (order: 3, 32768 bytes)[    0.292447] jffs2: version 2.2. (NAND) © 2001-2006 Red Hat, Inc.[    0.292635] msgmni has been set to 967[    0.293388] io scheduler noop registered[    0.293401] io scheduler deadline registered[    0.293441] io scheduler cfq registered (default)[    0.301973] dma-pl330 f8003000.ps7-dma: Loaded driver for PL330 DMAC-2364208[    0.301992] dma-pl330 f8003000.ps7-dma:  DBUFF-128x8bytes Num_Chans-8 Num_Peri-4 Num_Events-16[    0.425659] e0001000.serial: ttyPS0 at MMIO 0xe0001000 (irq = 82, base_baud = 3124999) is a xuartps[    0.993381] console [ttyPS0] enabled[    0.997645] xdevcfg f8007000.ps7-dev-cfg: ioremap 0xf8007000 to df866000[    1.005232] [drm] Initialized drm 1.1.0 20060810[    1.022339] brd: module loaded[    1.031759] loop: module loaded[    1.041216] e1000e: Intel(R) PRO/1000 Network Driver - 2.3.2-k[    1.047054] e1000e: Copyright(c) 1999 - 2013 Intel Corporation.[    1.054769] libphy: XEMACPS mii bus: probed[    1.059386] ------------- phy_id = 0x3625e62[    1.064108] xemacps e000b000.ps7-ethernet: pdev->id -1, baseaddr 0xe000b000, irq 54[    1.072911] ehci_hcd: USB 2.0 'Enhanced' Host Controller (EHCI) Driver[    1.079704] ehci-pci: EHCI PCI platform driver[    1.086936] zynq-dr e0002000.ps7-usb: Unable to init USB phy, missing?[    1.093722] usbcore: registered new interface driver usb-storage[    1.100608] mousedev: PS/2 mouse device common for all mice[    1.106726] i2c /dev entries driver[    1.113628] zynq-edac f8006000.ps7-ddrc: ecc not enabled[    1.119135] cpufreq_cpu0: failed to get cpu0 regulator: -19[    1.124999] Xilinx Zynq CpuIdle Driver started[    1.129893] sdhci: Secure Digital Host Controller Interface driver[    1.135985] sdhci: Copyright(c) Pierre Ossman[    1.140348] sdhci-pltfm: SDHCI platform and OF driver helper[    1.147195] mmc0: no vqmmc regulator found[    1.151205] mmc0: no vmmc regulator found[    1.186585] mmc0: SDHCI controller on e0100000.ps7-sdio [e0100000.ps7-sdio] using ADMA[    1.195273] usbcore: registered new interface driver usbhid[    1.200776] usbhid: USB HID core driver[    1.205479] nand: device found, Manufacturer ID: 0x2c, Chip ID: 0xda[    1.211778] nand: Micron MT29F2G08ABAEAWP[    1.215740] nand: 256MiB, SLC, page size: 2048, OOB size: 64[    1.221677] Bad block table found at page 131008, version 0x01[    1.227899] Bad block table found at page 130944, version 0x01[    1.233887] nand_read_bbt: bad block at 0x0000079a0000[    1.238977] nand_read_bbt: bad block at 0x00000b120000[    1.244119] 3 ofpart partitions found on MTD device pl353-nand[    1.249898] Creating 3 MTD partitions on \"pl353-nand\":[    1.255003] 0x000000000000-0x000002000000 : \"BOOT.bin-env-dts-kernel\"[    1.263057] 0x000002000000-0x00000b000000 : \"angstram-rootfs\"[    1.270366] 0x00000b000000-0x000010000000 : \"upgrade-rootfs\"[    1.281074] TCP: cubic registered[    1.284313] NET: Registered protocol family 17[    1.289003] Registering SWP/SWPB emulation handler[    1.294886] regulator-dummy: disabling[    1.299189] UBI: attaching mtd1 to ubi0[    1.826183] UBI: scanning is finished[    1.837820] UBI: attached mtd1 (name \"angstram-rootfs\", size 144 MiB) to ubi0[    1.844875] UBI: PEB size: 131072 bytes (128 KiB), LEB size: 126976 bytes[    1.851672] UBI: min./max. I/O unit sizes: 2048/2048, sub-page size 2048[    1.858348] UBI: VID header offset: 2048 (aligned 2048), data offset: 4096[    1.865185] UBI: good PEBs: 1151, bad PEBs: 1, corrupted PEBs: 0[    1.871195] UBI: user volume: 1, internal volumes: 1, max. volumes count: 128[    1.878306] UBI: max/mean erase counter: 2/1, WL threshold: 4096, image sequence number: 1113221046[    1.887337] UBI: available PEBs: 0, total reserved PEBs: 1151, PEBs reserved for bad PEB handling: 39[    1.896533] UBI: background thread \"ubi_bgt0d\" started, PID 1084[    1.896538] drivers/rtc/hctosys.c: unable to open rtc device (rtc0)[    1.900460] ALSA device list:[    1.900464]   No soundcards found.[    1.916856] UBIFS: background thread \"ubifs_bgt0_0\" started, PID 1086[    1.945945] UBIFS: recovery needed[    2.028323] UBIFS: recovery completed[    2.031991] UBIFS: mounted UBI device 0, volume 0, name \"rootfs\"[    2.037933] UBIFS: LEB size: 126976 bytes (124 KiB), min./max. I/O unit sizes: 2048 bytes/2048 bytes[    2.047079] UBIFS: FS size: 128626688 bytes (122 MiB, 1013 LEBs), journal size 9023488 bytes (8 MiB, 72 LEBs)[    2.056934] UBIFS: reserved for root: 0 bytes (0 KiB)[    2.061959] UBIFS: media format: w4/r0 (latest is w4/r0), UUID E8A4479F-B15D-4C7A-964D-0F246E2BB6ED, small LPT model[    2.073253] VFS: Mounted root (ubifs filesystem) on device 0:11.[    2.080447] devtmpfs: mounted[    2.083552] Freeing unused kernel memory: 204K (c06db000 - c070e000)[    2.919418] random: dd urandom read with 1 bits of entropy available[    3.306607] [    3.306607] bcm54xx_config_init[    4.376617] [    4.376617] bcm54xx_config_init[    8.377439] xemacps e000b000.ps7-ethernet: Set clk to 124999998 Hz[    8.383542] xemacps e000b000.ps7-ethernet: link up (1000/FULL)[   23.195956] In axi fpga driver![   23.199058] request_mem_region OK![   23.202418] AXI fpga dev virtual address is 0xdf9fe000[   23.207556] *base_vir_addr = 0xc51e[   23.222030] In fpga mem driver![   23.225346] request_mem_region OK![   23.228978] fpga mem virtual address is 0xe2000000[   24.026605] [   24.026605] bcm54xx_config_init[   25.116585] [   25.116585] bcm54xx_config_init[   29.117427] xemacps e000b000.ps7-ethernet: Set clk to 124999998 Hz[   29.123537] xemacps e000b000.ps7-ethernet: link up (1000/FULL)main.c:13992: log_level = 4main.c:14019: This is XILINX board. Totalram:       507486208main.c:14031: Detect 512MB control board of XILINXdriver-bitmain.c:1776: mmap axi_fpga_addr = 0xb6fc2000driver-bitmain.c:1781: axi_fpga_addr data = 0xc51edriver-bitmain.c:1797: mmap fpga_mem_addr = 0xb5dbb000driver-bitmain.c:994: forceFreq=-1 forceFlag=0driver-bitmain.c:1696: min work minertest[0]:912main.c:8570: DETECT HW version=0000c51emain.c:14064: miner ID : 8064cd8162b5885cmain.c:14089: Miner Type = S9main.c:14101: AsicType = 1387main.c:14104: real AsicNum = 63main.c:14197: use critical mode to search freq...driver-bitmain.c:1876: get PLUG ON=0x00000020driver-bitmain.c:1946: Find hashboard on Chain[5]main.c:2282: Check chain[5] PIC fw version=0x03main.c:8940: read pic freq and badcore num...main.c:8961: chain[5]: [63:255] [63:255] [63:255] [63:255] [63:255] [63:255] [63:255] [63:255]main.c:9003: has freq in PIC, will disable freq setting.main.c:9099: chain[5] has freq in PIC and will jump over...main.c:9103: Chain[5] has core num in PICmain.c:9113: Chain[5] ASIC[7] has core num=15main.c:9113: Chain[5] ASIC[15] has core num=15main.c:9113: Chain[5] ASIC[17] has core num=15main.c:9113: Chain[5] ASIC[37] has core num=1main.c:9113: Chain[5] ASIC[45] has core num=12main.c:2282: Check chain[5] PIC fw version=0x03main.c:9183: get PIC voltage=6 on chain[5], value=940main.c:9349: chain[5] temp offset record: 62,0,0,0,0,0,35,28main.c:9366: chain[5] temp chip I2C addr=0x98main.c:9372: chain[5] has no middle temp, use special fix mode.main.c:13956: total_exist_chain_num = 1main.c:9562: CRC error counter=0main.c:9577: set command mode to VILmain.c:9649: --- check asic numbermain.c:9745: After Get ASIC NUM CRC error counter=0main.c:9768: set_baud=0main.c:10693: The min freq=700main.c:10695: set real timeout 52, need sleep=379392main.c:12825: After TEST CRC error counter=0main.c:14236: search freq for 1 times, completed chain = 1, total chain num = 1 board_frq_tuning.c:628: single_board_frq_tuning enterboard_frq_tuning.c:629: min_rate, des_rate, fix_volt:13800, 14000, 880board_frq_tuning.c:254: force_freq not set, don't need tuningmain.c:14645: restart Miner chance num=2main.c:14685: waiting for receive_func to exit!main.c:14699: waiting for pic heart to exit!main.c:13927: bmminer not found= 1885 root       0:00 grep bmminermain.c:14758: bmminer not found, restart bmminer ...driver-btm-c5.c:12243:bitmain_c5_init: This is user mode for miningdriver-btm-c5.c:12292:bitmain_c5_init: Detect 512MB control board of XILINXdriver-btm-c5.c:12313:bitmain_c5_init: Miner Type = S9driver-btm-c5.c:12324:bitmain_c5_init: Miner compile time: Wed Jul 31 16:18:27 CST 2019 type: Antminer S9driver-btm-c5.c:12414:bitmain_c5_init: miner ID : 8064cd8162b5885cdriver-btm-c5.c:12571:bitmain_c5_init: Checking fans...driver-btm-c5.c:3006:check_fan_beforeInit: get fan[4] speed=6360driver-btm-c5.c:3006:check_fan_beforeInit: get fan[4] speed=6360driver-btm-c5.c:3006:check_fan_beforeInit: get fan[5] speed=6000driver-btm-c5.c:3006:check_fan_beforeInit: get fan[4] speed=6360driver-btm-c5.c:3006:check_fan_beforeInit: get fan[5] speed=6000driver-btm-c5.c:3006:check_fan_beforeInit: get fan[4] speed=6360driver-btm-c5.c:3006:check_fan_beforeInit: get fan[5] speed=6000driver-btm-c5.c:13108:bitmain_c5_init: chain[5]: [63:255] [63:255] [63:255] [63:255] [63:255] [63:255] [63:255] [63:255]driver-btm-c5.c:13122:bitmain_c5_init: last_freq: 0x00 0x7d 0x00 0x4c 0x00 0x4c 0x04 0x4c 0x0c 0x4c 0x00 0x4c 0x03 0x4c 0x03 0x4c 0x03 0x4c 0x03 0x4c 0x03 0x4c 0x03 0x4c 0x01 0x4c 0x01 0x4c 0x0f 0x4c 0x0f 0x4c 0x0f 0x4c 0x0f 0x4c 0x05 0x4c 0x09 0x4c 0x23 0x4c 0x00 0x4c 0x00 0x4c 0x00 0x4c 0x00 0x4c 0x00 0x4c 0x00 0x4c 0x00 0x4c 0x00 0x4c 0x00 0x4c 0x00 0x4c 0x00 0x4c 0x00 0x4c 0x00 0x4c 0x00 0x4c 0x00 0x4c 0x00 0x4c 0x00 0x4c 0x00 0x4c 0x00 0x4c 0x00 0x4c 0x00 0x4c 0x00 0x4c 0x00 0x4c 0x00 0x4c 0x00 0x4c 0x00 0x4c 0x00 0x4c 0x00 0x4c 0x00 0x4c 0x00 0x4c 0x00 0x4c 0x00 0x4c 0x00 0x4c 0x00 0x4c 0x00 0x4c 0x00 0x4c 0x00 0x4c 0x00 0x4c 0x00 0x4c 0x00 0x4c 0x00 0x4c 0x00 0x4c 0x00 0x4c driver-btm-c5.c:13149:bitmain_c5_init: Detect: use voltage limit rules on single board!driver-btm-c5.c:13155:bitmain_c5_init: Detect: S9_63 use voltage level=1 : 1driver-btm-c5.c:13171:bitmain_c5_init: Chain[J6] has backup chain_voltage=890driver-btm-c5.c:13188:bitmain_c5_init: No scan based on domaindriver-btm-c5.c:1899:jump_to_app_CheckAndRestorePIC: Check chain[5] PIC fw version=0x03driver-btm-c5.c:12195:init_exist_chain_table: total_exist_chain_num = 1driver-btm-c5.c:13303:bitmain_c5_init: Chain[J6] orignal chain_voltage_pic=6 value=940driver-btm-c5.c:13320:bitmain_c5_init: Chain[J6] will use backup chain_voltage_pic=890 [91]driver-btm-c5.c:13330:bitmain_c5_init: Chain[J6] get working chain_voltage_pic=91driver-btm-c5.c:13421:bitmain_c5_init: Chain[J6] has 0 asicdriver-btm-c5.c:13449:bitmain_c5_init: retry Chain[J6] has 0 asicdriver-btm-c5.c:13449:bitmain_c5_init: retry Chain[J6] has 0 asicdriver-btm-c5.c:13449:bitmain_c5_init: retry Chain[J6] has 0 asicdriver-btm-c5.c:13449:bitmain_c5_init: retry Chain[J6] has 0 asicdriver-btm-c5.c:13449:bitmain_c5_init: retry Chain[J6] has 0 asicdriver-btm-c5.c:13449:bitmain_c5_init: retry Chain[J6] has 0 asicdriver-btm-c5.c:4571:set_frequency: miner total rate=0GH/s ideal_total_hash_rate = 0GH/sdriver-btm-c5.c:4819:set_frequency: Miner fix freq ...driver-btm-c5.c:5119:set_frequency: max freq = 100driver-btm-c5.c:4162:ProcessFixFreq: totalRate = 0, fixed_totalRate = 0driver-btm-c5.c:9604:init_uart_baud: set baud=1driver-btm-c5.c:12103:set_working_voltage: setting to working voltage...driver-btm-c5.c:13954:bitmain_c5_init: start thread for read tempsetStartTimePoint total_tv_start_sys=108 total_tv_end_sys=109driver-btm-c5.c:8727:read_temp_func: bring_up_pcb_temp = -100driver-btm-c5.c:10320:check_system_work: restartNum = 2 , auto-reinit enabled...do read_temp_func once...Done check_asic_regMax pcb temp : -100set FAN speed according to: temp_highest=-100 temp_top1[PWM_T]=-100 temp_top1[TEMP_POS_LOCAL]=-100 temp_change=-100 fix_fan_steps=0FAN PWM: 0read_temp_func Done!CRC error counter=0",
  "score": 0,
  "upvotes": 0,
  "downvotes": 0,
  "url": "https://bitcointalk.org/index.php?topic=5433557",
  "comments": [
    {
      "author": "BitMaxz",
      "created_time": "January 10, 2023, 11:43:07 PM",
      "body": "If its far from recommended value or its abnormal then there is a possibility of shorted parts.I would suggest you read the guide from zeusbtc here https://www.zeusbtc.com/manuals/Antminer-S9-Hash-Board-Repair-Guide.aspRead under Equal voltage under that link.And I would like to ask if how many hashboard are connected to this miner it seems only one hashboard is detected according to logs?",
      "score": 0,
      "upvotes": 0,
      "downvotes": 0
    },
    {
      "author": "DiskjockeyED",
      "created_time": "January 11, 2023, 06:42:12 PM",
      "body": "What do you found far from good value ? CLK isn't 0.9 normal value ? and RI 1.8 ?Yes I've only one hash on this conjtrol boad (its my test board)",
      "score": 0,
      "upvotes": 0,
      "downvotes": 0
    },
    {
      "author": "BitMaxz",
      "created_time": "January 11, 2023, 11:56:39 PM",
      "body": "Quote from: DiskjockeyED on January 11, 2023, 06:42:12 PMWhat do you found far from good value ? CLK isn't 0.9 normal value ? and RI 1.8 ?Yes I've only one hash on this conjtrol boad (its my test board)  The value that you mention above is not far from the recommended value so it should be a good signal.Do you think that the control board or the fan is fine?Would you mind to try to run the miner with the two hashboard?Copy the kernel logs again and post them here maybe we can see some hints under that new logs.",
      "score": 0,
      "upvotes": 0,
      "downvotes": 0
    },
    {
      "author": "DiskjockeyED",
      "created_time": "January 14, 2023, 09:00:02 PM",
      "body": "Hello mate,I'm sorry, between last message and know I do some research and I found on R710 7v ! (abnormal value) And at this time I did a mistake and a shortcut was created, result all my CLK signal is dead...Any idea how to repair active system ? Cuz I already change 25M clock but she is passive so isnt her problem here..Thanks",
      "score": 0,
      "upvotes": 0,
      "downvotes": 0
    },
    {
      "author": "BitMaxz",
      "created_time": "January 15, 2023, 05:02:38 PM",
      "body": "Quote from: DiskjockeyED on January 14, 2023, 09:00:02 PMHello mate,I'm sorry, between last message and know I do some research and I found on R710 7v ! (abnormal value) And at this time I did a mistake and a shortcut was created, result all my CLK signal is dead...Any idea how to repair active system ? Cuz I already change 25M clock but she is passive so isnt her problem here..ThanksWhat do you mean you did a shortcut? You mean did you make a jumper?If you did then it can damage other components thats a bad thing you did the resistor should be replaced with the same resistance.Sorry but it's hard to troubleshoot the issue without the hash board on hand. All guides on troubleshooting the issue are already on zeusbtc posted above.If I were you better look for a professional technician that can repair the hash board near your area check this link below for the list of repair centers.",
      "score": 0,
      "upvotes": 0,
      "downvotes": 0
    }
  ]
}